gcc -Wall -ansi -pedantic -g -Iinclude -c src/game.c -o obj/game.o
gcc -o castle obj/game_loop.o obj/game.o obj/game_actions.o obj/space.o obj/command.o obj/graphic_engine.o obj/game_reader.o obj/object.o obj/player.o obj/set.o obj/character.o obj/inventory.o obj/link.o obj/game_rules.o -Llib -lscreen
valgrind --leak-check=full ./castle castle.dat -l registro.txt
[2J
[0;34;46m~[0m[0;34;46m~[0m[0;34;46m~[0m[0;34;46m~[0m[0;34;46m~[0m[0;34;46m~[0m[0;34;46m~[0m[0;34;46m~[0m[0;34;46m~[0m[0;34;46m~[0m[0;34;46m~[0m[0;34;46m~[0m[0;34;46m~[0m[0;34;46m~[0m[0;34;46m~[0m[0;34;46m~[0m[0;34;46m~[0m[0;34;46m~[0m[0;34;46m~[0m[0;34;46m~[0m[0;34;46m~[0m[0;34;46m~[0m[0;34;46m~[0m[0;34;46m~[0m[0;34;46m~[0m[0;34;46m~[0m[0;34;46m~[0m[0;34;46m~[0m[0;34;46m~[0m[0;34;46m~[0m[0;34;46m~[0m[0;34;46m~[0m[0;34;46m~[0m[0;34;46m~[0m[0;34;46m~[0m[0;34;46m~[0m[0;34;46m~[0m[0;34;46m~[0m[0;34;46m~[0m[0;34;46m~[0m[0;34;46m~[0m[0;34;46m~[0m[0;34;46m~[0m[0;34;46m~[0m[0;34;46m~[0m[0;34;46m~[0m[0;34;46m~[0m[0;34;46m~[0m[0;34;46m~[0m[0;34;46m~[0m[0;34;46m~[0m[0;34;46m~[0m[0;34;46m~[0m[0;34;46m~[0m[0;34;46m~[0m[0;34;46m~[0m[0;34;46m~[0m[0;34;46m~[0m[0;34;46m~[0m[0;34;46m~[0m[0;34;46m~[0m[0;34;46m~[0m[0;34;46m~[0m[0;34;46m~[0m[0;34;46m~[0m[0;34;46m~[0m[0;34;46m~[0m[0;34;46m~[0m[0;34;46m~[0m[0;34;46m~[0m[0;34;46m~[0m[0;34;46m~[0m[0;34;46m~[0m[0;34;46m~[0m[0;34;46m~[0m[0;34;46m~[0m[0;34;46m~[0m[0;34;46m~[0m[0;34;46m~[0m[0;34;46m~[0m[0;34;46m~[0m[0;34;46m~[0m[0;34;46m~[0m[0;34;46m~[0m[0;34;46m~[0m[0;34;46m~[0m[0;34;46m~[0m[0;34;46m~[0m[0;34;46m~[0m[0;34;46m~[0m[0;34;46m~[0m[0;34;46m~[0m[0;34;46m~[0m[0;34;46m~[0m[0;34;46m~[0m[0;34;46m~[0m[0;34;46m~[0m[0;34;46m~[0m[0;34;46m~[0m[0;34;46m~[0m[0;34;46m~[0m[0;34;46m~[0m[0;34;46m~[0m[0;34;46m~[0m[0;34;46m~[0m[0;34;46m~[0m[0;34;46m~[0m[0;34;46m~[0m[0;34;46m~[0m[0;34;46m~[0m
[0;34;46m~[0m[0;30;47m [0m[0;30;47m [0m[0;30;47m [0m[0;30;47m [0m[0;30;47m [0m[0;30;47m [0m[0;30;47m [0m[0;30;47m [0m[0;30;47m [0m[0;30;47m [0m[0;30;47m [0m[0;30;47m [0m[0;30;47m [0m[0;30;47m [0m[0;30;47m [0m[0;30;47m [0m[0;30;47m [0m[0;30;47m [0m[0;30;47m [0m[0;30;47m [0m[0;30;47m [0m[0;30;47m+[0m[0;30;47m-[0m[0;30;47m-[0m[0;30;47m-[0m[0;30;47m-[0m[0;30;47m-[0m[0;30;47m-[0m[0;30;47m-[0m[0;30;47m-[0m[0;30;47m-[0m[0;30;47m-[0m[0;30;47m-[0m[0;30;47m-[0m[0;30;47m-[0m[0;30;47m-[0m[0;30;47m-[0m[0;30;47m+[0m[0;30;47m [0m[0;30;47m [0m[0;30;47m [0m[0;30;47m [0m[0;30;47m [0m[0;30;47m [0m[0;30;47m [0m[0;30;47m [0m[0;30;47m [0m[0;30;47m [0m[0;30;47m [0m[0;30;47m [0m[0;30;47m [0m[0;30;47m [0m[0;30;47m [0m[0;30;47m [0m[0;30;47m [0m[0;30;47m [0m[0;30;47m [0m[0;30;47m [0m[0;30;47m [0m[0;30;47m [0m[0;30;47m [0m[0;30;47m [0m[0;34;46m~[0m[0;30;47m [0m[0;30;47m [0m[0;30;47m=[0m[0;30;47m=[0m[0;30;47m=[0m[0;30;47m=[0m[0;30;47m=[0m[0;30;47m=[0m[0;30;47m=[0m[0;30;47m=[0m[0;30;47m=[0m[0;30;47m=[0m[0;30;47m=[0m[0;30;47m=[0m[0;30;47m=[0m[0;30;47m=[0m[0;30;47m=[0m[0;30;47m=[0m[0;30;47m=[0m[0;30;47m=[0m[0;30;47m=[0m[0;30;47m=[0m[0;30;47m=[0m[0;30;47m=[0m[0;30;47m=[0m[0;30;47m=[0m[0;30;47m=[0m[0;30;47m=[0m[0;30;47m=[0m[0;30;47m=[0m[0;30;47m=[0m[0;30;47m=[0m[0;30;47m=[0m[0;30;47m=[0m[0;30;47m=[0m[0;30;47m=[0m[0;30;47m=[0m[0;30;47m=[0m[0;30;47m=[0m[0;30;47m=[0m[0;30;47m=[0m[0;30;47m=[0m[0;30;47m=[0m[0;30;47m [0m[0;30;47m [0m[0;34;46m~[0m
[0;34;46m~[0m[0;30;47m [0m[0;30;47m [0m[0;30;47m [0m[0;30;47m [0m[0;30;47m [0m[0;30;47m [0m[0;30;47m [0m[0;30;47m [0m[0;30;47m [0m[0;30;47m [0m[0;30;47m [0m[0;30;47m [0m[0;30;47m [0m[0;30;47m [0m[0;30;47m [0m[0;30;47m [0m[0;30;47m [0m[0;30;47m [0m[0;30;47m [0m[0;30;47m [0m[0;30;47m [0m[0;30;47m|[0m[0;30;47m [0m[0;30;47m^[0m[0;30;47mE[0m[0;30;47m>[0m[0;30;47m [0m[0;30;47m [0m[0;30;47m\[0m[0;30;47mS[0m[0;30;47me[0m[0;30;47m/[0m[0;30;47m [0m[0;30;47m [0m[0;30;47m [0m[0;30;47m1[0m[0;30;47m1[0m[0;30;47m|[0m[0;30;47m [0m[0;30;47m [0m[0;30;47m [0m[0;30;47m [0m[0;30;47m [0m[0;30;47m [0m[0;30;47m [0m[0;30;47m [0m[0;30;47m [0m[0;30;47m [0m[0;30;47m [0m[0;30;47m [0m[0;30;47m [0m[0;30;47m [0m[0;30;47m [0m[0;30;47m [0m[0;30;47m [0m[0;30;47m [0m[0;30;47m [0m[0;30;47m [0m[0;30;47m [0m[0;30;47m [0m[0;30;47m [0m[0;30;47m [0m[0;34;46m~[0m[0;30;47m [0m[0;30;47m [0m[0;30;47m [0m[0;30;47m [0m[0;30;47mP[0m[0;30;47mL[0m[0;30;47mA[0m[0;30;47mY[0m[0;30;47mE[0m[0;30;47mR[0m[0;30;47m [0m[0;30;47m1[0m[0;30;47m [0m[0;30;47mS[0m[0;30;47mT[0m[0;30;47mA[0m[0;30;47mT[0m[0;30;47mU[0m[0;30;47mS[0m[0;30;47m [0m[0;30;47m [0m[0;30;47m [0m[0;30;47m|[0m[0;30;47m [0m[0;30;47m [0m[0;30;47m [0m[0;30;47mH[0m[0;30;47mE[0m[0;30;47mA[0m[0;30;47mL[0m[0;30;47mT[0m[0;30;47mH[0m[0;30;47m:[0m[0;30;47m [0m[0;30;47m5[0m[0;30;47m [0m[0;30;47mp[0m[0;30;47mt[0m[0;30;47ms[0m[0;30;47m [0m[0;30;47m [0m[0;30;47m [0m[0;30;47m [0m[0;30;47m [0m[0;30;47m [0m[0;34;46m~[0m
[0;34;46m~[0m[0;30;47m [0m[0;30;47m [0m[0;30;47m [0m[0;30;47m [0m[0;30;47m [0m[0;30;47m [0m[0;30;47m [0m[0;30;47m [0m[0;30;47m [0m[0;30;47m [0m[0;30;47m [0m[0;30;47m [0m[0;30;47m [0m[0;30;47m [0m[0;30;47m [0m[0;30;47m [0m[0;30;47m [0m[0;30;47m [0m[0;30;47m [0m[0;30;47m [0m[0;30;47m [0m[0;30;47m|[0m[0;30;47m [0m[0;30;47m [0m[0;30;47m [0m[0;30;47m [0m[0;30;47m.[0m[0;30;47m=[0m[0;30;47m=[0m[0;30;47m=[0m[0;30;47m.[0m[0;30;47m [0m[0;30;47m [0m[0;30;47m [0m[0;30;47m [0m[0;30;47m [0m[0;30;47m [0m[0;30;47m|[0m[0;30;47m [0m[0;30;47m [0m[0;30;47m [0m[0;30;47m [0m[0;30;47m [0m[0;30;47m [0m[0;30;47m [0m[0;30;47m [0m[0;30;47m [0m[0;30;47m [0m[0;30;47m [0m[0;30;47m [0m[0;30;47m [0m[0;30;47m [0m[0;30;47m [0m[0;30;47m [0m[0;30;47m [0m[0;30;47m [0m[0;30;47m [0m[0;30;47m [0m[0;30;47m [0m[0;30;47m [0m[0;30;47m [0m[0;30;47m [0m[0;34;46m~[0m[0;30;47m [0m[0;30;47m [0m[0;30;47m=[0m[0;30;47m=[0m[0;30;47m=[0m[0;30;47m=[0m[0;30;47m=[0m[0;30;47m=[0m[0;30;47m=[0m[0;30;47m=[0m[0;30;47m=[0m[0;30;47m=[0m[0;30;47m=[0m[0;30;47m=[0m[0;30;47m=[0m[0;30;47m=[0m[0;30;47m=[0m[0;30;47m=[0m[0;30;47m=[0m[0;30;47m=[0m[0;30;47m=[0m[0;30;47m=[0m[0;30;47m=[0m[0;30;47m=[0m[0;30;47m=[0m[0;30;47m=[0m[0;30;47m=[0m[0;30;47m=[0m[0;30;47m=[0m[0;30;47m=[0m[0;30;47m=[0m[0;30;47m=[0m[0;30;47m=[0m[0;30;47m=[0m[0;30;47m=[0m[0;30;47m=[0m[0;30;47m=[0m[0;30;47m=[0m[0;30;47m=[0m[0;30;47m=[0m[0;30;47m=[0m[0;30;47m=[0m[0;30;47m=[0m[0;30;47m [0m[0;30;47m [0m[0;34;46m~[0m
[0;34;46m~[0m[0;30;47m [0m[0;30;47m [0m[0;30;47m [0m[0;30;47m [0m[0;30;47m [0m[0;30;47m [0m[0;30;47m [0m[0;30;47m [0m[0;30;47m [0m[0;30;47m [0m[0;30;47m [0m[0;30;47m [0m[0;30;47m [0m[0;30;47m [0m[0;30;47m [0m[0;30;47m [0m[0;30;47m [0m[0;30;47m [0m[0;30;47m [0m[0;30;47m [0m[0;30;47m [0m[0;30;47m|[0m[0;30;47m [0m[0;30;47m [0m[0;30;47m [0m[0;30;47m [0m[0;30;47m[[0m[0;30;47m [0m[0;30;47m [0m[0;30;47m [0m[0;30;47m][0m[0;30;47m [0m[0;30;47m [0m[0;30;47m [0m[0;30;47m [0m[0;30;47m [0m[0;30;47m [0m[0;30;47m|[0m[0;30;47m [0m[0;30;47m [0m[0;30;47m [0m[0;30;47m [0m[0;30;47m [0m[0;30;47m [0m[0;30;47m [0m[0;30;47m [0m[0;30;47m [0m[0;30;47m [0m[0;30;47m [0m[0;30;47m [0m[0;30;47m [0m[0;30;47m [0m[0;30;47m [0m[0;30;47m [0m[0;30;47m [0m[0;30;47m [0m[0;30;47m [0m[0;30;47m [0m[0;30;47m [0m[0;30;47m [0m[0;30;47m [0m[0;30;47m [0m[0;34;46m~[0m[0;30;47m [0m[0;30;47m [0m[0;30;47m>[0m[0;30;47m [0m[0;30;47mC[0m[0;30;47mu[0m[0;30;47mr[0m[0;30;47mr[0m[0;30;47me[0m[0;30;47mn[0m[0;30;47mt[0m[0;30;47m [0m[0;30;47mL[0m[0;30;47mo[0m[0;30;47mc[0m[0;30;47ma[0m[0;30;47mt[0m[0;30;47mi[0m[0;30;47mo[0m[0;30;47mn[0m[0;30;47m [0m[0;30;47m:[0m[0;30;47m [0m[0;30;47m1[0m[0;30;47m1[0m[0;30;47m [0m[0;30;47m([0m[0;30;47mp[0m[0;30;47mi[0m[0;30;47mt[0m[0;30;47m)[0m[0;30;47m [0m[0;30;47m [0m[0;30;47m [0m[0;30;47m [0m[0;30;47m [0m[0;30;47m [0m[0;30;47m [0m[0;30;47m [0m[0;30;47m [0m[0;30;47m [0m[0;30;47m [0m[0;30;47m [0m[0;30;47m [0m[0;30;47m [0m[0;34;46m~[0m
[0;34;46m~[0m[0;30;47m [0m[0;30;47m [0m[0;30;47m [0m[0;30;47m [0m[0;30;47m [0m[0;30;47m [0m[0;30;47m [0m[0;30;47m [0m[0;30;47m [0m[0;30;47m [0m[0;30;47m [0m[0;30;47m [0m[0;30;47m [0m[0;30;47m [0m[0;30;47m [0m[0;30;47m [0m[0;30;47m [0m[0;30;47m [0m[0;30;47m [0m[0;30;47m [0m[0;30;47m [0m[0;30;47m|[0m[0;30;47m [0m[0;30;47m [0m[0;30;47m [0m[0;30;47m [0m[0;30;47m[[0m[0;30;47m [0m[0;30;47m [0m[0;30;47m [0m[0;30;47m][0m[0;30;47m [0m[0;30;47m [0m[0;30;47m [0m[0;30;47m [0m[0;30;47m [0m[0;30;47m [0m[0;30;47m|[0m[0;30;47m [0m[0;30;47m [0m[0;30;47m [0m[0;30;47m [0m[0;30;47m [0m[0;30;47m [0m[0;30;47m [0m[0;30;47m [0m[0;30;47m [0m[0;30;47m [0m[0;30;47m [0m[0;30;47m [0m[0;30;47m [0m[0;30;47m [0m[0;30;47m [0m[0;30;47m [0m[0;30;47m [0m[0;30;47m [0m[0;30;47m [0m[0;30;47m [0m[0;30;47m [0m[0;30;47m [0m[0;30;47m [0m[0;30;47m [0m[0;34;46m~[0m[0;30;47m [0m[0;30;47m [0m[0;30;47m>[0m[0;30;47m [0m[0;30;47mB[0m[0;30;47ma[0m[0;30;47mc[0m[0;30;47mk[0m[0;30;47mp[0m[0;30;47ma[0m[0;30;47mc[0m[0;30;47mk[0m[0;30;47m [0m[0;30;47m [0m[0;30;47m [0m[0;30;47m [0m[0;30;47m [0m[0;30;47m [0m[0;30;47m [0m[0;30;47m:[0m[0;30;47m [0m[0;30;47m[[0m[0;30;47mE[0m[0;30;47mM[0m[0;30;47mP[0m[0;30;47mT[0m[0;30;47mY[0m[0;30;47m][0m[0;30;47m [0m[0;30;47m [0m[0;30;47m [0m[0;30;47m [0m[0;30;47m [0m[0;30;47m [0m[0;30;47m [0m[0;30;47m [0m[0;30;47m [0m[0;30;47m [0m[0;30;47m [0m[0;30;47m [0m[0;30;47m [0m[0;30;47m [0m[0;30;47m [0m[0;30;47m [0m[0;30;47m [0m[0;34;46m~[0m
[0;34;46m~[0m[0;30;47m [0m[0;30;47m [0m[0;30;47m [0m[0;30;47m [0m[0;30;47m [0m[0;30;47m [0m[0;30;47m [0m[0;30;47m [0m[0;30;47m [0m[0;30;47m [0m[0;30;47m [0m[0;30;47m [0m[0;30;47m [0m[0;30;47m [0m[0;30;47m [0m[0;30;47m [0m[0;30;47m [0m[0;30;47m [0m[0;30;47m [0m[0;30;47m [0m[0;30;47m [0m[0;30;47m|[0m[0;30;47m [0m[0;30;47m [0m[0;30;47m [0m[0;30;47m [0m[0;30;47m[[0m[0;30;47m [0m[0;30;47m [0m[0;30;47m [0m[0;30;47m][0m[0;30;47m [0m[0;30;47m [0m[0;30;47m [0m[0;30;47m [0m[0;30;47m [0m[0;30;47m [0m[0;30;47m|[0m[0;30;47m [0m[0;30;47m [0m[0;30;47m [0m[0;30;47m [0m[0;30;47m [0m[0;30;47m [0m[0;30;47m [0m[0;30;47m [0m[0;30;47m [0m[0;30;47m [0m[0;30;47m [0m[0;30;47m [0m[0;30;47m [0m[0;30;47m [0m[0;30;47m [0m[0;30;47m [0m[0;30;47m [0m[0;30;47m [0m[0;30;47m [0m[0;30;47m [0m[0;30;47m [0m[0;30;47m [0m[0;30;47m [0m[0;30;47m [0m[0;34;46m~[0m[0;30;47m [0m[0;30;47m [0m[0;30;47m-[0m[0;30;47m-[0m[0;30;47m-[0m[0;30;47m-[0m[0;30;47m-[0m[0;30;47m-[0m[0;30;47m-[0m[0;30;47m-[0m[0;30;47m-[0m[0;30;47m-[0m[0;30;47m-[0m[0;30;47m-[0m[0;30;47m-[0m[0;30;47m-[0m[0;30;47m-[0m[0;30;47m-[0m[0;30;47m-[0m[0;30;47m-[0m[0;30;47m-[0m[0;30;47m-[0m[0;30;47m-[0m[0;30;47m-[0m[0;30;47m-[0m[0;30;47m-[0m[0;30;47m-[0m[0;30;47m-[0m[0;30;47m-[0m[0;30;47m-[0m[0;30;47m-[0m[0;30;47m-[0m[0;30;47m-[0m[0;30;47m-[0m[0;30;47m-[0m[0;30;47m-[0m[0;30;47m-[0m[0;30;47m-[0m[0;30;47m-[0m[0;30;47m-[0m[0;30;47m-[0m[0;30;47m-[0m[0;30;47m-[0m[0;30;47m [0m[0;30;47m [0m[0;34;46m~[0m
[0;34;46m~[0m[0;30;47m [0m[0;30;47m [0m[0;30;47m [0m[0;30;47m [0m[0;30;47m [0m[0;30;47m [0m[0;30;47m [0m[0;30;47m [0m[0;30;47m [0m[0;30;47m [0m[0;30;47m [0m[0;30;47m [0m[0;30;47m [0m[0;30;47m [0m[0;30;47m [0m[0;30;47m [0m[0;30;47m [0m[0;30;47m [0m[0;30;47m [0m[0;30;47m [0m[0;30;47m [0m[0;30;47m|[0m[0;30;47m [0m[0;30;47m [0m[0;30;47m [0m[0;30;47m [0m[0;30;47m'[0m[0;30;47m=[0m[0;30;47m=[0m[0;30;47m=[0m[0;30;47m'[0m[0;30;47m [0m[0;30;47m [0m[0;30;47m [0m[0;30;47m [0m[0;30;47m [0m[0;30;47m [0m[0;30;47m|[0m[0;30;47m [0m[0;30;47m [0m[0;30;47m [0m[0;30;47m [0m[0;30;47m [0m[0;30;47m [0m[0;30;47m [0m[0;30;47m [0m[0;30;47m [0m[0;30;47m [0m[0;30;47m [0m[0;30;47m [0m[0;30;47m [0m[0;30;47m [0m[0;30;47m [0m[0;30;47m [0m[0;30;47m [0m[0;30;47m [0m[0;30;47m [0m[0;30;47m [0m[0;30;47m [0m[0;30;47m [0m[0;30;47m [0m[0;30;47m [0m[0;34;46m~[0m[0;30;47m [0m[0;30;47m [0m[0;30;47mV[0m[0;30;47mI[0m[0;30;47mS[0m[0;30;47mI[0m[0;30;47mB[0m[0;30;47mL[0m[0;30;47mE[0m[0;30;47m [0m[0;30;47mE[0m[0;30;47mN[0m[0;30;47mT[0m[0;30;47mI[0m[0;30;47mT[0m[0;30;47mI[0m[0;30;47mE[0m[0;30;47mS[0m[0;30;47m [0m[0;30;47m([0m[0;30;47mD[0m[0;30;47mi[0m[0;30;47ms[0m[0;30;47mc[0m[0;30;47mo[0m[0;30;47mv[0m[0;30;47me[0m[0;30;47mr[0m[0;30;47me[0m[0;30;47md[0m[0;30;47m [0m[0;30;47mS[0m[0;30;47mp[0m[0;30;47ma[0m[0;30;47mc[0m[0;30;47me[0m[0;30;47ms[0m[0;30;47m)[0m[0;30;47m:[0m[0;30;47m [0m[0;30;47m [0m[0;30;47m [0m[0;30;47m [0m[0;30;47m [0m[0;30;47m [0m[0;34;46m~[0m
[0;34;46m~[0m[0;30;47m [0m[0;30;47m [0m[0;30;47m [0m[0;30;47m [0m[0;30;47m [0m[0;30;47m [0m[0;30;47m [0m[0;30;47m [0m[0;30;47m [0m[0;30;47m [0m[0;30;47m [0m[0;30;47m [0m[0;30;47m [0m[0;30;47m [0m[0;30;47m [0m[0;30;47m [0m[0;30;47m [0m[0;30;47m [0m[0;30;47m [0m[0;30;47m [0m[0;30;47m [0m[0;30;47m|[0m[0;30;47md[0m[0;30;47mi[0m[0;30;47mr[0m[0;30;47mk[0m[0;30;47m,[0m[0;30;47mp[0m[0;30;47mo[0m[0;30;47mr[0m[0;30;47mt[0m[0;30;47ma[0m[0;30;47ml[0m[0;30;47m,[0m[0;30;47mm[0m[0;30;47ma[0m[0;30;47mp[0m[0;30;47m|[0m[0;30;47m [0m[0;30;47m [0m[0;30;47m [0m[0;30;47m [0m[0;30;47m [0m[0;30;47m [0m[0;30;47m [0m[0;30;47m [0m[0;30;47m [0m[0;30;47m [0m[0;30;47m [0m[0;30;47m [0m[0;30;47m [0m[0;30;47m [0m[0;30;47m [0m[0;30;47m [0m[0;30;47m [0m[0;30;47m [0m[0;30;47m [0m[0;30;47m [0m[0;30;47m [0m[0;30;47m [0m[0;30;47m [0m[0;30;47m [0m[0;34;46m~[0m[0;30;47m [0m[0;30;47m [0m[0;30;47m [0m[0;30;47m[[0m[0;30;47mO[0m[0;30;47mb[0m[0;30;47mj[0m[0;30;47m][0m[0;30;47m [0m[0;30;47md[0m[0;30;47mi[0m[0;30;47mr[0m[0;30;47mk[0m[0;30;47m [0m[0;30;47m [0m[0;30;47m [0m[0;30;47m [0m[0;30;47m [0m[0;30;47m [0m[0;30;47m [0m[0;30;47ma[0m[0;30;47mt[0m[0;30;47m [0m[0;30;47mS[0m[0;30;47mp[0m[0;30;47ma[0m[0;30;47mc[0m[0;30;47me[0m[0;30;47m [0m[0;30;47m1[0m[0;30;47m1[0m[0;30;47m [0m[0;30;47m([0m[0;30;47mp[0m[0;30;47mi[0m[0;30;47mt[0m[0;30;47m)[0m[0;30;47m [0m[0;30;47m [0m[0;30;47m [0m[0;30;47m [0m[0;30;47m [0m[0;30;47m [0m[0;30;47m [0m[0;30;47m [0m[0;34;46m~[0m
[0;34;46m~[0m[0;30;47m [0m[0;30;47m [0m[0;30;47m [0m[0;30;47m [0m[0;30;47m [0m[0;30;47m [0m[0;30;47m [0m[0;30;47m [0m[0;30;47m [0m[0;30;47m [0m[0;30;47m [0m[0;30;47m [0m[0;30;47m [0m[0;30;47m [0m[0;30;47m [0m[0;30;47m [0m[0;30;47m [0m[0;30;47m [0m[0;30;47m [0m[0;30;47m [0m[0;30;47m [0m[0;30;47m+[0m[0;30;47m-[0m[0;30;47m-[0m[0;30;47m-[0m[0;30;47m-[0m[0;30;47m-[0m[0;30;47m-[0m[0;30;47m-[0m[0;30;47m-[0m[0;30;47m-[0m[0;30;47m-[0m[0;30;47m-[0m[0;30;47m-[0m[0;30;47m-[0m[0;30;47m-[0m[0;30;47m-[0m[0;30;47m+[0m[0;30;47m [0m[0;30;47m [0m[0;30;47m [0m[0;30;47m [0m[0;30;47m [0m[0;30;47m [0m[0;30;47m [0m[0;30;47m [0m[0;30;47m [0m[0;30;47m [0m[0;30;47m [0m[0;30;47m [0m[0;30;47m [0m[0;30;47m [0m[0;30;47m [0m[0;30;47m [0m[0;30;47m [0m[0;30;47m [0m[0;30;47m [0m[0;30;47m [0m[0;30;47m [0m[0;30;47m [0m[0;30;47m [0m[0;30;47m [0m[0;34;46m~[0m[0;30;47m [0m[0;30;47m [0m[0;30;47m [0m[0;30;47m[[0m[0;30;47mO[0m[0;30;47mb[0m[0;30;47mj[0m[0;30;47m][0m[0;30;47m [0m[0;30;47mp[0m[0;30;47mo[0m[0;30;47mr[0m[0;30;47mt[0m[0;30;47ma[0m[0;30;47ml[0m[0;30;47m [0m[0;30;47m [0m[0;30;47m [0m[0;30;47m [0m[0;30;47m [0m[0;30;47ma[0m[0;30;47mt[0m[0;30;47m [0m[0;30;47mS[0m[0;30;47mp[0m[0;30;47ma[0m[0;30;47mc[0m[0;30;47me[0m[0;30;47m [0m[0;30;47m1[0m[0;30;47m1[0m[0;30;47m [0m[0;30;47m([0m[0;30;47mp[0m[0;30;47mi[0m[0;30;47mt[0m[0;30;47m)[0m[0;30;47m [0m[0;30;47m [0m[0;30;47m [0m[0;30;47m [0m[0;30;47m [0m[0;30;47m [0m[0;30;47m [0m[0;30;47m [0m[0;34;46m~[0m
[0;34;46m~[0m[0;30;47m [0m[0;30;47m [0m[0;30;47m [0m[0;30;47m [0m[0;30;47m [0m[0;30;47m [0m[0;30;47m [0m[0;30;47m [0m[0;30;47m [0m[0;30;47m [0m[0;30;47m [0m[0;30;47m [0m[0;30;47m [0m[0;30;47m [0m[0;30;47m [0m[0;30;47m [0m[0;30;47m [0m[0;30;47m [0m[0;30;47m [0m[0;30;47m [0m[0;30;47m [0m[0;30;47m [0m[0;30;47m [0m[0;30;47m [0m[0;30;47m [0m[0;30;47m [0m[0;30;47m [0m[0;30;47m [0m[0;30;47m [0m[0;30;47mv[0m[0;30;47m [0m[0;30;47m [0m[0;30;47m [0m[0;30;47m [0m[0;30;47m [0m[0;30;47m [0m[0;30;47m [0m[0;30;47m [0m[0;30;47m [0m[0;30;47m [0m[0;30;47m [0m[0;30;47m [0m[0;30;47m [0m[0;30;47m [0m[0;30;47m [0m[0;30;47m [0m[0;30;47m [0m[0;30;47m [0m[0;30;47m [0m[0;30;47m [0m[0;30;47m [0m[0;30;47m [0m[0;30;47m [0m[0;30;47m [0m[0;30;47m [0m[0;30;47m [0m[0;30;47m [0m[0;30;47m [0m[0;30;47m [0m[0;30;47m [0m[0;30;47m [0m[0;30;47m [0m[0;34;46m~[0m[0;30;47m [0m[0;30;47m [0m[0;30;47m [0m[0;30;47m[[0m[0;30;47mO[0m[0;30;47mb[0m[0;30;47mj[0m[0;30;47m][0m[0;30;47m [0m[0;30;47mm[0m[0;30;47ma[0m[0;30;47mp[0m[0;30;47m [0m[0;30;47m [0m[0;30;47m [0m[0;30;47m [0m[0;30;47m [0m[0;30;47m [0m[0;30;47m [0m[0;30;47m [0m[0;30;47ma[0m[0;30;47mt[0m[0;30;47m [0m[0;30;47mS[0m[0;30;47mp[0m[0;30;47ma[0m[0;30;47mc[0m[0;30;47me[0m[0;30;47m [0m[0;30;47m1[0m[0;30;47m1[0m[0;30;47m [0m[0;30;47m([0m[0;30;47mp[0m[0;30;47mi[0m[0;30;47mt[0m[0;30;47m)[0m[0;30;47m [0m[0;30;47m [0m[0;30;47m [0m[0;30;47m [0m[0;30;47m [0m[0;30;47m [0m[0;30;47m [0m[0;30;47m [0m[0;34;46m~[0m
[0;34;46m~[0m[0;30;47m [0m[0;30;47m [0m[0;30;47m [0m[0;30;47m [0m[0;30;47m [0m[0;30;47m [0m[0;30;47m [0m[0;30;47m [0m[0;30;47m [0m[0;30;47m [0m[0;30;47m [0m[0;30;47m [0m[0;30;47m [0m[0;30;47m [0m[0;30;47m [0m[0;30;47m [0m[0;30;47m [0m[0;30;47m [0m[0;30;47m [0m[0;30;47m [0m[0;30;47m [0m[0;30;47m+[0m[0;30;47m-[0m[0;30;47m-[0m[0;30;47m-[0m[0;30;47m-[0m[0;30;47m-[0m[0;30;47m-[0m[0;30;47m-[0m[0;30;47m-[0m[0;30;47m-[0m[0;30;47m-[0m[0;30;47m-[0m[0;30;47m-[0m[0;30;47m-[0m[0;30;47m-[0m[0;30;47m-[0m[0;30;47m+[0m[0;30;47m [0m[0;30;47m [0m[0;30;47m [0m[0;30;47m [0m[0;30;47m [0m[0;30;47m [0m[0;30;47m [0m[0;30;47m [0m[0;30;47m [0m[0;30;47m [0m[0;30;47m [0m[0;30;47m [0m[0;30;47m [0m[0;30;47m [0m[0;30;47m [0m[0;30;47m [0m[0;30;47m [0m[0;30;47m [0m[0;30;47m [0m[0;30;47m [0m[0;30;47m [0m[0;30;47m [0m[0;30;47m [0m[0;30;47m [0m[0;34;46m~[0m[0;30;47m [0m[0;30;47m [0m[0;30;47m [0m[0;30;47m[[0m[0;30;47mC[0m[0;30;47mh[0m[0;30;47mr[0m[0;30;47m][0m[0;30;47m [0m[0;30;47m [0m[0;30;47m\[0m[0;30;47mS[0m[0;30;47me[0m[0;30;47m/[0m[0;30;47m [0m[0;30;47m [0m[0;30;47ma[0m[0;30;47mt[0m[0;30;47m [0m[0;30;47mS[0m[0;30;47mp[0m[0;30;47ma[0m[0;30;47mc[0m[0;30;47me[0m[0;30;47m [0m[0;30;47m1[0m[0;30;47m1[0m[0;30;47m [0m[0;30;47m([0m[0;30;47mp[0m[0;30;47mi[0m[0;30;47mt[0m[0;30;47m)[0m[0;30;47m [0m[0;30;47m([0m[0;30;47mH[0m[0;30;47mP[0m[0;30;47m:[0m[0;30;47m5[0m[0;30;47m)[0m[0;30;47m [0m[0;30;47m [0m[0;30;47m [0m[0;30;47m [0m[0;30;47m [0m[0;34;46m~[0m
[0;34;46m~[0m[0;30;47m [0m[0;30;47m [0m[0;30;47m [0m[0;30;47m [0m[0;30;47m [0m[0;30;47m [0m[0;30;47m [0m[0;30;47m [0m[0;30;47m [0m[0;30;47m [0m[0;30;47m [0m[0;30;47m [0m[0;30;47m [0m[0;30;47m [0m[0;30;47m [0m[0;30;47m [0m[0;30;47m [0m[0;30;47m [0m[0;30;47m [0m[0;30;47m [0m[0;30;47m [0m[0;30;47m|[0m[0;30;47m [0m[0;30;47m [0m[0;30;47m [0m[0;30;47m [0m[0;30;47m [0m[0;30;47m [0m[0;30;47m [0m[0;30;47m [0m[0;30;47m [0m[0;30;47m [0m[0;30;47m [0m[0;30;47m [0m[0;30;47m [0m[0;30;47m1[0m[0;30;47m2[0m[0;30;47m|[0m[0;30;47m [0m[0;30;47m [0m[0;30;47m [0m[0;30;47m [0m[0;30;47m [0m[0;30;47m [0m[0;30;47m [0m[0;30;47m [0m[0;30;47m [0m[0;30;47m [0m[0;30;47m [0m[0;30;47m [0m[0;30;47m [0m[0;30;47m [0m[0;30;47m [0m[0;30;47m [0m[0;30;47m [0m[0;30;47m [0m[0;30;47m [0m[0;30;47m [0m[0;30;47m [0m[0;30;47m [0m[0;30;47m [0m[0;30;47m [0m[0;34;46m~[0m[0;30;47m [0m[0;30;47m [0m[0;30;47m-[0m[0;30;47m-[0m[0;30;47m-[0m[0;30;47m-[0m[0;30;47m-[0m[0;30;47m-[0m[0;30;47m-[0m[0;30;47m-[0m[0;30;47m-[0m[0;30;47m-[0m[0;30;47m-[0m[0;30;47m-[0m[0;30;47m-[0m[0;30;47m-[0m[0;30;47m-[0m[0;30;47m-[0m[0;30;47m-[0m[0;30;47m-[0m[0;30;47m-[0m[0;30;47m-[0m[0;30;47m-[0m[0;30;47m-[0m[0;30;47m-[0m[0;30;47m-[0m[0;30;47m-[0m[0;30;47m-[0m[0;30;47m-[0m[0;30;47m-[0m[0;30;47m-[0m[0;30;47m-[0m[0;30;47m-[0m[0;30;47m-[0m[0;30;47m-[0m[0;30;47m-[0m[0;30;47m-[0m[0;30;47m-[0m[0;30;47m-[0m[0;30;47m-[0m[0;30;47m-[0m[0;30;47m-[0m[0;30;47m-[0m[0;30;47m [0m[0;30;47m [0m[0;34;46m~[0m
[0;34;46m~[0m[0;30;47m [0m[0;30;47m [0m[0;30;47m [0m[0;30;47m [0m[0;30;47m [0m[0;30;47m [0m[0;30;47m [0m[0;30;47m [0m[0;30;47m [0m[0;30;47m [0m[0;30;47m [0m[0;30;47m [0m[0;30;47m [0m[0;30;47m [0m[0;30;47m [0m[0;30;47m [0m[0;30;47m [0m[0;30;47m [0m[0;30;47m [0m[0;30;47m [0m[0;30;47m [0m[0;30;47m|[0m[0;30;47m [0m[0;30;47m [0m[0;30;47m [0m[0;30;47m [0m[0;30;47m [0m[0;30;47m [0m[0;30;47m [0m[0;30;47m [0m[0;30;47m [0m[0;30;47m [0m[0;30;47m [0m[0;30;47m [0m[0;30;47m [0m[0;30;47m [0m[0;30;47m [0m[0;30;47m|[0m[0;30;47m [0m[0;30;47m [0m[0;30;47m [0m[0;30;47m [0m[0;30;47m [0m[0;30;47m [0m[0;30;47m [0m[0;30;47m [0m[0;30;47m [0m[0;30;47m [0m[0;30;47m [0m[0;30;47m [0m[0;30;47m [0m[0;30;47m [0m[0;30;47m [0m[0;30;47m [0m[0;30;47m [0m[0;30;47m [0m[0;30;47m [0m[0;30;47m [0m[0;30;47m [0m[0;30;47m [0m[0;30;47m [0m[0;30;47m [0m[0;34;46m~[0m[0;30;47m [0m[0;30;47m [0m[0;30;47m [0m[0;30;47m [0m[0;30;47m [0m[0;30;47m [0m[0;30;47m [0m[0;30;47m [0m[0;30;47m [0m[0;30;47m [0m[0;30;47m [0m[0;30;47m [0m[0;30;47m [0m[0;30;47m [0m[0;30;47m [0m[0;30;47m [0m[0;30;47m [0m[0;30;47m [0m[0;30;47m [0m[0;30;47m [0m[0;30;47m [0m[0;30;47m [0m[0;30;47m [0m[0;30;47m [0m[0;30;47m [0m[0;30;47m [0m[0;30;47m [0m[0;30;47m [0m[0;30;47m [0m[0;30;47m [0m[0;30;47m [0m[0;30;47m [0m[0;30;47m [0m[0;30;47m [0m[0;30;47m [0m[0;30;47m [0m[0;30;47m [0m[0;30;47m [0m[0;30;47m [0m[0;30;47m [0m[0;30;47m [0m[0;30;47m [0m[0;30;47m [0m[0;30;47m [0m[0;30;47m [0m[0;34;46m~[0m
[0;34;46m~[0m[0;30;47m [0m[0;30;47m [0m[0;30;47m [0m[0;30;47m [0m[0;30;47m [0m[0;30;47m [0m[0;30;47m [0m[0;30;47m [0m[0;30;47m [0m[0;30;47m [0m[0;30;47m [0m[0;30;47m [0m[0;30;47m [0m[0;30;47m [0m[0;30;47m [0m[0;30;47m [0m[0;30;47m [0m[0;30;47m [0m[0;30;47m [0m[0;30;47m [0m[0;30;47m [0m[0;30;47m|[0m[0;30;47m [0m[0;30;47m [0m[0;30;47m [0m[0;30;47m [0m[0;30;47m [0m[0;30;47m [0m[0;30;47m [0m[0;30;47m [0m[0;30;47m [0m[0;30;47m [0m[0;30;47m [0m[0;30;47m [0m[0;30;47m [0m[0;30;47m [0m[0;30;47m [0m[0;30;47m|[0m[0;30;47m [0m[0;30;47m [0m[0;30;47m [0m[0;30;47m [0m[0;30;47m [0m[0;30;47m [0m[0;30;47m [0m[0;30;47m [0m[0;30;47m [0m[0;30;47m [0m[0;30;47m [0m[0;30;47m [0m[0;30;47m [0m[0;30;47m [0m[0;30;47m [0m[0;30;47m [0m[0;30;47m [0m[0;30;47m [0m[0;30;47m [0m[0;30;47m [0m[0;30;47m [0m[0;30;47m [0m[0;30;47m [0m[0;30;47m [0m[0;34;46m~[0m[0;30;47m [0m[0;30;47m [0m[0;30;47m [0m[0;30;47m [0m[0;30;47m [0m[0;30;47m [0m[0;30;47m [0m[0;30;47m [0m[0;30;47m [0m[0;30;47m [0m[0;30;47m [0m[0;30;47m [0m[0;30;47m [0m[0;30;47m [0m[0;30;47m [0m[0;30;47m [0m[0;30;47m [0m[0;30;47m [0m[0;30;47m [0m[0;30;47m [0m[0;30;47m [0m[0;30;47m [0m[0;30;47m [0m[0;30;47m [0m[0;30;47m [0m[0;30;47m [0m[0;30;47m [0m[0;30;47m [0m[0;30;47m [0m[0;30;47m [0m[0;30;47m [0m[0;30;47m [0m[0;30;47m [0m[0;30;47m [0m[0;30;47m [0m[0;30;47m [0m[0;30;47m [0m[0;30;47m [0m[0;30;47m [0m[0;30;47m [0m[0;30;47m [0m[0;30;47m [0m[0;30;47m [0m[0;30;47m [0m[0;30;47m [0m[0;34;46m~[0m
[0;34;46m~[0m[0;30;47m [0m[0;30;47m [0m[0;30;47m [0m[0;30;47m [0m[0;30;47m [0m[0;30;47m [0m[0;30;47m [0m[0;30;47m [0m[0;30;47m [0m[0;30;47m [0m[0;30;47m [0m[0;30;47m [0m[0;30;47m [0m[0;30;47m [0m[0;30;47m [0m[0;30;47m [0m[0;30;47m [0m[0;30;47m [0m[0;30;47m [0m[0;30;47m [0m[0;30;47m [0m[0;30;47m|[0m[0;30;47m [0m[0;30;47m [0m[0;30;47m [0m[0;30;47m [0m[0;30;47m [0m[0;30;47m?[0m[0;30;47m?[0m[0;30;47m?[0m[0;30;47m [0m[0;30;47m [0m[0;30;47m [0m[0;30;47m [0m[0;30;47m [0m[0;30;47m [0m[0;30;47m [0m[0;30;47m|[0m[0;30;47m [0m[0;30;47m [0m[0;30;47m [0m[0;30;47m [0m[0;30;47m [0m[0;30;47m [0m[0;30;47m [0m[0;30;47m [0m[0;30;47m [0m[0;30;47m [0m[0;30;47m [0m[0;30;47m [0m[0;30;47m [0m[0;30;47m [0m[0;30;47m [0m[0;30;47m [0m[0;30;47m [0m[0;30;47m [0m[0;30;47m [0m[0;30;47m [0m[0;30;47m [0m[0;30;47m [0m[0;30;47m [0m[0;30;47m [0m[0;34;46m~[0m[0;30;47m [0m[0;30;47m [0m[0;30;47m [0m[0;30;47m [0m[0;30;47m [0m[0;30;47m [0m[0;30;47m [0m[0;30;47m [0m[0;30;47m [0m[0;30;47m [0m[0;30;47m [0m[0;30;47m [0m[0;30;47m [0m[0;30;47m [0m[0;30;47m [0m[0;30;47m [0m[0;30;47m [0m[0;30;47m [0m[0;30;47m [0m[0;30;47m [0m[0;30;47m [0m[0;30;47m [0m[0;30;47m [0m[0;30;47m [0m[0;30;47m [0m[0;30;47m [0m[0;30;47m [0m[0;30;47m [0m[0;30;47m [0m[0;30;47m [0m[0;30;47m [0m[0;30;47m [0m[0;30;47m [0m[0;30;47m [0m[0;30;47m [0m[0;30;47m [0m[0;30;47m [0m[0;30;47m [0m[0;30;47m [0m[0;30;47m [0m[0;30;47m [0m[0;30;47m [0m[0;30;47m [0m[0;30;47m [0m[0;30;47m [0m[0;34;46m~[0m
[0;34;46m~[0m[0;30;47m [0m[0;30;47m [0m[0;30;47m [0m[0;30;47m [0m[0;30;47m [0m[0;30;47m [0m[0;30;47m [0m[0;30;47m [0m[0;30;47m [0m[0;30;47m [0m[0;30;47m [0m[0;30;47m [0m[0;30;47m [0m[0;30;47m [0m[0;30;47m [0m[0;30;47m [0m[0;30;47m [0m[0;30;47m [0m[0;30;47m [0m[0;30;47m [0m[0;30;47m [0m[0;30;47m|[0m[0;30;47m [0m[0;30;47m [0m[0;30;47m [0m[0;30;47m [0m[0;30;47m [0m[0;30;47m [0m[0;30;47m [0m[0;30;47m [0m[0;30;47m [0m[0;30;47m [0m[0;30;47m [0m[0;30;47m [0m[0;30;47m [0m[0;30;47m [0m[0;30;47m [0m[0;30;47m|[0m[0;30;47m [0m[0;30;47m [0m[0;30;47m [0m[0;30;47m [0m[0;30;47m [0m[0;30;47m [0m[0;30;47m [0m[0;30;47m [0m[0;30;47m [0m[0;30;47m [0m[0;30;47m [0m[0;30;47m [0m[0;30;47m [0m[0;30;47m [0m[0;30;47m [0m[0;30;47m [0m[0;30;47m [0m[0;30;47m [0m[0;30;47m [0m[0;30;47m [0m[0;30;47m [0m[0;30;47m [0m[0;30;47m [0m[0;30;47m [0m[0;34;46m~[0m[0;30;47m [0m[0;30;47m [0m[0;30;47m [0m[0;30;47m [0m[0;30;47m [0m[0;30;47m [0m[0;30;47m [0m[0;30;47m [0m[0;30;47m [0m[0;30;47m [0m[0;30;47m [0m[0;30;47m [0m[0;30;47m [0m[0;30;47m [0m[0;30;47m [0m[0;30;47m [0m[0;30;47m [0m[0;30;47m [0m[0;30;47m [0m[0;30;47m [0m[0;30;47m [0m[0;30;47m [0m[0;30;47m [0m[0;30;47m [0m[0;30;47m [0m[0;30;47m [0m[0;30;47m [0m[0;30;47m [0m[0;30;47m [0m[0;30;47m [0m[0;30;47m [0m[0;30;47m [0m[0;30;47m [0m[0;30;47m [0m[0;30;47m [0m[0;30;47m [0m[0;30;47m [0m[0;30;47m [0m[0;30;47m [0m[0;30;47m [0m[0;30;47m [0m[0;30;47m [0m[0;30;47m [0m[0;30;47m [0m[0;30;47m [0m[0;34;46m~[0m
[0;34;46m~[0m[0;30;47m [0m[0;30;47m [0m[0;30;47m [0m[0;30;47m [0m[0;30;47m [0m[0;30;47m [0m[0;30;47m [0m[0;30;47m [0m[0;30;47m [0m[0;30;47m [0m[0;30;47m [0m[0;30;47m [0m[0;30;47m [0m[0;30;47m [0m[0;30;47m [0m[0;30;47m [0m[0;30;47m [0m[0;30;47m [0m[0;30;47m [0m[0;30;47m [0m[0;30;47m [0m[0;30;47m|[0m[0;30;47m [0m[0;30;47m [0m[0;30;47m [0m[0;30;47m [0m[0;30;47m [0m[0;30;47m [0m[0;30;47m [0m[0;30;47m [0m[0;30;47m [0m[0;30;47m [0m[0;30;47m [0m[0;30;47m [0m[0;30;47m [0m[0;30;47m [0m[0;30;47m [0m[0;30;47m|[0m[0;30;47m [0m[0;30;47m [0m[0;30;47m [0m[0;30;47m [0m[0;30;47m [0m[0;30;47m [0m[0;30;47m [0m[0;30;47m [0m[0;30;47m [0m[0;30;47m [0m[0;30;47m [0m[0;30;47m [0m[0;30;47m [0m[0;30;47m [0m[0;30;47m [0m[0;30;47m [0m[0;30;47m [0m[0;30;47m [0m[0;30;47m [0m[0;30;47m [0m[0;30;47m [0m[0;30;47m [0m[0;30;47m [0m[0;30;47m [0m[0;34;46m~[0m[0;30;47m [0m[0;30;47m [0m[0;30;47m [0m[0;30;47m [0m[0;30;47m [0m[0;30;47m [0m[0;30;47m [0m[0;30;47m [0m[0;30;47m [0m[0;30;47m [0m[0;30;47m [0m[0;30;47m [0m[0;30;47m [0m[0;30;47m [0m[0;30;47m [0m[0;30;47m [0m[0;30;47m [0m[0;30;47m [0m[0;30;47m [0m[0;30;47m [0m[0;30;47m [0m[0;30;47m [0m[0;30;47m [0m[0;30;47m [0m[0;30;47m [0m[0;30;47m [0m[0;30;47m [0m[0;30;47m [0m[0;30;47m [0m[0;30;47m [0m[0;30;47m [0m[0;30;47m [0m[0;30;47m [0m[0;30;47m [0m[0;30;47m [0m[0;30;47m [0m[0;30;47m [0m[0;30;47m [0m[0;30;47m [0m[0;30;47m [0m[0;30;47m [0m[0;30;47m [0m[0;30;47m [0m[0;30;47m [0m[0;30;47m [0m[0;34;46m~[0m
[0;34;46m~[0m[0;30;47m [0m[0;30;47m [0m[0;30;47m [0m[0;30;47m [0m[0;30;47m [0m[0;30;47m [0m[0;30;47m [0m[0;30;47m [0m[0;30;47m [0m[0;30;47m [0m[0;30;47m [0m[0;30;47m [0m[0;30;47m [0m[0;30;47m [0m[0;30;47m [0m[0;30;47m [0m[0;30;47m [0m[0;30;47m [0m[0;30;47m [0m[0;30;47m [0m[0;30;47m [0m[0;30;47m|[0m[0;30;47m [0m[0;30;47m [0m[0;30;47m [0m[0;30;47m [0m[0;30;47m [0m[0;30;47m [0m[0;30;47m [0m[0;30;47m [0m[0;30;47m [0m[0;30;47m [0m[0;30;47m [0m[0;30;47m [0m[0;30;47m [0m[0;30;47m [0m[0;30;47m [0m[0;30;47m|[0m[0;30;47m [0m[0;30;47m [0m[0;30;47m [0m[0;30;47m [0m[0;30;47m [0m[0;30;47m [0m[0;30;47m [0m[0;30;47m [0m[0;30;47m [0m[0;30;47m [0m[0;30;47m [0m[0;30;47m [0m[0;30;47m [0m[0;30;47m [0m[0;30;47m [0m[0;30;47m [0m[0;30;47m [0m[0;30;47m [0m[0;30;47m [0m[0;30;47m [0m[0;30;47m [0m[0;30;47m [0m[0;30;47m [0m[0;30;47m [0m[0;34;46m~[0m[0;30;47m [0m[0;30;47m [0m[0;30;47m [0m[0;30;47m [0m[0;30;47m [0m[0;30;47m [0m[0;30;47m [0m[0;30;47m [0m[0;30;47m [0m[0;30;47m [0m[0;30;47m [0m[0;30;47m [0m[0;30;47m [0m[0;30;47m [0m[0;30;47m [0m[0;30;47m [0m[0;30;47m [0m[0;30;47m [0m[0;30;47m [0m[0;30;47m [0m[0;30;47m [0m[0;30;47m [0m[0;30;47m [0m[0;30;47m [0m[0;30;47m [0m[0;30;47m [0m[0;30;47m [0m[0;30;47m [0m[0;30;47m [0m[0;30;47m [0m[0;30;47m [0m[0;30;47m [0m[0;30;47m [0m[0;30;47m [0m[0;30;47m [0m[0;30;47m [0m[0;30;47m [0m[0;30;47m [0m[0;30;47m [0m[0;30;47m [0m[0;30;47m [0m[0;30;47m [0m[0;30;47m [0m[0;30;47m [0m[0;30;47m [0m[0;34;46m~[0m
[0;34;46m~[0m[0;30;47m [0m[0;30;47m [0m[0;30;47m [0m[0;30;47m [0m[0;30;47m [0m[0;30;47m [0m[0;30;47m [0m[0;30;47m [0m[0;30;47m [0m[0;30;47m [0m[0;30;47m [0m[0;30;47m [0m[0;30;47m [0m[0;30;47m [0m[0;30;47m [0m[0;30;47m [0m[0;30;47m [0m[0;30;47m [0m[0;30;47m [0m[0;30;47m [0m[0;30;47m [0m[0;30;47m+[0m[0;30;47m-[0m[0;30;47m-[0m[0;30;47m-[0m[0;30;47m-[0m[0;30;47m-[0m[0;30;47m-[0m[0;30;47m-[0m[0;30;47m-[0m[0;30;47m-[0m[0;30;47m-[0m[0;30;47m-[0m[0;30;47m-[0m[0;30;47m-[0m[0;30;47m-[0m[0;30;47m-[0m[0;30;47m+[0m[0;30;47m [0m[0;30;47m [0m[0;30;47m [0m[0;30;47m [0m[0;30;47m [0m[0;30;47m [0m[0;30;47m [0m[0;30;47m [0m[0;30;47m [0m[0;30;47m [0m[0;30;47m [0m[0;30;47m [0m[0;30;47m [0m[0;30;47m [0m[0;30;47m [0m[0;30;47m [0m[0;30;47m [0m[0;30;47m [0m[0;30;47m [0m[0;30;47m [0m[0;30;47m [0m[0;30;47m [0m[0;30;47m [0m[0;30;47m [0m[0;34;46m~[0m[0;30;47m [0m[0;30;47m [0m[0;30;47m [0m[0;30;47m [0m[0;30;47m [0m[0;30;47m [0m[0;30;47m [0m[0;30;47m [0m[0;30;47m [0m[0;30;47m [0m[0;30;47m [0m[0;30;47m [0m[0;30;47m [0m[0;30;47m [0m[0;30;47m [0m[0;30;47m [0m[0;30;47m [0m[0;30;47m [0m[0;30;47m [0m[0;30;47m [0m[0;30;47m [0m[0;30;47m [0m[0;30;47m [0m[0;30;47m [0m[0;30;47m [0m[0;30;47m [0m[0;30;47m [0m[0;30;47m [0m[0;30;47m [0m[0;30;47m [0m[0;30;47m [0m[0;30;47m [0m[0;30;47m [0m[0;30;47m [0m[0;30;47m [0m[0;30;47m [0m[0;30;47m [0m[0;30;47m [0m[0;30;47m [0m[0;30;47m [0m[0;30;47m [0m[0;30;47m [0m[0;30;47m [0m[0;30;47m [0m[0;30;47m [0m[0;34;46m~[0m
[0;34;46m~[0m[0;30;47m [0m[0;30;47m [0m[0;30;47m [0m[0;30;47m [0m[0;30;47m [0m[0;30;47m [0m[0;30;47m [0m[0;30;47m [0m[0;30;47m [0m[0;30;47m [0m[0;30;47m [0m[0;30;47m [0m[0;30;47m [0m[0;30;47m [0m[0;30;47m [0m[0;30;47m [0m[0;30;47m [0m[0;30;47m [0m[0;30;47m [0m[0;30;47m [0m[0;30;47m [0m[0;30;47m [0m[0;30;47m [0m[0;30;47m [0m[0;30;47m [0m[0;30;47m [0m[0;30;47m [0m[0;30;47m [0m[0;30;47m [0m[0;30;47m [0m[0;30;47m [0m[0;30;47m [0m[0;30;47m [0m[0;30;47m [0m[0;30;47m [0m[0;30;47m [0m[0;30;47m [0m[0;30;47m [0m[0;30;47m [0m[0;30;47m [0m[0;30;47m [0m[0;30;47m [0m[0;30;47m [0m[0;30;47m [0m[0;30;47m [0m[0;30;47m [0m[0;30;47m [0m[0;30;47m [0m[0;30;47m [0m[0;30;47m [0m[0;30;47m [0m[0;30;47m [0m[0;30;47m [0m[0;30;47m [0m[0;30;47m [0m[0;30;47m [0m[0;30;47m [0m[0;30;47m [0m[0;30;47m [0m[0;30;47m [0m[0;30;47m [0m[0;30;47m [0m[0;34;46m~[0m[0;30;47m [0m[0;30;47m [0m[0;30;47m [0m[0;30;47m [0m[0;30;47m [0m[0;30;47m [0m[0;30;47m [0m[0;30;47m [0m[0;30;47m [0m[0;30;47m [0m[0;30;47m [0m[0;30;47m [0m[0;30;47m [0m[0;30;47m [0m[0;30;47m [0m[0;30;47m [0m[0;30;47m [0m[0;30;47m [0m[0;30;47m [0m[0;30;47m [0m[0;30;47m [0m[0;30;47m [0m[0;30;47m [0m[0;30;47m [0m[0;30;47m [0m[0;30;47m [0m[0;30;47m [0m[0;30;47m [0m[0;30;47m [0m[0;30;47m [0m[0;30;47m [0m[0;30;47m [0m[0;30;47m [0m[0;30;47m [0m[0;30;47m [0m[0;30;47m [0m[0;30;47m [0m[0;30;47m [0m[0;30;47m [0m[0;30;47m [0m[0;30;47m [0m[0;30;47m [0m[0;30;47m [0m[0;30;47m [0m[0;30;47m [0m[0;34;46m~[0m
[0;34;46m~[0m[0;30;47m [0m[0;30;47m [0m[0;30;47m [0m[0;30;47m [0m[0;30;47m [0m[0;30;47m [0m[0;30;47m [0m[0;30;47m [0m[0;30;47m [0m[0;30;47m [0m[0;30;47m [0m[0;30;47m [0m[0;30;47m [0m[0;30;47m [0m[0;30;47m [0m[0;30;47m [0m[0;30;47m [0m[0;30;47m [0m[0;30;47m [0m[0;30;47m [0m[0;30;47m [0m[0;30;47m [0m[0;30;47m [0m[0;30;47m [0m[0;30;47m [0m[0;30;47m [0m[0;30;47m [0m[0;30;47m [0m[0;30;47m [0m[0;30;47m [0m[0;30;47m [0m[0;30;47m [0m[0;30;47m [0m[0;30;47m [0m[0;30;47m [0m[0;30;47m [0m[0;30;47m [0m[0;30;47m [0m[0;30;47m [0m[0;30;47m [0m[0;30;47m [0m[0;30;47m [0m[0;30;47m [0m[0;30;47m [0m[0;30;47m [0m[0;30;47m [0m[0;30;47m [0m[0;30;47m [0m[0;30;47m [0m[0;30;47m [0m[0;30;47m [0m[0;30;47m [0m[0;30;47m [0m[0;30;47m [0m[0;30;47m [0m[0;30;47m [0m[0;30;47m [0m[0;30;47m [0m[0;30;47m [0m[0;30;47m [0m[0;30;47m [0m[0;30;47m [0m[0;34;46m~[0m[0;30;47m [0m[0;30;47m [0m[0;30;47m [0m[0;30;47m [0m[0;30;47m [0m[0;30;47m [0m[0;30;47m [0m[0;30;47m [0m[0;30;47m [0m[0;30;47m [0m[0;30;47m [0m[0;30;47m [0m[0;30;47m [0m[0;30;47m [0m[0;30;47m [0m[0;30;47m [0m[0;30;47m [0m[0;30;47m [0m[0;30;47m [0m[0;30;47m [0m[0;30;47m [0m[0;30;47m [0m[0;30;47m [0m[0;30;47m [0m[0;30;47m [0m[0;30;47m [0m[0;30;47m [0m[0;30;47m [0m[0;30;47m [0m[0;30;47m [0m[0;30;47m [0m[0;30;47m [0m[0;30;47m [0m[0;30;47m [0m[0;30;47m [0m[0;30;47m [0m[0;30;47m [0m[0;30;47m [0m[0;30;47m [0m[0;30;47m [0m[0;30;47m [0m[0;30;47m [0m[0;30;47m [0m[0;30;47m [0m[0;30;47m [0m[0;34;46m~[0m
[0;34;46m~[0m[0;30;47m [0m[0;30;47m [0m[0;30;47m [0m[0;30;47m [0m[0;30;47m [0m[0;30;47m [0m[0;30;47m [0m[0;30;47m [0m[0;30;47m [0m[0;30;47m [0m[0;30;47m [0m[0;30;47m [0m[0;30;47m [0m[0;30;47m [0m[0;30;47m [0m[0;30;47m [0m[0;30;47m [0m[0;30;47m [0m[0;30;47m [0m[0;30;47m [0m[0;30;47m [0m[0;30;47m [0m[0;30;47m [0m[0;30;47m [0m[0;30;47m [0m[0;30;47m [0m[0;30;47m [0m[0;30;47m [0m[0;30;47m [0m[0;30;47m [0m[0;30;47m [0m[0;30;47m [0m[0;30;47m [0m[0;30;47m [0m[0;30;47m [0m[0;30;47m [0m[0;30;47m [0m[0;30;47m [0m[0;30;47m [0m[0;30;47m [0m[0;30;47m [0m[0;30;47m [0m[0;30;47m [0m[0;30;47m [0m[0;30;47m [0m[0;30;47m [0m[0;30;47m [0m[0;30;47m [0m[0;30;47m [0m[0;30;47m [0m[0;30;47m [0m[0;30;47m [0m[0;30;47m [0m[0;30;47m [0m[0;30;47m [0m[0;30;47m [0m[0;30;47m [0m[0;30;47m [0m[0;30;47m [0m[0;30;47m [0m[0;30;47m [0m[0;30;47m [0m[0;34;46m~[0m[0;30;47m [0m[0;30;47m [0m[0;30;47m [0m[0;30;47m [0m[0;30;47m [0m[0;30;47m [0m[0;30;47m [0m[0;30;47m [0m[0;30;47m [0m[0;30;47m [0m[0;30;47m [0m[0;30;47m [0m[0;30;47m [0m[0;30;47m [0m[0;30;47m [0m[0;30;47m [0m[0;30;47m [0m[0;30;47m [0m[0;30;47m [0m[0;30;47m [0m[0;30;47m [0m[0;30;47m [0m[0;30;47m [0m[0;30;47m [0m[0;30;47m [0m[0;30;47m [0m[0;30;47m [0m[0;30;47m [0m[0;30;47m [0m[0;30;47m [0m[0;30;47m [0m[0;30;47m [0m[0;30;47m [0m[0;30;47m [0m[0;30;47m [0m[0;30;47m [0m[0;30;47m [0m[0;30;47m [0m[0;30;47m [0m[0;30;47m [0m[0;30;47m [0m[0;30;47m [0m[0;30;47m [0m[0;30;47m [0m[0;30;47m [0m[0;34;46m~[0m
[0;34;46m~[0m[0;30;47m [0m[0;30;47m [0m[0;30;47m [0m[0;30;47m [0m[0;30;47m [0m[0;30;47m [0m[0;30;47m [0m[0;30;47m [0m[0;30;47m [0m[0;30;47m [0m[0;30;47m [0m[0;30;47m [0m[0;30;47m [0m[0;30;47m [0m[0;30;47m [0m[0;30;47m [0m[0;30;47m [0m[0;30;47m [0m[0;30;47m [0m[0;30;47m [0m[0;30;47m [0m[0;30;47m [0m[0;30;47m [0m[0;30;47m [0m[0;30;47m [0m[0;30;47m [0m[0;30;47m [0m[0;30;47m [0m[0;30;47m [0m[0;30;47m [0m[0;30;47m [0m[0;30;47m [0m[0;30;47m [0m[0;30;47m [0m[0;30;47m [0m[0;30;47m [0m[0;30;47m [0m[0;30;47m [0m[0;30;47m [0m[0;30;47m [0m[0;30;47m [0m[0;30;47m [0m[0;30;47m [0m[0;30;47m [0m[0;30;47m [0m[0;30;47m [0m[0;30;47m [0m[0;30;47m [0m[0;30;47m [0m[0;30;47m [0m[0;30;47m [0m[0;30;47m [0m[0;30;47m [0m[0;30;47m [0m[0;30;47m [0m[0;30;47m [0m[0;30;47m [0m[0;30;47m [0m[0;30;47m [0m[0;30;47m [0m[0;30;47m [0m[0;30;47m [0m[0;34;46m~[0m[0;30;47m [0m[0;30;47m [0m[0;30;47m [0m[0;30;47m [0m[0;30;47m [0m[0;30;47m [0m[0;30;47m [0m[0;30;47m [0m[0;30;47m [0m[0;30;47m [0m[0;30;47m [0m[0;30;47m [0m[0;30;47m [0m[0;30;47m [0m[0;30;47m [0m[0;30;47m [0m[0;30;47m [0m[0;30;47m [0m[0;30;47m [0m[0;30;47m [0m[0;30;47m [0m[0;30;47m [0m[0;30;47m [0m[0;30;47m [0m[0;30;47m [0m[0;30;47m [0m[0;30;47m [0m[0;30;47m [0m[0;30;47m [0m[0;30;47m [0m[0;30;47m [0m[0;30;47m [0m[0;30;47m [0m[0;30;47m [0m[0;30;47m [0m[0;30;47m [0m[0;30;47m [0m[0;30;47m [0m[0;30;47m [0m[0;30;47m [0m[0;30;47m [0m[0;30;47m [0m[0;30;47m [0m[0;30;47m [0m[0;30;47m [0m[0;34;46m~[0m
[0;34;46m~[0m[0;30;47m [0m[0;30;47m [0m[0;30;47m [0m[0;30;47m [0m[0;30;47m [0m[0;30;47m [0m[0;30;47m [0m[0;30;47m [0m[0;30;47m [0m[0;30;47m [0m[0;30;47m [0m[0;30;47m [0m[0;30;47m [0m[0;30;47m [0m[0;30;47m [0m[0;30;47m [0m[0;30;47m [0m[0;30;47m [0m[0;30;47m [0m[0;30;47m [0m[0;30;47m [0m[0;30;47m [0m[0;30;47m [0m[0;30;47m [0m[0;30;47m [0m[0;30;47m [0m[0;30;47m [0m[0;30;47m [0m[0;30;47m [0m[0;30;47m [0m[0;30;47m [0m[0;30;47m [0m[0;30;47m [0m[0;30;47m [0m[0;30;47m [0m[0;30;47m [0m[0;30;47m [0m[0;30;47m [0m[0;30;47m [0m[0;30;47m [0m[0;30;47m [0m[0;30;47m [0m[0;30;47m [0m[0;30;47m [0m[0;30;47m [0m[0;30;47m [0m[0;30;47m [0m[0;30;47m [0m[0;30;47m [0m[0;30;47m [0m[0;30;47m [0m[0;30;47m [0m[0;30;47m [0m[0;30;47m [0m[0;30;47m [0m[0;30;47m [0m[0;30;47m [0m[0;30;47m [0m[0;30;47m [0m[0;30;47m [0m[0;30;47m [0m[0;30;47m [0m[0;34;46m~[0m[0;30;47m [0m[0;30;47m [0m[0;30;47m [0m[0;30;47m [0m[0;30;47m [0m[0;30;47m [0m[0;30;47m [0m[0;30;47m [0m[0;30;47m [0m[0;30;47m [0m[0;30;47m [0m[0;30;47m [0m[0;30;47m [0m[0;30;47m [0m[0;30;47m [0m[0;30;47m [0m[0;30;47m [0m[0;30;47m [0m[0;30;47m [0m[0;30;47m [0m[0;30;47m [0m[0;30;47m [0m[0;30;47m [0m[0;30;47m [0m[0;30;47m [0m[0;30;47m [0m[0;30;47m [0m[0;30;47m [0m[0;30;47m [0m[0;30;47m [0m[0;30;47m [0m[0;30;47m [0m[0;30;47m [0m[0;30;47m [0m[0;30;47m [0m[0;30;47m [0m[0;30;47m [0m[0;30;47m [0m[0;30;47m [0m[0;30;47m [0m[0;30;47m [0m[0;30;47m [0m[0;30;47m [0m[0;30;47m [0m[0;30;47m [0m[0;34;46m~[0m
[0;34;46m~[0m[0;34;46m~[0m[0;34;46m~[0m[0;34;46m~[0m[0;34;46m~[0m[0;34;46m~[0m[0;34;46m~[0m[0;34;46m~[0m[0;34;46m~[0m[0;34;46m~[0m[0;34;46m~[0m[0;34;46m~[0m[0;34;46m~[0m[0;34;46m~[0m[0;34;46m~[0m[0;34;46m~[0m[0;34;46m~[0m[0;34;46m~[0m[0;34;46m~[0m[0;34;46m~[0m[0;34;46m~[0m[0;34;46m~[0m[0;34;46m~[0m[0;34;46m~[0m[0;34;46m~[0m[0;34;46m~[0m[0;34;46m~[0m[0;34;46m~[0m[0;34;46m~[0m[0;34;46m~[0m[0;34;46m~[0m[0;34;46m~[0m[0;34;46m~[0m[0;34;46m~[0m[0;34;46m~[0m[0;34;46m~[0m[0;34;46m~[0m[0;34;46m~[0m[0;34;46m~[0m[0;34;46m~[0m[0;34;46m~[0m[0;34;46m~[0m[0;34;46m~[0m[0;34;46m~[0m[0;34;46m~[0m[0;34;46m~[0m[0;34;46m~[0m[0;34;46m~[0m[0;34;46m~[0m[0;34;46m~[0m[0;34;46m~[0m[0;34;46m~[0m[0;34;46m~[0m[0;34;46m~[0m[0;34;46m~[0m[0;34;46m~[0m[0;34;46m~[0m[0;34;46m~[0m[0;34;46m~[0m[0;34;46m~[0m[0;34;46m~[0m[0;34;46m~[0m[0;34;46m~[0m[0;34;46m~[0m[0;34;46m~[0m[0;34;46m~[0m[0;34;46m~[0m[0;34;46m~[0m[0;34;46m~[0m[0;34;46m~[0m[0;34;46m~[0m[0;34;46m~[0m[0;34;46m~[0m[0;34;46m~[0m[0;34;46m~[0m[0;34;46m~[0m[0;34;46m~[0m[0;34;46m~[0m[0;34;46m~[0m[0;34;46m~[0m[0;34;46m~[0m[0;34;46m~[0m[0;34;46m~[0m[0;34;46m~[0m[0;34;46m~[0m[0;34;46m~[0m[0;34;46m~[0m[0;34;46m~[0m[0;34;46m~[0m[0;34;46m~[0m[0;34;46m~[0m[0;34;46m~[0m[0;34;46m~[0m[0;34;46m~[0m[0;34;46m~[0m[0;34;46m~[0m[0;34;46m~[0m[0;34;46m~[0m[0;34;46m~[0m[0;34;46m~[0m[0;34;46m~[0m[0;34;46m~[0m[0;34;46m~[0m[0;34;46m~[0m[0;34;46m~[0m[0;34;46m~[0m[0;34;46m~[0m[0;34;46m~[0m[0;34;46m~[0m[0;34;46m~[0m
[0;34;46m~[0m[0;30;47m [0m[0;30;47m [0m[0;30;47m [0m[0;30;47m [0m[0;30;47m [0m[0;30;47m [0m[0;30;47m [0m[0;30;47m [0m[0;30;47m [0m[0;30;47m [0m[0;30;47m [0m[0;30;47m [0m[0;30;47m [0m[0;30;47m [0m[0;30;47m [0m[0;30;47m [0m[0;30;47m [0m[0;30;47m [0m[0;30;47m [0m[0;30;47m [0m[0;30;47m [0m[0;30;47m [0m[0;30;47m [0m[0;30;47m [0m[0;30;47m [0m[0;30;47m [0m[0;30;47m [0m[0;30;47m [0m[0;30;47m [0m[0;30;47m [0m[0;30;47m [0m[0;30;47m [0m[0;30;47m [0m[0;30;47m [0m[0;30;47m [0m[0;30;47m [0m[0;30;47m [0m[0;30;47m [0m[0;30;47m [0m[0;30;47m [0m[0;30;47m [0m[0;30;47m [0m[0;30;47m [0m[0;30;47m [0m[0;30;47m [0m[0;30;47mT[0m[0;30;47mH[0m[0;30;47mE[0m[0;30;47m [0m[0;30;47mH[0m[0;30;47mA[0m[0;30;47mU[0m[0;30;47mN[0m[0;30;47mT[0m[0;30;47mE[0m[0;30;47mD[0m[0;30;47m [0m[0;30;47mC[0m[0;30;47mA[0m[0;30;47mS[0m[0;30;47mT[0m[0;30;47mL[0m[0;30;47mE[0m[0;30;47m [0m[0;30;47m [0m[0;30;47m [0m[0;30;47m [0m[0;30;47m [0m[0;30;47m [0m[0;30;47m [0m[0;30;47m [0m[0;30;47m [0m[0;30;47m [0m[0;30;47m [0m[0;30;47m [0m[0;30;47m [0m[0;30;47m [0m[0;30;47m [0m[0;30;47m [0m[0;30;47m [0m[0;30;47m [0m[0;30;47m [0m[0;30;47m [0m[0;30;47m [0m[0;30;47m [0m[0;30;47m [0m[0;30;47m [0m[0;30;47m [0m[0;30;47m [0m[0;30;47m [0m[0;30;47m [0m[0;30;47m [0m[0;30;47m [0m[0;30;47m [0m[0;30;47m [0m[0;30;47m [0m[0;30;47m [0m[0;30;47m [0m[0;30;47m [0m[0;30;47m [0m[0;30;47m [0m[0;30;47m [0m[0;30;47m [0m[0;30;47m [0m[0;30;47m [0m[0;30;47m [0m[0;30;47m [0m[0;30;47m [0m[0;34;46m~[0m
[0;34;46m~[0m[0;34;46m~[0m[0;34;46m~[0m[0;34;46m~[0m[0;34;46m~[0m[0;34;46m~[0m[0;34;46m~[0m[0;34;46m~[0m[0;34;46m~[0m[0;34;46m~[0m[0;34;46m~[0m[0;34;46m~[0m[0;34;46m~[0m[0;34;46m~[0m[0;34;46m~[0m[0;34;46m~[0m[0;34;46m~[0m[0;34;46m~[0m[0;34;46m~[0m[0;34;46m~[0m[0;34;46m~[0m[0;34;46m~[0m[0;34;46m~[0m[0;34;46m~[0m[0;34;46m~[0m[0;34;46m~[0m[0;34;46m~[0m[0;34;46m~[0m[0;34;46m~[0m[0;34;46m~[0m[0;34;46m~[0m[0;34;46m~[0m[0;34;46m~[0m[0;34;46m~[0m[0;34;46m~[0m[0;34;46m~[0m[0;34;46m~[0m[0;34;46m~[0m[0;34;46m~[0m[0;34;46m~[0m[0;34;46m~[0m[0;34;46m~[0m[0;34;46m~[0m[0;34;46m~[0m[0;34;46m~[0m[0;34;46m~[0m[0;34;46m~[0m[0;34;46m~[0m[0;34;46m~[0m[0;34;46m~[0m[0;34;46m~[0m[0;34;46m~[0m[0;34;46m~[0m[0;34;46m~[0m[0;34;46m~[0m[0;34;46m~[0m[0;34;46m~[0m[0;34;46m~[0m[0;34;46m~[0m[0;34;46m~[0m[0;34;46m~[0m[0;34;46m~[0m[0;34;46m~[0m[0;34;46m~[0m[0;34;46m~[0m[0;34;46m~[0m[0;34;46m~[0m[0;34;46m~[0m[0;34;46m~[0m[0;34;46m~[0m[0;34;46m~[0m[0;34;46m~[0m[0;34;46m~[0m[0;34;46m~[0m[0;34;46m~[0m[0;34;46m~[0m[0;34;46m~[0m[0;34;46m~[0m[0;34;46m~[0m[0;34;46m~[0m[0;34;46m~[0m[0;34;46m~[0m[0;34;46m~[0m[0;34;46m~[0m[0;34;46m~[0m[0;34;46m~[0m[0;34;46m~[0m[0;34;46m~[0m[0;34;46m~[0m[0;34;46m~[0m[0;34;46m~[0m[0;34;46m~[0m[0;34;46m~[0m[0;34;46m~[0m[0;34;46m~[0m[0;34;46m~[0m[0;34;46m~[0m[0;34;46m~[0m[0;34;46m~[0m[0;34;46m~[0m[0;34;46m~[0m[0;34;46m~[0m[0;34;46m~[0m[0;34;46m~[0m[0;34;46m~[0m[0;34;46m~[0m[0;34;46m~[0m[0;34;46m~[0m[0;34;46m~[0m[0;34;46m~[0m
[0;34;46m~[0m[0;30;47m [0m[0;30;47m [0m[0;30;47mC[0m[0;30;47mo[0m[0;30;47mm[0m[0;30;47mm[0m[0;30;47ma[0m[0;30;47mn[0m[0;30;47md[0m[0;30;47ms[0m[0;30;47m:[0m[0;30;47m [0m[0;30;47mm[0m[0;30;47mo[0m[0;30;47mv[0m[0;30;47me[0m[0;30;47m([0m[0;30;47mm[0m[0;30;47m)[0m[0;30;47m [0m[0;30;47m[[0m[0;30;47md[0m[0;30;47mi[0m[0;30;47mr[0m[0;30;47m][0m[0;30;47m [0m[0;30;47m|[0m[0;30;47m [0m[0;30;47mt[0m[0;30;47ma[0m[0;30;47mk[0m[0;30;47me[0m[0;30;47m([0m[0;30;47mt[0m[0;30;47m)[0m[0;30;47m [0m[0;30;47m[[0m[0;30;47mo[0m[0;30;47mb[0m[0;30;47mj[0m[0;30;47m][0m[0;30;47m [0m[0;30;47m|[0m[0;30;47m [0m[0;30;47md[0m[0;30;47mr[0m[0;30;47mo[0m[0;30;47mp[0m[0;30;47m([0m[0;30;47md[0m[0;30;47m)[0m[0;30;47m [0m[0;30;47m[[0m[0;30;47mo[0m[0;30;47mb[0m[0;30;47mj[0m[0;30;47m][0m[0;30;47m [0m[0;30;47m|[0m[0;30;47m [0m[0;30;47ma[0m[0;30;47mt[0m[0;30;47mt[0m[0;30;47ma[0m[0;30;47mc[0m[0;30;47mk[0m[0;30;47m([0m[0;30;47ma[0m[0;30;47m)[0m[0;30;47m [0m[0;30;47m|[0m[0;30;47m [0m[0;30;47mc[0m[0;30;47mh[0m[0;30;47ma[0m[0;30;47mt[0m[0;30;47m([0m[0;30;47mc[0m[0;30;47m)[0m[0;30;47m [0m[0;30;47m|[0m[0;30;47m [0m[0;30;47mr[0m[0;30;47me[0m[0;30;47mc[0m[0;30;47mr[0m[0;30;47mu[0m[0;30;47mi[0m[0;30;47mt[0m[0;30;47m([0m[0;30;47mr[0m[0;30;47m)[0m[0;30;47m [0m[0;30;47m[[0m[0;30;47mc[0m[0;30;47mh[0m[0;30;47ma[0m[0;30;47mr[0m[0;30;47m][0m[0;30;47m [0m[0;30;47m [0m[0;30;47m [0m[0;30;47m [0m[0;30;47m [0m[0;30;47m [0m[0;30;47m [0m[0;30;47m [0m[0;30;47m [0m[0;34;46m~[0m
[0;34;46m~[0m[0;30;47m [0m[0;30;47m [0m[0;30;47mi[0m[0;30;47mn[0m[0;30;47ms[0m[0;30;47mp[0m[0;30;47me[0m[0;30;47mc[0m[0;30;47mt[0m[0;30;47m([0m[0;30;47mi[0m[0;30;47m)[0m[0;30;47m [0m[0;30;47m[[0m[0;30;47mo[0m[0;30;47mb[0m[0;30;47mj[0m[0;30;47m][0m[0;30;47m [0m[0;30;47m|[0m[0;30;47m [0m[0;30;47mu[0m[0;30;47ms[0m[0;30;47me[0m[0;30;47m([0m[0;30;47mu[0m[0;30;47m)[0m[0;30;47m [0m[0;30;47m[[0m[0;30;47mo[0m[0;30;47mb[0m[0;30;47mj[0m[0;30;47m][0m[0;30;47m [0m[0;30;47m|[0m[0;30;47m [0m[0;30;47mo[0m[0;30;47mp[0m[0;30;47me[0m[0;30;47mn[0m[0;30;47m([0m[0;30;47mo[0m[0;30;47m)[0m[0;30;47m [0m[0;30;47m[[0m[0;30;47ml[0m[0;30;47mn[0m[0;30;47mk[0m[0;30;47m][0m[0;30;47m [0m[0;30;47mw[0m[0;30;47mi[0m[0;30;47mt[0m[0;30;47mh[0m[0;30;47m [0m[0;30;47m[[0m[0;30;47mo[0m[0;30;47mb[0m[0;30;47mj[0m[0;30;47m][0m[0;30;47m [0m[0;30;47m|[0m[0;30;47m [0m[0;30;47mt[0m[0;30;47mp[0m[0;30;47m [0m[0;30;47m[[0m[0;30;47mr[0m[0;30;47mo[0m[0;30;47mo[0m[0;30;47mm[0m[0;30;47m][0m[0;30;47m [0m[0;30;47m|[0m[0;30;47m [0m[0;30;47me[0m[0;30;47mx[0m[0;30;47mi[0m[0;30;47mt[0m[0;30;47m([0m[0;30;47me[0m[0;30;47m)[0m[0;30;47m [0m[0;30;47m|[0m[0;30;47m [0m[0;30;47ma[0m[0;30;47mb[0m[0;30;47ma[0m[0;30;47mn[0m[0;30;47md[0m[0;30;47mo[0m[0;30;47mn[0m[0;30;47m([0m[0;30;47mf[0m[0;30;47m)[0m[0;30;47m [0m[0;30;47m[[0m[0;30;47mc[0m[0;30;47mh[0m[0;30;47ma[0m[0;30;47mr[0m[0;30;47m][0m[0;30;47m [0m[0;30;47m [0m[0;30;47m [0m[0;30;47m [0m[0;30;47m [0m[0;30;47m [0m[0;34;46m~[0m
[0;34;46m~[0m[0;34;46m~[0m[0;34;46m~[0m[0;34;46m~[0m[0;34;46m~[0m[0;34;46m~[0m[0;34;46m~[0m[0;34;46m~[0m[0;34;46m~[0m[0;34;46m~[0m[0;34;46m~[0m[0;34;46m~[0m[0;34;46m~[0m[0;34;46m~[0m[0;34;46m~[0m[0;34;46m~[0m[0;34;46m~[0m[0;34;46m~[0m[0;34;46m~[0m[0;34;46m~[0m[0;34;46m~[0m[0;34;46m~[0m[0;34;46m~[0m[0;34;46m~[0m[0;34;46m~[0m[0;34;46m~[0m[0;34;46m~[0m[0;34;46m~[0m[0;34;46m~[0m[0;34;46m~[0m[0;34;46m~[0m[0;34;46m~[0m[0;34;46m~[0m[0;34;46m~[0m[0;34;46m~[0m[0;34;46m~[0m[0;34;46m~[0m[0;34;46m~[0m[0;34;46m~[0m[0;34;46m~[0m[0;34;46m~[0m[0;34;46m~[0m[0;34;46m~[0m[0;34;46m~[0m[0;34;46m~[0m[0;34;46m~[0m[0;34;46m~[0m[0;34;46m~[0m[0;34;46m~[0m[0;34;46m~[0m[0;34;46m~[0m[0;34;46m~[0m[0;34;46m~[0m[0;34;46m~[0m[0;34;46m~[0m[0;34;46m~[0m[0;34;46m~[0m[0;34;46m~[0m[0;34;46m~[0m[0;34;46m~[0m[0;34;46m~[0m[0;34;46m~[0m[0;34;46m~[0m[0;34;46m~[0m[0;34;46m~[0m[0;34;46m~[0m[0;34;46m~[0m[0;34;46m~[0m[0;34;46m~[0m[0;34;46m~[0m[0;34;46m~[0m[0;34;46m~[0m[0;34;46m~[0m[0;34;46m~[0m[0;34;46m~[0m[0;34;46m~[0m[0;34;46m~[0m[0;34;46m~[0m[0;34;46m~[0m[0;34;46m~[0m[0;34;46m~[0m[0;34;46m~[0m[0;34;46m~[0m[0;34;46m~[0m[0;34;46m~[0m[0;34;46m~[0m[0;34;46m~[0m[0;34;46m~[0m[0;34;46m~[0m[0;34;46m~[0m[0;34;46m~[0m[0;34;46m~[0m[0;34;46m~[0m[0;34;46m~[0m[0;34;46m~[0m[0;34;46m~[0m[0;34;46m~[0m[0;34;46m~[0m[0;34;46m~[0m[0;34;46m~[0m[0;34;46m~[0m[0;34;46m~[0m[0;34;46m~[0m[0;34;46m~[0m[0;34;46m~[0m[0;34;46m~[0m[0;34;46m~[0m[0;34;46m~[0m[0;34;46m~[0m[0;34;46m~[0m
[0;34;46m~[0m[0;30;47m [0m[0;30;47m [0m[0;30;47m [0m[0;30;47m [0m[0;30;47m [0m[0;30;47m [0m[0;30;47m [0m[0;30;47m [0m[0;30;47m [0m[0;30;47m [0m[0;30;47m [0m[0;30;47m [0m[0;30;47m [0m[0;30;47m [0m[0;30;47m [0m[0;30;47m [0m[0;30;47m [0m[0;30;47m [0m[0;30;47m [0m[0;30;47m [0m[0;30;47m [0m[0;30;47m [0m[0;30;47m [0m[0;30;47m [0m[0;30;47m [0m[0;30;47m [0m[0;30;47m [0m[0;30;47m [0m[0;30;47m [0m[0;30;47m [0m[0;30;47m [0m[0;30;47m [0m[0;30;47m [0m[0;30;47m [0m[0;30;47m [0m[0;30;47m [0m[0;30;47m [0m[0;30;47m [0m[0;30;47m [0m[0;30;47m [0m[0;30;47m [0m[0;30;47m [0m[0;30;47m [0m[0;30;47m [0m[0;30;47m [0m[0;30;47m [0m[0;30;47m [0m[0;30;47m [0m[0;30;47m [0m[0;30;47m [0m[0;30;47m [0m[0;30;47m [0m[0;30;47m [0m[0;30;47m [0m[0;30;47m [0m[0;30;47m [0m[0;30;47m [0m[0;30;47m [0m[0;30;47m [0m[0;30;47m [0m[0;30;47m [0m[0;30;47m [0m[0;30;47m [0m[0;30;47m [0m[0;30;47m [0m[0;30;47m [0m[0;30;47m [0m[0;30;47m [0m[0;30;47m [0m[0;30;47m [0m[0;30;47m [0m[0;30;47m [0m[0;30;47m [0m[0;30;47m [0m[0;30;47m [0m[0;30;47m [0m[0;30;47m [0m[0;30;47m [0m[0;30;47m [0m[0;30;47m [0m[0;30;47m [0m[0;30;47m [0m[0;30;47m [0m[0;30;47m [0m[0;30;47m [0m[0;30;47m [0m[0;30;47m [0m[0;30;47m [0m[0;30;47m [0m[0;30;47m [0m[0;30;47m [0m[0;30;47m [0m[0;30;47m [0m[0;30;47m [0m[0;30;47m [0m[0;30;47m [0m[0;30;47m [0m[0;30;47m [0m[0;30;47m [0m[0;30;47m [0m[0;30;47m [0m[0;30;47m [0m[0;30;47m [0m[0;30;47m [0m[0;30;47m [0m[0;30;47m [0m[0;30;47m [0m[0;30;47m [0m[0;34;46m~[0m
[0;34;46m~[0m[0;30;47m [0m[0;30;47m [0m[0;30;47m [0m[0;30;47m [0m[0;30;47m [0m[0;30;47m [0m[0;30;47m [0m[0;30;47m [0m[0;30;47m [0m[0;30;47m [0m[0;30;47m [0m[0;30;47m [0m[0;30;47m [0m[0;30;47m [0m[0;30;47m [0m[0;30;47m [0m[0;30;47m [0m[0;30;47m [0m[0;30;47m [0m[0;30;47m [0m[0;30;47m [0m[0;30;47m [0m[0;30;47m [0m[0;30;47m [0m[0;30;47m [0m[0;30;47m [0m[0;30;47m [0m[0;30;47m [0m[0;30;47m [0m[0;30;47m [0m[0;30;47m [0m[0;30;47m [0m[0;30;47m [0m[0;30;47m [0m[0;30;47m [0m[0;30;47m [0m[0;30;47m [0m[0;30;47m [0m[0;30;47m [0m[0;30;47m [0m[0;30;47m [0m[0;30;47m [0m[0;30;47m [0m[0;30;47m [0m[0;30;47m [0m[0;30;47m [0m[0;30;47m [0m[0;30;47m [0m[0;30;47m [0m[0;30;47m [0m[0;30;47m [0m[0;30;47m [0m[0;30;47m [0m[0;30;47m [0m[0;30;47m [0m[0;30;47m [0m[0;30;47m [0m[0;30;47m [0m[0;30;47m [0m[0;30;47m [0m[0;30;47m [0m[0;30;47m [0m[0;30;47m [0m[0;30;47m [0m[0;30;47m [0m[0;30;47m [0m[0;30;47m [0m[0;30;47m [0m[0;30;47m [0m[0;30;47m [0m[0;30;47m [0m[0;30;47m [0m[0;30;47m [0m[0;30;47m [0m[0;30;47m [0m[0;30;47m [0m[0;30;47m [0m[0;30;47m [0m[0;30;47m [0m[0;30;47m [0m[0;30;47m [0m[0;30;47m [0m[0;30;47m [0m[0;30;47m [0m[0;30;47m [0m[0;30;47m [0m[0;30;47m [0m[0;30;47m [0m[0;30;47m [0m[0;30;47m [0m[0;30;47m [0m[0;30;47m [0m[0;30;47m [0m[0;30;47m [0m[0;30;47m [0m[0;30;47m [0m[0;30;47m [0m[0;30;47m [0m[0;30;47m [0m[0;30;47m [0m[0;30;47m [0m[0;30;47m [0m[0;30;47m [0m[0;30;47m [0m[0;30;47m [0m[0;30;47m [0m[0;30;47m [0m[0;30;47m [0m[0;34;46m~[0m
[0;34;46m~[0m[0;30;47m [0m[0;30;47m [0m[0;30;47m [0m[0;30;47m [0m[0;30;47m [0m[0;30;47m [0m[0;30;47m [0m[0;30;47m [0m[0;30;47m [0m[0;30;47m [0m[0;30;47m [0m[0;30;47m [0m[0;30;47m [0m[0;30;47m [0m[0;30;47m [0m[0;30;47m [0m[0;30;47m [0m[0;30;47m [0m[0;30;47m [0m[0;30;47m [0m[0;30;47m [0m[0;30;47m [0m[0;30;47m [0m[0;30;47m [0m[0;30;47m [0m[0;30;47m [0m[0;30;47m [0m[0;30;47m [0m[0;30;47m [0m[0;30;47m [0m[0;30;47m [0m[0;30;47m [0m[0;30;47m [0m[0;30;47m [0m[0;30;47m [0m[0;30;47m [0m[0;30;47m [0m[0;30;47m [0m[0;30;47m [0m[0;30;47m [0m[0;30;47m [0m[0;30;47m [0m[0;30;47m [0m[0;30;47m [0m[0;30;47m [0m[0;30;47m [0m[0;30;47m [0m[0;30;47m [0m[0;30;47m [0m[0;30;47m [0m[0;30;47m [0m[0;30;47m [0m[0;30;47m [0m[0;30;47m [0m[0;30;47m [0m[0;30;47m [0m[0;30;47m [0m[0;30;47m [0m[0;30;47m [0m[0;30;47m [0m[0;30;47m [0m[0;30;47m [0m[0;30;47m [0m[0;30;47m [0m[0;30;47m [0m[0;30;47m [0m[0;30;47m [0m[0;30;47m [0m[0;30;47m [0m[0;30;47m [0m[0;30;47m [0m[0;30;47m [0m[0;30;47m [0m[0;30;47m [0m[0;30;47m [0m[0;30;47m [0m[0;30;47m [0m[0;30;47m [0m[0;30;47m [0m[0;30;47m [0m[0;30;47m [0m[0;30;47m [0m[0;30;47m [0m[0;30;47m [0m[0;30;47m [0m[0;30;47m [0m[0;30;47m [0m[0;30;47m [0m[0;30;47m [0m[0;30;47m [0m[0;30;47m [0m[0;30;47m [0m[0;30;47m [0m[0;30;47m [0m[0;30;47m [0m[0;30;47m [0m[0;30;47m [0m[0;30;47m [0m[0;30;47m [0m[0;30;47m [0m[0;30;47m [0m[0;30;47m [0m[0;30;47m [0m[0;30;47m [0m[0;30;47m [0m[0;30;47m [0m[0;30;47m [0m[0;30;47m [0m[0;34;46m~[0m
prompt:> [2J
[0;34;42m~[0m[0;34;42m~[0m[0;34;42m~[0m[0;34;42m~[0m[0;34;42m~[0m[0;34;42m~[0m[0;34;42m~[0m[0;34;42m~[0m[0;34;42m~[0m[0;34;42m~[0m[0;34;42m~[0m[0;34;42m~[0m[0;34;42m~[0m[0;34;42m~[0m[0;34;42m~[0m[0;34;42m~[0m[0;34;42m~[0m[0;34;42m~[0m[0;34;42m~[0m[0;34;42m~[0m[0;34;42m~[0m[0;34;42m~[0m[0;34;42m~[0m[0;34;42m~[0m[0;34;42m~[0m[0;34;42m~[0m[0;34;42m~[0m[0;34;42m~[0m[0;34;42m~[0m[0;34;42m~[0m[0;34;42m~[0m[0;34;42m~[0m[0;34;42m~[0m[0;34;42m~[0m[0;34;42m~[0m[0;34;42m~[0m[0;34;42m~[0m[0;34;42m~[0m[0;34;42m~[0m[0;34;42m~[0m[0;34;42m~[0m[0;34;42m~[0m[0;34;42m~[0m[0;34;42m~[0m[0;34;42m~[0m[0;34;42m~[0m[0;34;42m~[0m[0;34;42m~[0m[0;34;42m~[0m[0;34;42m~[0m[0;34;42m~[0m[0;34;42m~[0m[0;34;42m~[0m[0;34;42m~[0m[0;34;42m~[0m[0;34;42m~[0m[0;34;42m~[0m[0;34;42m~[0m[0;34;42m~[0m[0;34;42m~[0m[0;34;42m~[0m[0;34;42m~[0m[0;34;42m~[0m[0;34;42m~[0m[0;34;42m~[0m[0;34;42m~[0m[0;34;42m~[0m[0;34;42m~[0m[0;34;42m~[0m[0;34;42m~[0m[0;34;42m~[0m[0;34;42m~[0m[0;34;42m~[0m[0;34;42m~[0m[0;34;42m~[0m[0;34;42m~[0m[0;34;42m~[0m[0;34;42m~[0m[0;34;42m~[0m[0;34;42m~[0m[0;34;42m~[0m[0;34;42m~[0m[0;34;42m~[0m[0;34;42m~[0m[0;34;42m~[0m[0;34;42m~[0m[0;34;42m~[0m[0;34;42m~[0m[0;34;42m~[0m[0;34;42m~[0m[0;34;42m~[0m[0;34;42m~[0m[0;34;42m~[0m[0;34;42m~[0m[0;34;42m~[0m[0;34;42m~[0m[0;34;42m~[0m[0;34;42m~[0m[0;34;42m~[0m[0;34;42m~[0m[0;34;42m~[0m[0;34;42m~[0m[0;34;42m~[0m[0;34;42m~[0m[0;34;42m~[0m[0;34;42m~[0m[0;34;42m~[0m[0;34;42m~[0m[0;34;42m~[0m[0;34;42m~[0m
[0;34;42m~[0m[0;30;47m [0m[0;30;47m [0m[0;30;47m [0m[0;30;47m [0m[0;30;47m [0m[0;30;47m [0m[0;30;47m [0m[0;30;47m [0m[0;30;47m [0m[0;30;47m [0m[0;30;47m [0m[0;30;47m [0m[0;30;47m [0m[0;30;47m [0m[0;30;47m [0m[0;30;47m [0m[0;30;47m [0m[0;30;47m [0m[0;30;47m [0m[0;30;47m [0m[0;30;47m [0m[0;30;47m+[0m[0;30;47m-[0m[0;30;47m-[0m[0;30;47m-[0m[0;30;47m-[0m[0;30;47m-[0m[0;30;47m-[0m[0;30;47m-[0m[0;30;47m-[0m[0;30;47m-[0m[0;30;47m-[0m[0;30;47m-[0m[0;30;47m-[0m[0;30;47m-[0m[0;30;47m-[0m[0;30;47m-[0m[0;30;47m+[0m[0;30;47m [0m[0;30;47m [0m[0;30;47m [0m[0;30;47m [0m[0;30;47m [0m[0;30;47m [0m[0;30;47m [0m[0;30;47m [0m[0;30;47m [0m[0;30;47m [0m[0;30;47m [0m[0;30;47m [0m[0;30;47m [0m[0;30;47m [0m[0;30;47m [0m[0;30;47m [0m[0;30;47m [0m[0;30;47m [0m[0;30;47m [0m[0;30;47m [0m[0;30;47m [0m[0;30;47m [0m[0;30;47m [0m[0;30;47m [0m[0;34;42m~[0m[0;30;47m [0m[0;30;47m [0m[0;30;47m=[0m[0;30;47m=[0m[0;30;47m=[0m[0;30;47m=[0m[0;30;47m=[0m[0;30;47m=[0m[0;30;47m=[0m[0;30;47m=[0m[0;30;47m=[0m[0;30;47m=[0m[0;30;47m=[0m[0;30;47m=[0m[0;30;47m=[0m[0;30;47m=[0m[0;30;47m=[0m[0;30;47m=[0m[0;30;47m=[0m[0;30;47m=[0m[0;30;47m=[0m[0;30;47m=[0m[0;30;47m=[0m[0;30;47m=[0m[0;30;47m=[0m[0;30;47m=[0m[0;30;47m=[0m[0;30;47m=[0m[0;30;47m=[0m[0;30;47m=[0m[0;30;47m=[0m[0;30;47m=[0m[0;30;47m=[0m[0;30;47m=[0m[0;30;47m=[0m[0;30;47m=[0m[0;30;47m=[0m[0;30;47m=[0m[0;30;47m=[0m[0;30;47m=[0m[0;30;47m=[0m[0;30;47m=[0m[0;30;47m=[0m[0;30;47m [0m[0;30;47m [0m[0;34;42m~[0m
[0;34;42m~[0m[0;30;47m [0m[0;30;47m [0m[0;30;47m [0m[0;30;47m [0m[0;30;47m [0m[0;30;47m [0m[0;30;47m [0m[0;30;47m [0m[0;30;47m [0m[0;30;47m [0m[0;30;47m [0m[0;30;47m [0m[0;30;47m [0m[0;30;47m [0m[0;30;47m [0m[0;30;47m [0m[0;30;47m [0m[0;30;47m [0m[0;30;47m [0m[0;30;47m [0m[0;30;47m [0m[0;30;47m|[0m[0;30;47m [0m[0;30;47m^[0m[0;30;47mK[0m[0;30;47m>[0m[0;30;47m [0m[0;30;47m [0m[0;30;47m\[0m[0;30;47mS[0m[0;30;47me[0m[0;30;47m/[0m[0;30;47m [0m[0;30;47m [0m[0;30;47m [0m[0;30;47m1[0m[0;30;47m1[0m[0;30;47m|[0m[0;30;47m [0m[0;30;47m [0m[0;30;47m [0m[0;30;47m [0m[0;30;47m [0m[0;30;47m [0m[0;30;47m [0m[0;30;47m [0m[0;30;47m [0m[0;30;47m [0m[0;30;47m [0m[0;30;47m [0m[0;30;47m [0m[0;30;47m [0m[0;30;47m [0m[0;30;47m [0m[0;30;47m [0m[0;30;47m [0m[0;30;47m [0m[0;30;47m [0m[0;30;47m [0m[0;30;47m [0m[0;30;47m [0m[0;30;47m [0m[0;34;42m~[0m[0;30;47m [0m[0;30;47m [0m[0;30;47m [0m[0;30;47m [0m[0;30;47mP[0m[0;30;47mL[0m[0;30;47mA[0m[0;30;47mY[0m[0;30;47mE[0m[0;30;47mR[0m[0;30;47m [0m[0;30;47m2[0m[0;30;47m [0m[0;30;47mS[0m[0;30;47mT[0m[0;30;47mA[0m[0;30;47mT[0m[0;30;47mU[0m[0;30;47mS[0m[0;30;47m [0m[0;30;47m [0m[0;30;47m [0m[0;30;47m|[0m[0;30;47m [0m[0;30;47m [0m[0;30;47m [0m[0;30;47mH[0m[0;30;47mE[0m[0;30;47mA[0m[0;30;47mL[0m[0;30;47mT[0m[0;30;47mH[0m[0;30;47m:[0m[0;30;47m [0m[0;30;47m3[0m[0;30;47m [0m[0;30;47mp[0m[0;30;47mt[0m[0;30;47ms[0m[0;30;47m [0m[0;30;47m [0m[0;30;47m [0m[0;30;47m [0m[0;30;47m [0m[0;30;47m [0m[0;34;42m~[0m
[0;34;42m~[0m[0;30;47m [0m[0;30;47m [0m[0;30;47m [0m[0;30;47m [0m[0;30;47m [0m[0;30;47m [0m[0;30;47m [0m[0;30;47m [0m[0;30;47m [0m[0;30;47m [0m[0;30;47m [0m[0;30;47m [0m[0;30;47m [0m[0;30;47m [0m[0;30;47m [0m[0;30;47m [0m[0;30;47m [0m[0;30;47m [0m[0;30;47m [0m[0;30;47m [0m[0;30;47m [0m[0;30;47m|[0m[0;30;47m [0m[0;30;47m [0m[0;30;47m [0m[0;30;47m [0m[0;30;47m.[0m[0;30;47m=[0m[0;30;47m=[0m[0;30;47m=[0m[0;30;47m.[0m[0;30;47m [0m[0;30;47m [0m[0;30;47m [0m[0;30;47m [0m[0;30;47m [0m[0;30;47m [0m[0;30;47m|[0m[0;30;47m [0m[0;30;47m [0m[0;30;47m [0m[0;30;47m [0m[0;30;47m [0m[0;30;47m [0m[0;30;47m [0m[0;30;47m [0m[0;30;47m [0m[0;30;47m [0m[0;30;47m [0m[0;30;47m [0m[0;30;47m [0m[0;30;47m [0m[0;30;47m [0m[0;30;47m [0m[0;30;47m [0m[0;30;47m [0m[0;30;47m [0m[0;30;47m [0m[0;30;47m [0m[0;30;47m [0m[0;30;47m [0m[0;30;47m [0m[0;34;42m~[0m[0;30;47m [0m[0;30;47m [0m[0;30;47m=[0m[0;30;47m=[0m[0;30;47m=[0m[0;30;47m=[0m[0;30;47m=[0m[0;30;47m=[0m[0;30;47m=[0m[0;30;47m=[0m[0;30;47m=[0m[0;30;47m=[0m[0;30;47m=[0m[0;30;47m=[0m[0;30;47m=[0m[0;30;47m=[0m[0;30;47m=[0m[0;30;47m=[0m[0;30;47m=[0m[0;30;47m=[0m[0;30;47m=[0m[0;30;47m=[0m[0;30;47m=[0m[0;30;47m=[0m[0;30;47m=[0m[0;30;47m=[0m[0;30;47m=[0m[0;30;47m=[0m[0;30;47m=[0m[0;30;47m=[0m[0;30;47m=[0m[0;30;47m=[0m[0;30;47m=[0m[0;30;47m=[0m[0;30;47m=[0m[0;30;47m=[0m[0;30;47m=[0m[0;30;47m=[0m[0;30;47m=[0m[0;30;47m=[0m[0;30;47m=[0m[0;30;47m=[0m[0;30;47m=[0m[0;30;47m [0m[0;30;47m [0m[0;34;42m~[0m
[0;34;42m~[0m[0;30;47m [0m[0;30;47m [0m[0;30;47m [0m[0;30;47m [0m[0;30;47m [0m[0;30;47m [0m[0;30;47m [0m[0;30;47m [0m[0;30;47m [0m[0;30;47m [0m[0;30;47m [0m[0;30;47m [0m[0;30;47m [0m[0;30;47m [0m[0;30;47m [0m[0;30;47m [0m[0;30;47m [0m[0;30;47m [0m[0;30;47m [0m[0;30;47m [0m[0;30;47m [0m[0;30;47m|[0m[0;30;47m [0m[0;30;47m [0m[0;30;47m [0m[0;30;47m [0m[0;30;47m[[0m[0;30;47m [0m[0;30;47m [0m[0;30;47m [0m[0;30;47m][0m[0;30;47m [0m[0;30;47m [0m[0;30;47m [0m[0;30;47m [0m[0;30;47m [0m[0;30;47m [0m[0;30;47m|[0m[0;30;47m [0m[0;30;47m [0m[0;30;47m [0m[0;30;47m [0m[0;30;47m [0m[0;30;47m [0m[0;30;47m [0m[0;30;47m [0m[0;30;47m [0m[0;30;47m [0m[0;30;47m [0m[0;30;47m [0m[0;30;47m [0m[0;30;47m [0m[0;30;47m [0m[0;30;47m [0m[0;30;47m [0m[0;30;47m [0m[0;30;47m [0m[0;30;47m [0m[0;30;47m [0m[0;30;47m [0m[0;30;47m [0m[0;30;47m [0m[0;34;42m~[0m[0;30;47m [0m[0;30;47m [0m[0;30;47m>[0m[0;30;47m [0m[0;30;47mC[0m[0;30;47mu[0m[0;30;47mr[0m[0;30;47mr[0m[0;30;47me[0m[0;30;47mn[0m[0;30;47mt[0m[0;30;47m [0m[0;30;47mL[0m[0;30;47mo[0m[0;30;47mc[0m[0;30;47ma[0m[0;30;47mt[0m[0;30;47mi[0m[0;30;47mo[0m[0;30;47mn[0m[0;30;47m [0m[0;30;47m:[0m[0;30;47m [0m[0;30;47m1[0m[0;30;47m1[0m[0;30;47m [0m[0;30;47m([0m[0;30;47mp[0m[0;30;47mi[0m[0;30;47mt[0m[0;30;47m)[0m[0;30;47m [0m[0;30;47m [0m[0;30;47m [0m[0;30;47m [0m[0;30;47m [0m[0;30;47m [0m[0;30;47m [0m[0;30;47m [0m[0;30;47m [0m[0;30;47m [0m[0;30;47m [0m[0;30;47m [0m[0;30;47m [0m[0;30;47m [0m[0;34;42m~[0m
[0;34;42m~[0m[0;30;47m [0m[0;30;47m [0m[0;30;47m [0m[0;30;47m [0m[0;30;47m [0m[0;30;47m [0m[0;30;47m [0m[0;30;47m [0m[0;30;47m [0m[0;30;47m [0m[0;30;47m [0m[0;30;47m [0m[0;30;47m [0m[0;30;47m [0m[0;30;47m [0m[0;30;47m [0m[0;30;47m [0m[0;30;47m [0m[0;30;47m [0m[0;30;47m [0m[0;30;47m [0m[0;30;47m|[0m[0;30;47m [0m[0;30;47m [0m[0;30;47m [0m[0;30;47m [0m[0;30;47m[[0m[0;30;47m [0m[0;30;47m [0m[0;30;47m [0m[0;30;47m][0m[0;30;47m [0m[0;30;47m [0m[0;30;47m [0m[0;30;47m [0m[0;30;47m [0m[0;30;47m [0m[0;30;47m|[0m[0;30;47m [0m[0;30;47m [0m[0;30;47m [0m[0;30;47m [0m[0;30;47m [0m[0;30;47m [0m[0;30;47m [0m[0;30;47m [0m[0;30;47m [0m[0;30;47m [0m[0;30;47m [0m[0;30;47m [0m[0;30;47m [0m[0;30;47m [0m[0;30;47m [0m[0;30;47m [0m[0;30;47m [0m[0;30;47m [0m[0;30;47m [0m[0;30;47m [0m[0;30;47m [0m[0;30;47m [0m[0;30;47m [0m[0;30;47m [0m[0;34;42m~[0m[0;30;47m [0m[0;30;47m [0m[0;30;47m>[0m[0;30;47m [0m[0;30;47mB[0m[0;30;47ma[0m[0;30;47mc[0m[0;30;47mk[0m[0;30;47mp[0m[0;30;47ma[0m[0;30;47mc[0m[0;30;47mk[0m[0;30;47m [0m[0;30;47m [0m[0;30;47m [0m[0;30;47m [0m[0;30;47m [0m[0;30;47m [0m[0;30;47m [0m[0;30;47m:[0m[0;30;47m [0m[0;30;47m[[0m[0;30;47mE[0m[0;30;47mM[0m[0;30;47mP[0m[0;30;47mT[0m[0;30;47mY[0m[0;30;47m][0m[0;30;47m [0m[0;30;47m [0m[0;30;47m [0m[0;30;47m [0m[0;30;47m [0m[0;30;47m [0m[0;30;47m [0m[0;30;47m [0m[0;30;47m [0m[0;30;47m [0m[0;30;47m [0m[0;30;47m [0m[0;30;47m [0m[0;30;47m [0m[0;30;47m [0m[0;30;47m [0m[0;30;47m [0m[0;34;42m~[0m
[0;34;42m~[0m[0;30;47m [0m[0;30;47m [0m[0;30;47m [0m[0;30;47m [0m[0;30;47m [0m[0;30;47m [0m[0;30;47m [0m[0;30;47m [0m[0;30;47m [0m[0;30;47m [0m[0;30;47m [0m[0;30;47m [0m[0;30;47m [0m[0;30;47m [0m[0;30;47m [0m[0;30;47m [0m[0;30;47m [0m[0;30;47m [0m[0;30;47m [0m[0;30;47m [0m[0;30;47m [0m[0;30;47m|[0m[0;30;47m [0m[0;30;47m [0m[0;30;47m [0m[0;30;47m [0m[0;30;47m[[0m[0;30;47m [0m[0;30;47m [0m[0;30;47m [0m[0;30;47m][0m[0;30;47m [0m[0;30;47m [0m[0;30;47m [0m[0;30;47m [0m[0;30;47m [0m[0;30;47m [0m[0;30;47m|[0m[0;30;47m [0m[0;30;47m [0m[0;30;47m [0m[0;30;47m [0m[0;30;47m [0m[0;30;47m [0m[0;30;47m [0m[0;30;47m [0m[0;30;47m [0m[0;30;47m [0m[0;30;47m [0m[0;30;47m [0m[0;30;47m [0m[0;30;47m [0m[0;30;47m [0m[0;30;47m [0m[0;30;47m [0m[0;30;47m [0m[0;30;47m [0m[0;30;47m [0m[0;30;47m [0m[0;30;47m [0m[0;30;47m [0m[0;30;47m [0m[0;34;42m~[0m[0;30;47m [0m[0;30;47m [0m[0;30;47m-[0m[0;30;47m-[0m[0;30;47m-[0m[0;30;47m-[0m[0;30;47m-[0m[0;30;47m-[0m[0;30;47m-[0m[0;30;47m-[0m[0;30;47m-[0m[0;30;47m-[0m[0;30;47m-[0m[0;30;47m-[0m[0;30;47m-[0m[0;30;47m-[0m[0;30;47m-[0m[0;30;47m-[0m[0;30;47m-[0m[0;30;47m-[0m[0;30;47m-[0m[0;30;47m-[0m[0;30;47m-[0m[0;30;47m-[0m[0;30;47m-[0m[0;30;47m-[0m[0;30;47m-[0m[0;30;47m-[0m[0;30;47m-[0m[0;30;47m-[0m[0;30;47m-[0m[0;30;47m-[0m[0;30;47m-[0m[0;30;47m-[0m[0;30;47m-[0m[0;30;47m-[0m[0;30;47m-[0m[0;30;47m-[0m[0;30;47m-[0m[0;30;47m-[0m[0;30;47m-[0m[0;30;47m-[0m[0;30;47m-[0m[0;30;47m [0m[0;30;47m [0m[0;34;42m~[0m
[0;34;42m~[0m[0;30;47m [0m[0;30;47m [0m[0;30;47m [0m[0;30;47m [0m[0;30;47m [0m[0;30;47m [0m[0;30;47m [0m[0;30;47m [0m[0;30;47m [0m[0;30;47m [0m[0;30;47m [0m[0;30;47m [0m[0;30;47m [0m[0;30;47m [0m[0;30;47m [0m[0;30;47m [0m[0;30;47m [0m[0;30;47m [0m[0;30;47m [0m[0;30;47m [0m[0;30;47m [0m[0;30;47m|[0m[0;30;47m [0m[0;30;47m [0m[0;30;47m [0m[0;30;47m [0m[0;30;47m'[0m[0;30;47m=[0m[0;30;47m=[0m[0;30;47m=[0m[0;30;47m'[0m[0;30;47m [0m[0;30;47m [0m[0;30;47m [0m[0;30;47m [0m[0;30;47m [0m[0;30;47m [0m[0;30;47m|[0m[0;30;47m [0m[0;30;47m [0m[0;30;47m [0m[0;30;47m [0m[0;30;47m [0m[0;30;47m [0m[0;30;47m [0m[0;30;47m [0m[0;30;47m [0m[0;30;47m [0m[0;30;47m [0m[0;30;47m [0m[0;30;47m [0m[0;30;47m [0m[0;30;47m [0m[0;30;47m [0m[0;30;47m [0m[0;30;47m [0m[0;30;47m [0m[0;30;47m [0m[0;30;47m [0m[0;30;47m [0m[0;30;47m [0m[0;30;47m [0m[0;34;42m~[0m[0;30;47m [0m[0;30;47m [0m[0;30;47mV[0m[0;30;47mI[0m[0;30;47mS[0m[0;30;47mI[0m[0;30;47mB[0m[0;30;47mL[0m[0;30;47mE[0m[0;30;47m [0m[0;30;47mE[0m[0;30;47mN[0m[0;30;47mT[0m[0;30;47mI[0m[0;30;47mT[0m[0;30;47mI[0m[0;30;47mE[0m[0;30;47mS[0m[0;30;47m [0m[0;30;47m([0m[0;30;47mD[0m[0;30;47mi[0m[0;30;47ms[0m[0;30;47mc[0m[0;30;47mo[0m[0;30;47mv[0m[0;30;47me[0m[0;30;47mr[0m[0;30;47me[0m[0;30;47md[0m[0;30;47m [0m[0;30;47mS[0m[0;30;47mp[0m[0;30;47ma[0m[0;30;47mc[0m[0;30;47me[0m[0;30;47ms[0m[0;30;47m)[0m[0;30;47m:[0m[0;30;47m [0m[0;30;47m [0m[0;30;47m [0m[0;30;47m [0m[0;30;47m [0m[0;30;47m [0m[0;34;42m~[0m
[0;34;42m~[0m[0;30;47m [0m[0;30;47m [0m[0;30;47m [0m[0;30;47m [0m[0;30;47m [0m[0;30;47m [0m[0;30;47m [0m[0;30;47m [0m[0;30;47m [0m[0;30;47m [0m[0;30;47m [0m[0;30;47m [0m[0;30;47m [0m[0;30;47m [0m[0;30;47m [0m[0;30;47m [0m[0;30;47m [0m[0;30;47m [0m[0;30;47m [0m[0;30;47m [0m[0;30;47m [0m[0;30;47m|[0m[0;30;47md[0m[0;30;47mi[0m[0;30;47mr[0m[0;30;47mk[0m[0;30;47m,[0m[0;30;47mp[0m[0;30;47mo[0m[0;30;47mr[0m[0;30;47mt[0m[0;30;47ma[0m[0;30;47ml[0m[0;30;47m,[0m[0;30;47mm[0m[0;30;47ma[0m[0;30;47mp[0m[0;30;47m|[0m[0;30;47m [0m[0;30;47m [0m[0;30;47m [0m[0;30;47m [0m[0;30;47m [0m[0;30;47m [0m[0;30;47m [0m[0;30;47m [0m[0;30;47m [0m[0;30;47m [0m[0;30;47m [0m[0;30;47m [0m[0;30;47m [0m[0;30;47m [0m[0;30;47m [0m[0;30;47m [0m[0;30;47m [0m[0;30;47m [0m[0;30;47m [0m[0;30;47m [0m[0;30;47m [0m[0;30;47m [0m[0;30;47m [0m[0;30;47m [0m[0;34;42m~[0m[0;30;47m [0m[0;30;47m [0m[0;30;47m [0m[0;30;47m[[0m[0;30;47mO[0m[0;30;47mb[0m[0;30;47mj[0m[0;30;47m][0m[0;30;47m [0m[0;30;47md[0m[0;30;47mi[0m[0;30;47mr[0m[0;30;47mk[0m[0;30;47m [0m[0;30;47m [0m[0;30;47m [0m[0;30;47m [0m[0;30;47m [0m[0;30;47m [0m[0;30;47m [0m[0;30;47ma[0m[0;30;47mt[0m[0;30;47m [0m[0;30;47mS[0m[0;30;47mp[0m[0;30;47ma[0m[0;30;47mc[0m[0;30;47me[0m[0;30;47m [0m[0;30;47m1[0m[0;30;47m1[0m[0;30;47m [0m[0;30;47m([0m[0;30;47mp[0m[0;30;47mi[0m[0;30;47mt[0m[0;30;47m)[0m[0;30;47m [0m[0;30;47m [0m[0;30;47m [0m[0;30;47m [0m[0;30;47m [0m[0;30;47m [0m[0;30;47m [0m[0;30;47m [0m[0;34;42m~[0m
[0;34;42m~[0m[0;30;47m [0m[0;30;47m [0m[0;30;47m [0m[0;30;47m [0m[0;30;47m [0m[0;30;47m [0m[0;30;47m [0m[0;30;47m [0m[0;30;47m [0m[0;30;47m [0m[0;30;47m [0m[0;30;47m [0m[0;30;47m [0m[0;30;47m [0m[0;30;47m [0m[0;30;47m [0m[0;30;47m [0m[0;30;47m [0m[0;30;47m [0m[0;30;47m [0m[0;30;47m [0m[0;30;47m+[0m[0;30;47m-[0m[0;30;47m-[0m[0;30;47m-[0m[0;30;47m-[0m[0;30;47m-[0m[0;30;47m-[0m[0;30;47m-[0m[0;30;47m-[0m[0;30;47m-[0m[0;30;47m-[0m[0;30;47m-[0m[0;30;47m-[0m[0;30;47m-[0m[0;30;47m-[0m[0;30;47m-[0m[0;30;47m+[0m[0;30;47m [0m[0;30;47m [0m[0;30;47m [0m[0;30;47m [0m[0;30;47m [0m[0;30;47m [0m[0;30;47m [0m[0;30;47m [0m[0;30;47m [0m[0;30;47m [0m[0;30;47m [0m[0;30;47m [0m[0;30;47m [0m[0;30;47m [0m[0;30;47m [0m[0;30;47m [0m[0;30;47m [0m[0;30;47m [0m[0;30;47m [0m[0;30;47m [0m[0;30;47m [0m[0;30;47m [0m[0;30;47m [0m[0;30;47m [0m[0;34;42m~[0m[0;30;47m [0m[0;30;47m [0m[0;30;47m [0m[0;30;47m[[0m[0;30;47mO[0m[0;30;47mb[0m[0;30;47mj[0m[0;30;47m][0m[0;30;47m [0m[0;30;47mp[0m[0;30;47mo[0m[0;30;47mr[0m[0;30;47mt[0m[0;30;47ma[0m[0;30;47ml[0m[0;30;47m [0m[0;30;47m [0m[0;30;47m [0m[0;30;47m [0m[0;30;47m [0m[0;30;47ma[0m[0;30;47mt[0m[0;30;47m [0m[0;30;47mS[0m[0;30;47mp[0m[0;30;47ma[0m[0;30;47mc[0m[0;30;47me[0m[0;30;47m [0m[0;30;47m1[0m[0;30;47m1[0m[0;30;47m [0m[0;30;47m([0m[0;30;47mp[0m[0;30;47mi[0m[0;30;47mt[0m[0;30;47m)[0m[0;30;47m [0m[0;30;47m [0m[0;30;47m [0m[0;30;47m [0m[0;30;47m [0m[0;30;47m [0m[0;30;47m [0m[0;30;47m [0m[0;34;42m~[0m
[0;34;42m~[0m[0;30;47m [0m[0;30;47m [0m[0;30;47m [0m[0;30;47m [0m[0;30;47m [0m[0;30;47m [0m[0;30;47m [0m[0;30;47m [0m[0;30;47m [0m[0;30;47m [0m[0;30;47m [0m[0;30;47m [0m[0;30;47m [0m[0;30;47m [0m[0;30;47m [0m[0;30;47m [0m[0;30;47m [0m[0;30;47m [0m[0;30;47m [0m[0;30;47m [0m[0;30;47m [0m[0;30;47m [0m[0;30;47m [0m[0;30;47m [0m[0;30;47m [0m[0;30;47m [0m[0;30;47m [0m[0;30;47m [0m[0;30;47m [0m[0;30;47mv[0m[0;30;47m [0m[0;30;47m [0m[0;30;47m [0m[0;30;47m [0m[0;30;47m [0m[0;30;47m [0m[0;30;47m [0m[0;30;47m [0m[0;30;47m [0m[0;30;47m [0m[0;30;47m [0m[0;30;47m [0m[0;30;47m [0m[0;30;47m [0m[0;30;47m [0m[0;30;47m [0m[0;30;47m [0m[0;30;47m [0m[0;30;47m [0m[0;30;47m [0m[0;30;47m [0m[0;30;47m [0m[0;30;47m [0m[0;30;47m [0m[0;30;47m [0m[0;30;47m [0m[0;30;47m [0m[0;30;47m [0m[0;30;47m [0m[0;30;47m [0m[0;30;47m [0m[0;30;47m [0m[0;34;42m~[0m[0;30;47m [0m[0;30;47m [0m[0;30;47m [0m[0;30;47m[[0m[0;30;47mO[0m[0;30;47mb[0m[0;30;47mj[0m[0;30;47m][0m[0;30;47m [0m[0;30;47mm[0m[0;30;47ma[0m[0;30;47mp[0m[0;30;47m [0m[0;30;47m [0m[0;30;47m [0m[0;30;47m [0m[0;30;47m [0m[0;30;47m [0m[0;30;47m [0m[0;30;47m [0m[0;30;47ma[0m[0;30;47mt[0m[0;30;47m [0m[0;30;47mS[0m[0;30;47mp[0m[0;30;47ma[0m[0;30;47mc[0m[0;30;47me[0m[0;30;47m [0m[0;30;47m1[0m[0;30;47m1[0m[0;30;47m [0m[0;30;47m([0m[0;30;47mp[0m[0;30;47mi[0m[0;30;47mt[0m[0;30;47m)[0m[0;30;47m [0m[0;30;47m [0m[0;30;47m [0m[0;30;47m [0m[0;30;47m [0m[0;30;47m [0m[0;30;47m [0m[0;30;47m [0m[0;34;42m~[0m
[0;34;42m~[0m[0;30;47m [0m[0;30;47m [0m[0;30;47m [0m[0;30;47m [0m[0;30;47m [0m[0;30;47m [0m[0;30;47m [0m[0;30;47m [0m[0;30;47m [0m[0;30;47m [0m[0;30;47m [0m[0;30;47m [0m[0;30;47m [0m[0;30;47m [0m[0;30;47m [0m[0;30;47m [0m[0;30;47m [0m[0;30;47m [0m[0;30;47m [0m[0;30;47m [0m[0;30;47m [0m[0;30;47m+[0m[0;30;47m-[0m[0;30;47m-[0m[0;30;47m-[0m[0;30;47m-[0m[0;30;47m-[0m[0;30;47m-[0m[0;30;47m-[0m[0;30;47m-[0m[0;30;47m-[0m[0;30;47m-[0m[0;30;47m-[0m[0;30;47m-[0m[0;30;47m-[0m[0;30;47m-[0m[0;30;47m-[0m[0;30;47m+[0m[0;30;47m [0m[0;30;47m [0m[0;30;47m [0m[0;30;47m [0m[0;30;47m [0m[0;30;47m [0m[0;30;47m [0m[0;30;47m [0m[0;30;47m [0m[0;30;47m [0m[0;30;47m [0m[0;30;47m [0m[0;30;47m [0m[0;30;47m [0m[0;30;47m [0m[0;30;47m [0m[0;30;47m [0m[0;30;47m [0m[0;30;47m [0m[0;30;47m [0m[0;30;47m [0m[0;30;47m [0m[0;30;47m [0m[0;30;47m [0m[0;34;42m~[0m[0;30;47m [0m[0;30;47m [0m[0;30;47m [0m[0;30;47m[[0m[0;30;47mC[0m[0;30;47mh[0m[0;30;47mr[0m[0;30;47m][0m[0;30;47m [0m[0;30;47m [0m[0;30;47m\[0m[0;30;47mS[0m[0;30;47me[0m[0;30;47m/[0m[0;30;47m [0m[0;30;47m [0m[0;30;47ma[0m[0;30;47mt[0m[0;30;47m [0m[0;30;47mS[0m[0;30;47mp[0m[0;30;47ma[0m[0;30;47mc[0m[0;30;47me[0m[0;30;47m [0m[0;30;47m1[0m[0;30;47m1[0m[0;30;47m [0m[0;30;47m([0m[0;30;47mp[0m[0;30;47mi[0m[0;30;47mt[0m[0;30;47m)[0m[0;30;47m [0m[0;30;47m([0m[0;30;47mH[0m[0;30;47mP[0m[0;30;47m:[0m[0;30;47m5[0m[0;30;47m)[0m[0;30;47m [0m[0;30;47m [0m[0;30;47m [0m[0;30;47m [0m[0;30;47m [0m[0;34;42m~[0m
[0;34;42m~[0m[0;30;47m [0m[0;30;47m [0m[0;30;47m [0m[0;30;47m [0m[0;30;47m [0m[0;30;47m [0m[0;30;47m [0m[0;30;47m [0m[0;30;47m [0m[0;30;47m [0m[0;30;47m [0m[0;30;47m [0m[0;30;47m [0m[0;30;47m [0m[0;30;47m [0m[0;30;47m [0m[0;30;47m [0m[0;30;47m [0m[0;30;47m [0m[0;30;47m [0m[0;30;47m [0m[0;30;47m|[0m[0;30;47m [0m[0;30;47m [0m[0;30;47m [0m[0;30;47m [0m[0;30;47m [0m[0;30;47m [0m[0;30;47m [0m[0;30;47m [0m[0;30;47m [0m[0;30;47m [0m[0;30;47m [0m[0;30;47m [0m[0;30;47m [0m[0;30;47m1[0m[0;30;47m2[0m[0;30;47m|[0m[0;30;47m [0m[0;30;47m [0m[0;30;47m [0m[0;30;47m [0m[0;30;47m [0m[0;30;47m [0m[0;30;47m [0m[0;30;47m [0m[0;30;47m [0m[0;30;47m [0m[0;30;47m [0m[0;30;47m [0m[0;30;47m [0m[0;30;47m [0m[0;30;47m [0m[0;30;47m [0m[0;30;47m [0m[0;30;47m [0m[0;30;47m [0m[0;30;47m [0m[0;30;47m [0m[0;30;47m [0m[0;30;47m [0m[0;30;47m [0m[0;34;42m~[0m[0;30;47m [0m[0;30;47m [0m[0;30;47m-[0m[0;30;47m-[0m[0;30;47m-[0m[0;30;47m-[0m[0;30;47m-[0m[0;30;47m-[0m[0;30;47m-[0m[0;30;47m-[0m[0;30;47m-[0m[0;30;47m-[0m[0;30;47m-[0m[0;30;47m-[0m[0;30;47m-[0m[0;30;47m-[0m[0;30;47m-[0m[0;30;47m-[0m[0;30;47m-[0m[0;30;47m-[0m[0;30;47m-[0m[0;30;47m-[0m[0;30;47m-[0m[0;30;47m-[0m[0;30;47m-[0m[0;30;47m-[0m[0;30;47m-[0m[0;30;47m-[0m[0;30;47m-[0m[0;30;47m-[0m[0;30;47m-[0m[0;30;47m-[0m[0;30;47m-[0m[0;30;47m-[0m[0;30;47m-[0m[0;30;47m-[0m[0;30;47m-[0m[0;30;47m-[0m[0;30;47m-[0m[0;30;47m-[0m[0;30;47m-[0m[0;30;47m-[0m[0;30;47m-[0m[0;30;47m [0m[0;30;47m [0m[0;34;42m~[0m
[0;34;42m~[0m[0;30;47m [0m[0;30;47m [0m[0;30;47m [0m[0;30;47m [0m[0;30;47m [0m[0;30;47m [0m[0;30;47m [0m[0;30;47m [0m[0;30;47m [0m[0;30;47m [0m[0;30;47m [0m[0;30;47m [0m[0;30;47m [0m[0;30;47m [0m[0;30;47m [0m[0;30;47m [0m[0;30;47m [0m[0;30;47m [0m[0;30;47m [0m[0;30;47m [0m[0;30;47m [0m[0;30;47m|[0m[0;30;47m [0m[0;30;47m [0m[0;30;47m [0m[0;30;47m [0m[0;30;47m [0m[0;30;47m [0m[0;30;47m [0m[0;30;47m [0m[0;30;47m [0m[0;30;47m [0m[0;30;47m [0m[0;30;47m [0m[0;30;47m [0m[0;30;47m [0m[0;30;47m [0m[0;30;47m|[0m[0;30;47m [0m[0;30;47m [0m[0;30;47m [0m[0;30;47m [0m[0;30;47m [0m[0;30;47m [0m[0;30;47m [0m[0;30;47m [0m[0;30;47m [0m[0;30;47m [0m[0;30;47m [0m[0;30;47m [0m[0;30;47m [0m[0;30;47m [0m[0;30;47m [0m[0;30;47m [0m[0;30;47m [0m[0;30;47m [0m[0;30;47m [0m[0;30;47m [0m[0;30;47m [0m[0;30;47m [0m[0;30;47m [0m[0;30;47m [0m[0;34;42m~[0m[0;30;47m [0m[0;30;47m [0m[0;30;47m[[0m[0;30;47mC[0m[0;30;47mH[0m[0;30;47mA[0m[0;30;47mT[0m[0;30;47m][0m[0;30;47m [0m[0;30;47ms[0m[0;30;47me[0m[0;30;47me[0m[0;30;47mr[0m[0;30;47m:[0m[0;30;47m [0m[0;30;47m"[0m[0;30;47mt[0m[0;30;47mh[0m[0;30;47me[0m[0;30;47m [0m[0;30;47mp[0m[0;30;47ma[0m[0;30;47mt[0m[0;30;47mh[0m[0;30;47m [0m[0;30;47mi[0m[0;30;47ms[0m[0;30;47m [0m[0;30;47md[0m[0;30;47ma[0m[0;30;47mr[0m[0;30;47mk[0m[0;30;47m.[0m[0;30;47m"[0m[0;30;47m [0m[0;30;47m [0m[0;30;47m [0m[0;30;47m [0m[0;30;47m [0m[0;30;47m [0m[0;30;47m [0m[0;30;47m [0m[0;30;47m [0m[0;30;47m [0m[0;30;47m [0m[0;34;42m~[0m
[0;34;42m~[0m[0;30;47m [0m[0;30;47m [0m[0;30;47m [0m[0;30;47m [0m[0;30;47m [0m[0;30;47m [0m[0;30;47m [0m[0;30;47m [0m[0;30;47m [0m[0;30;47m [0m[0;30;47m [0m[0;30;47m [0m[0;30;47m [0m[0;30;47m [0m[0;30;47m [0m[0;30;47m [0m[0;30;47m [0m[0;30;47m [0m[0;30;47m [0m[0;30;47m [0m[0;30;47m [0m[0;30;47m|[0m[0;30;47m [0m[0;30;47m [0m[0;30;47m [0m[0;30;47m [0m[0;30;47m [0m[0;30;47m [0m[0;30;47m [0m[0;30;47m [0m[0;30;47m [0m[0;30;47m [0m[0;30;47m [0m[0;30;47m [0m[0;30;47m [0m[0;30;47m [0m[0;30;47m [0m[0;30;47m|[0m[0;30;47m [0m[0;30;47m [0m[0;30;47m [0m[0;30;47m [0m[0;30;47m [0m[0;30;47m [0m[0;30;47m [0m[0;30;47m [0m[0;30;47m [0m[0;30;47m [0m[0;30;47m [0m[0;30;47m [0m[0;30;47m [0m[0;30;47m [0m[0;30;47m [0m[0;30;47m [0m[0;30;47m [0m[0;30;47m [0m[0;30;47m [0m[0;30;47m [0m[0;30;47m [0m[0;30;47m [0m[0;30;47m [0m[0;30;47m [0m[0;34;42m~[0m[0;30;47m [0m[0;30;47m [0m[0;30;47m [0m[0;30;47m [0m[0;30;47m [0m[0;30;47m [0m[0;30;47m [0m[0;30;47m [0m[0;30;47m [0m[0;30;47m [0m[0;30;47m [0m[0;30;47m [0m[0;30;47m [0m[0;30;47m [0m[0;30;47m [0m[0;30;47m [0m[0;30;47m [0m[0;30;47m [0m[0;30;47m [0m[0;30;47m [0m[0;30;47m [0m[0;30;47m [0m[0;30;47m [0m[0;30;47m [0m[0;30;47m [0m[0;30;47m [0m[0;30;47m [0m[0;30;47m [0m[0;30;47m [0m[0;30;47m [0m[0;30;47m [0m[0;30;47m [0m[0;30;47m [0m[0;30;47m [0m[0;30;47m [0m[0;30;47m [0m[0;30;47m [0m[0;30;47m [0m[0;30;47m [0m[0;30;47m [0m[0;30;47m [0m[0;30;47m [0m[0;30;47m [0m[0;30;47m [0m[0;30;47m [0m[0;34;42m~[0m
[0;34;42m~[0m[0;30;47m [0m[0;30;47m [0m[0;30;47m [0m[0;30;47m [0m[0;30;47m [0m[0;30;47m [0m[0;30;47m [0m[0;30;47m [0m[0;30;47m [0m[0;30;47m [0m[0;30;47m [0m[0;30;47m [0m[0;30;47m [0m[0;30;47m [0m[0;30;47m [0m[0;30;47m [0m[0;30;47m [0m[0;30;47m [0m[0;30;47m [0m[0;30;47m [0m[0;30;47m [0m[0;30;47m|[0m[0;30;47m [0m[0;30;47m [0m[0;30;47m [0m[0;30;47m [0m[0;30;47m [0m[0;30;47m?[0m[0;30;47m?[0m[0;30;47m?[0m[0;30;47m [0m[0;30;47m [0m[0;30;47m [0m[0;30;47m [0m[0;30;47m [0m[0;30;47m [0m[0;30;47m [0m[0;30;47m|[0m[0;30;47m [0m[0;30;47m [0m[0;30;47m [0m[0;30;47m [0m[0;30;47m [0m[0;30;47m [0m[0;30;47m [0m[0;30;47m [0m[0;30;47m [0m[0;30;47m [0m[0;30;47m [0m[0;30;47m [0m[0;30;47m [0m[0;30;47m [0m[0;30;47m [0m[0;30;47m [0m[0;30;47m [0m[0;30;47m [0m[0;30;47m [0m[0;30;47m [0m[0;30;47m [0m[0;30;47m [0m[0;30;47m [0m[0;30;47m [0m[0;34;42m~[0m[0;30;47m [0m[0;30;47m [0m[0;30;47m [0m[0;30;47m [0m[0;30;47m [0m[0;30;47m [0m[0;30;47m [0m[0;30;47m [0m[0;30;47m [0m[0;30;47m [0m[0;30;47m [0m[0;30;47m [0m[0;30;47m [0m[0;30;47m [0m[0;30;47m [0m[0;30;47m [0m[0;30;47m [0m[0;30;47m [0m[0;30;47m [0m[0;30;47m [0m[0;30;47m [0m[0;30;47m [0m[0;30;47m [0m[0;30;47m [0m[0;30;47m [0m[0;30;47m [0m[0;30;47m [0m[0;30;47m [0m[0;30;47m [0m[0;30;47m [0m[0;30;47m [0m[0;30;47m [0m[0;30;47m [0m[0;30;47m [0m[0;30;47m [0m[0;30;47m [0m[0;30;47m [0m[0;30;47m [0m[0;30;47m [0m[0;30;47m [0m[0;30;47m [0m[0;30;47m [0m[0;30;47m [0m[0;30;47m [0m[0;30;47m [0m[0;34;42m~[0m
[0;34;42m~[0m[0;30;47m [0m[0;30;47m [0m[0;30;47m [0m[0;30;47m [0m[0;30;47m [0m[0;30;47m [0m[0;30;47m [0m[0;30;47m [0m[0;30;47m [0m[0;30;47m [0m[0;30;47m [0m[0;30;47m [0m[0;30;47m [0m[0;30;47m [0m[0;30;47m [0m[0;30;47m [0m[0;30;47m [0m[0;30;47m [0m[0;30;47m [0m[0;30;47m [0m[0;30;47m [0m[0;30;47m|[0m[0;30;47m [0m[0;30;47m [0m[0;30;47m [0m[0;30;47m [0m[0;30;47m [0m[0;30;47m [0m[0;30;47m [0m[0;30;47m [0m[0;30;47m [0m[0;30;47m [0m[0;30;47m [0m[0;30;47m [0m[0;30;47m [0m[0;30;47m [0m[0;30;47m [0m[0;30;47m|[0m[0;30;47m [0m[0;30;47m [0m[0;30;47m [0m[0;30;47m [0m[0;30;47m [0m[0;30;47m [0m[0;30;47m [0m[0;30;47m [0m[0;30;47m [0m[0;30;47m [0m[0;30;47m [0m[0;30;47m [0m[0;30;47m [0m[0;30;47m [0m[0;30;47m [0m[0;30;47m [0m[0;30;47m [0m[0;30;47m [0m[0;30;47m [0m[0;30;47m [0m[0;30;47m [0m[0;30;47m [0m[0;30;47m [0m[0;30;47m [0m[0;34;42m~[0m[0;30;47m [0m[0;30;47m [0m[0;30;47m [0m[0;30;47m [0m[0;30;47m [0m[0;30;47m [0m[0;30;47m [0m[0;30;47m [0m[0;30;47m [0m[0;30;47m [0m[0;30;47m [0m[0;30;47m [0m[0;30;47m [0m[0;30;47m [0m[0;30;47m [0m[0;30;47m [0m[0;30;47m [0m[0;30;47m [0m[0;30;47m [0m[0;30;47m [0m[0;30;47m [0m[0;30;47m [0m[0;30;47m [0m[0;30;47m [0m[0;30;47m [0m[0;30;47m [0m[0;30;47m [0m[0;30;47m [0m[0;30;47m [0m[0;30;47m [0m[0;30;47m [0m[0;30;47m [0m[0;30;47m [0m[0;30;47m [0m[0;30;47m [0m[0;30;47m [0m[0;30;47m [0m[0;30;47m [0m[0;30;47m [0m[0;30;47m [0m[0;30;47m [0m[0;30;47m [0m[0;30;47m [0m[0;30;47m [0m[0;30;47m [0m[0;34;42m~[0m
[0;34;42m~[0m[0;30;47m [0m[0;30;47m [0m[0;30;47m [0m[0;30;47m [0m[0;30;47m [0m[0;30;47m [0m[0;30;47m [0m[0;30;47m [0m[0;30;47m [0m[0;30;47m [0m[0;30;47m [0m[0;30;47m [0m[0;30;47m [0m[0;30;47m [0m[0;30;47m [0m[0;30;47m [0m[0;30;47m [0m[0;30;47m [0m[0;30;47m [0m[0;30;47m [0m[0;30;47m [0m[0;30;47m|[0m[0;30;47m [0m[0;30;47m [0m[0;30;47m [0m[0;30;47m [0m[0;30;47m [0m[0;30;47m [0m[0;30;47m [0m[0;30;47m [0m[0;30;47m [0m[0;30;47m [0m[0;30;47m [0m[0;30;47m [0m[0;30;47m [0m[0;30;47m [0m[0;30;47m [0m[0;30;47m|[0m[0;30;47m [0m[0;30;47m [0m[0;30;47m [0m[0;30;47m [0m[0;30;47m [0m[0;30;47m [0m[0;30;47m [0m[0;30;47m [0m[0;30;47m [0m[0;30;47m [0m[0;30;47m [0m[0;30;47m [0m[0;30;47m [0m[0;30;47m [0m[0;30;47m [0m[0;30;47m [0m[0;30;47m [0m[0;30;47m [0m[0;30;47m [0m[0;30;47m [0m[0;30;47m [0m[0;30;47m [0m[0;30;47m [0m[0;30;47m [0m[0;34;42m~[0m[0;30;47m [0m[0;30;47m [0m[0;30;47m [0m[0;30;47m [0m[0;30;47m [0m[0;30;47m [0m[0;30;47m [0m[0;30;47m [0m[0;30;47m [0m[0;30;47m [0m[0;30;47m [0m[0;30;47m [0m[0;30;47m [0m[0;30;47m [0m[0;30;47m [0m[0;30;47m [0m[0;30;47m [0m[0;30;47m [0m[0;30;47m [0m[0;30;47m [0m[0;30;47m [0m[0;30;47m [0m[0;30;47m [0m[0;30;47m [0m[0;30;47m [0m[0;30;47m [0m[0;30;47m [0m[0;30;47m [0m[0;30;47m [0m[0;30;47m [0m[0;30;47m [0m[0;30;47m [0m[0;30;47m [0m[0;30;47m [0m[0;30;47m [0m[0;30;47m [0m[0;30;47m [0m[0;30;47m [0m[0;30;47m [0m[0;30;47m [0m[0;30;47m [0m[0;30;47m [0m[0;30;47m [0m[0;30;47m [0m[0;30;47m [0m[0;34;42m~[0m
[0;34;42m~[0m[0;30;47m [0m[0;30;47m [0m[0;30;47m [0m[0;30;47m [0m[0;30;47m [0m[0;30;47m [0m[0;30;47m [0m[0;30;47m [0m[0;30;47m [0m[0;30;47m [0m[0;30;47m [0m[0;30;47m [0m[0;30;47m [0m[0;30;47m [0m[0;30;47m [0m[0;30;47m [0m[0;30;47m [0m[0;30;47m [0m[0;30;47m [0m[0;30;47m [0m[0;30;47m [0m[0;30;47m|[0m[0;30;47m [0m[0;30;47m [0m[0;30;47m [0m[0;30;47m [0m[0;30;47m [0m[0;30;47m [0m[0;30;47m [0m[0;30;47m [0m[0;30;47m [0m[0;30;47m [0m[0;30;47m [0m[0;30;47m [0m[0;30;47m [0m[0;30;47m [0m[0;30;47m [0m[0;30;47m|[0m[0;30;47m [0m[0;30;47m [0m[0;30;47m [0m[0;30;47m [0m[0;30;47m [0m[0;30;47m [0m[0;30;47m [0m[0;30;47m [0m[0;30;47m [0m[0;30;47m [0m[0;30;47m [0m[0;30;47m [0m[0;30;47m [0m[0;30;47m [0m[0;30;47m [0m[0;30;47m [0m[0;30;47m [0m[0;30;47m [0m[0;30;47m [0m[0;30;47m [0m[0;30;47m [0m[0;30;47m [0m[0;30;47m [0m[0;30;47m [0m[0;34;42m~[0m[0;30;47m [0m[0;30;47m [0m[0;30;47m [0m[0;30;47m [0m[0;30;47m [0m[0;30;47m [0m[0;30;47m [0m[0;30;47m [0m[0;30;47m [0m[0;30;47m [0m[0;30;47m [0m[0;30;47m [0m[0;30;47m [0m[0;30;47m [0m[0;30;47m [0m[0;30;47m [0m[0;30;47m [0m[0;30;47m [0m[0;30;47m [0m[0;30;47m [0m[0;30;47m [0m[0;30;47m [0m[0;30;47m [0m[0;30;47m [0m[0;30;47m [0m[0;30;47m [0m[0;30;47m [0m[0;30;47m [0m[0;30;47m [0m[0;30;47m [0m[0;30;47m [0m[0;30;47m [0m[0;30;47m [0m[0;30;47m [0m[0;30;47m [0m[0;30;47m [0m[0;30;47m [0m[0;30;47m [0m[0;30;47m [0m[0;30;47m [0m[0;30;47m [0m[0;30;47m [0m[0;30;47m [0m[0;30;47m [0m[0;30;47m [0m[0;34;42m~[0m
[0;34;42m~[0m[0;30;47m [0m[0;30;47m [0m[0;30;47m [0m[0;30;47m [0m[0;30;47m [0m[0;30;47m [0m[0;30;47m [0m[0;30;47m [0m[0;30;47m [0m[0;30;47m [0m[0;30;47m [0m[0;30;47m [0m[0;30;47m [0m[0;30;47m [0m[0;30;47m [0m[0;30;47m [0m[0;30;47m [0m[0;30;47m [0m[0;30;47m [0m[0;30;47m [0m[0;30;47m [0m[0;30;47m+[0m[0;30;47m-[0m[0;30;47m-[0m[0;30;47m-[0m[0;30;47m-[0m[0;30;47m-[0m[0;30;47m-[0m[0;30;47m-[0m[0;30;47m-[0m[0;30;47m-[0m[0;30;47m-[0m[0;30;47m-[0m[0;30;47m-[0m[0;30;47m-[0m[0;30;47m-[0m[0;30;47m-[0m[0;30;47m+[0m[0;30;47m [0m[0;30;47m [0m[0;30;47m [0m[0;30;47m [0m[0;30;47m [0m[0;30;47m [0m[0;30;47m [0m[0;30;47m [0m[0;30;47m [0m[0;30;47m [0m[0;30;47m [0m[0;30;47m [0m[0;30;47m [0m[0;30;47m [0m[0;30;47m [0m[0;30;47m [0m[0;30;47m [0m[0;30;47m [0m[0;30;47m [0m[0;30;47m [0m[0;30;47m [0m[0;30;47m [0m[0;30;47m [0m[0;30;47m [0m[0;34;42m~[0m[0;30;47m [0m[0;30;47m [0m[0;30;47m [0m[0;30;47m [0m[0;30;47m [0m[0;30;47m [0m[0;30;47m [0m[0;30;47m [0m[0;30;47m [0m[0;30;47m [0m[0;30;47m [0m[0;30;47m [0m[0;30;47m [0m[0;30;47m [0m[0;30;47m [0m[0;30;47m [0m[0;30;47m [0m[0;30;47m [0m[0;30;47m [0m[0;30;47m [0m[0;30;47m [0m[0;30;47m [0m[0;30;47m [0m[0;30;47m [0m[0;30;47m [0m[0;30;47m [0m[0;30;47m [0m[0;30;47m [0m[0;30;47m [0m[0;30;47m [0m[0;30;47m [0m[0;30;47m [0m[0;30;47m [0m[0;30;47m [0m[0;30;47m [0m[0;30;47m [0m[0;30;47m [0m[0;30;47m [0m[0;30;47m [0m[0;30;47m [0m[0;30;47m [0m[0;30;47m [0m[0;30;47m [0m[0;30;47m [0m[0;30;47m [0m[0;34;42m~[0m
[0;34;42m~[0m[0;30;47m [0m[0;30;47m [0m[0;30;47m [0m[0;30;47m [0m[0;30;47m [0m[0;30;47m [0m[0;30;47m [0m[0;30;47m [0m[0;30;47m [0m[0;30;47m [0m[0;30;47m [0m[0;30;47m [0m[0;30;47m [0m[0;30;47m [0m[0;30;47m [0m[0;30;47m [0m[0;30;47m [0m[0;30;47m [0m[0;30;47m [0m[0;30;47m [0m[0;30;47m [0m[0;30;47m [0m[0;30;47m [0m[0;30;47m [0m[0;30;47m [0m[0;30;47m [0m[0;30;47m [0m[0;30;47m [0m[0;30;47m [0m[0;30;47m [0m[0;30;47m [0m[0;30;47m [0m[0;30;47m [0m[0;30;47m [0m[0;30;47m [0m[0;30;47m [0m[0;30;47m [0m[0;30;47m [0m[0;30;47m [0m[0;30;47m [0m[0;30;47m [0m[0;30;47m [0m[0;30;47m [0m[0;30;47m [0m[0;30;47m [0m[0;30;47m [0m[0;30;47m [0m[0;30;47m [0m[0;30;47m [0m[0;30;47m [0m[0;30;47m [0m[0;30;47m [0m[0;30;47m [0m[0;30;47m [0m[0;30;47m [0m[0;30;47m [0m[0;30;47m [0m[0;30;47m [0m[0;30;47m [0m[0;30;47m [0m[0;30;47m [0m[0;30;47m [0m[0;34;42m~[0m[0;30;47m [0m[0;30;47m [0m[0;30;47m [0m[0;30;47m [0m[0;30;47m [0m[0;30;47m [0m[0;30;47m [0m[0;30;47m [0m[0;30;47m [0m[0;30;47m [0m[0;30;47m [0m[0;30;47m [0m[0;30;47m [0m[0;30;47m [0m[0;30;47m [0m[0;30;47m [0m[0;30;47m [0m[0;30;47m [0m[0;30;47m [0m[0;30;47m [0m[0;30;47m [0m[0;30;47m [0m[0;30;47m [0m[0;30;47m [0m[0;30;47m [0m[0;30;47m [0m[0;30;47m [0m[0;30;47m [0m[0;30;47m [0m[0;30;47m [0m[0;30;47m [0m[0;30;47m [0m[0;30;47m [0m[0;30;47m [0m[0;30;47m [0m[0;30;47m [0m[0;30;47m [0m[0;30;47m [0m[0;30;47m [0m[0;30;47m [0m[0;30;47m [0m[0;30;47m [0m[0;30;47m [0m[0;30;47m [0m[0;30;47m [0m[0;34;42m~[0m
[0;34;42m~[0m[0;30;47m [0m[0;30;47m [0m[0;30;47m [0m[0;30;47m [0m[0;30;47m [0m[0;30;47m [0m[0;30;47m [0m[0;30;47m [0m[0;30;47m [0m[0;30;47m [0m[0;30;47m [0m[0;30;47m [0m[0;30;47m [0m[0;30;47m [0m[0;30;47m [0m[0;30;47m [0m[0;30;47m [0m[0;30;47m [0m[0;30;47m [0m[0;30;47m [0m[0;30;47m [0m[0;30;47m [0m[0;30;47m [0m[0;30;47m [0m[0;30;47m [0m[0;30;47m [0m[0;30;47m [0m[0;30;47m [0m[0;30;47m [0m[0;30;47m [0m[0;30;47m [0m[0;30;47m [0m[0;30;47m [0m[0;30;47m [0m[0;30;47m [0m[0;30;47m [0m[0;30;47m [0m[0;30;47m [0m[0;30;47m [0m[0;30;47m [0m[0;30;47m [0m[0;30;47m [0m[0;30;47m [0m[0;30;47m [0m[0;30;47m [0m[0;30;47m [0m[0;30;47m [0m[0;30;47m [0m[0;30;47m [0m[0;30;47m [0m[0;30;47m [0m[0;30;47m [0m[0;30;47m [0m[0;30;47m [0m[0;30;47m [0m[0;30;47m [0m[0;30;47m [0m[0;30;47m [0m[0;30;47m [0m[0;30;47m [0m[0;30;47m [0m[0;30;47m [0m[0;34;42m~[0m[0;30;47m [0m[0;30;47m [0m[0;30;47m [0m[0;30;47m [0m[0;30;47m [0m[0;30;47m [0m[0;30;47m [0m[0;30;47m [0m[0;30;47m [0m[0;30;47m [0m[0;30;47m [0m[0;30;47m [0m[0;30;47m [0m[0;30;47m [0m[0;30;47m [0m[0;30;47m [0m[0;30;47m [0m[0;30;47m [0m[0;30;47m [0m[0;30;47m [0m[0;30;47m [0m[0;30;47m [0m[0;30;47m [0m[0;30;47m [0m[0;30;47m [0m[0;30;47m [0m[0;30;47m [0m[0;30;47m [0m[0;30;47m [0m[0;30;47m [0m[0;30;47m [0m[0;30;47m [0m[0;30;47m [0m[0;30;47m [0m[0;30;47m [0m[0;30;47m [0m[0;30;47m [0m[0;30;47m [0m[0;30;47m [0m[0;30;47m [0m[0;30;47m [0m[0;30;47m [0m[0;30;47m [0m[0;30;47m [0m[0;30;47m [0m[0;34;42m~[0m
[0;34;42m~[0m[0;30;47m [0m[0;30;47m [0m[0;30;47m [0m[0;30;47m [0m[0;30;47m [0m[0;30;47m [0m[0;30;47m [0m[0;30;47m [0m[0;30;47m [0m[0;30;47m [0m[0;30;47m [0m[0;30;47m [0m[0;30;47m [0m[0;30;47m [0m[0;30;47m [0m[0;30;47m [0m[0;30;47m [0m[0;30;47m [0m[0;30;47m [0m[0;30;47m [0m[0;30;47m [0m[0;30;47m [0m[0;30;47m [0m[0;30;47m [0m[0;30;47m [0m[0;30;47m [0m[0;30;47m [0m[0;30;47m [0m[0;30;47m [0m[0;30;47m [0m[0;30;47m [0m[0;30;47m [0m[0;30;47m [0m[0;30;47m [0m[0;30;47m [0m[0;30;47m [0m[0;30;47m [0m[0;30;47m [0m[0;30;47m [0m[0;30;47m [0m[0;30;47m [0m[0;30;47m [0m[0;30;47m [0m[0;30;47m [0m[0;30;47m [0m[0;30;47m [0m[0;30;47m [0m[0;30;47m [0m[0;30;47m [0m[0;30;47m [0m[0;30;47m [0m[0;30;47m [0m[0;30;47m [0m[0;30;47m [0m[0;30;47m [0m[0;30;47m [0m[0;30;47m [0m[0;30;47m [0m[0;30;47m [0m[0;30;47m [0m[0;30;47m [0m[0;30;47m [0m[0;34;42m~[0m[0;30;47m [0m[0;30;47m [0m[0;30;47m [0m[0;30;47m [0m[0;30;47m [0m[0;30;47m [0m[0;30;47m [0m[0;30;47m [0m[0;30;47m [0m[0;30;47m [0m[0;30;47m [0m[0;30;47m [0m[0;30;47m [0m[0;30;47m [0m[0;30;47m [0m[0;30;47m [0m[0;30;47m [0m[0;30;47m [0m[0;30;47m [0m[0;30;47m [0m[0;30;47m [0m[0;30;47m [0m[0;30;47m [0m[0;30;47m [0m[0;30;47m [0m[0;30;47m [0m[0;30;47m [0m[0;30;47m [0m[0;30;47m [0m[0;30;47m [0m[0;30;47m [0m[0;30;47m [0m[0;30;47m [0m[0;30;47m [0m[0;30;47m [0m[0;30;47m [0m[0;30;47m [0m[0;30;47m [0m[0;30;47m [0m[0;30;47m [0m[0;30;47m [0m[0;30;47m [0m[0;30;47m [0m[0;30;47m [0m[0;30;47m [0m[0;34;42m~[0m
[0;34;42m~[0m[0;30;47m [0m[0;30;47m [0m[0;30;47m [0m[0;30;47m [0m[0;30;47m [0m[0;30;47m [0m[0;30;47m [0m[0;30;47m [0m[0;30;47m [0m[0;30;47m [0m[0;30;47m [0m[0;30;47m [0m[0;30;47m [0m[0;30;47m [0m[0;30;47m [0m[0;30;47m [0m[0;30;47m [0m[0;30;47m [0m[0;30;47m [0m[0;30;47m [0m[0;30;47m [0m[0;30;47m [0m[0;30;47m [0m[0;30;47m [0m[0;30;47m [0m[0;30;47m [0m[0;30;47m [0m[0;30;47m [0m[0;30;47m [0m[0;30;47m [0m[0;30;47m [0m[0;30;47m [0m[0;30;47m [0m[0;30;47m [0m[0;30;47m [0m[0;30;47m [0m[0;30;47m [0m[0;30;47m [0m[0;30;47m [0m[0;30;47m [0m[0;30;47m [0m[0;30;47m [0m[0;30;47m [0m[0;30;47m [0m[0;30;47m [0m[0;30;47m [0m[0;30;47m [0m[0;30;47m [0m[0;30;47m [0m[0;30;47m [0m[0;30;47m [0m[0;30;47m [0m[0;30;47m [0m[0;30;47m [0m[0;30;47m [0m[0;30;47m [0m[0;30;47m [0m[0;30;47m [0m[0;30;47m [0m[0;30;47m [0m[0;30;47m [0m[0;30;47m [0m[0;34;42m~[0m[0;30;47m [0m[0;30;47m [0m[0;30;47m [0m[0;30;47m [0m[0;30;47m [0m[0;30;47m [0m[0;30;47m [0m[0;30;47m [0m[0;30;47m [0m[0;30;47m [0m[0;30;47m [0m[0;30;47m [0m[0;30;47m [0m[0;30;47m [0m[0;30;47m [0m[0;30;47m [0m[0;30;47m [0m[0;30;47m [0m[0;30;47m [0m[0;30;47m [0m[0;30;47m [0m[0;30;47m [0m[0;30;47m [0m[0;30;47m [0m[0;30;47m [0m[0;30;47m [0m[0;30;47m [0m[0;30;47m [0m[0;30;47m [0m[0;30;47m [0m[0;30;47m [0m[0;30;47m [0m[0;30;47m [0m[0;30;47m [0m[0;30;47m [0m[0;30;47m [0m[0;30;47m [0m[0;30;47m [0m[0;30;47m [0m[0;30;47m [0m[0;30;47m [0m[0;30;47m [0m[0;30;47m [0m[0;30;47m [0m[0;30;47m [0m[0;34;42m~[0m
[0;34;42m~[0m[0;30;47m [0m[0;30;47m [0m[0;30;47m [0m[0;30;47m [0m[0;30;47m [0m[0;30;47m [0m[0;30;47m [0m[0;30;47m [0m[0;30;47m [0m[0;30;47m [0m[0;30;47m [0m[0;30;47m [0m[0;30;47m [0m[0;30;47m [0m[0;30;47m [0m[0;30;47m [0m[0;30;47m [0m[0;30;47m [0m[0;30;47m [0m[0;30;47m [0m[0;30;47m [0m[0;30;47m [0m[0;30;47m [0m[0;30;47m [0m[0;30;47m [0m[0;30;47m [0m[0;30;47m [0m[0;30;47m [0m[0;30;47m [0m[0;30;47m [0m[0;30;47m [0m[0;30;47m [0m[0;30;47m [0m[0;30;47m [0m[0;30;47m [0m[0;30;47m [0m[0;30;47m [0m[0;30;47m [0m[0;30;47m [0m[0;30;47m [0m[0;30;47m [0m[0;30;47m [0m[0;30;47m [0m[0;30;47m [0m[0;30;47m [0m[0;30;47m [0m[0;30;47m [0m[0;30;47m [0m[0;30;47m [0m[0;30;47m [0m[0;30;47m [0m[0;30;47m [0m[0;30;47m [0m[0;30;47m [0m[0;30;47m [0m[0;30;47m [0m[0;30;47m [0m[0;30;47m [0m[0;30;47m [0m[0;30;47m [0m[0;30;47m [0m[0;30;47m [0m[0;34;42m~[0m[0;30;47m [0m[0;30;47m [0m[0;30;47m [0m[0;30;47m [0m[0;30;47m [0m[0;30;47m [0m[0;30;47m [0m[0;30;47m [0m[0;30;47m [0m[0;30;47m [0m[0;30;47m [0m[0;30;47m [0m[0;30;47m [0m[0;30;47m [0m[0;30;47m [0m[0;30;47m [0m[0;30;47m [0m[0;30;47m [0m[0;30;47m [0m[0;30;47m [0m[0;30;47m [0m[0;30;47m [0m[0;30;47m [0m[0;30;47m [0m[0;30;47m [0m[0;30;47m [0m[0;30;47m [0m[0;30;47m [0m[0;30;47m [0m[0;30;47m [0m[0;30;47m [0m[0;30;47m [0m[0;30;47m [0m[0;30;47m [0m[0;30;47m [0m[0;30;47m [0m[0;30;47m [0m[0;30;47m [0m[0;30;47m [0m[0;30;47m [0m[0;30;47m [0m[0;30;47m [0m[0;30;47m [0m[0;30;47m [0m[0;30;47m [0m[0;34;42m~[0m
[0;34;42m~[0m[0;34;42m~[0m[0;34;42m~[0m[0;34;42m~[0m[0;34;42m~[0m[0;34;42m~[0m[0;34;42m~[0m[0;34;42m~[0m[0;34;42m~[0m[0;34;42m~[0m[0;34;42m~[0m[0;34;42m~[0m[0;34;42m~[0m[0;34;42m~[0m[0;34;42m~[0m[0;34;42m~[0m[0;34;42m~[0m[0;34;42m~[0m[0;34;42m~[0m[0;34;42m~[0m[0;34;42m~[0m[0;34;42m~[0m[0;34;42m~[0m[0;34;42m~[0m[0;34;42m~[0m[0;34;42m~[0m[0;34;42m~[0m[0;34;42m~[0m[0;34;42m~[0m[0;34;42m~[0m[0;34;42m~[0m[0;34;42m~[0m[0;34;42m~[0m[0;34;42m~[0m[0;34;42m~[0m[0;34;42m~[0m[0;34;42m~[0m[0;34;42m~[0m[0;34;42m~[0m[0;34;42m~[0m[0;34;42m~[0m[0;34;42m~[0m[0;34;42m~[0m[0;34;42m~[0m[0;34;42m~[0m[0;34;42m~[0m[0;34;42m~[0m[0;34;42m~[0m[0;34;42m~[0m[0;34;42m~[0m[0;34;42m~[0m[0;34;42m~[0m[0;34;42m~[0m[0;34;42m~[0m[0;34;42m~[0m[0;34;42m~[0m[0;34;42m~[0m[0;34;42m~[0m[0;34;42m~[0m[0;34;42m~[0m[0;34;42m~[0m[0;34;42m~[0m[0;34;42m~[0m[0;34;42m~[0m[0;34;42m~[0m[0;34;42m~[0m[0;34;42m~[0m[0;34;42m~[0m[0;34;42m~[0m[0;34;42m~[0m[0;34;42m~[0m[0;34;42m~[0m[0;34;42m~[0m[0;34;42m~[0m[0;34;42m~[0m[0;34;42m~[0m[0;34;42m~[0m[0;34;42m~[0m[0;34;42m~[0m[0;34;42m~[0m[0;34;42m~[0m[0;34;42m~[0m[0;34;42m~[0m[0;34;42m~[0m[0;34;42m~[0m[0;34;42m~[0m[0;34;42m~[0m[0;34;42m~[0m[0;34;42m~[0m[0;34;42m~[0m[0;34;42m~[0m[0;34;42m~[0m[0;34;42m~[0m[0;34;42m~[0m[0;34;42m~[0m[0;34;42m~[0m[0;34;42m~[0m[0;34;42m~[0m[0;34;42m~[0m[0;34;42m~[0m[0;34;42m~[0m[0;34;42m~[0m[0;34;42m~[0m[0;34;42m~[0m[0;34;42m~[0m[0;34;42m~[0m[0;34;42m~[0m[0;34;42m~[0m[0;34;42m~[0m[0;34;42m~[0m
[0;34;42m~[0m[0;30;47m [0m[0;30;47m [0m[0;30;47m [0m[0;30;47m [0m[0;30;47m [0m[0;30;47m [0m[0;30;47m [0m[0;30;47m [0m[0;30;47m [0m[0;30;47m [0m[0;30;47m [0m[0;30;47m [0m[0;30;47m [0m[0;30;47m [0m[0;30;47m [0m[0;30;47m [0m[0;30;47m [0m[0;30;47m [0m[0;30;47m [0m[0;30;47m [0m[0;30;47m [0m[0;30;47m [0m[0;30;47m [0m[0;30;47m [0m[0;30;47m [0m[0;30;47m [0m[0;30;47m [0m[0;30;47m [0m[0;30;47m [0m[0;30;47m [0m[0;30;47m [0m[0;30;47m [0m[0;30;47m [0m[0;30;47m [0m[0;30;47m [0m[0;30;47m [0m[0;30;47m [0m[0;30;47m [0m[0;30;47m [0m[0;30;47m [0m[0;30;47m [0m[0;30;47m [0m[0;30;47m [0m[0;30;47m [0m[0;30;47m [0m[0;30;47mT[0m[0;30;47mH[0m[0;30;47mE[0m[0;30;47m [0m[0;30;47mH[0m[0;30;47mA[0m[0;30;47mU[0m[0;30;47mN[0m[0;30;47mT[0m[0;30;47mE[0m[0;30;47mD[0m[0;30;47m [0m[0;30;47mC[0m[0;30;47mA[0m[0;30;47mS[0m[0;30;47mT[0m[0;30;47mL[0m[0;30;47mE[0m[0;30;47m [0m[0;30;47m [0m[0;30;47m [0m[0;30;47m [0m[0;30;47m [0m[0;30;47m [0m[0;30;47m [0m[0;30;47m [0m[0;30;47m [0m[0;30;47m [0m[0;30;47m [0m[0;30;47m [0m[0;30;47m [0m[0;30;47m [0m[0;30;47m [0m[0;30;47m [0m[0;30;47m [0m[0;30;47m [0m[0;30;47m [0m[0;30;47m [0m[0;30;47m [0m[0;30;47m [0m[0;30;47m [0m[0;30;47m [0m[0;30;47m [0m[0;30;47m [0m[0;30;47m [0m[0;30;47m [0m[0;30;47m [0m[0;30;47m [0m[0;30;47m [0m[0;30;47m [0m[0;30;47m [0m[0;30;47m [0m[0;30;47m [0m[0;30;47m [0m[0;30;47m [0m[0;30;47m [0m[0;30;47m [0m[0;30;47m [0m[0;30;47m [0m[0;30;47m [0m[0;30;47m [0m[0;30;47m [0m[0;30;47m [0m[0;34;42m~[0m
[0;34;42m~[0m[0;34;42m~[0m[0;34;42m~[0m[0;34;42m~[0m[0;34;42m~[0m[0;34;42m~[0m[0;34;42m~[0m[0;34;42m~[0m[0;34;42m~[0m[0;34;42m~[0m[0;34;42m~[0m[0;34;42m~[0m[0;34;42m~[0m[0;34;42m~[0m[0;34;42m~[0m[0;34;42m~[0m[0;34;42m~[0m[0;34;42m~[0m[0;34;42m~[0m[0;34;42m~[0m[0;34;42m~[0m[0;34;42m~[0m[0;34;42m~[0m[0;34;42m~[0m[0;34;42m~[0m[0;34;42m~[0m[0;34;42m~[0m[0;34;42m~[0m[0;34;42m~[0m[0;34;42m~[0m[0;34;42m~[0m[0;34;42m~[0m[0;34;42m~[0m[0;34;42m~[0m[0;34;42m~[0m[0;34;42m~[0m[0;34;42m~[0m[0;34;42m~[0m[0;34;42m~[0m[0;34;42m~[0m[0;34;42m~[0m[0;34;42m~[0m[0;34;42m~[0m[0;34;42m~[0m[0;34;42m~[0m[0;34;42m~[0m[0;34;42m~[0m[0;34;42m~[0m[0;34;42m~[0m[0;34;42m~[0m[0;34;42m~[0m[0;34;42m~[0m[0;34;42m~[0m[0;34;42m~[0m[0;34;42m~[0m[0;34;42m~[0m[0;34;42m~[0m[0;34;42m~[0m[0;34;42m~[0m[0;34;42m~[0m[0;34;42m~[0m[0;34;42m~[0m[0;34;42m~[0m[0;34;42m~[0m[0;34;42m~[0m[0;34;42m~[0m[0;34;42m~[0m[0;34;42m~[0m[0;34;42m~[0m[0;34;42m~[0m[0;34;42m~[0m[0;34;42m~[0m[0;34;42m~[0m[0;34;42m~[0m[0;34;42m~[0m[0;34;42m~[0m[0;34;42m~[0m[0;34;42m~[0m[0;34;42m~[0m[0;34;42m~[0m[0;34;42m~[0m[0;34;42m~[0m[0;34;42m~[0m[0;34;42m~[0m[0;34;42m~[0m[0;34;42m~[0m[0;34;42m~[0m[0;34;42m~[0m[0;34;42m~[0m[0;34;42m~[0m[0;34;42m~[0m[0;34;42m~[0m[0;34;42m~[0m[0;34;42m~[0m[0;34;42m~[0m[0;34;42m~[0m[0;34;42m~[0m[0;34;42m~[0m[0;34;42m~[0m[0;34;42m~[0m[0;34;42m~[0m[0;34;42m~[0m[0;34;42m~[0m[0;34;42m~[0m[0;34;42m~[0m[0;34;42m~[0m[0;34;42m~[0m[0;34;42m~[0m[0;34;42m~[0m[0;34;42m~[0m
[0;34;42m~[0m[0;30;47m [0m[0;30;47m [0m[0;30;47mC[0m[0;30;47mo[0m[0;30;47mm[0m[0;30;47mm[0m[0;30;47ma[0m[0;30;47mn[0m[0;30;47md[0m[0;30;47ms[0m[0;30;47m:[0m[0;30;47m [0m[0;30;47mm[0m[0;30;47mo[0m[0;30;47mv[0m[0;30;47me[0m[0;30;47m([0m[0;30;47mm[0m[0;30;47m)[0m[0;30;47m [0m[0;30;47m[[0m[0;30;47md[0m[0;30;47mi[0m[0;30;47mr[0m[0;30;47m][0m[0;30;47m [0m[0;30;47m|[0m[0;30;47m [0m[0;30;47mt[0m[0;30;47ma[0m[0;30;47mk[0m[0;30;47me[0m[0;30;47m([0m[0;30;47mt[0m[0;30;47m)[0m[0;30;47m [0m[0;30;47m[[0m[0;30;47mo[0m[0;30;47mb[0m[0;30;47mj[0m[0;30;47m][0m[0;30;47m [0m[0;30;47m|[0m[0;30;47m [0m[0;30;47md[0m[0;30;47mr[0m[0;30;47mo[0m[0;30;47mp[0m[0;30;47m([0m[0;30;47md[0m[0;30;47m)[0m[0;30;47m [0m[0;30;47m[[0m[0;30;47mo[0m[0;30;47mb[0m[0;30;47mj[0m[0;30;47m][0m[0;30;47m [0m[0;30;47m|[0m[0;30;47m [0m[0;30;47ma[0m[0;30;47mt[0m[0;30;47mt[0m[0;30;47ma[0m[0;30;47mc[0m[0;30;47mk[0m[0;30;47m([0m[0;30;47ma[0m[0;30;47m)[0m[0;30;47m [0m[0;30;47m|[0m[0;30;47m [0m[0;30;47mc[0m[0;30;47mh[0m[0;30;47ma[0m[0;30;47mt[0m[0;30;47m([0m[0;30;47mc[0m[0;30;47m)[0m[0;30;47m [0m[0;30;47m|[0m[0;30;47m [0m[0;30;47mr[0m[0;30;47me[0m[0;30;47mc[0m[0;30;47mr[0m[0;30;47mu[0m[0;30;47mi[0m[0;30;47mt[0m[0;30;47m([0m[0;30;47mr[0m[0;30;47m)[0m[0;30;47m [0m[0;30;47m[[0m[0;30;47mc[0m[0;30;47mh[0m[0;30;47ma[0m[0;30;47mr[0m[0;30;47m][0m[0;30;47m [0m[0;30;47m [0m[0;30;47m [0m[0;30;47m [0m[0;30;47m [0m[0;30;47m [0m[0;30;47m [0m[0;30;47m [0m[0;30;47m [0m[0;34;42m~[0m
[0;34;42m~[0m[0;30;47m [0m[0;30;47m [0m[0;30;47mi[0m[0;30;47mn[0m[0;30;47ms[0m[0;30;47mp[0m[0;30;47me[0m[0;30;47mc[0m[0;30;47mt[0m[0;30;47m([0m[0;30;47mi[0m[0;30;47m)[0m[0;30;47m [0m[0;30;47m[[0m[0;30;47mo[0m[0;30;47mb[0m[0;30;47mj[0m[0;30;47m][0m[0;30;47m [0m[0;30;47m|[0m[0;30;47m [0m[0;30;47mu[0m[0;30;47ms[0m[0;30;47me[0m[0;30;47m([0m[0;30;47mu[0m[0;30;47m)[0m[0;30;47m [0m[0;30;47m[[0m[0;30;47mo[0m[0;30;47mb[0m[0;30;47mj[0m[0;30;47m][0m[0;30;47m [0m[0;30;47m|[0m[0;30;47m [0m[0;30;47mo[0m[0;30;47mp[0m[0;30;47me[0m[0;30;47mn[0m[0;30;47m([0m[0;30;47mo[0m[0;30;47m)[0m[0;30;47m [0m[0;30;47m[[0m[0;30;47ml[0m[0;30;47mn[0m[0;30;47mk[0m[0;30;47m][0m[0;30;47m [0m[0;30;47mw[0m[0;30;47mi[0m[0;30;47mt[0m[0;30;47mh[0m[0;30;47m [0m[0;30;47m[[0m[0;30;47mo[0m[0;30;47mb[0m[0;30;47mj[0m[0;30;47m][0m[0;30;47m [0m[0;30;47m|[0m[0;30;47m [0m[0;30;47mt[0m[0;30;47mp[0m[0;30;47m [0m[0;30;47m[[0m[0;30;47mr[0m[0;30;47mo[0m[0;30;47mo[0m[0;30;47mm[0m[0;30;47m][0m[0;30;47m [0m[0;30;47m|[0m[0;30;47m [0m[0;30;47me[0m[0;30;47mx[0m[0;30;47mi[0m[0;30;47mt[0m[0;30;47m([0m[0;30;47me[0m[0;30;47m)[0m[0;30;47m [0m[0;30;47m|[0m[0;30;47m [0m[0;30;47ma[0m[0;30;47mb[0m[0;30;47ma[0m[0;30;47mn[0m[0;30;47md[0m[0;30;47mo[0m[0;30;47mn[0m[0;30;47m([0m[0;30;47mf[0m[0;30;47m)[0m[0;30;47m [0m[0;30;47m[[0m[0;30;47mc[0m[0;30;47mh[0m[0;30;47ma[0m[0;30;47mr[0m[0;30;47m][0m[0;30;47m [0m[0;30;47m [0m[0;30;47m [0m[0;30;47m [0m[0;30;47m [0m[0;30;47m [0m[0;34;42m~[0m
[0;34;42m~[0m[0;34;42m~[0m[0;34;42m~[0m[0;34;42m~[0m[0;34;42m~[0m[0;34;42m~[0m[0;34;42m~[0m[0;34;42m~[0m[0;34;42m~[0m[0;34;42m~[0m[0;34;42m~[0m[0;34;42m~[0m[0;34;42m~[0m[0;34;42m~[0m[0;34;42m~[0m[0;34;42m~[0m[0;34;42m~[0m[0;34;42m~[0m[0;34;42m~[0m[0;34;42m~[0m[0;34;42m~[0m[0;34;42m~[0m[0;34;42m~[0m[0;34;42m~[0m[0;34;42m~[0m[0;34;42m~[0m[0;34;42m~[0m[0;34;42m~[0m[0;34;42m~[0m[0;34;42m~[0m[0;34;42m~[0m[0;34;42m~[0m[0;34;42m~[0m[0;34;42m~[0m[0;34;42m~[0m[0;34;42m~[0m[0;34;42m~[0m[0;34;42m~[0m[0;34;42m~[0m[0;34;42m~[0m[0;34;42m~[0m[0;34;42m~[0m[0;34;42m~[0m[0;34;42m~[0m[0;34;42m~[0m[0;34;42m~[0m[0;34;42m~[0m[0;34;42m~[0m[0;34;42m~[0m[0;34;42m~[0m[0;34;42m~[0m[0;34;42m~[0m[0;34;42m~[0m[0;34;42m~[0m[0;34;42m~[0m[0;34;42m~[0m[0;34;42m~[0m[0;34;42m~[0m[0;34;42m~[0m[0;34;42m~[0m[0;34;42m~[0m[0;34;42m~[0m[0;34;42m~[0m[0;34;42m~[0m[0;34;42m~[0m[0;34;42m~[0m[0;34;42m~[0m[0;34;42m~[0m[0;34;42m~[0m[0;34;42m~[0m[0;34;42m~[0m[0;34;42m~[0m[0;34;42m~[0m[0;34;42m~[0m[0;34;42m~[0m[0;34;42m~[0m[0;34;42m~[0m[0;34;42m~[0m[0;34;42m~[0m[0;34;42m~[0m[0;34;42m~[0m[0;34;42m~[0m[0;34;42m~[0m[0;34;42m~[0m[0;34;42m~[0m[0;34;42m~[0m[0;34;42m~[0m[0;34;42m~[0m[0;34;42m~[0m[0;34;42m~[0m[0;34;42m~[0m[0;34;42m~[0m[0;34;42m~[0m[0;34;42m~[0m[0;34;42m~[0m[0;34;42m~[0m[0;34;42m~[0m[0;34;42m~[0m[0;34;42m~[0m[0;34;42m~[0m[0;34;42m~[0m[0;34;42m~[0m[0;34;42m~[0m[0;34;42m~[0m[0;34;42m~[0m[0;34;42m~[0m[0;34;42m~[0m[0;34;42m~[0m[0;34;42m~[0m[0;34;42m~[0m
[0;34;42m~[0m[0;30;47m [0m[0;30;47m [0m[0;30;47m [0m[0;30;47m [0m[0;30;47m [0m[0;30;47m [0m[0;30;47m [0m[0;30;47m [0m[0;30;47m [0m[0;30;47m [0m[0;30;47m [0m[0;30;47m [0m[0;30;47m [0m[0;30;47m [0m[0;30;47m [0m[0;30;47m [0m[0;30;47m [0m[0;30;47m [0m[0;30;47m [0m[0;30;47m [0m[0;30;47m [0m[0;30;47m [0m[0;30;47m [0m[0;30;47m [0m[0;30;47m [0m[0;30;47m [0m[0;30;47m [0m[0;30;47m [0m[0;30;47m [0m[0;30;47m [0m[0;30;47m [0m[0;30;47m [0m[0;30;47m [0m[0;30;47m [0m[0;30;47m [0m[0;30;47m [0m[0;30;47m [0m[0;30;47m [0m[0;30;47m [0m[0;30;47m [0m[0;30;47m [0m[0;30;47m [0m[0;30;47m [0m[0;30;47m [0m[0;30;47m [0m[0;30;47m [0m[0;30;47m [0m[0;30;47m [0m[0;30;47m [0m[0;30;47m [0m[0;30;47m [0m[0;30;47m [0m[0;30;47m [0m[0;30;47m [0m[0;30;47m [0m[0;30;47m [0m[0;30;47m [0m[0;30;47m [0m[0;30;47m [0m[0;30;47m [0m[0;30;47m [0m[0;30;47m [0m[0;30;47m [0m[0;30;47m [0m[0;30;47m [0m[0;30;47m [0m[0;30;47m [0m[0;30;47m [0m[0;30;47m [0m[0;30;47m [0m[0;30;47m [0m[0;30;47m [0m[0;30;47m [0m[0;30;47m [0m[0;30;47m [0m[0;30;47m [0m[0;30;47m [0m[0;30;47m [0m[0;30;47m [0m[0;30;47m [0m[0;30;47m [0m[0;30;47m [0m[0;30;47m [0m[0;30;47m [0m[0;30;47m [0m[0;30;47m [0m[0;30;47m [0m[0;30;47m [0m[0;30;47m [0m[0;30;47m [0m[0;30;47m [0m[0;30;47m [0m[0;30;47m [0m[0;30;47m [0m[0;30;47m [0m[0;30;47m [0m[0;30;47m [0m[0;30;47m [0m[0;30;47m [0m[0;30;47m [0m[0;30;47m [0m[0;30;47m [0m[0;30;47m [0m[0;30;47m [0m[0;30;47m [0m[0;30;47m [0m[0;30;47m [0m[0;30;47m [0m[0;34;42m~[0m
[0;34;42m~[0m[0;30;47m [0m[0;30;47m [0m[0;30;47m [0m[0;30;47m [0m[0;30;47m [0m[0;30;47m [0m[0;30;47m [0m[0;30;47m [0m[0;30;47m [0m[0;30;47m [0m[0;30;47m [0m[0;30;47m [0m[0;30;47m [0m[0;30;47m [0m[0;30;47m [0m[0;30;47m [0m[0;30;47m [0m[0;30;47m [0m[0;30;47m [0m[0;30;47m [0m[0;30;47m [0m[0;30;47m [0m[0;30;47m [0m[0;30;47m [0m[0;30;47m [0m[0;30;47m [0m[0;30;47m [0m[0;30;47m [0m[0;30;47m [0m[0;30;47m [0m[0;30;47m [0m[0;30;47m [0m[0;30;47m [0m[0;30;47m [0m[0;30;47m [0m[0;30;47m [0m[0;30;47m [0m[0;30;47m [0m[0;30;47m [0m[0;30;47m [0m[0;30;47m [0m[0;30;47m [0m[0;30;47m [0m[0;30;47m [0m[0;30;47m [0m[0;30;47m [0m[0;30;47m [0m[0;30;47m [0m[0;30;47m [0m[0;30;47m [0m[0;30;47m [0m[0;30;47m [0m[0;30;47m [0m[0;30;47m [0m[0;30;47m [0m[0;30;47m [0m[0;30;47m [0m[0;30;47m [0m[0;30;47m [0m[0;30;47m [0m[0;30;47m [0m[0;30;47m [0m[0;30;47m [0m[0;30;47m [0m[0;30;47m [0m[0;30;47m [0m[0;30;47m [0m[0;30;47m [0m[0;30;47m [0m[0;30;47m [0m[0;30;47m [0m[0;30;47m [0m[0;30;47m [0m[0;30;47m [0m[0;30;47m [0m[0;30;47m [0m[0;30;47m [0m[0;30;47m [0m[0;30;47m [0m[0;30;47m [0m[0;30;47m [0m[0;30;47m [0m[0;30;47m [0m[0;30;47m [0m[0;30;47m [0m[0;30;47m [0m[0;30;47m [0m[0;30;47m [0m[0;30;47m [0m[0;30;47m [0m[0;30;47m [0m[0;30;47m [0m[0;30;47m [0m[0;30;47m [0m[0;30;47m [0m[0;30;47m [0m[0;30;47m [0m[0;30;47m [0m[0;30;47m [0m[0;30;47m [0m[0;30;47m [0m[0;30;47m [0m[0;30;47m [0m[0;30;47m [0m[0;30;47m [0m[0;30;47m [0m[0;30;47m [0m[0;30;47m [0m[0;34;42m~[0m
[0;34;42m~[0m[0;30;47m [0m[0;30;47m [0m[0;30;47m [0m[0;30;47m [0m[0;30;47m [0m[0;30;47m [0m[0;30;47m [0m[0;30;47m [0m[0;30;47m [0m[0;30;47m [0m[0;30;47m [0m[0;30;47m [0m[0;30;47m [0m[0;30;47m [0m[0;30;47m [0m[0;30;47m [0m[0;30;47m [0m[0;30;47m [0m[0;30;47m [0m[0;30;47m [0m[0;30;47m [0m[0;30;47m [0m[0;30;47m [0m[0;30;47m [0m[0;30;47m [0m[0;30;47m [0m[0;30;47m [0m[0;30;47m [0m[0;30;47m [0m[0;30;47m [0m[0;30;47m [0m[0;30;47m [0m[0;30;47m [0m[0;30;47m [0m[0;30;47m [0m[0;30;47m [0m[0;30;47m [0m[0;30;47m [0m[0;30;47m [0m[0;30;47m [0m[0;30;47m [0m[0;30;47m [0m[0;30;47m [0m[0;30;47m [0m[0;30;47m [0m[0;30;47m [0m[0;30;47m [0m[0;30;47m [0m[0;30;47m [0m[0;30;47m [0m[0;30;47m [0m[0;30;47m [0m[0;30;47m [0m[0;30;47m [0m[0;30;47m [0m[0;30;47m [0m[0;30;47m [0m[0;30;47m [0m[0;30;47m [0m[0;30;47m [0m[0;30;47m [0m[0;30;47m [0m[0;30;47m [0m[0;30;47m [0m[0;30;47m [0m[0;30;47m [0m[0;30;47m [0m[0;30;47m [0m[0;30;47m [0m[0;30;47m [0m[0;30;47m [0m[0;30;47m [0m[0;30;47m [0m[0;30;47m [0m[0;30;47m [0m[0;30;47m [0m[0;30;47m [0m[0;30;47m [0m[0;30;47m [0m[0;30;47m [0m[0;30;47m [0m[0;30;47m [0m[0;30;47m [0m[0;30;47m [0m[0;30;47m [0m[0;30;47m [0m[0;30;47m [0m[0;30;47m [0m[0;30;47m [0m[0;30;47m [0m[0;30;47m [0m[0;30;47m [0m[0;30;47m [0m[0;30;47m [0m[0;30;47m [0m[0;30;47m [0m[0;30;47m [0m[0;30;47m [0m[0;30;47m [0m[0;30;47m [0m[0;30;47m [0m[0;30;47m [0m[0;30;47m [0m[0;30;47m [0m[0;30;47m [0m[0;30;47m [0m[0;30;47m [0m[0;30;47m [0m[0;34;42m~[0m
prompt:> [2J
[0;34;46m~[0m[0;34;46m~[0m[0;34;46m~[0m[0;34;46m~[0m[0;34;46m~[0m[0;34;46m~[0m[0;34;46m~[0m[0;34;46m~[0m[0;34;46m~[0m[0;34;46m~[0m[0;34;46m~[0m[0;34;46m~[0m[0;34;46m~[0m[0;34;46m~[0m[0;34;46m~[0m[0;34;46m~[0m[0;34;46m~[0m[0;34;46m~[0m[0;34;46m~[0m[0;34;46m~[0m[0;34;46m~[0m[0;34;46m~[0m[0;34;46m~[0m[0;34;46m~[0m[0;34;46m~[0m[0;34;46m~[0m[0;34;46m~[0m[0;34;46m~[0m[0;34;46m~[0m[0;34;46m~[0m[0;34;46m~[0m[0;34;46m~[0m[0;34;46m~[0m[0;34;46m~[0m[0;34;46m~[0m[0;34;46m~[0m[0;34;46m~[0m[0;34;46m~[0m[0;34;46m~[0m[0;34;46m~[0m[0;34;46m~[0m[0;34;46m~[0m[0;34;46m~[0m[0;34;46m~[0m[0;34;46m~[0m[0;34;46m~[0m[0;34;46m~[0m[0;34;46m~[0m[0;34;46m~[0m[0;34;46m~[0m[0;34;46m~[0m[0;34;46m~[0m[0;34;46m~[0m[0;34;46m~[0m[0;34;46m~[0m[0;34;46m~[0m[0;34;46m~[0m[0;34;46m~[0m[0;34;46m~[0m[0;34;46m~[0m[0;34;46m~[0m[0;34;46m~[0m[0;34;46m~[0m[0;34;46m~[0m[0;34;46m~[0m[0;34;46m~[0m[0;34;46m~[0m[0;34;46m~[0m[0;34;46m~[0m[0;34;46m~[0m[0;34;46m~[0m[0;34;46m~[0m[0;34;46m~[0m[0;34;46m~[0m[0;34;46m~[0m[0;34;46m~[0m[0;34;46m~[0m[0;34;46m~[0m[0;34;46m~[0m[0;34;46m~[0m[0;34;46m~[0m[0;34;46m~[0m[0;34;46m~[0m[0;34;46m~[0m[0;34;46m~[0m[0;34;46m~[0m[0;34;46m~[0m[0;34;46m~[0m[0;34;46m~[0m[0;34;46m~[0m[0;34;46m~[0m[0;34;46m~[0m[0;34;46m~[0m[0;34;46m~[0m[0;34;46m~[0m[0;34;46m~[0m[0;34;46m~[0m[0;34;46m~[0m[0;34;46m~[0m[0;34;46m~[0m[0;34;46m~[0m[0;34;46m~[0m[0;34;46m~[0m[0;34;46m~[0m[0;34;46m~[0m[0;34;46m~[0m[0;34;46m~[0m[0;34;46m~[0m[0;34;46m~[0m[0;34;46m~[0m
[0;34;46m~[0m[0;30;47m [0m[0;30;47m [0m[0;30;47m [0m[0;30;47m [0m[0;30;47m [0m[0;30;47m [0m[0;30;47m [0m[0;30;47m [0m[0;30;47m [0m[0;30;47m [0m[0;30;47m [0m[0;30;47m [0m[0;30;47m [0m[0;30;47m [0m[0;30;47m [0m[0;30;47m [0m[0;30;47m [0m[0;30;47m [0m[0;30;47m [0m[0;30;47m [0m[0;30;47m [0m[0;30;47m+[0m[0;30;47m-[0m[0;30;47m-[0m[0;30;47m-[0m[0;30;47m-[0m[0;30;47m-[0m[0;30;47m-[0m[0;30;47m-[0m[0;30;47m-[0m[0;30;47m-[0m[0;30;47m-[0m[0;30;47m-[0m[0;30;47m-[0m[0;30;47m-[0m[0;30;47m-[0m[0;30;47m-[0m[0;30;47m+[0m[0;30;47m [0m[0;30;47m [0m[0;30;47m [0m[0;30;47m [0m[0;30;47m [0m[0;30;47m [0m[0;30;47m [0m[0;30;47m [0m[0;30;47m [0m[0;30;47m [0m[0;30;47m [0m[0;30;47m [0m[0;30;47m [0m[0;30;47m [0m[0;30;47m [0m[0;30;47m [0m[0;30;47m [0m[0;30;47m [0m[0;30;47m [0m[0;30;47m [0m[0;30;47m [0m[0;30;47m [0m[0;30;47m [0m[0;30;47m [0m[0;34;46m~[0m[0;30;47m [0m[0;30;47m [0m[0;30;47m=[0m[0;30;47m=[0m[0;30;47m=[0m[0;30;47m=[0m[0;30;47m=[0m[0;30;47m=[0m[0;30;47m=[0m[0;30;47m=[0m[0;30;47m=[0m[0;30;47m=[0m[0;30;47m=[0m[0;30;47m=[0m[0;30;47m=[0m[0;30;47m=[0m[0;30;47m=[0m[0;30;47m=[0m[0;30;47m=[0m[0;30;47m=[0m[0;30;47m=[0m[0;30;47m=[0m[0;30;47m=[0m[0;30;47m=[0m[0;30;47m=[0m[0;30;47m=[0m[0;30;47m=[0m[0;30;47m=[0m[0;30;47m=[0m[0;30;47m=[0m[0;30;47m=[0m[0;30;47m=[0m[0;30;47m=[0m[0;30;47m=[0m[0;30;47m=[0m[0;30;47m=[0m[0;30;47m=[0m[0;30;47m=[0m[0;30;47m=[0m[0;30;47m=[0m[0;30;47m=[0m[0;30;47m=[0m[0;30;47m=[0m[0;30;47m [0m[0;30;47m [0m[0;34;46m~[0m
[0;34;46m~[0m[0;30;47m [0m[0;30;47m [0m[0;30;47m [0m[0;30;47m [0m[0;30;47m [0m[0;30;47m [0m[0;30;47m [0m[0;30;47m [0m[0;30;47m [0m[0;30;47m [0m[0;30;47m [0m[0;30;47m [0m[0;30;47m [0m[0;30;47m [0m[0;30;47m [0m[0;30;47m [0m[0;30;47m [0m[0;30;47m [0m[0;30;47m [0m[0;30;47m [0m[0;30;47m [0m[0;30;47m|[0m[0;30;47m [0m[0;30;47m^[0m[0;30;47mE[0m[0;30;47m>[0m[0;30;47m [0m[0;30;47m [0m[0;30;47m\[0m[0;30;47mS[0m[0;30;47me[0m[0;30;47m/[0m[0;30;47m [0m[0;30;47m [0m[0;30;47m [0m[0;30;47m1[0m[0;30;47m1[0m[0;30;47m|[0m[0;30;47m [0m[0;30;47m [0m[0;30;47m [0m[0;30;47m [0m[0;30;47m [0m[0;30;47m [0m[0;30;47m [0m[0;30;47m [0m[0;30;47m [0m[0;30;47m [0m[0;30;47m [0m[0;30;47m [0m[0;30;47m [0m[0;30;47m [0m[0;30;47m [0m[0;30;47m [0m[0;30;47m [0m[0;30;47m [0m[0;30;47m [0m[0;30;47m [0m[0;30;47m [0m[0;30;47m [0m[0;30;47m [0m[0;30;47m [0m[0;34;46m~[0m[0;30;47m [0m[0;30;47m [0m[0;30;47m [0m[0;30;47m [0m[0;30;47mP[0m[0;30;47mL[0m[0;30;47mA[0m[0;30;47mY[0m[0;30;47mE[0m[0;30;47mR[0m[0;30;47m [0m[0;30;47m1[0m[0;30;47m [0m[0;30;47mS[0m[0;30;47mT[0m[0;30;47mA[0m[0;30;47mT[0m[0;30;47mU[0m[0;30;47mS[0m[0;30;47m [0m[0;30;47m [0m[0;30;47m [0m[0;30;47m|[0m[0;30;47m [0m[0;30;47m [0m[0;30;47m [0m[0;30;47mH[0m[0;30;47mE[0m[0;30;47mA[0m[0;30;47mL[0m[0;30;47mT[0m[0;30;47mH[0m[0;30;47m:[0m[0;30;47m [0m[0;30;47m5[0m[0;30;47m [0m[0;30;47mp[0m[0;30;47mt[0m[0;30;47ms[0m[0;30;47m [0m[0;30;47m [0m[0;30;47m [0m[0;30;47m [0m[0;30;47m [0m[0;30;47m [0m[0;34;46m~[0m
[0;34;46m~[0m[0;30;47m [0m[0;30;47m [0m[0;30;47m [0m[0;30;47m [0m[0;30;47m [0m[0;30;47m [0m[0;30;47m [0m[0;30;47m [0m[0;30;47m [0m[0;30;47m [0m[0;30;47m [0m[0;30;47m [0m[0;30;47m [0m[0;30;47m [0m[0;30;47m [0m[0;30;47m [0m[0;30;47m [0m[0;30;47m [0m[0;30;47m [0m[0;30;47m [0m[0;30;47m [0m[0;30;47m|[0m[0;30;47m [0m[0;30;47m [0m[0;30;47m [0m[0;30;47m [0m[0;30;47m.[0m[0;30;47m=[0m[0;30;47m=[0m[0;30;47m=[0m[0;30;47m.[0m[0;30;47m [0m[0;30;47m [0m[0;30;47m [0m[0;30;47m [0m[0;30;47m [0m[0;30;47m [0m[0;30;47m|[0m[0;30;47m [0m[0;30;47m [0m[0;30;47m [0m[0;30;47m [0m[0;30;47m [0m[0;30;47m [0m[0;30;47m [0m[0;30;47m [0m[0;30;47m [0m[0;30;47m [0m[0;30;47m [0m[0;30;47m [0m[0;30;47m [0m[0;30;47m [0m[0;30;47m [0m[0;30;47m [0m[0;30;47m [0m[0;30;47m [0m[0;30;47m [0m[0;30;47m [0m[0;30;47m [0m[0;30;47m [0m[0;30;47m [0m[0;30;47m [0m[0;34;46m~[0m[0;30;47m [0m[0;30;47m [0m[0;30;47m=[0m[0;30;47m=[0m[0;30;47m=[0m[0;30;47m=[0m[0;30;47m=[0m[0;30;47m=[0m[0;30;47m=[0m[0;30;47m=[0m[0;30;47m=[0m[0;30;47m=[0m[0;30;47m=[0m[0;30;47m=[0m[0;30;47m=[0m[0;30;47m=[0m[0;30;47m=[0m[0;30;47m=[0m[0;30;47m=[0m[0;30;47m=[0m[0;30;47m=[0m[0;30;47m=[0m[0;30;47m=[0m[0;30;47m=[0m[0;30;47m=[0m[0;30;47m=[0m[0;30;47m=[0m[0;30;47m=[0m[0;30;47m=[0m[0;30;47m=[0m[0;30;47m=[0m[0;30;47m=[0m[0;30;47m=[0m[0;30;47m=[0m[0;30;47m=[0m[0;30;47m=[0m[0;30;47m=[0m[0;30;47m=[0m[0;30;47m=[0m[0;30;47m=[0m[0;30;47m=[0m[0;30;47m=[0m[0;30;47m=[0m[0;30;47m [0m[0;30;47m [0m[0;34;46m~[0m
[0;34;46m~[0m[0;30;47m [0m[0;30;47m [0m[0;30;47m [0m[0;30;47m [0m[0;30;47m [0m[0;30;47m [0m[0;30;47m [0m[0;30;47m [0m[0;30;47m [0m[0;30;47m [0m[0;30;47m [0m[0;30;47m [0m[0;30;47m [0m[0;30;47m [0m[0;30;47m [0m[0;30;47m [0m[0;30;47m [0m[0;30;47m [0m[0;30;47m [0m[0;30;47m [0m[0;30;47m [0m[0;30;47m|[0m[0;30;47m [0m[0;30;47m [0m[0;30;47m [0m[0;30;47m [0m[0;30;47m[[0m[0;30;47m [0m[0;30;47m [0m[0;30;47m [0m[0;30;47m][0m[0;30;47m [0m[0;30;47m [0m[0;30;47m [0m[0;30;47m [0m[0;30;47m [0m[0;30;47m [0m[0;30;47m|[0m[0;30;47m [0m[0;30;47m [0m[0;30;47m [0m[0;30;47m [0m[0;30;47m [0m[0;30;47m [0m[0;30;47m [0m[0;30;47m [0m[0;30;47m [0m[0;30;47m [0m[0;30;47m [0m[0;30;47m [0m[0;30;47m [0m[0;30;47m [0m[0;30;47m [0m[0;30;47m [0m[0;30;47m [0m[0;30;47m [0m[0;30;47m [0m[0;30;47m [0m[0;30;47m [0m[0;30;47m [0m[0;30;47m [0m[0;30;47m [0m[0;34;46m~[0m[0;30;47m [0m[0;30;47m [0m[0;30;47m>[0m[0;30;47m [0m[0;30;47mC[0m[0;30;47mu[0m[0;30;47mr[0m[0;30;47mr[0m[0;30;47me[0m[0;30;47mn[0m[0;30;47mt[0m[0;30;47m [0m[0;30;47mL[0m[0;30;47mo[0m[0;30;47mc[0m[0;30;47ma[0m[0;30;47mt[0m[0;30;47mi[0m[0;30;47mo[0m[0;30;47mn[0m[0;30;47m [0m[0;30;47m:[0m[0;30;47m [0m[0;30;47m1[0m[0;30;47m1[0m[0;30;47m [0m[0;30;47m([0m[0;30;47mp[0m[0;30;47mi[0m[0;30;47mt[0m[0;30;47m)[0m[0;30;47m [0m[0;30;47m [0m[0;30;47m [0m[0;30;47m [0m[0;30;47m [0m[0;30;47m [0m[0;30;47m [0m[0;30;47m [0m[0;30;47m [0m[0;30;47m [0m[0;30;47m [0m[0;30;47m [0m[0;30;47m [0m[0;30;47m [0m[0;34;46m~[0m
[0;34;46m~[0m[0;30;47m [0m[0;30;47m [0m[0;30;47m [0m[0;30;47m [0m[0;30;47m [0m[0;30;47m [0m[0;30;47m [0m[0;30;47m [0m[0;30;47m [0m[0;30;47m [0m[0;30;47m [0m[0;30;47m [0m[0;30;47m [0m[0;30;47m [0m[0;30;47m [0m[0;30;47m [0m[0;30;47m [0m[0;30;47m [0m[0;30;47m [0m[0;30;47m [0m[0;30;47m [0m[0;30;47m|[0m[0;30;47m [0m[0;30;47m [0m[0;30;47m [0m[0;30;47m [0m[0;30;47m[[0m[0;30;47m [0m[0;30;47m [0m[0;30;47m [0m[0;30;47m][0m[0;30;47m [0m[0;30;47m [0m[0;30;47m [0m[0;30;47m [0m[0;30;47m [0m[0;30;47m [0m[0;30;47m|[0m[0;30;47m [0m[0;30;47m [0m[0;30;47m [0m[0;30;47m [0m[0;30;47m [0m[0;30;47m [0m[0;30;47m [0m[0;30;47m [0m[0;30;47m [0m[0;30;47m [0m[0;30;47m [0m[0;30;47m [0m[0;30;47m [0m[0;30;47m [0m[0;30;47m [0m[0;30;47m [0m[0;30;47m [0m[0;30;47m [0m[0;30;47m [0m[0;30;47m [0m[0;30;47m [0m[0;30;47m [0m[0;30;47m [0m[0;30;47m [0m[0;34;46m~[0m[0;30;47m [0m[0;30;47m [0m[0;30;47m>[0m[0;30;47m [0m[0;30;47mB[0m[0;30;47ma[0m[0;30;47mc[0m[0;30;47mk[0m[0;30;47mp[0m[0;30;47ma[0m[0;30;47mc[0m[0;30;47mk[0m[0;30;47m [0m[0;30;47m [0m[0;30;47m [0m[0;30;47m [0m[0;30;47m [0m[0;30;47m [0m[0;30;47m [0m[0;30;47m:[0m[0;30;47m [0m[0;30;47m[[0m[0;30;47mE[0m[0;30;47mM[0m[0;30;47mP[0m[0;30;47mT[0m[0;30;47mY[0m[0;30;47m][0m[0;30;47m [0m[0;30;47m [0m[0;30;47m [0m[0;30;47m [0m[0;30;47m [0m[0;30;47m [0m[0;30;47m [0m[0;30;47m [0m[0;30;47m [0m[0;30;47m [0m[0;30;47m [0m[0;30;47m [0m[0;30;47m [0m[0;30;47m [0m[0;30;47m [0m[0;30;47m [0m[0;30;47m [0m[0;34;46m~[0m
[0;34;46m~[0m[0;30;47m [0m[0;30;47m [0m[0;30;47m [0m[0;30;47m [0m[0;30;47m [0m[0;30;47m [0m[0;30;47m [0m[0;30;47m [0m[0;30;47m [0m[0;30;47m [0m[0;30;47m [0m[0;30;47m [0m[0;30;47m [0m[0;30;47m [0m[0;30;47m [0m[0;30;47m [0m[0;30;47m [0m[0;30;47m [0m[0;30;47m [0m[0;30;47m [0m[0;30;47m [0m[0;30;47m|[0m[0;30;47m [0m[0;30;47m [0m[0;30;47m [0m[0;30;47m [0m[0;30;47m[[0m[0;30;47m [0m[0;30;47m [0m[0;30;47m [0m[0;30;47m][0m[0;30;47m [0m[0;30;47m [0m[0;30;47m [0m[0;30;47m [0m[0;30;47m [0m[0;30;47m [0m[0;30;47m|[0m[0;30;47m [0m[0;30;47m [0m[0;30;47m [0m[0;30;47m [0m[0;30;47m [0m[0;30;47m [0m[0;30;47m [0m[0;30;47m [0m[0;30;47m [0m[0;30;47m [0m[0;30;47m [0m[0;30;47m [0m[0;30;47m [0m[0;30;47m [0m[0;30;47m [0m[0;30;47m [0m[0;30;47m [0m[0;30;47m [0m[0;30;47m [0m[0;30;47m [0m[0;30;47m [0m[0;30;47m [0m[0;30;47m [0m[0;30;47m [0m[0;34;46m~[0m[0;30;47m [0m[0;30;47m [0m[0;30;47m-[0m[0;30;47m-[0m[0;30;47m-[0m[0;30;47m-[0m[0;30;47m-[0m[0;30;47m-[0m[0;30;47m-[0m[0;30;47m-[0m[0;30;47m-[0m[0;30;47m-[0m[0;30;47m-[0m[0;30;47m-[0m[0;30;47m-[0m[0;30;47m-[0m[0;30;47m-[0m[0;30;47m-[0m[0;30;47m-[0m[0;30;47m-[0m[0;30;47m-[0m[0;30;47m-[0m[0;30;47m-[0m[0;30;47m-[0m[0;30;47m-[0m[0;30;47m-[0m[0;30;47m-[0m[0;30;47m-[0m[0;30;47m-[0m[0;30;47m-[0m[0;30;47m-[0m[0;30;47m-[0m[0;30;47m-[0m[0;30;47m-[0m[0;30;47m-[0m[0;30;47m-[0m[0;30;47m-[0m[0;30;47m-[0m[0;30;47m-[0m[0;30;47m-[0m[0;30;47m-[0m[0;30;47m-[0m[0;30;47m-[0m[0;30;47m [0m[0;30;47m [0m[0;34;46m~[0m
[0;34;46m~[0m[0;30;47m [0m[0;30;47m [0m[0;30;47m [0m[0;30;47m [0m[0;30;47m [0m[0;30;47m [0m[0;30;47m [0m[0;30;47m [0m[0;30;47m [0m[0;30;47m [0m[0;30;47m [0m[0;30;47m [0m[0;30;47m [0m[0;30;47m [0m[0;30;47m [0m[0;30;47m [0m[0;30;47m [0m[0;30;47m [0m[0;30;47m [0m[0;30;47m [0m[0;30;47m [0m[0;30;47m|[0m[0;30;47m [0m[0;30;47m [0m[0;30;47m [0m[0;30;47m [0m[0;30;47m'[0m[0;30;47m=[0m[0;30;47m=[0m[0;30;47m=[0m[0;30;47m'[0m[0;30;47m [0m[0;30;47m [0m[0;30;47m [0m[0;30;47m [0m[0;30;47m [0m[0;30;47m [0m[0;30;47m|[0m[0;30;47m [0m[0;30;47m [0m[0;30;47m [0m[0;30;47m [0m[0;30;47m [0m[0;30;47m [0m[0;30;47m [0m[0;30;47m [0m[0;30;47m [0m[0;30;47m [0m[0;30;47m [0m[0;30;47m [0m[0;30;47m [0m[0;30;47m [0m[0;30;47m [0m[0;30;47m [0m[0;30;47m [0m[0;30;47m [0m[0;30;47m [0m[0;30;47m [0m[0;30;47m [0m[0;30;47m [0m[0;30;47m [0m[0;30;47m [0m[0;34;46m~[0m[0;30;47m [0m[0;30;47m [0m[0;30;47mV[0m[0;30;47mI[0m[0;30;47mS[0m[0;30;47mI[0m[0;30;47mB[0m[0;30;47mL[0m[0;30;47mE[0m[0;30;47m [0m[0;30;47mE[0m[0;30;47mN[0m[0;30;47mT[0m[0;30;47mI[0m[0;30;47mT[0m[0;30;47mI[0m[0;30;47mE[0m[0;30;47mS[0m[0;30;47m [0m[0;30;47m([0m[0;30;47mD[0m[0;30;47mi[0m[0;30;47ms[0m[0;30;47mc[0m[0;30;47mo[0m[0;30;47mv[0m[0;30;47me[0m[0;30;47mr[0m[0;30;47me[0m[0;30;47md[0m[0;30;47m [0m[0;30;47mS[0m[0;30;47mp[0m[0;30;47ma[0m[0;30;47mc[0m[0;30;47me[0m[0;30;47ms[0m[0;30;47m)[0m[0;30;47m:[0m[0;30;47m [0m[0;30;47m [0m[0;30;47m [0m[0;30;47m [0m[0;30;47m [0m[0;30;47m [0m[0;34;46m~[0m
[0;34;46m~[0m[0;30;47m [0m[0;30;47m [0m[0;30;47m [0m[0;30;47m [0m[0;30;47m [0m[0;30;47m [0m[0;30;47m [0m[0;30;47m [0m[0;30;47m [0m[0;30;47m [0m[0;30;47m [0m[0;30;47m [0m[0;30;47m [0m[0;30;47m [0m[0;30;47m [0m[0;30;47m [0m[0;30;47m [0m[0;30;47m [0m[0;30;47m [0m[0;30;47m [0m[0;30;47m [0m[0;30;47m|[0m[0;30;47md[0m[0;30;47mi[0m[0;30;47mr[0m[0;30;47mk[0m[0;30;47m,[0m[0;30;47mp[0m[0;30;47mo[0m[0;30;47mr[0m[0;30;47mt[0m[0;30;47ma[0m[0;30;47ml[0m[0;30;47m [0m[0;30;47m [0m[0;30;47m [0m[0;30;47m [0m[0;30;47m|[0m[0;30;47m [0m[0;30;47m [0m[0;30;47m [0m[0;30;47m [0m[0;30;47m [0m[0;30;47m [0m[0;30;47m [0m[0;30;47m [0m[0;30;47m [0m[0;30;47m [0m[0;30;47m [0m[0;30;47m [0m[0;30;47m [0m[0;30;47m [0m[0;30;47m [0m[0;30;47m [0m[0;30;47m [0m[0;30;47m [0m[0;30;47m [0m[0;30;47m [0m[0;30;47m [0m[0;30;47m [0m[0;30;47m [0m[0;30;47m [0m[0;34;46m~[0m[0;30;47m [0m[0;30;47m [0m[0;30;47m [0m[0;30;47m[[0m[0;30;47mO[0m[0;30;47mb[0m[0;30;47mj[0m[0;30;47m][0m[0;30;47m [0m[0;30;47md[0m[0;30;47mi[0m[0;30;47mr[0m[0;30;47mk[0m[0;30;47m [0m[0;30;47m [0m[0;30;47m [0m[0;30;47m [0m[0;30;47m [0m[0;30;47m [0m[0;30;47m [0m[0;30;47ma[0m[0;30;47mt[0m[0;30;47m [0m[0;30;47mS[0m[0;30;47mp[0m[0;30;47ma[0m[0;30;47mc[0m[0;30;47me[0m[0;30;47m [0m[0;30;47m1[0m[0;30;47m1[0m[0;30;47m [0m[0;30;47m([0m[0;30;47mp[0m[0;30;47mi[0m[0;30;47mt[0m[0;30;47m)[0m[0;30;47m [0m[0;30;47m [0m[0;30;47m [0m[0;30;47m [0m[0;30;47m [0m[0;30;47m [0m[0;30;47m [0m[0;30;47m [0m[0;34;46m~[0m
[0;34;46m~[0m[0;30;47m [0m[0;30;47m [0m[0;30;47m [0m[0;30;47m [0m[0;30;47m [0m[0;30;47m [0m[0;30;47m [0m[0;30;47m [0m[0;30;47m [0m[0;30;47m [0m[0;30;47m [0m[0;30;47m [0m[0;30;47m [0m[0;30;47m [0m[0;30;47m [0m[0;30;47m [0m[0;30;47m [0m[0;30;47m [0m[0;30;47m [0m[0;30;47m [0m[0;30;47m [0m[0;30;47m+[0m[0;30;47m-[0m[0;30;47m-[0m[0;30;47m-[0m[0;30;47m-[0m[0;30;47m-[0m[0;30;47m-[0m[0;30;47m-[0m[0;30;47m-[0m[0;30;47m-[0m[0;30;47m-[0m[0;30;47m-[0m[0;30;47m-[0m[0;30;47m-[0m[0;30;47m-[0m[0;30;47m-[0m[0;30;47m+[0m[0;30;47m [0m[0;30;47m [0m[0;30;47m [0m[0;30;47m [0m[0;30;47m [0m[0;30;47m [0m[0;30;47m [0m[0;30;47m [0m[0;30;47m [0m[0;30;47m [0m[0;30;47m [0m[0;30;47m [0m[0;30;47m [0m[0;30;47m [0m[0;30;47m [0m[0;30;47m [0m[0;30;47m [0m[0;30;47m [0m[0;30;47m [0m[0;30;47m [0m[0;30;47m [0m[0;30;47m [0m[0;30;47m [0m[0;30;47m [0m[0;34;46m~[0m[0;30;47m [0m[0;30;47m [0m[0;30;47m [0m[0;30;47m[[0m[0;30;47mO[0m[0;30;47mb[0m[0;30;47mj[0m[0;30;47m][0m[0;30;47m [0m[0;30;47mp[0m[0;30;47mo[0m[0;30;47mr[0m[0;30;47mt[0m[0;30;47ma[0m[0;30;47ml[0m[0;30;47m [0m[0;30;47m [0m[0;30;47m [0m[0;30;47m [0m[0;30;47m [0m[0;30;47ma[0m[0;30;47mt[0m[0;30;47m [0m[0;30;47mS[0m[0;30;47mp[0m[0;30;47ma[0m[0;30;47mc[0m[0;30;47me[0m[0;30;47m [0m[0;30;47m1[0m[0;30;47m1[0m[0;30;47m [0m[0;30;47m([0m[0;30;47mp[0m[0;30;47mi[0m[0;30;47mt[0m[0;30;47m)[0m[0;30;47m [0m[0;30;47m [0m[0;30;47m [0m[0;30;47m [0m[0;30;47m [0m[0;30;47m [0m[0;30;47m [0m[0;30;47m [0m[0;34;46m~[0m
[0;34;46m~[0m[0;30;47m [0m[0;30;47m [0m[0;30;47m [0m[0;30;47m [0m[0;30;47m [0m[0;30;47m [0m[0;30;47m [0m[0;30;47m [0m[0;30;47m [0m[0;30;47m [0m[0;30;47m [0m[0;30;47m [0m[0;30;47m [0m[0;30;47m [0m[0;30;47m [0m[0;30;47m [0m[0;30;47m [0m[0;30;47m [0m[0;30;47m [0m[0;30;47m [0m[0;30;47m [0m[0;30;47m [0m[0;30;47m [0m[0;30;47m [0m[0;30;47m [0m[0;30;47m [0m[0;30;47m [0m[0;30;47m [0m[0;30;47m [0m[0;30;47mv[0m[0;30;47m [0m[0;30;47m [0m[0;30;47m [0m[0;30;47m [0m[0;30;47m [0m[0;30;47m [0m[0;30;47m [0m[0;30;47m [0m[0;30;47m [0m[0;30;47m [0m[0;30;47m [0m[0;30;47m [0m[0;30;47m [0m[0;30;47m [0m[0;30;47m [0m[0;30;47m [0m[0;30;47m [0m[0;30;47m [0m[0;30;47m [0m[0;30;47m [0m[0;30;47m [0m[0;30;47m [0m[0;30;47m [0m[0;30;47m [0m[0;30;47m [0m[0;30;47m [0m[0;30;47m [0m[0;30;47m [0m[0;30;47m [0m[0;30;47m [0m[0;30;47m [0m[0;30;47m [0m[0;34;46m~[0m[0;30;47m [0m[0;30;47m [0m[0;30;47m [0m[0;30;47m[[0m[0;30;47mC[0m[0;30;47mh[0m[0;30;47mr[0m[0;30;47m][0m[0;30;47m [0m[0;30;47m [0m[0;30;47m\[0m[0;30;47mS[0m[0;30;47me[0m[0;30;47m/[0m[0;30;47m [0m[0;30;47m [0m[0;30;47ma[0m[0;30;47mt[0m[0;30;47m [0m[0;30;47mS[0m[0;30;47mp[0m[0;30;47ma[0m[0;30;47mc[0m[0;30;47me[0m[0;30;47m [0m[0;30;47m1[0m[0;30;47m1[0m[0;30;47m [0m[0;30;47m([0m[0;30;47mp[0m[0;30;47mi[0m[0;30;47mt[0m[0;30;47m)[0m[0;30;47m [0m[0;30;47m([0m[0;30;47mH[0m[0;30;47mP[0m[0;30;47m:[0m[0;30;47m5[0m[0;30;47m)[0m[0;30;47m [0m[0;30;47m [0m[0;30;47m [0m[0;30;47m [0m[0;30;47m [0m[0;34;46m~[0m
[0;34;46m~[0m[0;30;47m [0m[0;30;47m [0m[0;30;47m [0m[0;30;47m [0m[0;30;47m [0m[0;30;47m [0m[0;30;47m [0m[0;30;47m [0m[0;30;47m [0m[0;30;47m [0m[0;30;47m [0m[0;30;47m [0m[0;30;47m [0m[0;30;47m [0m[0;30;47m [0m[0;30;47m [0m[0;30;47m [0m[0;30;47m [0m[0;30;47m [0m[0;30;47m [0m[0;30;47m [0m[0;30;47m+[0m[0;30;47m-[0m[0;30;47m-[0m[0;30;47m-[0m[0;30;47m-[0m[0;30;47m-[0m[0;30;47m-[0m[0;30;47m-[0m[0;30;47m-[0m[0;30;47m-[0m[0;30;47m-[0m[0;30;47m-[0m[0;30;47m-[0m[0;30;47m-[0m[0;30;47m-[0m[0;30;47m-[0m[0;30;47m+[0m[0;30;47m [0m[0;30;47m [0m[0;30;47m [0m[0;30;47m [0m[0;30;47m [0m[0;30;47m [0m[0;30;47m [0m[0;30;47m [0m[0;30;47m [0m[0;30;47m [0m[0;30;47m [0m[0;30;47m [0m[0;30;47m [0m[0;30;47m [0m[0;30;47m [0m[0;30;47m [0m[0;30;47m [0m[0;30;47m [0m[0;30;47m [0m[0;30;47m [0m[0;30;47m [0m[0;30;47m [0m[0;30;47m [0m[0;30;47m [0m[0;34;46m~[0m[0;30;47m [0m[0;30;47m [0m[0;30;47m-[0m[0;30;47m-[0m[0;30;47m-[0m[0;30;47m-[0m[0;30;47m-[0m[0;30;47m-[0m[0;30;47m-[0m[0;30;47m-[0m[0;30;47m-[0m[0;30;47m-[0m[0;30;47m-[0m[0;30;47m-[0m[0;30;47m-[0m[0;30;47m-[0m[0;30;47m-[0m[0;30;47m-[0m[0;30;47m-[0m[0;30;47m-[0m[0;30;47m-[0m[0;30;47m-[0m[0;30;47m-[0m[0;30;47m-[0m[0;30;47m-[0m[0;30;47m-[0m[0;30;47m-[0m[0;30;47m-[0m[0;30;47m-[0m[0;30;47m-[0m[0;30;47m-[0m[0;30;47m-[0m[0;30;47m-[0m[0;30;47m-[0m[0;30;47m-[0m[0;30;47m-[0m[0;30;47m-[0m[0;30;47m-[0m[0;30;47m-[0m[0;30;47m-[0m[0;30;47m-[0m[0;30;47m-[0m[0;30;47m-[0m[0;30;47m [0m[0;30;47m [0m[0;34;46m~[0m
[0;34;46m~[0m[0;30;47m [0m[0;30;47m [0m[0;30;47m [0m[0;30;47m [0m[0;30;47m [0m[0;30;47m [0m[0;30;47m [0m[0;30;47m [0m[0;30;47m [0m[0;30;47m [0m[0;30;47m [0m[0;30;47m [0m[0;30;47m [0m[0;30;47m [0m[0;30;47m [0m[0;30;47m [0m[0;30;47m [0m[0;30;47m [0m[0;30;47m [0m[0;30;47m [0m[0;30;47m [0m[0;30;47m|[0m[0;30;47m [0m[0;30;47m [0m[0;30;47m [0m[0;30;47m [0m[0;30;47m [0m[0;30;47m [0m[0;30;47m [0m[0;30;47m [0m[0;30;47m [0m[0;30;47m [0m[0;30;47m [0m[0;30;47m [0m[0;30;47m [0m[0;30;47m1[0m[0;30;47m2[0m[0;30;47m|[0m[0;30;47m [0m[0;30;47m [0m[0;30;47m [0m[0;30;47m [0m[0;30;47m [0m[0;30;47m [0m[0;30;47m [0m[0;30;47m [0m[0;30;47m [0m[0;30;47m [0m[0;30;47m [0m[0;30;47m [0m[0;30;47m [0m[0;30;47m [0m[0;30;47m [0m[0;30;47m [0m[0;30;47m [0m[0;30;47m [0m[0;30;47m [0m[0;30;47m [0m[0;30;47m [0m[0;30;47m [0m[0;30;47m [0m[0;30;47m [0m[0;34;46m~[0m[0;30;47m [0m[0;30;47m [0m[0;30;47m [0m[0;30;47m [0m[0;30;47m [0m[0;30;47m [0m[0;30;47m [0m[0;30;47m [0m[0;30;47m [0m[0;30;47m [0m[0;30;47m [0m[0;30;47m [0m[0;30;47m [0m[0;30;47m [0m[0;30;47m [0m[0;30;47m [0m[0;30;47m [0m[0;30;47m [0m[0;30;47m [0m[0;30;47m [0m[0;30;47m [0m[0;30;47m [0m[0;30;47m [0m[0;30;47m [0m[0;30;47m [0m[0;30;47m [0m[0;30;47m [0m[0;30;47m [0m[0;30;47m [0m[0;30;47m [0m[0;30;47m [0m[0;30;47m [0m[0;30;47m [0m[0;30;47m [0m[0;30;47m [0m[0;30;47m [0m[0;30;47m [0m[0;30;47m [0m[0;30;47m [0m[0;30;47m [0m[0;30;47m [0m[0;30;47m [0m[0;30;47m [0m[0;30;47m [0m[0;30;47m [0m[0;34;46m~[0m
[0;34;46m~[0m[0;30;47m [0m[0;30;47m [0m[0;30;47m [0m[0;30;47m [0m[0;30;47m [0m[0;30;47m [0m[0;30;47m [0m[0;30;47m [0m[0;30;47m [0m[0;30;47m [0m[0;30;47m [0m[0;30;47m [0m[0;30;47m [0m[0;30;47m [0m[0;30;47m [0m[0;30;47m [0m[0;30;47m [0m[0;30;47m [0m[0;30;47m [0m[0;30;47m [0m[0;30;47m [0m[0;30;47m|[0m[0;30;47m [0m[0;30;47m [0m[0;30;47m [0m[0;30;47m [0m[0;30;47m [0m[0;30;47m [0m[0;30;47m [0m[0;30;47m [0m[0;30;47m [0m[0;30;47m [0m[0;30;47m [0m[0;30;47m [0m[0;30;47m [0m[0;30;47m [0m[0;30;47m [0m[0;30;47m|[0m[0;30;47m [0m[0;30;47m [0m[0;30;47m [0m[0;30;47m [0m[0;30;47m [0m[0;30;47m [0m[0;30;47m [0m[0;30;47m [0m[0;30;47m [0m[0;30;47m [0m[0;30;47m [0m[0;30;47m [0m[0;30;47m [0m[0;30;47m [0m[0;30;47m [0m[0;30;47m [0m[0;30;47m [0m[0;30;47m [0m[0;30;47m [0m[0;30;47m [0m[0;30;47m [0m[0;30;47m [0m[0;30;47m [0m[0;30;47m [0m[0;34;46m~[0m[0;30;47m [0m[0;30;47m [0m[0;30;47m [0m[0;30;47m [0m[0;30;47m [0m[0;30;47m [0m[0;30;47m [0m[0;30;47m [0m[0;30;47m [0m[0;30;47m [0m[0;30;47m [0m[0;30;47m [0m[0;30;47m [0m[0;30;47m [0m[0;30;47m [0m[0;30;47m [0m[0;30;47m [0m[0;30;47m [0m[0;30;47m [0m[0;30;47m [0m[0;30;47m [0m[0;30;47m [0m[0;30;47m [0m[0;30;47m [0m[0;30;47m [0m[0;30;47m [0m[0;30;47m [0m[0;30;47m [0m[0;30;47m [0m[0;30;47m [0m[0;30;47m [0m[0;30;47m [0m[0;30;47m [0m[0;30;47m [0m[0;30;47m [0m[0;30;47m [0m[0;30;47m [0m[0;30;47m [0m[0;30;47m [0m[0;30;47m [0m[0;30;47m [0m[0;30;47m [0m[0;30;47m [0m[0;30;47m [0m[0;30;47m [0m[0;34;46m~[0m
[0;34;46m~[0m[0;30;47m [0m[0;30;47m [0m[0;30;47m [0m[0;30;47m [0m[0;30;47m [0m[0;30;47m [0m[0;30;47m [0m[0;30;47m [0m[0;30;47m [0m[0;30;47m [0m[0;30;47m [0m[0;30;47m [0m[0;30;47m [0m[0;30;47m [0m[0;30;47m [0m[0;30;47m [0m[0;30;47m [0m[0;30;47m [0m[0;30;47m [0m[0;30;47m [0m[0;30;47m [0m[0;30;47m|[0m[0;30;47m [0m[0;30;47m [0m[0;30;47m [0m[0;30;47m [0m[0;30;47m [0m[0;30;47m [0m[0;30;47m [0m[0;30;47m [0m[0;30;47m [0m[0;30;47m [0m[0;30;47m [0m[0;30;47m [0m[0;30;47m [0m[0;30;47m [0m[0;30;47m [0m[0;30;47m|[0m[0;30;47m [0m[0;30;47m [0m[0;30;47m [0m[0;30;47m [0m[0;30;47m [0m[0;30;47m [0m[0;30;47m [0m[0;30;47m [0m[0;30;47m [0m[0;30;47m [0m[0;30;47m [0m[0;30;47m [0m[0;30;47m [0m[0;30;47m [0m[0;30;47m [0m[0;30;47m [0m[0;30;47m [0m[0;30;47m [0m[0;30;47m [0m[0;30;47m [0m[0;30;47m [0m[0;30;47m [0m[0;30;47m [0m[0;30;47m [0m[0;34;46m~[0m[0;30;47m [0m[0;30;47m [0m[0;30;47m [0m[0;30;47m [0m[0;30;47m [0m[0;30;47m [0m[0;30;47m [0m[0;30;47m [0m[0;30;47m [0m[0;30;47m [0m[0;30;47m [0m[0;30;47m [0m[0;30;47m [0m[0;30;47m [0m[0;30;47m [0m[0;30;47m [0m[0;30;47m [0m[0;30;47m [0m[0;30;47m [0m[0;30;47m [0m[0;30;47m [0m[0;30;47m [0m[0;30;47m [0m[0;30;47m [0m[0;30;47m [0m[0;30;47m [0m[0;30;47m [0m[0;30;47m [0m[0;30;47m [0m[0;30;47m [0m[0;30;47m [0m[0;30;47m [0m[0;30;47m [0m[0;30;47m [0m[0;30;47m [0m[0;30;47m [0m[0;30;47m [0m[0;30;47m [0m[0;30;47m [0m[0;30;47m [0m[0;30;47m [0m[0;30;47m [0m[0;30;47m [0m[0;30;47m [0m[0;30;47m [0m[0;34;46m~[0m
[0;34;46m~[0m[0;30;47m [0m[0;30;47m [0m[0;30;47m [0m[0;30;47m [0m[0;30;47m [0m[0;30;47m [0m[0;30;47m [0m[0;30;47m [0m[0;30;47m [0m[0;30;47m [0m[0;30;47m [0m[0;30;47m [0m[0;30;47m [0m[0;30;47m [0m[0;30;47m [0m[0;30;47m [0m[0;30;47m [0m[0;30;47m [0m[0;30;47m [0m[0;30;47m [0m[0;30;47m [0m[0;30;47m|[0m[0;30;47m [0m[0;30;47m [0m[0;30;47m [0m[0;30;47m [0m[0;30;47m [0m[0;30;47m?[0m[0;30;47m?[0m[0;30;47m?[0m[0;30;47m [0m[0;30;47m [0m[0;30;47m [0m[0;30;47m [0m[0;30;47m [0m[0;30;47m [0m[0;30;47m [0m[0;30;47m|[0m[0;30;47m [0m[0;30;47m [0m[0;30;47m [0m[0;30;47m [0m[0;30;47m [0m[0;30;47m [0m[0;30;47m [0m[0;30;47m [0m[0;30;47m [0m[0;30;47m [0m[0;30;47m [0m[0;30;47m [0m[0;30;47m [0m[0;30;47m [0m[0;30;47m [0m[0;30;47m [0m[0;30;47m [0m[0;30;47m [0m[0;30;47m [0m[0;30;47m [0m[0;30;47m [0m[0;30;47m [0m[0;30;47m [0m[0;30;47m [0m[0;34;46m~[0m[0;30;47m [0m[0;30;47m [0m[0;30;47m [0m[0;30;47m [0m[0;30;47m [0m[0;30;47m [0m[0;30;47m [0m[0;30;47m [0m[0;30;47m [0m[0;30;47m [0m[0;30;47m [0m[0;30;47m [0m[0;30;47m [0m[0;30;47m [0m[0;30;47m [0m[0;30;47m [0m[0;30;47m [0m[0;30;47m [0m[0;30;47m [0m[0;30;47m [0m[0;30;47m [0m[0;30;47m [0m[0;30;47m [0m[0;30;47m [0m[0;30;47m [0m[0;30;47m [0m[0;30;47m [0m[0;30;47m [0m[0;30;47m [0m[0;30;47m [0m[0;30;47m [0m[0;30;47m [0m[0;30;47m [0m[0;30;47m [0m[0;30;47m [0m[0;30;47m [0m[0;30;47m [0m[0;30;47m [0m[0;30;47m [0m[0;30;47m [0m[0;30;47m [0m[0;30;47m [0m[0;30;47m [0m[0;30;47m [0m[0;30;47m [0m[0;34;46m~[0m
[0;34;46m~[0m[0;30;47m [0m[0;30;47m [0m[0;30;47m [0m[0;30;47m [0m[0;30;47m [0m[0;30;47m [0m[0;30;47m [0m[0;30;47m [0m[0;30;47m [0m[0;30;47m [0m[0;30;47m [0m[0;30;47m [0m[0;30;47m [0m[0;30;47m [0m[0;30;47m [0m[0;30;47m [0m[0;30;47m [0m[0;30;47m [0m[0;30;47m [0m[0;30;47m [0m[0;30;47m [0m[0;30;47m|[0m[0;30;47m [0m[0;30;47m [0m[0;30;47m [0m[0;30;47m [0m[0;30;47m [0m[0;30;47m [0m[0;30;47m [0m[0;30;47m [0m[0;30;47m [0m[0;30;47m [0m[0;30;47m [0m[0;30;47m [0m[0;30;47m [0m[0;30;47m [0m[0;30;47m [0m[0;30;47m|[0m[0;30;47m [0m[0;30;47m [0m[0;30;47m [0m[0;30;47m [0m[0;30;47m [0m[0;30;47m [0m[0;30;47m [0m[0;30;47m [0m[0;30;47m [0m[0;30;47m [0m[0;30;47m [0m[0;30;47m [0m[0;30;47m [0m[0;30;47m [0m[0;30;47m [0m[0;30;47m [0m[0;30;47m [0m[0;30;47m [0m[0;30;47m [0m[0;30;47m [0m[0;30;47m [0m[0;30;47m [0m[0;30;47m [0m[0;30;47m [0m[0;34;46m~[0m[0;30;47m [0m[0;30;47m [0m[0;30;47m [0m[0;30;47m [0m[0;30;47m [0m[0;30;47m [0m[0;30;47m [0m[0;30;47m [0m[0;30;47m [0m[0;30;47m [0m[0;30;47m [0m[0;30;47m [0m[0;30;47m [0m[0;30;47m [0m[0;30;47m [0m[0;30;47m [0m[0;30;47m [0m[0;30;47m [0m[0;30;47m [0m[0;30;47m [0m[0;30;47m [0m[0;30;47m [0m[0;30;47m [0m[0;30;47m [0m[0;30;47m [0m[0;30;47m [0m[0;30;47m [0m[0;30;47m [0m[0;30;47m [0m[0;30;47m [0m[0;30;47m [0m[0;30;47m [0m[0;30;47m [0m[0;30;47m [0m[0;30;47m [0m[0;30;47m [0m[0;30;47m [0m[0;30;47m [0m[0;30;47m [0m[0;30;47m [0m[0;30;47m [0m[0;30;47m [0m[0;30;47m [0m[0;30;47m [0m[0;30;47m [0m[0;34;46m~[0m
[0;34;46m~[0m[0;30;47m [0m[0;30;47m [0m[0;30;47m [0m[0;30;47m [0m[0;30;47m [0m[0;30;47m [0m[0;30;47m [0m[0;30;47m [0m[0;30;47m [0m[0;30;47m [0m[0;30;47m [0m[0;30;47m [0m[0;30;47m [0m[0;30;47m [0m[0;30;47m [0m[0;30;47m [0m[0;30;47m [0m[0;30;47m [0m[0;30;47m [0m[0;30;47m [0m[0;30;47m [0m[0;30;47m|[0m[0;30;47m [0m[0;30;47m [0m[0;30;47m [0m[0;30;47m [0m[0;30;47m [0m[0;30;47m [0m[0;30;47m [0m[0;30;47m [0m[0;30;47m [0m[0;30;47m [0m[0;30;47m [0m[0;30;47m [0m[0;30;47m [0m[0;30;47m [0m[0;30;47m [0m[0;30;47m|[0m[0;30;47m [0m[0;30;47m [0m[0;30;47m [0m[0;30;47m [0m[0;30;47m [0m[0;30;47m [0m[0;30;47m [0m[0;30;47m [0m[0;30;47m [0m[0;30;47m [0m[0;30;47m [0m[0;30;47m [0m[0;30;47m [0m[0;30;47m [0m[0;30;47m [0m[0;30;47m [0m[0;30;47m [0m[0;30;47m [0m[0;30;47m [0m[0;30;47m [0m[0;30;47m [0m[0;30;47m [0m[0;30;47m [0m[0;30;47m [0m[0;34;46m~[0m[0;30;47m [0m[0;30;47m [0m[0;30;47m [0m[0;30;47m [0m[0;30;47m [0m[0;30;47m [0m[0;30;47m [0m[0;30;47m [0m[0;30;47m [0m[0;30;47m [0m[0;30;47m [0m[0;30;47m [0m[0;30;47m [0m[0;30;47m [0m[0;30;47m [0m[0;30;47m [0m[0;30;47m [0m[0;30;47m [0m[0;30;47m [0m[0;30;47m [0m[0;30;47m [0m[0;30;47m [0m[0;30;47m [0m[0;30;47m [0m[0;30;47m [0m[0;30;47m [0m[0;30;47m [0m[0;30;47m [0m[0;30;47m [0m[0;30;47m [0m[0;30;47m [0m[0;30;47m [0m[0;30;47m [0m[0;30;47m [0m[0;30;47m [0m[0;30;47m [0m[0;30;47m [0m[0;30;47m [0m[0;30;47m [0m[0;30;47m [0m[0;30;47m [0m[0;30;47m [0m[0;30;47m [0m[0;30;47m [0m[0;30;47m [0m[0;34;46m~[0m
[0;34;46m~[0m[0;30;47m [0m[0;30;47m [0m[0;30;47m [0m[0;30;47m [0m[0;30;47m [0m[0;30;47m [0m[0;30;47m [0m[0;30;47m [0m[0;30;47m [0m[0;30;47m [0m[0;30;47m [0m[0;30;47m [0m[0;30;47m [0m[0;30;47m [0m[0;30;47m [0m[0;30;47m [0m[0;30;47m [0m[0;30;47m [0m[0;30;47m [0m[0;30;47m [0m[0;30;47m [0m[0;30;47m|[0m[0;30;47m [0m[0;30;47m [0m[0;30;47m [0m[0;30;47m [0m[0;30;47m [0m[0;30;47m [0m[0;30;47m [0m[0;30;47m [0m[0;30;47m [0m[0;30;47m [0m[0;30;47m [0m[0;30;47m [0m[0;30;47m [0m[0;30;47m [0m[0;30;47m [0m[0;30;47m|[0m[0;30;47m [0m[0;30;47m [0m[0;30;47m [0m[0;30;47m [0m[0;30;47m [0m[0;30;47m [0m[0;30;47m [0m[0;30;47m [0m[0;30;47m [0m[0;30;47m [0m[0;30;47m [0m[0;30;47m [0m[0;30;47m [0m[0;30;47m [0m[0;30;47m [0m[0;30;47m [0m[0;30;47m [0m[0;30;47m [0m[0;30;47m [0m[0;30;47m [0m[0;30;47m [0m[0;30;47m [0m[0;30;47m [0m[0;30;47m [0m[0;34;46m~[0m[0;30;47m [0m[0;30;47m [0m[0;30;47m [0m[0;30;47m [0m[0;30;47m [0m[0;30;47m [0m[0;30;47m [0m[0;30;47m [0m[0;30;47m [0m[0;30;47m [0m[0;30;47m [0m[0;30;47m [0m[0;30;47m [0m[0;30;47m [0m[0;30;47m [0m[0;30;47m [0m[0;30;47m [0m[0;30;47m [0m[0;30;47m [0m[0;30;47m [0m[0;30;47m [0m[0;30;47m [0m[0;30;47m [0m[0;30;47m [0m[0;30;47m [0m[0;30;47m [0m[0;30;47m [0m[0;30;47m [0m[0;30;47m [0m[0;30;47m [0m[0;30;47m [0m[0;30;47m [0m[0;30;47m [0m[0;30;47m [0m[0;30;47m [0m[0;30;47m [0m[0;30;47m [0m[0;30;47m [0m[0;30;47m [0m[0;30;47m [0m[0;30;47m [0m[0;30;47m [0m[0;30;47m [0m[0;30;47m [0m[0;30;47m [0m[0;34;46m~[0m
[0;34;46m~[0m[0;30;47m [0m[0;30;47m [0m[0;30;47m [0m[0;30;47m [0m[0;30;47m [0m[0;30;47m [0m[0;30;47m [0m[0;30;47m [0m[0;30;47m [0m[0;30;47m [0m[0;30;47m [0m[0;30;47m [0m[0;30;47m [0m[0;30;47m [0m[0;30;47m [0m[0;30;47m [0m[0;30;47m [0m[0;30;47m [0m[0;30;47m [0m[0;30;47m [0m[0;30;47m [0m[0;30;47m+[0m[0;30;47m-[0m[0;30;47m-[0m[0;30;47m-[0m[0;30;47m-[0m[0;30;47m-[0m[0;30;47m-[0m[0;30;47m-[0m[0;30;47m-[0m[0;30;47m-[0m[0;30;47m-[0m[0;30;47m-[0m[0;30;47m-[0m[0;30;47m-[0m[0;30;47m-[0m[0;30;47m-[0m[0;30;47m+[0m[0;30;47m [0m[0;30;47m [0m[0;30;47m [0m[0;30;47m [0m[0;30;47m [0m[0;30;47m [0m[0;30;47m [0m[0;30;47m [0m[0;30;47m [0m[0;30;47m [0m[0;30;47m [0m[0;30;47m [0m[0;30;47m [0m[0;30;47m [0m[0;30;47m [0m[0;30;47m [0m[0;30;47m [0m[0;30;47m [0m[0;30;47m [0m[0;30;47m [0m[0;30;47m [0m[0;30;47m [0m[0;30;47m [0m[0;30;47m [0m[0;34;46m~[0m[0;30;47m [0m[0;30;47m [0m[0;30;47m [0m[0;30;47m [0m[0;30;47m [0m[0;30;47m [0m[0;30;47m [0m[0;30;47m [0m[0;30;47m [0m[0;30;47m [0m[0;30;47m [0m[0;30;47m [0m[0;30;47m [0m[0;30;47m [0m[0;30;47m [0m[0;30;47m [0m[0;30;47m [0m[0;30;47m [0m[0;30;47m [0m[0;30;47m [0m[0;30;47m [0m[0;30;47m [0m[0;30;47m [0m[0;30;47m [0m[0;30;47m [0m[0;30;47m [0m[0;30;47m [0m[0;30;47m [0m[0;30;47m [0m[0;30;47m [0m[0;30;47m [0m[0;30;47m [0m[0;30;47m [0m[0;30;47m [0m[0;30;47m [0m[0;30;47m [0m[0;30;47m [0m[0;30;47m [0m[0;30;47m [0m[0;30;47m [0m[0;30;47m [0m[0;30;47m [0m[0;30;47m [0m[0;30;47m [0m[0;30;47m [0m[0;34;46m~[0m
[0;34;46m~[0m[0;30;47m [0m[0;30;47m [0m[0;30;47m [0m[0;30;47m [0m[0;30;47m [0m[0;30;47m [0m[0;30;47m [0m[0;30;47m [0m[0;30;47m [0m[0;30;47m [0m[0;30;47m [0m[0;30;47m [0m[0;30;47m [0m[0;30;47m [0m[0;30;47m [0m[0;30;47m [0m[0;30;47m [0m[0;30;47m [0m[0;30;47m [0m[0;30;47m [0m[0;30;47m [0m[0;30;47m [0m[0;30;47m [0m[0;30;47m [0m[0;30;47m [0m[0;30;47m [0m[0;30;47m [0m[0;30;47m [0m[0;30;47m [0m[0;30;47m [0m[0;30;47m [0m[0;30;47m [0m[0;30;47m [0m[0;30;47m [0m[0;30;47m [0m[0;30;47m [0m[0;30;47m [0m[0;30;47m [0m[0;30;47m [0m[0;30;47m [0m[0;30;47m [0m[0;30;47m [0m[0;30;47m [0m[0;30;47m [0m[0;30;47m [0m[0;30;47m [0m[0;30;47m [0m[0;30;47m [0m[0;30;47m [0m[0;30;47m [0m[0;30;47m [0m[0;30;47m [0m[0;30;47m [0m[0;30;47m [0m[0;30;47m [0m[0;30;47m [0m[0;30;47m [0m[0;30;47m [0m[0;30;47m [0m[0;30;47m [0m[0;30;47m [0m[0;30;47m [0m[0;34;46m~[0m[0;30;47m [0m[0;30;47m [0m[0;30;47m [0m[0;30;47m [0m[0;30;47m [0m[0;30;47m [0m[0;30;47m [0m[0;30;47m [0m[0;30;47m [0m[0;30;47m [0m[0;30;47m [0m[0;30;47m [0m[0;30;47m [0m[0;30;47m [0m[0;30;47m [0m[0;30;47m [0m[0;30;47m [0m[0;30;47m [0m[0;30;47m [0m[0;30;47m [0m[0;30;47m [0m[0;30;47m [0m[0;30;47m [0m[0;30;47m [0m[0;30;47m [0m[0;30;47m [0m[0;30;47m [0m[0;30;47m [0m[0;30;47m [0m[0;30;47m [0m[0;30;47m [0m[0;30;47m [0m[0;30;47m [0m[0;30;47m [0m[0;30;47m [0m[0;30;47m [0m[0;30;47m [0m[0;30;47m [0m[0;30;47m [0m[0;30;47m [0m[0;30;47m [0m[0;30;47m [0m[0;30;47m [0m[0;30;47m [0m[0;30;47m [0m[0;34;46m~[0m
[0;34;46m~[0m[0;30;47m [0m[0;30;47m [0m[0;30;47m [0m[0;30;47m [0m[0;30;47m [0m[0;30;47m [0m[0;30;47m [0m[0;30;47m [0m[0;30;47m [0m[0;30;47m [0m[0;30;47m [0m[0;30;47m [0m[0;30;47m [0m[0;30;47m [0m[0;30;47m [0m[0;30;47m [0m[0;30;47m [0m[0;30;47m [0m[0;30;47m [0m[0;30;47m [0m[0;30;47m [0m[0;30;47m [0m[0;30;47m [0m[0;30;47m [0m[0;30;47m [0m[0;30;47m [0m[0;30;47m [0m[0;30;47m [0m[0;30;47m [0m[0;30;47m [0m[0;30;47m [0m[0;30;47m [0m[0;30;47m [0m[0;30;47m [0m[0;30;47m [0m[0;30;47m [0m[0;30;47m [0m[0;30;47m [0m[0;30;47m [0m[0;30;47m [0m[0;30;47m [0m[0;30;47m [0m[0;30;47m [0m[0;30;47m [0m[0;30;47m [0m[0;30;47m [0m[0;30;47m [0m[0;30;47m [0m[0;30;47m [0m[0;30;47m [0m[0;30;47m [0m[0;30;47m [0m[0;30;47m [0m[0;30;47m [0m[0;30;47m [0m[0;30;47m [0m[0;30;47m [0m[0;30;47m [0m[0;30;47m [0m[0;30;47m [0m[0;30;47m [0m[0;30;47m [0m[0;34;46m~[0m[0;30;47m [0m[0;30;47m [0m[0;30;47m [0m[0;30;47m [0m[0;30;47m [0m[0;30;47m [0m[0;30;47m [0m[0;30;47m [0m[0;30;47m [0m[0;30;47m [0m[0;30;47m [0m[0;30;47m [0m[0;30;47m [0m[0;30;47m [0m[0;30;47m [0m[0;30;47m [0m[0;30;47m [0m[0;30;47m [0m[0;30;47m [0m[0;30;47m [0m[0;30;47m [0m[0;30;47m [0m[0;30;47m [0m[0;30;47m [0m[0;30;47m [0m[0;30;47m [0m[0;30;47m [0m[0;30;47m [0m[0;30;47m [0m[0;30;47m [0m[0;30;47m [0m[0;30;47m [0m[0;30;47m [0m[0;30;47m [0m[0;30;47m [0m[0;30;47m [0m[0;30;47m [0m[0;30;47m [0m[0;30;47m [0m[0;30;47m [0m[0;30;47m [0m[0;30;47m [0m[0;30;47m [0m[0;30;47m [0m[0;30;47m [0m[0;34;46m~[0m
[0;34;46m~[0m[0;30;47m [0m[0;30;47m [0m[0;30;47m [0m[0;30;47m [0m[0;30;47m [0m[0;30;47m [0m[0;30;47m [0m[0;30;47m [0m[0;30;47m [0m[0;30;47m [0m[0;30;47m [0m[0;30;47m [0m[0;30;47m [0m[0;30;47m [0m[0;30;47m [0m[0;30;47m [0m[0;30;47m [0m[0;30;47m [0m[0;30;47m [0m[0;30;47m [0m[0;30;47m [0m[0;30;47m [0m[0;30;47m [0m[0;30;47m [0m[0;30;47m [0m[0;30;47m [0m[0;30;47m [0m[0;30;47m [0m[0;30;47m [0m[0;30;47m [0m[0;30;47m [0m[0;30;47m [0m[0;30;47m [0m[0;30;47m [0m[0;30;47m [0m[0;30;47m [0m[0;30;47m [0m[0;30;47m [0m[0;30;47m [0m[0;30;47m [0m[0;30;47m [0m[0;30;47m [0m[0;30;47m [0m[0;30;47m [0m[0;30;47m [0m[0;30;47m [0m[0;30;47m [0m[0;30;47m [0m[0;30;47m [0m[0;30;47m [0m[0;30;47m [0m[0;30;47m [0m[0;30;47m [0m[0;30;47m [0m[0;30;47m [0m[0;30;47m [0m[0;30;47m [0m[0;30;47m [0m[0;30;47m [0m[0;30;47m [0m[0;30;47m [0m[0;30;47m [0m[0;34;46m~[0m[0;30;47m [0m[0;30;47m [0m[0;30;47m [0m[0;30;47m [0m[0;30;47m [0m[0;30;47m [0m[0;30;47m [0m[0;30;47m [0m[0;30;47m [0m[0;30;47m [0m[0;30;47m [0m[0;30;47m [0m[0;30;47m [0m[0;30;47m [0m[0;30;47m [0m[0;30;47m [0m[0;30;47m [0m[0;30;47m [0m[0;30;47m [0m[0;30;47m [0m[0;30;47m [0m[0;30;47m [0m[0;30;47m [0m[0;30;47m [0m[0;30;47m [0m[0;30;47m [0m[0;30;47m [0m[0;30;47m [0m[0;30;47m [0m[0;30;47m [0m[0;30;47m [0m[0;30;47m [0m[0;30;47m [0m[0;30;47m [0m[0;30;47m [0m[0;30;47m [0m[0;30;47m [0m[0;30;47m [0m[0;30;47m [0m[0;30;47m [0m[0;30;47m [0m[0;30;47m [0m[0;30;47m [0m[0;30;47m [0m[0;30;47m [0m[0;34;46m~[0m
[0;34;46m~[0m[0;30;47m [0m[0;30;47m [0m[0;30;47m [0m[0;30;47m [0m[0;30;47m [0m[0;30;47m [0m[0;30;47m [0m[0;30;47m [0m[0;30;47m [0m[0;30;47m [0m[0;30;47m [0m[0;30;47m [0m[0;30;47m [0m[0;30;47m [0m[0;30;47m [0m[0;30;47m [0m[0;30;47m [0m[0;30;47m [0m[0;30;47m [0m[0;30;47m [0m[0;30;47m [0m[0;30;47m [0m[0;30;47m [0m[0;30;47m [0m[0;30;47m [0m[0;30;47m [0m[0;30;47m [0m[0;30;47m [0m[0;30;47m [0m[0;30;47m [0m[0;30;47m [0m[0;30;47m [0m[0;30;47m [0m[0;30;47m [0m[0;30;47m [0m[0;30;47m [0m[0;30;47m [0m[0;30;47m [0m[0;30;47m [0m[0;30;47m [0m[0;30;47m [0m[0;30;47m [0m[0;30;47m [0m[0;30;47m [0m[0;30;47m [0m[0;30;47m [0m[0;30;47m [0m[0;30;47m [0m[0;30;47m [0m[0;30;47m [0m[0;30;47m [0m[0;30;47m [0m[0;30;47m [0m[0;30;47m [0m[0;30;47m [0m[0;30;47m [0m[0;30;47m [0m[0;30;47m [0m[0;30;47m [0m[0;30;47m [0m[0;30;47m [0m[0;30;47m [0m[0;34;46m~[0m[0;30;47m [0m[0;30;47m [0m[0;30;47m [0m[0;30;47m [0m[0;30;47m [0m[0;30;47m [0m[0;30;47m [0m[0;30;47m [0m[0;30;47m [0m[0;30;47m [0m[0;30;47m [0m[0;30;47m [0m[0;30;47m [0m[0;30;47m [0m[0;30;47m [0m[0;30;47m [0m[0;30;47m [0m[0;30;47m [0m[0;30;47m [0m[0;30;47m [0m[0;30;47m [0m[0;30;47m [0m[0;30;47m [0m[0;30;47m [0m[0;30;47m [0m[0;30;47m [0m[0;30;47m [0m[0;30;47m [0m[0;30;47m [0m[0;30;47m [0m[0;30;47m [0m[0;30;47m [0m[0;30;47m [0m[0;30;47m [0m[0;30;47m [0m[0;30;47m [0m[0;30;47m [0m[0;30;47m [0m[0;30;47m [0m[0;30;47m [0m[0;30;47m [0m[0;30;47m [0m[0;30;47m [0m[0;30;47m [0m[0;30;47m [0m[0;34;46m~[0m
[0;34;46m~[0m[0;30;47m [0m[0;30;47m [0m[0;30;47m [0m[0;30;47m [0m[0;30;47m [0m[0;30;47m [0m[0;30;47m [0m[0;30;47m [0m[0;30;47m [0m[0;30;47m [0m[0;30;47m [0m[0;30;47m [0m[0;30;47m [0m[0;30;47m [0m[0;30;47m [0m[0;30;47m [0m[0;30;47m [0m[0;30;47m [0m[0;30;47m [0m[0;30;47m [0m[0;30;47m [0m[0;30;47m [0m[0;30;47m [0m[0;30;47m [0m[0;30;47m [0m[0;30;47m [0m[0;30;47m [0m[0;30;47m [0m[0;30;47m [0m[0;30;47m [0m[0;30;47m [0m[0;30;47m [0m[0;30;47m [0m[0;30;47m [0m[0;30;47m [0m[0;30;47m [0m[0;30;47m [0m[0;30;47m [0m[0;30;47m [0m[0;30;47m [0m[0;30;47m [0m[0;30;47m [0m[0;30;47m [0m[0;30;47m [0m[0;30;47m [0m[0;30;47m [0m[0;30;47m [0m[0;30;47m [0m[0;30;47m [0m[0;30;47m [0m[0;30;47m [0m[0;30;47m [0m[0;30;47m [0m[0;30;47m [0m[0;30;47m [0m[0;30;47m [0m[0;30;47m [0m[0;30;47m [0m[0;30;47m [0m[0;30;47m [0m[0;30;47m [0m[0;30;47m [0m[0;34;46m~[0m[0;30;47m [0m[0;30;47m [0m[0;30;47m [0m[0;30;47m [0m[0;30;47m [0m[0;30;47m [0m[0;30;47m [0m[0;30;47m [0m[0;30;47m [0m[0;30;47m [0m[0;30;47m [0m[0;30;47m [0m[0;30;47m [0m[0;30;47m [0m[0;30;47m [0m[0;30;47m [0m[0;30;47m [0m[0;30;47m [0m[0;30;47m [0m[0;30;47m [0m[0;30;47m [0m[0;30;47m [0m[0;30;47m [0m[0;30;47m [0m[0;30;47m [0m[0;30;47m [0m[0;30;47m [0m[0;30;47m [0m[0;30;47m [0m[0;30;47m [0m[0;30;47m [0m[0;30;47m [0m[0;30;47m [0m[0;30;47m [0m[0;30;47m [0m[0;30;47m [0m[0;30;47m [0m[0;30;47m [0m[0;30;47m [0m[0;30;47m [0m[0;30;47m [0m[0;30;47m [0m[0;30;47m [0m[0;30;47m [0m[0;30;47m [0m[0;34;46m~[0m
[0;34;46m~[0m[0;34;46m~[0m[0;34;46m~[0m[0;34;46m~[0m[0;34;46m~[0m[0;34;46m~[0m[0;34;46m~[0m[0;34;46m~[0m[0;34;46m~[0m[0;34;46m~[0m[0;34;46m~[0m[0;34;46m~[0m[0;34;46m~[0m[0;34;46m~[0m[0;34;46m~[0m[0;34;46m~[0m[0;34;46m~[0m[0;34;46m~[0m[0;34;46m~[0m[0;34;46m~[0m[0;34;46m~[0m[0;34;46m~[0m[0;34;46m~[0m[0;34;46m~[0m[0;34;46m~[0m[0;34;46m~[0m[0;34;46m~[0m[0;34;46m~[0m[0;34;46m~[0m[0;34;46m~[0m[0;34;46m~[0m[0;34;46m~[0m[0;34;46m~[0m[0;34;46m~[0m[0;34;46m~[0m[0;34;46m~[0m[0;34;46m~[0m[0;34;46m~[0m[0;34;46m~[0m[0;34;46m~[0m[0;34;46m~[0m[0;34;46m~[0m[0;34;46m~[0m[0;34;46m~[0m[0;34;46m~[0m[0;34;46m~[0m[0;34;46m~[0m[0;34;46m~[0m[0;34;46m~[0m[0;34;46m~[0m[0;34;46m~[0m[0;34;46m~[0m[0;34;46m~[0m[0;34;46m~[0m[0;34;46m~[0m[0;34;46m~[0m[0;34;46m~[0m[0;34;46m~[0m[0;34;46m~[0m[0;34;46m~[0m[0;34;46m~[0m[0;34;46m~[0m[0;34;46m~[0m[0;34;46m~[0m[0;34;46m~[0m[0;34;46m~[0m[0;34;46m~[0m[0;34;46m~[0m[0;34;46m~[0m[0;34;46m~[0m[0;34;46m~[0m[0;34;46m~[0m[0;34;46m~[0m[0;34;46m~[0m[0;34;46m~[0m[0;34;46m~[0m[0;34;46m~[0m[0;34;46m~[0m[0;34;46m~[0m[0;34;46m~[0m[0;34;46m~[0m[0;34;46m~[0m[0;34;46m~[0m[0;34;46m~[0m[0;34;46m~[0m[0;34;46m~[0m[0;34;46m~[0m[0;34;46m~[0m[0;34;46m~[0m[0;34;46m~[0m[0;34;46m~[0m[0;34;46m~[0m[0;34;46m~[0m[0;34;46m~[0m[0;34;46m~[0m[0;34;46m~[0m[0;34;46m~[0m[0;34;46m~[0m[0;34;46m~[0m[0;34;46m~[0m[0;34;46m~[0m[0;34;46m~[0m[0;34;46m~[0m[0;34;46m~[0m[0;34;46m~[0m[0;34;46m~[0m[0;34;46m~[0m[0;34;46m~[0m[0;34;46m~[0m[0;34;46m~[0m
[0;34;46m~[0m[0;30;47m [0m[0;30;47m [0m[0;30;47m [0m[0;30;47m [0m[0;30;47m [0m[0;30;47m [0m[0;30;47m [0m[0;30;47m [0m[0;30;47m [0m[0;30;47m [0m[0;30;47m [0m[0;30;47m [0m[0;30;47m [0m[0;30;47m [0m[0;30;47m [0m[0;30;47m [0m[0;30;47m [0m[0;30;47m [0m[0;30;47m [0m[0;30;47m [0m[0;30;47m [0m[0;30;47m [0m[0;30;47m [0m[0;30;47m [0m[0;30;47m [0m[0;30;47m [0m[0;30;47m [0m[0;30;47m [0m[0;30;47m [0m[0;30;47m [0m[0;30;47m [0m[0;30;47m [0m[0;30;47m [0m[0;30;47m [0m[0;30;47m [0m[0;30;47m [0m[0;30;47m [0m[0;30;47m [0m[0;30;47m [0m[0;30;47m [0m[0;30;47m [0m[0;30;47m [0m[0;30;47m [0m[0;30;47m [0m[0;30;47m [0m[0;30;47mT[0m[0;30;47mH[0m[0;30;47mE[0m[0;30;47m [0m[0;30;47mH[0m[0;30;47mA[0m[0;30;47mU[0m[0;30;47mN[0m[0;30;47mT[0m[0;30;47mE[0m[0;30;47mD[0m[0;30;47m [0m[0;30;47mC[0m[0;30;47mA[0m[0;30;47mS[0m[0;30;47mT[0m[0;30;47mL[0m[0;30;47mE[0m[0;30;47m [0m[0;30;47m [0m[0;30;47m [0m[0;30;47m [0m[0;30;47m [0m[0;30;47m [0m[0;30;47m [0m[0;30;47m [0m[0;30;47m [0m[0;30;47m [0m[0;30;47m [0m[0;30;47m [0m[0;30;47m [0m[0;30;47m [0m[0;30;47m [0m[0;30;47m [0m[0;30;47m [0m[0;30;47m [0m[0;30;47m [0m[0;30;47m [0m[0;30;47m [0m[0;30;47m [0m[0;30;47m [0m[0;30;47m [0m[0;30;47m [0m[0;30;47m [0m[0;30;47m [0m[0;30;47m [0m[0;30;47m [0m[0;30;47m [0m[0;30;47m [0m[0;30;47m [0m[0;30;47m [0m[0;30;47m [0m[0;30;47m [0m[0;30;47m [0m[0;30;47m [0m[0;30;47m [0m[0;30;47m [0m[0;30;47m [0m[0;30;47m [0m[0;30;47m [0m[0;30;47m [0m[0;30;47m [0m[0;30;47m [0m[0;34;46m~[0m
[0;34;46m~[0m[0;34;46m~[0m[0;34;46m~[0m[0;34;46m~[0m[0;34;46m~[0m[0;34;46m~[0m[0;34;46m~[0m[0;34;46m~[0m[0;34;46m~[0m[0;34;46m~[0m[0;34;46m~[0m[0;34;46m~[0m[0;34;46m~[0m[0;34;46m~[0m[0;34;46m~[0m[0;34;46m~[0m[0;34;46m~[0m[0;34;46m~[0m[0;34;46m~[0m[0;34;46m~[0m[0;34;46m~[0m[0;34;46m~[0m[0;34;46m~[0m[0;34;46m~[0m[0;34;46m~[0m[0;34;46m~[0m[0;34;46m~[0m[0;34;46m~[0m[0;34;46m~[0m[0;34;46m~[0m[0;34;46m~[0m[0;34;46m~[0m[0;34;46m~[0m[0;34;46m~[0m[0;34;46m~[0m[0;34;46m~[0m[0;34;46m~[0m[0;34;46m~[0m[0;34;46m~[0m[0;34;46m~[0m[0;34;46m~[0m[0;34;46m~[0m[0;34;46m~[0m[0;34;46m~[0m[0;34;46m~[0m[0;34;46m~[0m[0;34;46m~[0m[0;34;46m~[0m[0;34;46m~[0m[0;34;46m~[0m[0;34;46m~[0m[0;34;46m~[0m[0;34;46m~[0m[0;34;46m~[0m[0;34;46m~[0m[0;34;46m~[0m[0;34;46m~[0m[0;34;46m~[0m[0;34;46m~[0m[0;34;46m~[0m[0;34;46m~[0m[0;34;46m~[0m[0;34;46m~[0m[0;34;46m~[0m[0;34;46m~[0m[0;34;46m~[0m[0;34;46m~[0m[0;34;46m~[0m[0;34;46m~[0m[0;34;46m~[0m[0;34;46m~[0m[0;34;46m~[0m[0;34;46m~[0m[0;34;46m~[0m[0;34;46m~[0m[0;34;46m~[0m[0;34;46m~[0m[0;34;46m~[0m[0;34;46m~[0m[0;34;46m~[0m[0;34;46m~[0m[0;34;46m~[0m[0;34;46m~[0m[0;34;46m~[0m[0;34;46m~[0m[0;34;46m~[0m[0;34;46m~[0m[0;34;46m~[0m[0;34;46m~[0m[0;34;46m~[0m[0;34;46m~[0m[0;34;46m~[0m[0;34;46m~[0m[0;34;46m~[0m[0;34;46m~[0m[0;34;46m~[0m[0;34;46m~[0m[0;34;46m~[0m[0;34;46m~[0m[0;34;46m~[0m[0;34;46m~[0m[0;34;46m~[0m[0;34;46m~[0m[0;34;46m~[0m[0;34;46m~[0m[0;34;46m~[0m[0;34;46m~[0m[0;34;46m~[0m[0;34;46m~[0m[0;34;46m~[0m
[0;34;46m~[0m[0;30;47m [0m[0;30;47m [0m[0;30;47mC[0m[0;30;47mo[0m[0;30;47mm[0m[0;30;47mm[0m[0;30;47ma[0m[0;30;47mn[0m[0;30;47md[0m[0;30;47ms[0m[0;30;47m:[0m[0;30;47m [0m[0;30;47mm[0m[0;30;47mo[0m[0;30;47mv[0m[0;30;47me[0m[0;30;47m([0m[0;30;47mm[0m[0;30;47m)[0m[0;30;47m [0m[0;30;47m[[0m[0;30;47md[0m[0;30;47mi[0m[0;30;47mr[0m[0;30;47m][0m[0;30;47m [0m[0;30;47m|[0m[0;30;47m [0m[0;30;47mt[0m[0;30;47ma[0m[0;30;47mk[0m[0;30;47me[0m[0;30;47m([0m[0;30;47mt[0m[0;30;47m)[0m[0;30;47m [0m[0;30;47m[[0m[0;30;47mo[0m[0;30;47mb[0m[0;30;47mj[0m[0;30;47m][0m[0;30;47m [0m[0;30;47m|[0m[0;30;47m [0m[0;30;47md[0m[0;30;47mr[0m[0;30;47mo[0m[0;30;47mp[0m[0;30;47m([0m[0;30;47md[0m[0;30;47m)[0m[0;30;47m [0m[0;30;47m[[0m[0;30;47mo[0m[0;30;47mb[0m[0;30;47mj[0m[0;30;47m][0m[0;30;47m [0m[0;30;47m|[0m[0;30;47m [0m[0;30;47ma[0m[0;30;47mt[0m[0;30;47mt[0m[0;30;47ma[0m[0;30;47mc[0m[0;30;47mk[0m[0;30;47m([0m[0;30;47ma[0m[0;30;47m)[0m[0;30;47m [0m[0;30;47m|[0m[0;30;47m [0m[0;30;47mc[0m[0;30;47mh[0m[0;30;47ma[0m[0;30;47mt[0m[0;30;47m([0m[0;30;47mc[0m[0;30;47m)[0m[0;30;47m [0m[0;30;47m|[0m[0;30;47m [0m[0;30;47mr[0m[0;30;47me[0m[0;30;47mc[0m[0;30;47mr[0m[0;30;47mu[0m[0;30;47mi[0m[0;30;47mt[0m[0;30;47m([0m[0;30;47mr[0m[0;30;47m)[0m[0;30;47m [0m[0;30;47m[[0m[0;30;47mc[0m[0;30;47mh[0m[0;30;47ma[0m[0;30;47mr[0m[0;30;47m][0m[0;30;47m [0m[0;30;47m [0m[0;30;47m [0m[0;30;47m [0m[0;30;47m [0m[0;30;47m [0m[0;30;47m [0m[0;30;47m [0m[0;30;47m [0m[0;34;46m~[0m
[0;34;46m~[0m[0;30;47m [0m[0;30;47m [0m[0;30;47mi[0m[0;30;47mn[0m[0;30;47ms[0m[0;30;47mp[0m[0;30;47me[0m[0;30;47mc[0m[0;30;47mt[0m[0;30;47m([0m[0;30;47mi[0m[0;30;47m)[0m[0;30;47m [0m[0;30;47m[[0m[0;30;47mo[0m[0;30;47mb[0m[0;30;47mj[0m[0;30;47m][0m[0;30;47m [0m[0;30;47m|[0m[0;30;47m [0m[0;30;47mu[0m[0;30;47ms[0m[0;30;47me[0m[0;30;47m([0m[0;30;47mu[0m[0;30;47m)[0m[0;30;47m [0m[0;30;47m[[0m[0;30;47mo[0m[0;30;47mb[0m[0;30;47mj[0m[0;30;47m][0m[0;30;47m [0m[0;30;47m|[0m[0;30;47m [0m[0;30;47mo[0m[0;30;47mp[0m[0;30;47me[0m[0;30;47mn[0m[0;30;47m([0m[0;30;47mo[0m[0;30;47m)[0m[0;30;47m [0m[0;30;47m[[0m[0;30;47ml[0m[0;30;47mn[0m[0;30;47mk[0m[0;30;47m][0m[0;30;47m [0m[0;30;47mw[0m[0;30;47mi[0m[0;30;47mt[0m[0;30;47mh[0m[0;30;47m [0m[0;30;47m[[0m[0;30;47mo[0m[0;30;47mb[0m[0;30;47mj[0m[0;30;47m][0m[0;30;47m [0m[0;30;47m|[0m[0;30;47m [0m[0;30;47mt[0m[0;30;47mp[0m[0;30;47m [0m[0;30;47m[[0m[0;30;47mr[0m[0;30;47mo[0m[0;30;47mo[0m[0;30;47mm[0m[0;30;47m][0m[0;30;47m [0m[0;30;47m|[0m[0;30;47m [0m[0;30;47me[0m[0;30;47mx[0m[0;30;47mi[0m[0;30;47mt[0m[0;30;47m([0m[0;30;47me[0m[0;30;47m)[0m[0;30;47m [0m[0;30;47m|[0m[0;30;47m [0m[0;30;47ma[0m[0;30;47mb[0m[0;30;47ma[0m[0;30;47mn[0m[0;30;47md[0m[0;30;47mo[0m[0;30;47mn[0m[0;30;47m([0m[0;30;47mf[0m[0;30;47m)[0m[0;30;47m [0m[0;30;47m[[0m[0;30;47mc[0m[0;30;47mh[0m[0;30;47ma[0m[0;30;47mr[0m[0;30;47m][0m[0;30;47m [0m[0;30;47m [0m[0;30;47m [0m[0;30;47m [0m[0;30;47m [0m[0;30;47m [0m[0;34;46m~[0m
[0;34;46m~[0m[0;34;46m~[0m[0;34;46m~[0m[0;34;46m~[0m[0;34;46m~[0m[0;34;46m~[0m[0;34;46m~[0m[0;34;46m~[0m[0;34;46m~[0m[0;34;46m~[0m[0;34;46m~[0m[0;34;46m~[0m[0;34;46m~[0m[0;34;46m~[0m[0;34;46m~[0m[0;34;46m~[0m[0;34;46m~[0m[0;34;46m~[0m[0;34;46m~[0m[0;34;46m~[0m[0;34;46m~[0m[0;34;46m~[0m[0;34;46m~[0m[0;34;46m~[0m[0;34;46m~[0m[0;34;46m~[0m[0;34;46m~[0m[0;34;46m~[0m[0;34;46m~[0m[0;34;46m~[0m[0;34;46m~[0m[0;34;46m~[0m[0;34;46m~[0m[0;34;46m~[0m[0;34;46m~[0m[0;34;46m~[0m[0;34;46m~[0m[0;34;46m~[0m[0;34;46m~[0m[0;34;46m~[0m[0;34;46m~[0m[0;34;46m~[0m[0;34;46m~[0m[0;34;46m~[0m[0;34;46m~[0m[0;34;46m~[0m[0;34;46m~[0m[0;34;46m~[0m[0;34;46m~[0m[0;34;46m~[0m[0;34;46m~[0m[0;34;46m~[0m[0;34;46m~[0m[0;34;46m~[0m[0;34;46m~[0m[0;34;46m~[0m[0;34;46m~[0m[0;34;46m~[0m[0;34;46m~[0m[0;34;46m~[0m[0;34;46m~[0m[0;34;46m~[0m[0;34;46m~[0m[0;34;46m~[0m[0;34;46m~[0m[0;34;46m~[0m[0;34;46m~[0m[0;34;46m~[0m[0;34;46m~[0m[0;34;46m~[0m[0;34;46m~[0m[0;34;46m~[0m[0;34;46m~[0m[0;34;46m~[0m[0;34;46m~[0m[0;34;46m~[0m[0;34;46m~[0m[0;34;46m~[0m[0;34;46m~[0m[0;34;46m~[0m[0;34;46m~[0m[0;34;46m~[0m[0;34;46m~[0m[0;34;46m~[0m[0;34;46m~[0m[0;34;46m~[0m[0;34;46m~[0m[0;34;46m~[0m[0;34;46m~[0m[0;34;46m~[0m[0;34;46m~[0m[0;34;46m~[0m[0;34;46m~[0m[0;34;46m~[0m[0;34;46m~[0m[0;34;46m~[0m[0;34;46m~[0m[0;34;46m~[0m[0;34;46m~[0m[0;34;46m~[0m[0;34;46m~[0m[0;34;46m~[0m[0;34;46m~[0m[0;34;46m~[0m[0;34;46m~[0m[0;34;46m~[0m[0;34;46m~[0m[0;34;46m~[0m[0;34;46m~[0m[0;34;46m~[0m
[0;34;46m~[0m[0;30;47m [0m[0;30;47m [0m[0;30;47m [0m[0;30;47m [0m[0;30;47m [0m[0;30;47m [0m[0;30;47m [0m[0;30;47m [0m[0;30;47m [0m[0;30;47m [0m[0;30;47m [0m[0;30;47m [0m[0;30;47m [0m[0;30;47m [0m[0;30;47m [0m[0;30;47m [0m[0;30;47m [0m[0;30;47m [0m[0;30;47m [0m[0;30;47m [0m[0;30;47m [0m[0;30;47m [0m[0;30;47m [0m[0;30;47m [0m[0;30;47m [0m[0;30;47m [0m[0;30;47m [0m[0;30;47m [0m[0;30;47m [0m[0;30;47m [0m[0;30;47m [0m[0;30;47m [0m[0;30;47m [0m[0;30;47m [0m[0;30;47m [0m[0;30;47m [0m[0;30;47m [0m[0;30;47m [0m[0;30;47m [0m[0;30;47m [0m[0;30;47m [0m[0;30;47m [0m[0;30;47m [0m[0;30;47m [0m[0;30;47m [0m[0;30;47m [0m[0;30;47m [0m[0;30;47m [0m[0;30;47m [0m[0;30;47m [0m[0;30;47m [0m[0;30;47m [0m[0;30;47m [0m[0;30;47m [0m[0;30;47m [0m[0;30;47m [0m[0;30;47m [0m[0;30;47m [0m[0;30;47m [0m[0;30;47m [0m[0;30;47m [0m[0;30;47m [0m[0;30;47m [0m[0;30;47m [0m[0;30;47m [0m[0;30;47m [0m[0;30;47m [0m[0;30;47m [0m[0;30;47m [0m[0;30;47m [0m[0;30;47m [0m[0;30;47m [0m[0;30;47m [0m[0;30;47m [0m[0;30;47m [0m[0;30;47m [0m[0;30;47m [0m[0;30;47m [0m[0;30;47m [0m[0;30;47m [0m[0;30;47m [0m[0;30;47m [0m[0;30;47m [0m[0;30;47m [0m[0;30;47m [0m[0;30;47m [0m[0;30;47m [0m[0;30;47m [0m[0;30;47m [0m[0;30;47m [0m[0;30;47m [0m[0;30;47m [0m[0;30;47m [0m[0;30;47m [0m[0;30;47m [0m[0;30;47m [0m[0;30;47m [0m[0;30;47m [0m[0;30;47m [0m[0;30;47m [0m[0;30;47m [0m[0;30;47m [0m[0;30;47m [0m[0;30;47m [0m[0;30;47m [0m[0;30;47m [0m[0;30;47m [0m[0;30;47m [0m[0;34;46m~[0m
[0;34;46m~[0m[0;30;47m [0m[0;30;47m [0m[0;30;47m [0m[0;30;47m [0m[0;30;47m [0m[0;30;47m [0m[0;30;47m [0m[0;30;47m [0m[0;30;47m [0m[0;30;47m [0m[0;30;47m [0m[0;30;47m [0m[0;30;47m [0m[0;30;47m [0m[0;30;47m [0m[0;30;47m [0m[0;30;47m [0m[0;30;47m [0m[0;30;47m [0m[0;30;47m [0m[0;30;47m [0m[0;30;47m [0m[0;30;47m [0m[0;30;47m [0m[0;30;47m [0m[0;30;47m [0m[0;30;47m [0m[0;30;47m [0m[0;30;47m [0m[0;30;47m [0m[0;30;47m [0m[0;30;47m [0m[0;30;47m [0m[0;30;47m [0m[0;30;47m [0m[0;30;47m [0m[0;30;47m [0m[0;30;47m [0m[0;30;47m [0m[0;30;47m [0m[0;30;47m [0m[0;30;47m [0m[0;30;47m [0m[0;30;47m [0m[0;30;47m [0m[0;30;47m [0m[0;30;47m [0m[0;30;47m [0m[0;30;47m [0m[0;30;47m [0m[0;30;47m [0m[0;30;47m [0m[0;30;47m [0m[0;30;47m [0m[0;30;47m [0m[0;30;47m [0m[0;30;47m [0m[0;30;47m [0m[0;30;47m [0m[0;30;47m [0m[0;30;47m [0m[0;30;47m [0m[0;30;47m [0m[0;30;47m [0m[0;30;47m [0m[0;30;47m [0m[0;30;47m [0m[0;30;47m [0m[0;30;47m [0m[0;30;47m [0m[0;30;47m [0m[0;30;47m [0m[0;30;47m [0m[0;30;47m [0m[0;30;47m [0m[0;30;47m [0m[0;30;47m [0m[0;30;47m [0m[0;30;47m [0m[0;30;47m [0m[0;30;47m [0m[0;30;47m [0m[0;30;47m [0m[0;30;47m [0m[0;30;47m [0m[0;30;47m [0m[0;30;47m [0m[0;30;47m [0m[0;30;47m [0m[0;30;47m [0m[0;30;47m [0m[0;30;47m [0m[0;30;47m [0m[0;30;47m [0m[0;30;47m [0m[0;30;47m [0m[0;30;47m [0m[0;30;47m [0m[0;30;47m [0m[0;30;47m [0m[0;30;47m [0m[0;30;47m [0m[0;30;47m [0m[0;30;47m [0m[0;30;47m [0m[0;30;47m [0m[0;30;47m [0m[0;30;47m [0m[0;34;46m~[0m
[0;34;46m~[0m[0;30;47m [0m[0;30;47m [0m[0;30;47m [0m[0;30;47m [0m[0;30;47m [0m[0;30;47m [0m[0;30;47m [0m[0;30;47m [0m[0;30;47m [0m[0;30;47m [0m[0;30;47m [0m[0;30;47m [0m[0;30;47m [0m[0;30;47m [0m[0;30;47m [0m[0;30;47m [0m[0;30;47m [0m[0;30;47m [0m[0;30;47m [0m[0;30;47m [0m[0;30;47m [0m[0;30;47m [0m[0;30;47m [0m[0;30;47m [0m[0;30;47m [0m[0;30;47m [0m[0;30;47m [0m[0;30;47m [0m[0;30;47m [0m[0;30;47m [0m[0;30;47m [0m[0;30;47m [0m[0;30;47m [0m[0;30;47m [0m[0;30;47m [0m[0;30;47m [0m[0;30;47m [0m[0;30;47m [0m[0;30;47m [0m[0;30;47m [0m[0;30;47m [0m[0;30;47m [0m[0;30;47m [0m[0;30;47m [0m[0;30;47m [0m[0;30;47m [0m[0;30;47m [0m[0;30;47m [0m[0;30;47m [0m[0;30;47m [0m[0;30;47m [0m[0;30;47m [0m[0;30;47m [0m[0;30;47m [0m[0;30;47m [0m[0;30;47m [0m[0;30;47m [0m[0;30;47m [0m[0;30;47m [0m[0;30;47m [0m[0;30;47m [0m[0;30;47m [0m[0;30;47m [0m[0;30;47m [0m[0;30;47m [0m[0;30;47m [0m[0;30;47m [0m[0;30;47m [0m[0;30;47m [0m[0;30;47m [0m[0;30;47m [0m[0;30;47m [0m[0;30;47m [0m[0;30;47m [0m[0;30;47m [0m[0;30;47m [0m[0;30;47m [0m[0;30;47m [0m[0;30;47m [0m[0;30;47m [0m[0;30;47m [0m[0;30;47m [0m[0;30;47m [0m[0;30;47m [0m[0;30;47m [0m[0;30;47m [0m[0;30;47m [0m[0;30;47m [0m[0;30;47m [0m[0;30;47m [0m[0;30;47m [0m[0;30;47m [0m[0;30;47m [0m[0;30;47m [0m[0;30;47m [0m[0;30;47m [0m[0;30;47m [0m[0;30;47m [0m[0;30;47m [0m[0;30;47m [0m[0;30;47m [0m[0;30;47m [0m[0;30;47m [0m[0;30;47m [0m[0;30;47m [0m[0;30;47m [0m[0;30;47m [0m[0;30;47m [0m[0;34;46m~[0m
prompt:> [2J
[0;34;46m~[0m[0;34;46m~[0m[0;34;46m~[0m[0;34;46m~[0m[0;34;46m~[0m[0;34;46m~[0m[0;34;46m~[0m[0;34;46m~[0m[0;34;46m~[0m[0;34;46m~[0m[0;34;46m~[0m[0;34;46m~[0m[0;34;46m~[0m[0;34;46m~[0m[0;34;46m~[0m[0;34;46m~[0m[0;34;46m~[0m[0;34;46m~[0m[0;34;46m~[0m[0;34;46m~[0m[0;34;46m~[0m[0;34;46m~[0m[0;34;46m~[0m[0;34;46m~[0m[0;34;46m~[0m[0;34;46m~[0m[0;34;46m~[0m[0;34;46m~[0m[0;34;46m~[0m[0;34;46m~[0m[0;34;46m~[0m[0;34;46m~[0m[0;34;46m~[0m[0;34;46m~[0m[0;34;46m~[0m[0;34;46m~[0m[0;34;46m~[0m[0;34;46m~[0m[0;34;46m~[0m[0;34;46m~[0m[0;34;46m~[0m[0;34;46m~[0m[0;34;46m~[0m[0;34;46m~[0m[0;34;46m~[0m[0;34;46m~[0m[0;34;46m~[0m[0;34;46m~[0m[0;34;46m~[0m[0;34;46m~[0m[0;34;46m~[0m[0;34;46m~[0m[0;34;46m~[0m[0;34;46m~[0m[0;34;46m~[0m[0;34;46m~[0m[0;34;46m~[0m[0;34;46m~[0m[0;34;46m~[0m[0;34;46m~[0m[0;34;46m~[0m[0;34;46m~[0m[0;34;46m~[0m[0;34;46m~[0m[0;34;46m~[0m[0;34;46m~[0m[0;34;46m~[0m[0;34;46m~[0m[0;34;46m~[0m[0;34;46m~[0m[0;34;46m~[0m[0;34;46m~[0m[0;34;46m~[0m[0;34;46m~[0m[0;34;46m~[0m[0;34;46m~[0m[0;34;46m~[0m[0;34;46m~[0m[0;34;46m~[0m[0;34;46m~[0m[0;34;46m~[0m[0;34;46m~[0m[0;34;46m~[0m[0;34;46m~[0m[0;34;46m~[0m[0;34;46m~[0m[0;34;46m~[0m[0;34;46m~[0m[0;34;46m~[0m[0;34;46m~[0m[0;34;46m~[0m[0;34;46m~[0m[0;34;46m~[0m[0;34;46m~[0m[0;34;46m~[0m[0;34;46m~[0m[0;34;46m~[0m[0;34;46m~[0m[0;34;46m~[0m[0;34;46m~[0m[0;34;46m~[0m[0;34;46m~[0m[0;34;46m~[0m[0;34;46m~[0m[0;34;46m~[0m[0;34;46m~[0m[0;34;46m~[0m[0;34;46m~[0m[0;34;46m~[0m[0;34;46m~[0m
[0;34;46m~[0m[0;30;47m [0m[0;30;47m [0m[0;30;47m [0m[0;30;47m [0m[0;30;47m [0m[0;30;47m [0m[0;30;47m [0m[0;30;47m [0m[0;30;47m [0m[0;30;47m [0m[0;30;47m [0m[0;30;47m [0m[0;30;47m [0m[0;30;47m [0m[0;30;47m [0m[0;30;47m [0m[0;30;47m [0m[0;30;47m [0m[0;30;47m [0m[0;30;47m [0m[0;30;47m [0m[0;30;47m+[0m[0;30;47m-[0m[0;30;47m-[0m[0;30;47m-[0m[0;30;47m-[0m[0;30;47m-[0m[0;30;47m-[0m[0;30;47m-[0m[0;30;47m-[0m[0;30;47m-[0m[0;30;47m-[0m[0;30;47m-[0m[0;30;47m-[0m[0;30;47m-[0m[0;30;47m-[0m[0;30;47m-[0m[0;30;47m+[0m[0;30;47m [0m[0;30;47m [0m[0;30;47m [0m[0;30;47m [0m[0;30;47m [0m[0;30;47m [0m[0;30;47m [0m[0;30;47m [0m[0;30;47m [0m[0;30;47m [0m[0;30;47m [0m[0;30;47m [0m[0;30;47m [0m[0;30;47m [0m[0;30;47m [0m[0;30;47m [0m[0;30;47m [0m[0;30;47m [0m[0;30;47m [0m[0;30;47m [0m[0;30;47m [0m[0;30;47m [0m[0;30;47m [0m[0;30;47m [0m[0;34;46m~[0m[0;30;47m [0m[0;30;47m [0m[0;30;47m=[0m[0;30;47m=[0m[0;30;47m=[0m[0;30;47m=[0m[0;30;47m=[0m[0;30;47m=[0m[0;30;47m=[0m[0;30;47m=[0m[0;30;47m=[0m[0;30;47m=[0m[0;30;47m=[0m[0;30;47m=[0m[0;30;47m=[0m[0;30;47m=[0m[0;30;47m=[0m[0;30;47m=[0m[0;30;47m=[0m[0;30;47m=[0m[0;30;47m=[0m[0;30;47m=[0m[0;30;47m=[0m[0;30;47m=[0m[0;30;47m=[0m[0;30;47m=[0m[0;30;47m=[0m[0;30;47m=[0m[0;30;47m=[0m[0;30;47m=[0m[0;30;47m=[0m[0;30;47m=[0m[0;30;47m=[0m[0;30;47m=[0m[0;30;47m=[0m[0;30;47m=[0m[0;30;47m=[0m[0;30;47m=[0m[0;30;47m=[0m[0;30;47m=[0m[0;30;47m=[0m[0;30;47m=[0m[0;30;47m=[0m[0;30;47m [0m[0;30;47m [0m[0;34;46m~[0m
[0;34;46m~[0m[0;30;47m [0m[0;30;47m [0m[0;30;47m [0m[0;30;47m [0m[0;30;47m [0m[0;30;47m [0m[0;30;47m [0m[0;30;47m [0m[0;30;47m [0m[0;30;47m [0m[0;30;47m [0m[0;30;47m [0m[0;30;47m [0m[0;30;47m [0m[0;30;47m [0m[0;30;47m [0m[0;30;47m [0m[0;30;47m [0m[0;30;47m [0m[0;30;47m [0m[0;30;47m [0m[0;30;47m|[0m[0;30;47m [0m[0;30;47m^[0m[0;30;47mE[0m[0;30;47m>[0m[0;30;47m [0m[0;30;47m [0m[0;30;47m\[0m[0;30;47mS[0m[0;30;47me[0m[0;30;47m/[0m[0;30;47m [0m[0;30;47m [0m[0;30;47m [0m[0;30;47m1[0m[0;30;47m1[0m[0;30;47m|[0m[0;30;47m [0m[0;30;47m [0m[0;30;47m [0m[0;30;47m [0m[0;30;47m [0m[0;30;47m [0m[0;30;47m [0m[0;30;47m [0m[0;30;47m [0m[0;30;47m [0m[0;30;47m [0m[0;30;47m [0m[0;30;47m [0m[0;30;47m [0m[0;30;47m [0m[0;30;47m [0m[0;30;47m [0m[0;30;47m [0m[0;30;47m [0m[0;30;47m [0m[0;30;47m [0m[0;30;47m [0m[0;30;47m [0m[0;30;47m [0m[0;34;46m~[0m[0;30;47m [0m[0;30;47m [0m[0;30;47m [0m[0;30;47m [0m[0;30;47mP[0m[0;30;47mL[0m[0;30;47mA[0m[0;30;47mY[0m[0;30;47mE[0m[0;30;47mR[0m[0;30;47m [0m[0;30;47m1[0m[0;30;47m [0m[0;30;47mS[0m[0;30;47mT[0m[0;30;47mA[0m[0;30;47mT[0m[0;30;47mU[0m[0;30;47mS[0m[0;30;47m [0m[0;30;47m [0m[0;30;47m [0m[0;30;47m|[0m[0;30;47m [0m[0;30;47m [0m[0;30;47m [0m[0;30;47mH[0m[0;30;47mE[0m[0;30;47mA[0m[0;30;47mL[0m[0;30;47mT[0m[0;30;47mH[0m[0;30;47m:[0m[0;30;47m [0m[0;30;47m5[0m[0;30;47m [0m[0;30;47mp[0m[0;30;47mt[0m[0;30;47ms[0m[0;30;47m [0m[0;30;47m [0m[0;30;47m [0m[0;30;47m [0m[0;30;47m [0m[0;30;47m [0m[0;34;46m~[0m
[0;34;46m~[0m[0;30;47m [0m[0;30;47m [0m[0;30;47m [0m[0;30;47m [0m[0;30;47m [0m[0;30;47m [0m[0;30;47m [0m[0;30;47m [0m[0;30;47m [0m[0;30;47m [0m[0;30;47m [0m[0;30;47m [0m[0;30;47m [0m[0;30;47m [0m[0;30;47m [0m[0;30;47m [0m[0;30;47m [0m[0;30;47m [0m[0;30;47m [0m[0;30;47m [0m[0;30;47m [0m[0;30;47m|[0m[0;30;47m [0m[0;30;47m [0m[0;30;47m [0m[0;30;47m [0m[0;30;47m.[0m[0;30;47m=[0m[0;30;47m=[0m[0;30;47m=[0m[0;30;47m.[0m[0;30;47m [0m[0;30;47m [0m[0;30;47m [0m[0;30;47m [0m[0;30;47m [0m[0;30;47m [0m[0;30;47m|[0m[0;30;47m [0m[0;30;47m [0m[0;30;47m [0m[0;30;47m [0m[0;30;47m [0m[0;30;47m [0m[0;30;47m [0m[0;30;47m [0m[0;30;47m [0m[0;30;47m [0m[0;30;47m [0m[0;30;47m [0m[0;30;47m [0m[0;30;47m [0m[0;30;47m [0m[0;30;47m [0m[0;30;47m [0m[0;30;47m [0m[0;30;47m [0m[0;30;47m [0m[0;30;47m [0m[0;30;47m [0m[0;30;47m [0m[0;30;47m [0m[0;34;46m~[0m[0;30;47m [0m[0;30;47m [0m[0;30;47m=[0m[0;30;47m=[0m[0;30;47m=[0m[0;30;47m=[0m[0;30;47m=[0m[0;30;47m=[0m[0;30;47m=[0m[0;30;47m=[0m[0;30;47m=[0m[0;30;47m=[0m[0;30;47m=[0m[0;30;47m=[0m[0;30;47m=[0m[0;30;47m=[0m[0;30;47m=[0m[0;30;47m=[0m[0;30;47m=[0m[0;30;47m=[0m[0;30;47m=[0m[0;30;47m=[0m[0;30;47m=[0m[0;30;47m=[0m[0;30;47m=[0m[0;30;47m=[0m[0;30;47m=[0m[0;30;47m=[0m[0;30;47m=[0m[0;30;47m=[0m[0;30;47m=[0m[0;30;47m=[0m[0;30;47m=[0m[0;30;47m=[0m[0;30;47m=[0m[0;30;47m=[0m[0;30;47m=[0m[0;30;47m=[0m[0;30;47m=[0m[0;30;47m=[0m[0;30;47m=[0m[0;30;47m=[0m[0;30;47m=[0m[0;30;47m [0m[0;30;47m [0m[0;34;46m~[0m
[0;34;46m~[0m[0;30;47m [0m[0;30;47m [0m[0;30;47m [0m[0;30;47m [0m[0;30;47m [0m[0;30;47m [0m[0;30;47m [0m[0;30;47m [0m[0;30;47m [0m[0;30;47m [0m[0;30;47m [0m[0;30;47m [0m[0;30;47m [0m[0;30;47m [0m[0;30;47m [0m[0;30;47m [0m[0;30;47m [0m[0;30;47m [0m[0;30;47m [0m[0;30;47m [0m[0;30;47m [0m[0;30;47m|[0m[0;30;47m [0m[0;30;47m [0m[0;30;47m [0m[0;30;47m [0m[0;30;47m[[0m[0;30;47m [0m[0;30;47m [0m[0;30;47m [0m[0;30;47m][0m[0;30;47m [0m[0;30;47m [0m[0;30;47m [0m[0;30;47m [0m[0;30;47m [0m[0;30;47m [0m[0;30;47m|[0m[0;30;47m [0m[0;30;47m [0m[0;30;47m [0m[0;30;47m [0m[0;30;47m [0m[0;30;47m [0m[0;30;47m [0m[0;30;47m [0m[0;30;47m [0m[0;30;47m [0m[0;30;47m [0m[0;30;47m [0m[0;30;47m [0m[0;30;47m [0m[0;30;47m [0m[0;30;47m [0m[0;30;47m [0m[0;30;47m [0m[0;30;47m [0m[0;30;47m [0m[0;30;47m [0m[0;30;47m [0m[0;30;47m [0m[0;30;47m [0m[0;34;46m~[0m[0;30;47m [0m[0;30;47m [0m[0;30;47m>[0m[0;30;47m [0m[0;30;47mC[0m[0;30;47mu[0m[0;30;47mr[0m[0;30;47mr[0m[0;30;47me[0m[0;30;47mn[0m[0;30;47mt[0m[0;30;47m [0m[0;30;47mL[0m[0;30;47mo[0m[0;30;47mc[0m[0;30;47ma[0m[0;30;47mt[0m[0;30;47mi[0m[0;30;47mo[0m[0;30;47mn[0m[0;30;47m [0m[0;30;47m:[0m[0;30;47m [0m[0;30;47m1[0m[0;30;47m1[0m[0;30;47m [0m[0;30;47m([0m[0;30;47mp[0m[0;30;47mi[0m[0;30;47mt[0m[0;30;47m)[0m[0;30;47m [0m[0;30;47m [0m[0;30;47m [0m[0;30;47m [0m[0;30;47m [0m[0;30;47m [0m[0;30;47m [0m[0;30;47m [0m[0;30;47m [0m[0;30;47m [0m[0;30;47m [0m[0;30;47m [0m[0;30;47m [0m[0;30;47m [0m[0;34;46m~[0m
[0;34;46m~[0m[0;30;47m [0m[0;30;47m [0m[0;30;47m [0m[0;30;47m [0m[0;30;47m [0m[0;30;47m [0m[0;30;47m [0m[0;30;47m [0m[0;30;47m [0m[0;30;47m [0m[0;30;47m [0m[0;30;47m [0m[0;30;47m [0m[0;30;47m [0m[0;30;47m [0m[0;30;47m [0m[0;30;47m [0m[0;30;47m [0m[0;30;47m [0m[0;30;47m [0m[0;30;47m [0m[0;30;47m|[0m[0;30;47m [0m[0;30;47m [0m[0;30;47m [0m[0;30;47m [0m[0;30;47m[[0m[0;30;47m [0m[0;30;47m [0m[0;30;47m [0m[0;30;47m][0m[0;30;47m [0m[0;30;47m [0m[0;30;47m [0m[0;30;47m [0m[0;30;47m [0m[0;30;47m [0m[0;30;47m|[0m[0;30;47m [0m[0;30;47m [0m[0;30;47m [0m[0;30;47m [0m[0;30;47m [0m[0;30;47m [0m[0;30;47m [0m[0;30;47m [0m[0;30;47m [0m[0;30;47m [0m[0;30;47m [0m[0;30;47m [0m[0;30;47m [0m[0;30;47m [0m[0;30;47m [0m[0;30;47m [0m[0;30;47m [0m[0;30;47m [0m[0;30;47m [0m[0;30;47m [0m[0;30;47m [0m[0;30;47m [0m[0;30;47m [0m[0;30;47m [0m[0;34;46m~[0m[0;30;47m [0m[0;30;47m [0m[0;30;47m>[0m[0;30;47m [0m[0;30;47mB[0m[0;30;47ma[0m[0;30;47mc[0m[0;30;47mk[0m[0;30;47mp[0m[0;30;47ma[0m[0;30;47mc[0m[0;30;47mk[0m[0;30;47m [0m[0;30;47m [0m[0;30;47m [0m[0;30;47m [0m[0;30;47m [0m[0;30;47m [0m[0;30;47m [0m[0;30;47m:[0m[0;30;47m [0m[0;30;47m[[0m[0;30;47mE[0m[0;30;47mM[0m[0;30;47mP[0m[0;30;47mT[0m[0;30;47mY[0m[0;30;47m][0m[0;30;47m [0m[0;30;47m [0m[0;30;47m [0m[0;30;47m [0m[0;30;47m [0m[0;30;47m [0m[0;30;47m [0m[0;30;47m [0m[0;30;47m [0m[0;30;47m [0m[0;30;47m [0m[0;30;47m [0m[0;30;47m [0m[0;30;47m [0m[0;30;47m [0m[0;30;47m [0m[0;30;47m [0m[0;34;46m~[0m
[0;34;46m~[0m[0;30;47m [0m[0;30;47m [0m[0;30;47m [0m[0;30;47m [0m[0;30;47m [0m[0;30;47m [0m[0;30;47m [0m[0;30;47m [0m[0;30;47m [0m[0;30;47m [0m[0;30;47m [0m[0;30;47m [0m[0;30;47m [0m[0;30;47m [0m[0;30;47m [0m[0;30;47m [0m[0;30;47m [0m[0;30;47m [0m[0;30;47m [0m[0;30;47m [0m[0;30;47m [0m[0;30;47m|[0m[0;30;47m [0m[0;30;47m [0m[0;30;47m [0m[0;30;47m [0m[0;30;47m[[0m[0;30;47m [0m[0;30;47m [0m[0;30;47m [0m[0;30;47m][0m[0;30;47m [0m[0;30;47m [0m[0;30;47m [0m[0;30;47m [0m[0;30;47m [0m[0;30;47m [0m[0;30;47m|[0m[0;30;47m [0m[0;30;47m [0m[0;30;47m [0m[0;30;47m [0m[0;30;47m [0m[0;30;47m [0m[0;30;47m [0m[0;30;47m [0m[0;30;47m [0m[0;30;47m [0m[0;30;47m [0m[0;30;47m [0m[0;30;47m [0m[0;30;47m [0m[0;30;47m [0m[0;30;47m [0m[0;30;47m [0m[0;30;47m [0m[0;30;47m [0m[0;30;47m [0m[0;30;47m [0m[0;30;47m [0m[0;30;47m [0m[0;30;47m [0m[0;34;46m~[0m[0;30;47m [0m[0;30;47m [0m[0;30;47m-[0m[0;30;47m-[0m[0;30;47m-[0m[0;30;47m-[0m[0;30;47m-[0m[0;30;47m-[0m[0;30;47m-[0m[0;30;47m-[0m[0;30;47m-[0m[0;30;47m-[0m[0;30;47m-[0m[0;30;47m-[0m[0;30;47m-[0m[0;30;47m-[0m[0;30;47m-[0m[0;30;47m-[0m[0;30;47m-[0m[0;30;47m-[0m[0;30;47m-[0m[0;30;47m-[0m[0;30;47m-[0m[0;30;47m-[0m[0;30;47m-[0m[0;30;47m-[0m[0;30;47m-[0m[0;30;47m-[0m[0;30;47m-[0m[0;30;47m-[0m[0;30;47m-[0m[0;30;47m-[0m[0;30;47m-[0m[0;30;47m-[0m[0;30;47m-[0m[0;30;47m-[0m[0;30;47m-[0m[0;30;47m-[0m[0;30;47m-[0m[0;30;47m-[0m[0;30;47m-[0m[0;30;47m-[0m[0;30;47m-[0m[0;30;47m [0m[0;30;47m [0m[0;34;46m~[0m
[0;34;46m~[0m[0;30;47m [0m[0;30;47m [0m[0;30;47m [0m[0;30;47m [0m[0;30;47m [0m[0;30;47m [0m[0;30;47m [0m[0;30;47m [0m[0;30;47m [0m[0;30;47m [0m[0;30;47m [0m[0;30;47m [0m[0;30;47m [0m[0;30;47m [0m[0;30;47m [0m[0;30;47m [0m[0;30;47m [0m[0;30;47m [0m[0;30;47m [0m[0;30;47m [0m[0;30;47m [0m[0;30;47m|[0m[0;30;47m [0m[0;30;47m [0m[0;30;47m [0m[0;30;47m [0m[0;30;47m'[0m[0;30;47m=[0m[0;30;47m=[0m[0;30;47m=[0m[0;30;47m'[0m[0;30;47m [0m[0;30;47m [0m[0;30;47m [0m[0;30;47m [0m[0;30;47m [0m[0;30;47m [0m[0;30;47m|[0m[0;30;47m [0m[0;30;47m [0m[0;30;47m [0m[0;30;47m [0m[0;30;47m [0m[0;30;47m [0m[0;30;47m [0m[0;30;47m [0m[0;30;47m [0m[0;30;47m [0m[0;30;47m [0m[0;30;47m [0m[0;30;47m [0m[0;30;47m [0m[0;30;47m [0m[0;30;47m [0m[0;30;47m [0m[0;30;47m [0m[0;30;47m [0m[0;30;47m [0m[0;30;47m [0m[0;30;47m [0m[0;30;47m [0m[0;30;47m [0m[0;34;46m~[0m[0;30;47m [0m[0;30;47m [0m[0;30;47mV[0m[0;30;47mI[0m[0;30;47mS[0m[0;30;47mI[0m[0;30;47mB[0m[0;30;47mL[0m[0;30;47mE[0m[0;30;47m [0m[0;30;47mE[0m[0;30;47mN[0m[0;30;47mT[0m[0;30;47mI[0m[0;30;47mT[0m[0;30;47mI[0m[0;30;47mE[0m[0;30;47mS[0m[0;30;47m [0m[0;30;47m([0m[0;30;47mD[0m[0;30;47mi[0m[0;30;47ms[0m[0;30;47mc[0m[0;30;47mo[0m[0;30;47mv[0m[0;30;47me[0m[0;30;47mr[0m[0;30;47me[0m[0;30;47md[0m[0;30;47m [0m[0;30;47mS[0m[0;30;47mp[0m[0;30;47ma[0m[0;30;47mc[0m[0;30;47me[0m[0;30;47ms[0m[0;30;47m)[0m[0;30;47m:[0m[0;30;47m [0m[0;30;47m [0m[0;30;47m [0m[0;30;47m [0m[0;30;47m [0m[0;30;47m [0m[0;34;46m~[0m
[0;34;46m~[0m[0;30;47m [0m[0;30;47m [0m[0;30;47m [0m[0;30;47m [0m[0;30;47m [0m[0;30;47m [0m[0;30;47m [0m[0;30;47m [0m[0;30;47m [0m[0;30;47m [0m[0;30;47m [0m[0;30;47m [0m[0;30;47m [0m[0;30;47m [0m[0;30;47m [0m[0;30;47m [0m[0;30;47m [0m[0;30;47m [0m[0;30;47m [0m[0;30;47m [0m[0;30;47m [0m[0;30;47m|[0m[0;30;47md[0m[0;30;47mi[0m[0;30;47mr[0m[0;30;47mk[0m[0;30;47m,[0m[0;30;47mp[0m[0;30;47mo[0m[0;30;47mr[0m[0;30;47mt[0m[0;30;47ma[0m[0;30;47ml[0m[0;30;47m [0m[0;30;47m [0m[0;30;47m [0m[0;30;47m [0m[0;30;47m|[0m[0;30;47m [0m[0;30;47m [0m[0;30;47m [0m[0;30;47m [0m[0;30;47m [0m[0;30;47m [0m[0;30;47m [0m[0;30;47m [0m[0;30;47m [0m[0;30;47m [0m[0;30;47m [0m[0;30;47m [0m[0;30;47m [0m[0;30;47m [0m[0;30;47m [0m[0;30;47m [0m[0;30;47m [0m[0;30;47m [0m[0;30;47m [0m[0;30;47m [0m[0;30;47m [0m[0;30;47m [0m[0;30;47m [0m[0;30;47m [0m[0;34;46m~[0m[0;30;47m [0m[0;30;47m [0m[0;30;47m [0m[0;30;47m[[0m[0;30;47mO[0m[0;30;47mb[0m[0;30;47mj[0m[0;30;47m][0m[0;30;47m [0m[0;30;47md[0m[0;30;47mi[0m[0;30;47mr[0m[0;30;47mk[0m[0;30;47m [0m[0;30;47m [0m[0;30;47m [0m[0;30;47m [0m[0;30;47m [0m[0;30;47m [0m[0;30;47m [0m[0;30;47ma[0m[0;30;47mt[0m[0;30;47m [0m[0;30;47mS[0m[0;30;47mp[0m[0;30;47ma[0m[0;30;47mc[0m[0;30;47me[0m[0;30;47m [0m[0;30;47m1[0m[0;30;47m1[0m[0;30;47m [0m[0;30;47m([0m[0;30;47mp[0m[0;30;47mi[0m[0;30;47mt[0m[0;30;47m)[0m[0;30;47m [0m[0;30;47m [0m[0;30;47m [0m[0;30;47m [0m[0;30;47m [0m[0;30;47m [0m[0;30;47m [0m[0;30;47m [0m[0;34;46m~[0m
[0;34;46m~[0m[0;30;47m [0m[0;30;47m [0m[0;30;47m [0m[0;30;47m [0m[0;30;47m [0m[0;30;47m [0m[0;30;47m [0m[0;30;47m [0m[0;30;47m [0m[0;30;47m [0m[0;30;47m [0m[0;30;47m [0m[0;30;47m [0m[0;30;47m [0m[0;30;47m [0m[0;30;47m [0m[0;30;47m [0m[0;30;47m [0m[0;30;47m [0m[0;30;47m [0m[0;30;47m [0m[0;30;47m+[0m[0;30;47m-[0m[0;30;47m-[0m[0;30;47m-[0m[0;30;47m-[0m[0;30;47m-[0m[0;30;47m-[0m[0;30;47m-[0m[0;30;47m-[0m[0;30;47m-[0m[0;30;47m-[0m[0;30;47m-[0m[0;30;47m-[0m[0;30;47m-[0m[0;30;47m-[0m[0;30;47m-[0m[0;30;47m+[0m[0;30;47m [0m[0;30;47m [0m[0;30;47m [0m[0;30;47m [0m[0;30;47m [0m[0;30;47m [0m[0;30;47m [0m[0;30;47m [0m[0;30;47m [0m[0;30;47m [0m[0;30;47m [0m[0;30;47m [0m[0;30;47m [0m[0;30;47m [0m[0;30;47m [0m[0;30;47m [0m[0;30;47m [0m[0;30;47m [0m[0;30;47m [0m[0;30;47m [0m[0;30;47m [0m[0;30;47m [0m[0;30;47m [0m[0;30;47m [0m[0;34;46m~[0m[0;30;47m [0m[0;30;47m [0m[0;30;47m [0m[0;30;47m[[0m[0;30;47mO[0m[0;30;47mb[0m[0;30;47mj[0m[0;30;47m][0m[0;30;47m [0m[0;30;47mp[0m[0;30;47mo[0m[0;30;47mr[0m[0;30;47mt[0m[0;30;47ma[0m[0;30;47ml[0m[0;30;47m [0m[0;30;47m [0m[0;30;47m [0m[0;30;47m [0m[0;30;47m [0m[0;30;47ma[0m[0;30;47mt[0m[0;30;47m [0m[0;30;47mS[0m[0;30;47mp[0m[0;30;47ma[0m[0;30;47mc[0m[0;30;47me[0m[0;30;47m [0m[0;30;47m1[0m[0;30;47m1[0m[0;30;47m [0m[0;30;47m([0m[0;30;47mp[0m[0;30;47mi[0m[0;30;47mt[0m[0;30;47m)[0m[0;30;47m [0m[0;30;47m [0m[0;30;47m [0m[0;30;47m [0m[0;30;47m [0m[0;30;47m [0m[0;30;47m [0m[0;30;47m [0m[0;34;46m~[0m
[0;34;46m~[0m[0;30;47m [0m[0;30;47m [0m[0;30;47m [0m[0;30;47m [0m[0;30;47m [0m[0;30;47m [0m[0;30;47m [0m[0;30;47m [0m[0;30;47m [0m[0;30;47m [0m[0;30;47m [0m[0;30;47m [0m[0;30;47m [0m[0;30;47m [0m[0;30;47m [0m[0;30;47m [0m[0;30;47m [0m[0;30;47m [0m[0;30;47m [0m[0;30;47m [0m[0;30;47m [0m[0;30;47m [0m[0;30;47m [0m[0;30;47m [0m[0;30;47m [0m[0;30;47m [0m[0;30;47m [0m[0;30;47m [0m[0;30;47m [0m[0;30;47mv[0m[0;30;47m [0m[0;30;47m [0m[0;30;47m [0m[0;30;47m [0m[0;30;47m [0m[0;30;47m [0m[0;30;47m [0m[0;30;47m [0m[0;30;47m [0m[0;30;47m [0m[0;30;47m [0m[0;30;47m [0m[0;30;47m [0m[0;30;47m [0m[0;30;47m [0m[0;30;47m [0m[0;30;47m [0m[0;30;47m [0m[0;30;47m [0m[0;30;47m [0m[0;30;47m [0m[0;30;47m [0m[0;30;47m [0m[0;30;47m [0m[0;30;47m [0m[0;30;47m [0m[0;30;47m [0m[0;30;47m [0m[0;30;47m [0m[0;30;47m [0m[0;30;47m [0m[0;30;47m [0m[0;34;46m~[0m[0;30;47m [0m[0;30;47m [0m[0;30;47m [0m[0;30;47m[[0m[0;30;47mC[0m[0;30;47mh[0m[0;30;47mr[0m[0;30;47m][0m[0;30;47m [0m[0;30;47m [0m[0;30;47m\[0m[0;30;47mS[0m[0;30;47me[0m[0;30;47m/[0m[0;30;47m [0m[0;30;47m [0m[0;30;47ma[0m[0;30;47mt[0m[0;30;47m [0m[0;30;47mS[0m[0;30;47mp[0m[0;30;47ma[0m[0;30;47mc[0m[0;30;47me[0m[0;30;47m [0m[0;30;47m1[0m[0;30;47m1[0m[0;30;47m [0m[0;30;47m([0m[0;30;47mp[0m[0;30;47mi[0m[0;30;47mt[0m[0;30;47m)[0m[0;30;47m [0m[0;30;47m([0m[0;30;47mH[0m[0;30;47mP[0m[0;30;47m:[0m[0;30;47m5[0m[0;30;47m)[0m[0;30;47m [0m[0;30;47m [0m[0;30;47m [0m[0;30;47m [0m[0;30;47m [0m[0;34;46m~[0m
[0;34;46m~[0m[0;30;47m [0m[0;30;47m [0m[0;30;47m [0m[0;30;47m [0m[0;30;47m [0m[0;30;47m [0m[0;30;47m [0m[0;30;47m [0m[0;30;47m [0m[0;30;47m [0m[0;30;47m [0m[0;30;47m [0m[0;30;47m [0m[0;30;47m [0m[0;30;47m [0m[0;30;47m [0m[0;30;47m [0m[0;30;47m [0m[0;30;47m [0m[0;30;47m [0m[0;30;47m [0m[0;30;47m+[0m[0;30;47m-[0m[0;30;47m-[0m[0;30;47m-[0m[0;30;47m-[0m[0;30;47m-[0m[0;30;47m-[0m[0;30;47m-[0m[0;30;47m-[0m[0;30;47m-[0m[0;30;47m-[0m[0;30;47m-[0m[0;30;47m-[0m[0;30;47m-[0m[0;30;47m-[0m[0;30;47m-[0m[0;30;47m+[0m[0;30;47m [0m[0;30;47m [0m[0;30;47m [0m[0;30;47m [0m[0;30;47m [0m[0;30;47m [0m[0;30;47m [0m[0;30;47m [0m[0;30;47m [0m[0;30;47m [0m[0;30;47m [0m[0;30;47m [0m[0;30;47m [0m[0;30;47m [0m[0;30;47m [0m[0;30;47m [0m[0;30;47m [0m[0;30;47m [0m[0;30;47m [0m[0;30;47m [0m[0;30;47m [0m[0;30;47m [0m[0;30;47m [0m[0;30;47m [0m[0;34;46m~[0m[0;30;47m [0m[0;30;47m [0m[0;30;47m-[0m[0;30;47m-[0m[0;30;47m-[0m[0;30;47m-[0m[0;30;47m-[0m[0;30;47m-[0m[0;30;47m-[0m[0;30;47m-[0m[0;30;47m-[0m[0;30;47m-[0m[0;30;47m-[0m[0;30;47m-[0m[0;30;47m-[0m[0;30;47m-[0m[0;30;47m-[0m[0;30;47m-[0m[0;30;47m-[0m[0;30;47m-[0m[0;30;47m-[0m[0;30;47m-[0m[0;30;47m-[0m[0;30;47m-[0m[0;30;47m-[0m[0;30;47m-[0m[0;30;47m-[0m[0;30;47m-[0m[0;30;47m-[0m[0;30;47m-[0m[0;30;47m-[0m[0;30;47m-[0m[0;30;47m-[0m[0;30;47m-[0m[0;30;47m-[0m[0;30;47m-[0m[0;30;47m-[0m[0;30;47m-[0m[0;30;47m-[0m[0;30;47m-[0m[0;30;47m-[0m[0;30;47m-[0m[0;30;47m-[0m[0;30;47m [0m[0;30;47m [0m[0;34;46m~[0m
[0;34;46m~[0m[0;30;47m [0m[0;30;47m [0m[0;30;47m [0m[0;30;47m [0m[0;30;47m [0m[0;30;47m [0m[0;30;47m [0m[0;30;47m [0m[0;30;47m [0m[0;30;47m [0m[0;30;47m [0m[0;30;47m [0m[0;30;47m [0m[0;30;47m [0m[0;30;47m [0m[0;30;47m [0m[0;30;47m [0m[0;30;47m [0m[0;30;47m [0m[0;30;47m [0m[0;30;47m [0m[0;30;47m|[0m[0;30;47m [0m[0;30;47m [0m[0;30;47m [0m[0;30;47m [0m[0;30;47m [0m[0;30;47m [0m[0;30;47m [0m[0;30;47m [0m[0;30;47m [0m[0;30;47m [0m[0;30;47m [0m[0;30;47m [0m[0;30;47m [0m[0;30;47m1[0m[0;30;47m2[0m[0;30;47m|[0m[0;30;47m [0m[0;30;47m [0m[0;30;47m [0m[0;30;47m [0m[0;30;47m [0m[0;30;47m [0m[0;30;47m [0m[0;30;47m [0m[0;30;47m [0m[0;30;47m [0m[0;30;47m [0m[0;30;47m [0m[0;30;47m [0m[0;30;47m [0m[0;30;47m [0m[0;30;47m [0m[0;30;47m [0m[0;30;47m [0m[0;30;47m [0m[0;30;47m [0m[0;30;47m [0m[0;30;47m [0m[0;30;47m [0m[0;30;47m [0m[0;34;46m~[0m[0;30;47m [0m[0;30;47m [0m[0;30;47m[[0m[0;30;47mI[0m[0;30;47mN[0m[0;30;47mS[0m[0;30;47mP[0m[0;30;47mE[0m[0;30;47mC[0m[0;30;47mT[0m[0;30;47m][0m[0;30;47m [0m[0;30;47ms[0m[0;30;47mh[0m[0;30;47mo[0m[0;30;47mr[0m[0;30;47mt[0m[0;30;47m [0m[0;30;47mr[0m[0;30;47mu[0m[0;30;47ms[0m[0;30;47mt[0m[0;30;47me[0m[0;30;47md[0m[0;30;47m [0m[0;30;47me[0m[0;30;47md[0m[0;30;47mg[0m[0;30;47me[0m[0;30;47m.[0m[0;30;47m [0m[0;30;47m [0m[0;30;47m [0m[0;30;47m [0m[0;30;47m [0m[0;30;47m [0m[0;30;47m [0m[0;30;47m [0m[0;30;47m [0m[0;30;47m [0m[0;30;47m [0m[0;30;47m [0m[0;30;47m [0m[0;30;47m [0m[0;30;47m [0m[0;34;46m~[0m
[0;34;46m~[0m[0;30;47m [0m[0;30;47m [0m[0;30;47m [0m[0;30;47m [0m[0;30;47m [0m[0;30;47m [0m[0;30;47m [0m[0;30;47m [0m[0;30;47m [0m[0;30;47m [0m[0;30;47m [0m[0;30;47m [0m[0;30;47m [0m[0;30;47m [0m[0;30;47m [0m[0;30;47m [0m[0;30;47m [0m[0;30;47m [0m[0;30;47m [0m[0;30;47m [0m[0;30;47m [0m[0;30;47m|[0m[0;30;47m [0m[0;30;47m [0m[0;30;47m [0m[0;30;47m [0m[0;30;47m [0m[0;30;47m [0m[0;30;47m [0m[0;30;47m [0m[0;30;47m [0m[0;30;47m [0m[0;30;47m [0m[0;30;47m [0m[0;30;47m [0m[0;30;47m [0m[0;30;47m [0m[0;30;47m|[0m[0;30;47m [0m[0;30;47m [0m[0;30;47m [0m[0;30;47m [0m[0;30;47m [0m[0;30;47m [0m[0;30;47m [0m[0;30;47m [0m[0;30;47m [0m[0;30;47m [0m[0;30;47m [0m[0;30;47m [0m[0;30;47m [0m[0;30;47m [0m[0;30;47m [0m[0;30;47m [0m[0;30;47m [0m[0;30;47m [0m[0;30;47m [0m[0;30;47m [0m[0;30;47m [0m[0;30;47m [0m[0;30;47m [0m[0;30;47m [0m[0;34;46m~[0m[0;30;47m [0m[0;30;47m [0m[0;30;47m [0m[0;30;47m [0m[0;30;47m [0m[0;30;47m [0m[0;30;47m [0m[0;30;47m [0m[0;30;47m [0m[0;30;47m [0m[0;30;47m [0m[0;30;47m [0m[0;30;47m [0m[0;30;47m [0m[0;30;47m [0m[0;30;47m [0m[0;30;47m [0m[0;30;47m [0m[0;30;47m [0m[0;30;47m [0m[0;30;47m [0m[0;30;47m [0m[0;30;47m [0m[0;30;47m [0m[0;30;47m [0m[0;30;47m [0m[0;30;47m [0m[0;30;47m [0m[0;30;47m [0m[0;30;47m [0m[0;30;47m [0m[0;30;47m [0m[0;30;47m [0m[0;30;47m [0m[0;30;47m [0m[0;30;47m [0m[0;30;47m [0m[0;30;47m [0m[0;30;47m [0m[0;30;47m [0m[0;30;47m [0m[0;30;47m [0m[0;30;47m [0m[0;30;47m [0m[0;30;47m [0m[0;34;46m~[0m
[0;34;46m~[0m[0;30;47m [0m[0;30;47m [0m[0;30;47m [0m[0;30;47m [0m[0;30;47m [0m[0;30;47m [0m[0;30;47m [0m[0;30;47m [0m[0;30;47m [0m[0;30;47m [0m[0;30;47m [0m[0;30;47m [0m[0;30;47m [0m[0;30;47m [0m[0;30;47m [0m[0;30;47m [0m[0;30;47m [0m[0;30;47m [0m[0;30;47m [0m[0;30;47m [0m[0;30;47m [0m[0;30;47m|[0m[0;30;47m [0m[0;30;47m [0m[0;30;47m [0m[0;30;47m [0m[0;30;47m [0m[0;30;47m [0m[0;30;47m [0m[0;30;47m [0m[0;30;47m [0m[0;30;47m [0m[0;30;47m [0m[0;30;47m [0m[0;30;47m [0m[0;30;47m [0m[0;30;47m [0m[0;30;47m|[0m[0;30;47m [0m[0;30;47m [0m[0;30;47m [0m[0;30;47m [0m[0;30;47m [0m[0;30;47m [0m[0;30;47m [0m[0;30;47m [0m[0;30;47m [0m[0;30;47m [0m[0;30;47m [0m[0;30;47m [0m[0;30;47m [0m[0;30;47m [0m[0;30;47m [0m[0;30;47m [0m[0;30;47m [0m[0;30;47m [0m[0;30;47m [0m[0;30;47m [0m[0;30;47m [0m[0;30;47m [0m[0;30;47m [0m[0;30;47m [0m[0;34;46m~[0m[0;30;47m [0m[0;30;47m [0m[0;30;47m [0m[0;30;47m [0m[0;30;47m [0m[0;30;47m [0m[0;30;47m [0m[0;30;47m [0m[0;30;47m [0m[0;30;47m [0m[0;30;47m [0m[0;30;47m [0m[0;30;47m [0m[0;30;47m [0m[0;30;47m [0m[0;30;47m [0m[0;30;47m [0m[0;30;47m [0m[0;30;47m [0m[0;30;47m [0m[0;30;47m [0m[0;30;47m [0m[0;30;47m [0m[0;30;47m [0m[0;30;47m [0m[0;30;47m [0m[0;30;47m [0m[0;30;47m [0m[0;30;47m [0m[0;30;47m [0m[0;30;47m [0m[0;30;47m [0m[0;30;47m [0m[0;30;47m [0m[0;30;47m [0m[0;30;47m [0m[0;30;47m [0m[0;30;47m [0m[0;30;47m [0m[0;30;47m [0m[0;30;47m [0m[0;30;47m [0m[0;30;47m [0m[0;30;47m [0m[0;30;47m [0m[0;34;46m~[0m
[0;34;46m~[0m[0;30;47m [0m[0;30;47m [0m[0;30;47m [0m[0;30;47m [0m[0;30;47m [0m[0;30;47m [0m[0;30;47m [0m[0;30;47m [0m[0;30;47m [0m[0;30;47m [0m[0;30;47m [0m[0;30;47m [0m[0;30;47m [0m[0;30;47m [0m[0;30;47m [0m[0;30;47m [0m[0;30;47m [0m[0;30;47m [0m[0;30;47m [0m[0;30;47m [0m[0;30;47m [0m[0;30;47m|[0m[0;30;47m [0m[0;30;47m [0m[0;30;47m [0m[0;30;47m [0m[0;30;47m [0m[0;30;47m?[0m[0;30;47m?[0m[0;30;47m?[0m[0;30;47m [0m[0;30;47m [0m[0;30;47m [0m[0;30;47m [0m[0;30;47m [0m[0;30;47m [0m[0;30;47m [0m[0;30;47m|[0m[0;30;47m [0m[0;30;47m [0m[0;30;47m [0m[0;30;47m [0m[0;30;47m [0m[0;30;47m [0m[0;30;47m [0m[0;30;47m [0m[0;30;47m [0m[0;30;47m [0m[0;30;47m [0m[0;30;47m [0m[0;30;47m [0m[0;30;47m [0m[0;30;47m [0m[0;30;47m [0m[0;30;47m [0m[0;30;47m [0m[0;30;47m [0m[0;30;47m [0m[0;30;47m [0m[0;30;47m [0m[0;30;47m [0m[0;30;47m [0m[0;34;46m~[0m[0;30;47m [0m[0;30;47m [0m[0;30;47m [0m[0;30;47m [0m[0;30;47m [0m[0;30;47m [0m[0;30;47m [0m[0;30;47m [0m[0;30;47m [0m[0;30;47m [0m[0;30;47m [0m[0;30;47m [0m[0;30;47m [0m[0;30;47m [0m[0;30;47m [0m[0;30;47m [0m[0;30;47m [0m[0;30;47m [0m[0;30;47m [0m[0;30;47m [0m[0;30;47m [0m[0;30;47m [0m[0;30;47m [0m[0;30;47m [0m[0;30;47m [0m[0;30;47m [0m[0;30;47m [0m[0;30;47m [0m[0;30;47m [0m[0;30;47m [0m[0;30;47m [0m[0;30;47m [0m[0;30;47m [0m[0;30;47m [0m[0;30;47m [0m[0;30;47m [0m[0;30;47m [0m[0;30;47m [0m[0;30;47m [0m[0;30;47m [0m[0;30;47m [0m[0;30;47m [0m[0;30;47m [0m[0;30;47m [0m[0;30;47m [0m[0;34;46m~[0m
[0;34;46m~[0m[0;30;47m [0m[0;30;47m [0m[0;30;47m [0m[0;30;47m [0m[0;30;47m [0m[0;30;47m [0m[0;30;47m [0m[0;30;47m [0m[0;30;47m [0m[0;30;47m [0m[0;30;47m [0m[0;30;47m [0m[0;30;47m [0m[0;30;47m [0m[0;30;47m [0m[0;30;47m [0m[0;30;47m [0m[0;30;47m [0m[0;30;47m [0m[0;30;47m [0m[0;30;47m [0m[0;30;47m|[0m[0;30;47m [0m[0;30;47m [0m[0;30;47m [0m[0;30;47m [0m[0;30;47m [0m[0;30;47m [0m[0;30;47m [0m[0;30;47m [0m[0;30;47m [0m[0;30;47m [0m[0;30;47m [0m[0;30;47m [0m[0;30;47m [0m[0;30;47m [0m[0;30;47m [0m[0;30;47m|[0m[0;30;47m [0m[0;30;47m [0m[0;30;47m [0m[0;30;47m [0m[0;30;47m [0m[0;30;47m [0m[0;30;47m [0m[0;30;47m [0m[0;30;47m [0m[0;30;47m [0m[0;30;47m [0m[0;30;47m [0m[0;30;47m [0m[0;30;47m [0m[0;30;47m [0m[0;30;47m [0m[0;30;47m [0m[0;30;47m [0m[0;30;47m [0m[0;30;47m [0m[0;30;47m [0m[0;30;47m [0m[0;30;47m [0m[0;30;47m [0m[0;34;46m~[0m[0;30;47m [0m[0;30;47m [0m[0;30;47m [0m[0;30;47m [0m[0;30;47m [0m[0;30;47m [0m[0;30;47m [0m[0;30;47m [0m[0;30;47m [0m[0;30;47m [0m[0;30;47m [0m[0;30;47m [0m[0;30;47m [0m[0;30;47m [0m[0;30;47m [0m[0;30;47m [0m[0;30;47m [0m[0;30;47m [0m[0;30;47m [0m[0;30;47m [0m[0;30;47m [0m[0;30;47m [0m[0;30;47m [0m[0;30;47m [0m[0;30;47m [0m[0;30;47m [0m[0;30;47m [0m[0;30;47m [0m[0;30;47m [0m[0;30;47m [0m[0;30;47m [0m[0;30;47m [0m[0;30;47m [0m[0;30;47m [0m[0;30;47m [0m[0;30;47m [0m[0;30;47m [0m[0;30;47m [0m[0;30;47m [0m[0;30;47m [0m[0;30;47m [0m[0;30;47m [0m[0;30;47m [0m[0;30;47m [0m[0;30;47m [0m[0;34;46m~[0m
[0;34;46m~[0m[0;30;47m [0m[0;30;47m [0m[0;30;47m [0m[0;30;47m [0m[0;30;47m [0m[0;30;47m [0m[0;30;47m [0m[0;30;47m [0m[0;30;47m [0m[0;30;47m [0m[0;30;47m [0m[0;30;47m [0m[0;30;47m [0m[0;30;47m [0m[0;30;47m [0m[0;30;47m [0m[0;30;47m [0m[0;30;47m [0m[0;30;47m [0m[0;30;47m [0m[0;30;47m [0m[0;30;47m|[0m[0;30;47m [0m[0;30;47m [0m[0;30;47m [0m[0;30;47m [0m[0;30;47m [0m[0;30;47m [0m[0;30;47m [0m[0;30;47m [0m[0;30;47m [0m[0;30;47m [0m[0;30;47m [0m[0;30;47m [0m[0;30;47m [0m[0;30;47m [0m[0;30;47m [0m[0;30;47m|[0m[0;30;47m [0m[0;30;47m [0m[0;30;47m [0m[0;30;47m [0m[0;30;47m [0m[0;30;47m [0m[0;30;47m [0m[0;30;47m [0m[0;30;47m [0m[0;30;47m [0m[0;30;47m [0m[0;30;47m [0m[0;30;47m [0m[0;30;47m [0m[0;30;47m [0m[0;30;47m [0m[0;30;47m [0m[0;30;47m [0m[0;30;47m [0m[0;30;47m [0m[0;30;47m [0m[0;30;47m [0m[0;30;47m [0m[0;30;47m [0m[0;34;46m~[0m[0;30;47m [0m[0;30;47m [0m[0;30;47m [0m[0;30;47m [0m[0;30;47m [0m[0;30;47m [0m[0;30;47m [0m[0;30;47m [0m[0;30;47m [0m[0;30;47m [0m[0;30;47m [0m[0;30;47m [0m[0;30;47m [0m[0;30;47m [0m[0;30;47m [0m[0;30;47m [0m[0;30;47m [0m[0;30;47m [0m[0;30;47m [0m[0;30;47m [0m[0;30;47m [0m[0;30;47m [0m[0;30;47m [0m[0;30;47m [0m[0;30;47m [0m[0;30;47m [0m[0;30;47m [0m[0;30;47m [0m[0;30;47m [0m[0;30;47m [0m[0;30;47m [0m[0;30;47m [0m[0;30;47m [0m[0;30;47m [0m[0;30;47m [0m[0;30;47m [0m[0;30;47m [0m[0;30;47m [0m[0;30;47m [0m[0;30;47m [0m[0;30;47m [0m[0;30;47m [0m[0;30;47m [0m[0;30;47m [0m[0;30;47m [0m[0;34;46m~[0m
[0;34;46m~[0m[0;30;47m [0m[0;30;47m [0m[0;30;47m [0m[0;30;47m [0m[0;30;47m [0m[0;30;47m [0m[0;30;47m [0m[0;30;47m [0m[0;30;47m [0m[0;30;47m [0m[0;30;47m [0m[0;30;47m [0m[0;30;47m [0m[0;30;47m [0m[0;30;47m [0m[0;30;47m [0m[0;30;47m [0m[0;30;47m [0m[0;30;47m [0m[0;30;47m [0m[0;30;47m [0m[0;30;47m|[0m[0;30;47m [0m[0;30;47m [0m[0;30;47m [0m[0;30;47m [0m[0;30;47m [0m[0;30;47m [0m[0;30;47m [0m[0;30;47m [0m[0;30;47m [0m[0;30;47m [0m[0;30;47m [0m[0;30;47m [0m[0;30;47m [0m[0;30;47m [0m[0;30;47m [0m[0;30;47m|[0m[0;30;47m [0m[0;30;47m [0m[0;30;47m [0m[0;30;47m [0m[0;30;47m [0m[0;30;47m [0m[0;30;47m [0m[0;30;47m [0m[0;30;47m [0m[0;30;47m [0m[0;30;47m [0m[0;30;47m [0m[0;30;47m [0m[0;30;47m [0m[0;30;47m [0m[0;30;47m [0m[0;30;47m [0m[0;30;47m [0m[0;30;47m [0m[0;30;47m [0m[0;30;47m [0m[0;30;47m [0m[0;30;47m [0m[0;30;47m [0m[0;34;46m~[0m[0;30;47m [0m[0;30;47m [0m[0;30;47m [0m[0;30;47m [0m[0;30;47m [0m[0;30;47m [0m[0;30;47m [0m[0;30;47m [0m[0;30;47m [0m[0;30;47m [0m[0;30;47m [0m[0;30;47m [0m[0;30;47m [0m[0;30;47m [0m[0;30;47m [0m[0;30;47m [0m[0;30;47m [0m[0;30;47m [0m[0;30;47m [0m[0;30;47m [0m[0;30;47m [0m[0;30;47m [0m[0;30;47m [0m[0;30;47m [0m[0;30;47m [0m[0;30;47m [0m[0;30;47m [0m[0;30;47m [0m[0;30;47m [0m[0;30;47m [0m[0;30;47m [0m[0;30;47m [0m[0;30;47m [0m[0;30;47m [0m[0;30;47m [0m[0;30;47m [0m[0;30;47m [0m[0;30;47m [0m[0;30;47m [0m[0;30;47m [0m[0;30;47m [0m[0;30;47m [0m[0;30;47m [0m[0;30;47m [0m[0;30;47m [0m[0;34;46m~[0m
[0;34;46m~[0m[0;30;47m [0m[0;30;47m [0m[0;30;47m [0m[0;30;47m [0m[0;30;47m [0m[0;30;47m [0m[0;30;47m [0m[0;30;47m [0m[0;30;47m [0m[0;30;47m [0m[0;30;47m [0m[0;30;47m [0m[0;30;47m [0m[0;30;47m [0m[0;30;47m [0m[0;30;47m [0m[0;30;47m [0m[0;30;47m [0m[0;30;47m [0m[0;30;47m [0m[0;30;47m [0m[0;30;47m+[0m[0;30;47m-[0m[0;30;47m-[0m[0;30;47m-[0m[0;30;47m-[0m[0;30;47m-[0m[0;30;47m-[0m[0;30;47m-[0m[0;30;47m-[0m[0;30;47m-[0m[0;30;47m-[0m[0;30;47m-[0m[0;30;47m-[0m[0;30;47m-[0m[0;30;47m-[0m[0;30;47m-[0m[0;30;47m+[0m[0;30;47m [0m[0;30;47m [0m[0;30;47m [0m[0;30;47m [0m[0;30;47m [0m[0;30;47m [0m[0;30;47m [0m[0;30;47m [0m[0;30;47m [0m[0;30;47m [0m[0;30;47m [0m[0;30;47m [0m[0;30;47m [0m[0;30;47m [0m[0;30;47m [0m[0;30;47m [0m[0;30;47m [0m[0;30;47m [0m[0;30;47m [0m[0;30;47m [0m[0;30;47m [0m[0;30;47m [0m[0;30;47m [0m[0;30;47m [0m[0;34;46m~[0m[0;30;47m [0m[0;30;47m [0m[0;30;47m [0m[0;30;47m [0m[0;30;47m [0m[0;30;47m [0m[0;30;47m [0m[0;30;47m [0m[0;30;47m [0m[0;30;47m [0m[0;30;47m [0m[0;30;47m [0m[0;30;47m [0m[0;30;47m [0m[0;30;47m [0m[0;30;47m [0m[0;30;47m [0m[0;30;47m [0m[0;30;47m [0m[0;30;47m [0m[0;30;47m [0m[0;30;47m [0m[0;30;47m [0m[0;30;47m [0m[0;30;47m [0m[0;30;47m [0m[0;30;47m [0m[0;30;47m [0m[0;30;47m [0m[0;30;47m [0m[0;30;47m [0m[0;30;47m [0m[0;30;47m [0m[0;30;47m [0m[0;30;47m [0m[0;30;47m [0m[0;30;47m [0m[0;30;47m [0m[0;30;47m [0m[0;30;47m [0m[0;30;47m [0m[0;30;47m [0m[0;30;47m [0m[0;30;47m [0m[0;30;47m [0m[0;34;46m~[0m
[0;34;46m~[0m[0;30;47m [0m[0;30;47m [0m[0;30;47m [0m[0;30;47m [0m[0;30;47m [0m[0;30;47m [0m[0;30;47m [0m[0;30;47m [0m[0;30;47m [0m[0;30;47m [0m[0;30;47m [0m[0;30;47m [0m[0;30;47m [0m[0;30;47m [0m[0;30;47m [0m[0;30;47m [0m[0;30;47m [0m[0;30;47m [0m[0;30;47m [0m[0;30;47m [0m[0;30;47m [0m[0;30;47m [0m[0;30;47m [0m[0;30;47m [0m[0;30;47m [0m[0;30;47m [0m[0;30;47m [0m[0;30;47m [0m[0;30;47m [0m[0;30;47m [0m[0;30;47m [0m[0;30;47m [0m[0;30;47m [0m[0;30;47m [0m[0;30;47m [0m[0;30;47m [0m[0;30;47m [0m[0;30;47m [0m[0;30;47m [0m[0;30;47m [0m[0;30;47m [0m[0;30;47m [0m[0;30;47m [0m[0;30;47m [0m[0;30;47m [0m[0;30;47m [0m[0;30;47m [0m[0;30;47m [0m[0;30;47m [0m[0;30;47m [0m[0;30;47m [0m[0;30;47m [0m[0;30;47m [0m[0;30;47m [0m[0;30;47m [0m[0;30;47m [0m[0;30;47m [0m[0;30;47m [0m[0;30;47m [0m[0;30;47m [0m[0;30;47m [0m[0;30;47m [0m[0;34;46m~[0m[0;30;47m [0m[0;30;47m [0m[0;30;47m [0m[0;30;47m [0m[0;30;47m [0m[0;30;47m [0m[0;30;47m [0m[0;30;47m [0m[0;30;47m [0m[0;30;47m [0m[0;30;47m [0m[0;30;47m [0m[0;30;47m [0m[0;30;47m [0m[0;30;47m [0m[0;30;47m [0m[0;30;47m [0m[0;30;47m [0m[0;30;47m [0m[0;30;47m [0m[0;30;47m [0m[0;30;47m [0m[0;30;47m [0m[0;30;47m [0m[0;30;47m [0m[0;30;47m [0m[0;30;47m [0m[0;30;47m [0m[0;30;47m [0m[0;30;47m [0m[0;30;47m [0m[0;30;47m [0m[0;30;47m [0m[0;30;47m [0m[0;30;47m [0m[0;30;47m [0m[0;30;47m [0m[0;30;47m [0m[0;30;47m [0m[0;30;47m [0m[0;30;47m [0m[0;30;47m [0m[0;30;47m [0m[0;30;47m [0m[0;30;47m [0m[0;34;46m~[0m
[0;34;46m~[0m[0;30;47m [0m[0;30;47m [0m[0;30;47m [0m[0;30;47m [0m[0;30;47m [0m[0;30;47m [0m[0;30;47m [0m[0;30;47m [0m[0;30;47m [0m[0;30;47m [0m[0;30;47m [0m[0;30;47m [0m[0;30;47m [0m[0;30;47m [0m[0;30;47m [0m[0;30;47m [0m[0;30;47m [0m[0;30;47m [0m[0;30;47m [0m[0;30;47m [0m[0;30;47m [0m[0;30;47m [0m[0;30;47m [0m[0;30;47m [0m[0;30;47m [0m[0;30;47m [0m[0;30;47m [0m[0;30;47m [0m[0;30;47m [0m[0;30;47m [0m[0;30;47m [0m[0;30;47m [0m[0;30;47m [0m[0;30;47m [0m[0;30;47m [0m[0;30;47m [0m[0;30;47m [0m[0;30;47m [0m[0;30;47m [0m[0;30;47m [0m[0;30;47m [0m[0;30;47m [0m[0;30;47m [0m[0;30;47m [0m[0;30;47m [0m[0;30;47m [0m[0;30;47m [0m[0;30;47m [0m[0;30;47m [0m[0;30;47m [0m[0;30;47m [0m[0;30;47m [0m[0;30;47m [0m[0;30;47m [0m[0;30;47m [0m[0;30;47m [0m[0;30;47m [0m[0;30;47m [0m[0;30;47m [0m[0;30;47m [0m[0;30;47m [0m[0;30;47m [0m[0;34;46m~[0m[0;30;47m [0m[0;30;47m [0m[0;30;47m [0m[0;30;47m [0m[0;30;47m [0m[0;30;47m [0m[0;30;47m [0m[0;30;47m [0m[0;30;47m [0m[0;30;47m [0m[0;30;47m [0m[0;30;47m [0m[0;30;47m [0m[0;30;47m [0m[0;30;47m [0m[0;30;47m [0m[0;30;47m [0m[0;30;47m [0m[0;30;47m [0m[0;30;47m [0m[0;30;47m [0m[0;30;47m [0m[0;30;47m [0m[0;30;47m [0m[0;30;47m [0m[0;30;47m [0m[0;30;47m [0m[0;30;47m [0m[0;30;47m [0m[0;30;47m [0m[0;30;47m [0m[0;30;47m [0m[0;30;47m [0m[0;30;47m [0m[0;30;47m [0m[0;30;47m [0m[0;30;47m [0m[0;30;47m [0m[0;30;47m [0m[0;30;47m [0m[0;30;47m [0m[0;30;47m [0m[0;30;47m [0m[0;30;47m [0m[0;30;47m [0m[0;34;46m~[0m
[0;34;46m~[0m[0;30;47m [0m[0;30;47m [0m[0;30;47m [0m[0;30;47m [0m[0;30;47m [0m[0;30;47m [0m[0;30;47m [0m[0;30;47m [0m[0;30;47m [0m[0;30;47m [0m[0;30;47m [0m[0;30;47m [0m[0;30;47m [0m[0;30;47m [0m[0;30;47m [0m[0;30;47m [0m[0;30;47m [0m[0;30;47m [0m[0;30;47m [0m[0;30;47m [0m[0;30;47m [0m[0;30;47m [0m[0;30;47m [0m[0;30;47m [0m[0;30;47m [0m[0;30;47m [0m[0;30;47m [0m[0;30;47m [0m[0;30;47m [0m[0;30;47m [0m[0;30;47m [0m[0;30;47m [0m[0;30;47m [0m[0;30;47m [0m[0;30;47m [0m[0;30;47m [0m[0;30;47m [0m[0;30;47m [0m[0;30;47m [0m[0;30;47m [0m[0;30;47m [0m[0;30;47m [0m[0;30;47m [0m[0;30;47m [0m[0;30;47m [0m[0;30;47m [0m[0;30;47m [0m[0;30;47m [0m[0;30;47m [0m[0;30;47m [0m[0;30;47m [0m[0;30;47m [0m[0;30;47m [0m[0;30;47m [0m[0;30;47m [0m[0;30;47m [0m[0;30;47m [0m[0;30;47m [0m[0;30;47m [0m[0;30;47m [0m[0;30;47m [0m[0;30;47m [0m[0;34;46m~[0m[0;30;47m [0m[0;30;47m [0m[0;30;47m [0m[0;30;47m [0m[0;30;47m [0m[0;30;47m [0m[0;30;47m [0m[0;30;47m [0m[0;30;47m [0m[0;30;47m [0m[0;30;47m [0m[0;30;47m [0m[0;30;47m [0m[0;30;47m [0m[0;30;47m [0m[0;30;47m [0m[0;30;47m [0m[0;30;47m [0m[0;30;47m [0m[0;30;47m [0m[0;30;47m [0m[0;30;47m [0m[0;30;47m [0m[0;30;47m [0m[0;30;47m [0m[0;30;47m [0m[0;30;47m [0m[0;30;47m [0m[0;30;47m [0m[0;30;47m [0m[0;30;47m [0m[0;30;47m [0m[0;30;47m [0m[0;30;47m [0m[0;30;47m [0m[0;30;47m [0m[0;30;47m [0m[0;30;47m [0m[0;30;47m [0m[0;30;47m [0m[0;30;47m [0m[0;30;47m [0m[0;30;47m [0m[0;30;47m [0m[0;30;47m [0m[0;34;46m~[0m
[0;34;46m~[0m[0;30;47m [0m[0;30;47m [0m[0;30;47m [0m[0;30;47m [0m[0;30;47m [0m[0;30;47m [0m[0;30;47m [0m[0;30;47m [0m[0;30;47m [0m[0;30;47m [0m[0;30;47m [0m[0;30;47m [0m[0;30;47m [0m[0;30;47m [0m[0;30;47m [0m[0;30;47m [0m[0;30;47m [0m[0;30;47m [0m[0;30;47m [0m[0;30;47m [0m[0;30;47m [0m[0;30;47m [0m[0;30;47m [0m[0;30;47m [0m[0;30;47m [0m[0;30;47m [0m[0;30;47m [0m[0;30;47m [0m[0;30;47m [0m[0;30;47m [0m[0;30;47m [0m[0;30;47m [0m[0;30;47m [0m[0;30;47m [0m[0;30;47m [0m[0;30;47m [0m[0;30;47m [0m[0;30;47m [0m[0;30;47m [0m[0;30;47m [0m[0;30;47m [0m[0;30;47m [0m[0;30;47m [0m[0;30;47m [0m[0;30;47m [0m[0;30;47m [0m[0;30;47m [0m[0;30;47m [0m[0;30;47m [0m[0;30;47m [0m[0;30;47m [0m[0;30;47m [0m[0;30;47m [0m[0;30;47m [0m[0;30;47m [0m[0;30;47m [0m[0;30;47m [0m[0;30;47m [0m[0;30;47m [0m[0;30;47m [0m[0;30;47m [0m[0;30;47m [0m[0;34;46m~[0m[0;30;47m [0m[0;30;47m [0m[0;30;47m [0m[0;30;47m [0m[0;30;47m [0m[0;30;47m [0m[0;30;47m [0m[0;30;47m [0m[0;30;47m [0m[0;30;47m [0m[0;30;47m [0m[0;30;47m [0m[0;30;47m [0m[0;30;47m [0m[0;30;47m [0m[0;30;47m [0m[0;30;47m [0m[0;30;47m [0m[0;30;47m [0m[0;30;47m [0m[0;30;47m [0m[0;30;47m [0m[0;30;47m [0m[0;30;47m [0m[0;30;47m [0m[0;30;47m [0m[0;30;47m [0m[0;30;47m [0m[0;30;47m [0m[0;30;47m [0m[0;30;47m [0m[0;30;47m [0m[0;30;47m [0m[0;30;47m [0m[0;30;47m [0m[0;30;47m [0m[0;30;47m [0m[0;30;47m [0m[0;30;47m [0m[0;30;47m [0m[0;30;47m [0m[0;30;47m [0m[0;30;47m [0m[0;30;47m [0m[0;30;47m [0m[0;34;46m~[0m
[0;34;46m~[0m[0;30;47m [0m[0;30;47m [0m[0;30;47m [0m[0;30;47m [0m[0;30;47m [0m[0;30;47m [0m[0;30;47m [0m[0;30;47m [0m[0;30;47m [0m[0;30;47m [0m[0;30;47m [0m[0;30;47m [0m[0;30;47m [0m[0;30;47m [0m[0;30;47m [0m[0;30;47m [0m[0;30;47m [0m[0;30;47m [0m[0;30;47m [0m[0;30;47m [0m[0;30;47m [0m[0;30;47m [0m[0;30;47m [0m[0;30;47m [0m[0;30;47m [0m[0;30;47m [0m[0;30;47m [0m[0;30;47m [0m[0;30;47m [0m[0;30;47m [0m[0;30;47m [0m[0;30;47m [0m[0;30;47m [0m[0;30;47m [0m[0;30;47m [0m[0;30;47m [0m[0;30;47m [0m[0;30;47m [0m[0;30;47m [0m[0;30;47m [0m[0;30;47m [0m[0;30;47m [0m[0;30;47m [0m[0;30;47m [0m[0;30;47m [0m[0;30;47m [0m[0;30;47m [0m[0;30;47m [0m[0;30;47m [0m[0;30;47m [0m[0;30;47m [0m[0;30;47m [0m[0;30;47m [0m[0;30;47m [0m[0;30;47m [0m[0;30;47m [0m[0;30;47m [0m[0;30;47m [0m[0;30;47m [0m[0;30;47m [0m[0;30;47m [0m[0;30;47m [0m[0;34;46m~[0m[0;30;47m [0m[0;30;47m [0m[0;30;47m [0m[0;30;47m [0m[0;30;47m [0m[0;30;47m [0m[0;30;47m [0m[0;30;47m [0m[0;30;47m [0m[0;30;47m [0m[0;30;47m [0m[0;30;47m [0m[0;30;47m [0m[0;30;47m [0m[0;30;47m [0m[0;30;47m [0m[0;30;47m [0m[0;30;47m [0m[0;30;47m [0m[0;30;47m [0m[0;30;47m [0m[0;30;47m [0m[0;30;47m [0m[0;30;47m [0m[0;30;47m [0m[0;30;47m [0m[0;30;47m [0m[0;30;47m [0m[0;30;47m [0m[0;30;47m [0m[0;30;47m [0m[0;30;47m [0m[0;30;47m [0m[0;30;47m [0m[0;30;47m [0m[0;30;47m [0m[0;30;47m [0m[0;30;47m [0m[0;30;47m [0m[0;30;47m [0m[0;30;47m [0m[0;30;47m [0m[0;30;47m [0m[0;30;47m [0m[0;30;47m [0m[0;34;46m~[0m
[0;34;46m~[0m[0;34;46m~[0m[0;34;46m~[0m[0;34;46m~[0m[0;34;46m~[0m[0;34;46m~[0m[0;34;46m~[0m[0;34;46m~[0m[0;34;46m~[0m[0;34;46m~[0m[0;34;46m~[0m[0;34;46m~[0m[0;34;46m~[0m[0;34;46m~[0m[0;34;46m~[0m[0;34;46m~[0m[0;34;46m~[0m[0;34;46m~[0m[0;34;46m~[0m[0;34;46m~[0m[0;34;46m~[0m[0;34;46m~[0m[0;34;46m~[0m[0;34;46m~[0m[0;34;46m~[0m[0;34;46m~[0m[0;34;46m~[0m[0;34;46m~[0m[0;34;46m~[0m[0;34;46m~[0m[0;34;46m~[0m[0;34;46m~[0m[0;34;46m~[0m[0;34;46m~[0m[0;34;46m~[0m[0;34;46m~[0m[0;34;46m~[0m[0;34;46m~[0m[0;34;46m~[0m[0;34;46m~[0m[0;34;46m~[0m[0;34;46m~[0m[0;34;46m~[0m[0;34;46m~[0m[0;34;46m~[0m[0;34;46m~[0m[0;34;46m~[0m[0;34;46m~[0m[0;34;46m~[0m[0;34;46m~[0m[0;34;46m~[0m[0;34;46m~[0m[0;34;46m~[0m[0;34;46m~[0m[0;34;46m~[0m[0;34;46m~[0m[0;34;46m~[0m[0;34;46m~[0m[0;34;46m~[0m[0;34;46m~[0m[0;34;46m~[0m[0;34;46m~[0m[0;34;46m~[0m[0;34;46m~[0m[0;34;46m~[0m[0;34;46m~[0m[0;34;46m~[0m[0;34;46m~[0m[0;34;46m~[0m[0;34;46m~[0m[0;34;46m~[0m[0;34;46m~[0m[0;34;46m~[0m[0;34;46m~[0m[0;34;46m~[0m[0;34;46m~[0m[0;34;46m~[0m[0;34;46m~[0m[0;34;46m~[0m[0;34;46m~[0m[0;34;46m~[0m[0;34;46m~[0m[0;34;46m~[0m[0;34;46m~[0m[0;34;46m~[0m[0;34;46m~[0m[0;34;46m~[0m[0;34;46m~[0m[0;34;46m~[0m[0;34;46m~[0m[0;34;46m~[0m[0;34;46m~[0m[0;34;46m~[0m[0;34;46m~[0m[0;34;46m~[0m[0;34;46m~[0m[0;34;46m~[0m[0;34;46m~[0m[0;34;46m~[0m[0;34;46m~[0m[0;34;46m~[0m[0;34;46m~[0m[0;34;46m~[0m[0;34;46m~[0m[0;34;46m~[0m[0;34;46m~[0m[0;34;46m~[0m[0;34;46m~[0m[0;34;46m~[0m[0;34;46m~[0m
[0;34;46m~[0m[0;30;47m [0m[0;30;47m [0m[0;30;47m [0m[0;30;47m [0m[0;30;47m [0m[0;30;47m [0m[0;30;47m [0m[0;30;47m [0m[0;30;47m [0m[0;30;47m [0m[0;30;47m [0m[0;30;47m [0m[0;30;47m [0m[0;30;47m [0m[0;30;47m [0m[0;30;47m [0m[0;30;47m [0m[0;30;47m [0m[0;30;47m [0m[0;30;47m [0m[0;30;47m [0m[0;30;47m [0m[0;30;47m [0m[0;30;47m [0m[0;30;47m [0m[0;30;47m [0m[0;30;47m [0m[0;30;47m [0m[0;30;47m [0m[0;30;47m [0m[0;30;47m [0m[0;30;47m [0m[0;30;47m [0m[0;30;47m [0m[0;30;47m [0m[0;30;47m [0m[0;30;47m [0m[0;30;47m [0m[0;30;47m [0m[0;30;47m [0m[0;30;47m [0m[0;30;47m [0m[0;30;47m [0m[0;30;47m [0m[0;30;47m [0m[0;30;47mT[0m[0;30;47mH[0m[0;30;47mE[0m[0;30;47m [0m[0;30;47mH[0m[0;30;47mA[0m[0;30;47mU[0m[0;30;47mN[0m[0;30;47mT[0m[0;30;47mE[0m[0;30;47mD[0m[0;30;47m [0m[0;30;47mC[0m[0;30;47mA[0m[0;30;47mS[0m[0;30;47mT[0m[0;30;47mL[0m[0;30;47mE[0m[0;30;47m [0m[0;30;47m [0m[0;30;47m [0m[0;30;47m [0m[0;30;47m [0m[0;30;47m [0m[0;30;47m [0m[0;30;47m [0m[0;30;47m [0m[0;30;47m [0m[0;30;47m [0m[0;30;47m [0m[0;30;47m [0m[0;30;47m [0m[0;30;47m [0m[0;30;47m [0m[0;30;47m [0m[0;30;47m [0m[0;30;47m [0m[0;30;47m [0m[0;30;47m [0m[0;30;47m [0m[0;30;47m [0m[0;30;47m [0m[0;30;47m [0m[0;30;47m [0m[0;30;47m [0m[0;30;47m [0m[0;30;47m [0m[0;30;47m [0m[0;30;47m [0m[0;30;47m [0m[0;30;47m [0m[0;30;47m [0m[0;30;47m [0m[0;30;47m [0m[0;30;47m [0m[0;30;47m [0m[0;30;47m [0m[0;30;47m [0m[0;30;47m [0m[0;30;47m [0m[0;30;47m [0m[0;30;47m [0m[0;30;47m [0m[0;34;46m~[0m
[0;34;46m~[0m[0;34;46m~[0m[0;34;46m~[0m[0;34;46m~[0m[0;34;46m~[0m[0;34;46m~[0m[0;34;46m~[0m[0;34;46m~[0m[0;34;46m~[0m[0;34;46m~[0m[0;34;46m~[0m[0;34;46m~[0m[0;34;46m~[0m[0;34;46m~[0m[0;34;46m~[0m[0;34;46m~[0m[0;34;46m~[0m[0;34;46m~[0m[0;34;46m~[0m[0;34;46m~[0m[0;34;46m~[0m[0;34;46m~[0m[0;34;46m~[0m[0;34;46m~[0m[0;34;46m~[0m[0;34;46m~[0m[0;34;46m~[0m[0;34;46m~[0m[0;34;46m~[0m[0;34;46m~[0m[0;34;46m~[0m[0;34;46m~[0m[0;34;46m~[0m[0;34;46m~[0m[0;34;46m~[0m[0;34;46m~[0m[0;34;46m~[0m[0;34;46m~[0m[0;34;46m~[0m[0;34;46m~[0m[0;34;46m~[0m[0;34;46m~[0m[0;34;46m~[0m[0;34;46m~[0m[0;34;46m~[0m[0;34;46m~[0m[0;34;46m~[0m[0;34;46m~[0m[0;34;46m~[0m[0;34;46m~[0m[0;34;46m~[0m[0;34;46m~[0m[0;34;46m~[0m[0;34;46m~[0m[0;34;46m~[0m[0;34;46m~[0m[0;34;46m~[0m[0;34;46m~[0m[0;34;46m~[0m[0;34;46m~[0m[0;34;46m~[0m[0;34;46m~[0m[0;34;46m~[0m[0;34;46m~[0m[0;34;46m~[0m[0;34;46m~[0m[0;34;46m~[0m[0;34;46m~[0m[0;34;46m~[0m[0;34;46m~[0m[0;34;46m~[0m[0;34;46m~[0m[0;34;46m~[0m[0;34;46m~[0m[0;34;46m~[0m[0;34;46m~[0m[0;34;46m~[0m[0;34;46m~[0m[0;34;46m~[0m[0;34;46m~[0m[0;34;46m~[0m[0;34;46m~[0m[0;34;46m~[0m[0;34;46m~[0m[0;34;46m~[0m[0;34;46m~[0m[0;34;46m~[0m[0;34;46m~[0m[0;34;46m~[0m[0;34;46m~[0m[0;34;46m~[0m[0;34;46m~[0m[0;34;46m~[0m[0;34;46m~[0m[0;34;46m~[0m[0;34;46m~[0m[0;34;46m~[0m[0;34;46m~[0m[0;34;46m~[0m[0;34;46m~[0m[0;34;46m~[0m[0;34;46m~[0m[0;34;46m~[0m[0;34;46m~[0m[0;34;46m~[0m[0;34;46m~[0m[0;34;46m~[0m[0;34;46m~[0m[0;34;46m~[0m[0;34;46m~[0m
[0;34;46m~[0m[0;30;47m [0m[0;30;47m [0m[0;30;47mC[0m[0;30;47mo[0m[0;30;47mm[0m[0;30;47mm[0m[0;30;47ma[0m[0;30;47mn[0m[0;30;47md[0m[0;30;47ms[0m[0;30;47m:[0m[0;30;47m [0m[0;30;47mm[0m[0;30;47mo[0m[0;30;47mv[0m[0;30;47me[0m[0;30;47m([0m[0;30;47mm[0m[0;30;47m)[0m[0;30;47m [0m[0;30;47m[[0m[0;30;47md[0m[0;30;47mi[0m[0;30;47mr[0m[0;30;47m][0m[0;30;47m [0m[0;30;47m|[0m[0;30;47m [0m[0;30;47mt[0m[0;30;47ma[0m[0;30;47mk[0m[0;30;47me[0m[0;30;47m([0m[0;30;47mt[0m[0;30;47m)[0m[0;30;47m [0m[0;30;47m[[0m[0;30;47mo[0m[0;30;47mb[0m[0;30;47mj[0m[0;30;47m][0m[0;30;47m [0m[0;30;47m|[0m[0;30;47m [0m[0;30;47md[0m[0;30;47mr[0m[0;30;47mo[0m[0;30;47mp[0m[0;30;47m([0m[0;30;47md[0m[0;30;47m)[0m[0;30;47m [0m[0;30;47m[[0m[0;30;47mo[0m[0;30;47mb[0m[0;30;47mj[0m[0;30;47m][0m[0;30;47m [0m[0;30;47m|[0m[0;30;47m [0m[0;30;47ma[0m[0;30;47mt[0m[0;30;47mt[0m[0;30;47ma[0m[0;30;47mc[0m[0;30;47mk[0m[0;30;47m([0m[0;30;47ma[0m[0;30;47m)[0m[0;30;47m [0m[0;30;47m|[0m[0;30;47m [0m[0;30;47mc[0m[0;30;47mh[0m[0;30;47ma[0m[0;30;47mt[0m[0;30;47m([0m[0;30;47mc[0m[0;30;47m)[0m[0;30;47m [0m[0;30;47m|[0m[0;30;47m [0m[0;30;47mr[0m[0;30;47me[0m[0;30;47mc[0m[0;30;47mr[0m[0;30;47mu[0m[0;30;47mi[0m[0;30;47mt[0m[0;30;47m([0m[0;30;47mr[0m[0;30;47m)[0m[0;30;47m [0m[0;30;47m[[0m[0;30;47mc[0m[0;30;47mh[0m[0;30;47ma[0m[0;30;47mr[0m[0;30;47m][0m[0;30;47m [0m[0;30;47m [0m[0;30;47m [0m[0;30;47m [0m[0;30;47m [0m[0;30;47m [0m[0;30;47m [0m[0;30;47m [0m[0;30;47m [0m[0;34;46m~[0m
[0;34;46m~[0m[0;30;47m [0m[0;30;47m [0m[0;30;47mi[0m[0;30;47mn[0m[0;30;47ms[0m[0;30;47mp[0m[0;30;47me[0m[0;30;47mc[0m[0;30;47mt[0m[0;30;47m([0m[0;30;47mi[0m[0;30;47m)[0m[0;30;47m [0m[0;30;47m[[0m[0;30;47mo[0m[0;30;47mb[0m[0;30;47mj[0m[0;30;47m][0m[0;30;47m [0m[0;30;47m|[0m[0;30;47m [0m[0;30;47mu[0m[0;30;47ms[0m[0;30;47me[0m[0;30;47m([0m[0;30;47mu[0m[0;30;47m)[0m[0;30;47m [0m[0;30;47m[[0m[0;30;47mo[0m[0;30;47mb[0m[0;30;47mj[0m[0;30;47m][0m[0;30;47m [0m[0;30;47m|[0m[0;30;47m [0m[0;30;47mo[0m[0;30;47mp[0m[0;30;47me[0m[0;30;47mn[0m[0;30;47m([0m[0;30;47mo[0m[0;30;47m)[0m[0;30;47m [0m[0;30;47m[[0m[0;30;47ml[0m[0;30;47mn[0m[0;30;47mk[0m[0;30;47m][0m[0;30;47m [0m[0;30;47mw[0m[0;30;47mi[0m[0;30;47mt[0m[0;30;47mh[0m[0;30;47m [0m[0;30;47m[[0m[0;30;47mo[0m[0;30;47mb[0m[0;30;47mj[0m[0;30;47m][0m[0;30;47m [0m[0;30;47m|[0m[0;30;47m [0m[0;30;47mt[0m[0;30;47mp[0m[0;30;47m [0m[0;30;47m[[0m[0;30;47mr[0m[0;30;47mo[0m[0;30;47mo[0m[0;30;47mm[0m[0;30;47m][0m[0;30;47m [0m[0;30;47m|[0m[0;30;47m [0m[0;30;47me[0m[0;30;47mx[0m[0;30;47mi[0m[0;30;47mt[0m[0;30;47m([0m[0;30;47me[0m[0;30;47m)[0m[0;30;47m [0m[0;30;47m|[0m[0;30;47m [0m[0;30;47ma[0m[0;30;47mb[0m[0;30;47ma[0m[0;30;47mn[0m[0;30;47md[0m[0;30;47mo[0m[0;30;47mn[0m[0;30;47m([0m[0;30;47mf[0m[0;30;47m)[0m[0;30;47m [0m[0;30;47m[[0m[0;30;47mc[0m[0;30;47mh[0m[0;30;47ma[0m[0;30;47mr[0m[0;30;47m][0m[0;30;47m [0m[0;30;47m [0m[0;30;47m [0m[0;30;47m [0m[0;30;47m [0m[0;30;47m [0m[0;34;46m~[0m
[0;34;46m~[0m[0;34;46m~[0m[0;34;46m~[0m[0;34;46m~[0m[0;34;46m~[0m[0;34;46m~[0m[0;34;46m~[0m[0;34;46m~[0m[0;34;46m~[0m[0;34;46m~[0m[0;34;46m~[0m[0;34;46m~[0m[0;34;46m~[0m[0;34;46m~[0m[0;34;46m~[0m[0;34;46m~[0m[0;34;46m~[0m[0;34;46m~[0m[0;34;46m~[0m[0;34;46m~[0m[0;34;46m~[0m[0;34;46m~[0m[0;34;46m~[0m[0;34;46m~[0m[0;34;46m~[0m[0;34;46m~[0m[0;34;46m~[0m[0;34;46m~[0m[0;34;46m~[0m[0;34;46m~[0m[0;34;46m~[0m[0;34;46m~[0m[0;34;46m~[0m[0;34;46m~[0m[0;34;46m~[0m[0;34;46m~[0m[0;34;46m~[0m[0;34;46m~[0m[0;34;46m~[0m[0;34;46m~[0m[0;34;46m~[0m[0;34;46m~[0m[0;34;46m~[0m[0;34;46m~[0m[0;34;46m~[0m[0;34;46m~[0m[0;34;46m~[0m[0;34;46m~[0m[0;34;46m~[0m[0;34;46m~[0m[0;34;46m~[0m[0;34;46m~[0m[0;34;46m~[0m[0;34;46m~[0m[0;34;46m~[0m[0;34;46m~[0m[0;34;46m~[0m[0;34;46m~[0m[0;34;46m~[0m[0;34;46m~[0m[0;34;46m~[0m[0;34;46m~[0m[0;34;46m~[0m[0;34;46m~[0m[0;34;46m~[0m[0;34;46m~[0m[0;34;46m~[0m[0;34;46m~[0m[0;34;46m~[0m[0;34;46m~[0m[0;34;46m~[0m[0;34;46m~[0m[0;34;46m~[0m[0;34;46m~[0m[0;34;46m~[0m[0;34;46m~[0m[0;34;46m~[0m[0;34;46m~[0m[0;34;46m~[0m[0;34;46m~[0m[0;34;46m~[0m[0;34;46m~[0m[0;34;46m~[0m[0;34;46m~[0m[0;34;46m~[0m[0;34;46m~[0m[0;34;46m~[0m[0;34;46m~[0m[0;34;46m~[0m[0;34;46m~[0m[0;34;46m~[0m[0;34;46m~[0m[0;34;46m~[0m[0;34;46m~[0m[0;34;46m~[0m[0;34;46m~[0m[0;34;46m~[0m[0;34;46m~[0m[0;34;46m~[0m[0;34;46m~[0m[0;34;46m~[0m[0;34;46m~[0m[0;34;46m~[0m[0;34;46m~[0m[0;34;46m~[0m[0;34;46m~[0m[0;34;46m~[0m[0;34;46m~[0m[0;34;46m~[0m[0;34;46m~[0m
[0;34;46m~[0m[0;30;47m [0m[0;30;47m [0m[0;30;47m [0m[0;30;47m [0m[0;30;47m [0m[0;30;47m [0m[0;30;47m [0m[0;30;47m [0m[0;30;47m [0m[0;30;47m [0m[0;30;47m [0m[0;30;47m [0m[0;30;47m [0m[0;30;47m [0m[0;30;47m [0m[0;30;47m [0m[0;30;47m [0m[0;30;47m [0m[0;30;47m [0m[0;30;47m [0m[0;30;47m [0m[0;30;47m [0m[0;30;47m [0m[0;30;47m [0m[0;30;47m [0m[0;30;47m [0m[0;30;47m [0m[0;30;47m [0m[0;30;47m [0m[0;30;47m [0m[0;30;47m [0m[0;30;47m [0m[0;30;47m [0m[0;30;47m [0m[0;30;47m [0m[0;30;47m [0m[0;30;47m [0m[0;30;47m [0m[0;30;47m [0m[0;30;47m [0m[0;30;47m [0m[0;30;47m [0m[0;30;47m [0m[0;30;47m [0m[0;30;47m [0m[0;30;47m [0m[0;30;47m [0m[0;30;47m [0m[0;30;47m [0m[0;30;47m [0m[0;30;47m [0m[0;30;47m [0m[0;30;47m [0m[0;30;47m [0m[0;30;47m [0m[0;30;47m [0m[0;30;47m [0m[0;30;47m [0m[0;30;47m [0m[0;30;47m [0m[0;30;47m [0m[0;30;47m [0m[0;30;47m [0m[0;30;47m [0m[0;30;47m [0m[0;30;47m [0m[0;30;47m [0m[0;30;47m [0m[0;30;47m [0m[0;30;47m [0m[0;30;47m [0m[0;30;47m [0m[0;30;47m [0m[0;30;47m [0m[0;30;47m [0m[0;30;47m [0m[0;30;47m [0m[0;30;47m [0m[0;30;47m [0m[0;30;47m [0m[0;30;47m [0m[0;30;47m [0m[0;30;47m [0m[0;30;47m [0m[0;30;47m [0m[0;30;47m [0m[0;30;47m [0m[0;30;47m [0m[0;30;47m [0m[0;30;47m [0m[0;30;47m [0m[0;30;47m [0m[0;30;47m [0m[0;30;47m [0m[0;30;47m [0m[0;30;47m [0m[0;30;47m [0m[0;30;47m [0m[0;30;47m [0m[0;30;47m [0m[0;30;47m [0m[0;30;47m [0m[0;30;47m [0m[0;30;47m [0m[0;30;47m [0m[0;30;47m [0m[0;30;47m [0m[0;30;47m [0m[0;34;46m~[0m
[0;34;46m~[0m[0;30;47m [0m[0;30;47m [0m[0;30;47m [0m[0;30;47m [0m[0;30;47m [0m[0;30;47m [0m[0;30;47m [0m[0;30;47m [0m[0;30;47m [0m[0;30;47m [0m[0;30;47m [0m[0;30;47m [0m[0;30;47m [0m[0;30;47m [0m[0;30;47m [0m[0;30;47m [0m[0;30;47m [0m[0;30;47m [0m[0;30;47m [0m[0;30;47m [0m[0;30;47m [0m[0;30;47m [0m[0;30;47m [0m[0;30;47m [0m[0;30;47m [0m[0;30;47m [0m[0;30;47m [0m[0;30;47m [0m[0;30;47m [0m[0;30;47m [0m[0;30;47m [0m[0;30;47m [0m[0;30;47m [0m[0;30;47m [0m[0;30;47m [0m[0;30;47m [0m[0;30;47m [0m[0;30;47m [0m[0;30;47m [0m[0;30;47m [0m[0;30;47m [0m[0;30;47m [0m[0;30;47m [0m[0;30;47m [0m[0;30;47m [0m[0;30;47m [0m[0;30;47m [0m[0;30;47m [0m[0;30;47m [0m[0;30;47m [0m[0;30;47m [0m[0;30;47m [0m[0;30;47m [0m[0;30;47m [0m[0;30;47m [0m[0;30;47m [0m[0;30;47m [0m[0;30;47m [0m[0;30;47m [0m[0;30;47m [0m[0;30;47m [0m[0;30;47m [0m[0;30;47m [0m[0;30;47m [0m[0;30;47m [0m[0;30;47m [0m[0;30;47m [0m[0;30;47m [0m[0;30;47m [0m[0;30;47m [0m[0;30;47m [0m[0;30;47m [0m[0;30;47m [0m[0;30;47m [0m[0;30;47m [0m[0;30;47m [0m[0;30;47m [0m[0;30;47m [0m[0;30;47m [0m[0;30;47m [0m[0;30;47m [0m[0;30;47m [0m[0;30;47m [0m[0;30;47m [0m[0;30;47m [0m[0;30;47m [0m[0;30;47m [0m[0;30;47m [0m[0;30;47m [0m[0;30;47m [0m[0;30;47m [0m[0;30;47m [0m[0;30;47m [0m[0;30;47m [0m[0;30;47m [0m[0;30;47m [0m[0;30;47m [0m[0;30;47m [0m[0;30;47m [0m[0;30;47m [0m[0;30;47m [0m[0;30;47m [0m[0;30;47m [0m[0;30;47m [0m[0;30;47m [0m[0;30;47m [0m[0;30;47m [0m[0;30;47m [0m[0;34;46m~[0m
[0;34;46m~[0m[0;30;47m [0m[0;30;47m [0m[0;30;47m [0m[0;30;47m [0m[0;30;47m [0m[0;30;47m [0m[0;30;47m [0m[0;30;47m [0m[0;30;47m [0m[0;30;47m [0m[0;30;47m [0m[0;30;47m [0m[0;30;47m [0m[0;30;47m [0m[0;30;47m [0m[0;30;47m [0m[0;30;47m [0m[0;30;47m [0m[0;30;47m [0m[0;30;47m [0m[0;30;47m [0m[0;30;47m [0m[0;30;47m [0m[0;30;47m [0m[0;30;47m [0m[0;30;47m [0m[0;30;47m [0m[0;30;47m [0m[0;30;47m [0m[0;30;47m [0m[0;30;47m [0m[0;30;47m [0m[0;30;47m [0m[0;30;47m [0m[0;30;47m [0m[0;30;47m [0m[0;30;47m [0m[0;30;47m [0m[0;30;47m [0m[0;30;47m [0m[0;30;47m [0m[0;30;47m [0m[0;30;47m [0m[0;30;47m [0m[0;30;47m [0m[0;30;47m [0m[0;30;47m [0m[0;30;47m [0m[0;30;47m [0m[0;30;47m [0m[0;30;47m [0m[0;30;47m [0m[0;30;47m [0m[0;30;47m [0m[0;30;47m [0m[0;30;47m [0m[0;30;47m [0m[0;30;47m [0m[0;30;47m [0m[0;30;47m [0m[0;30;47m [0m[0;30;47m [0m[0;30;47m [0m[0;30;47m [0m[0;30;47m [0m[0;30;47m [0m[0;30;47m [0m[0;30;47m [0m[0;30;47m [0m[0;30;47m [0m[0;30;47m [0m[0;30;47m [0m[0;30;47m [0m[0;30;47m [0m[0;30;47m [0m[0;30;47m [0m[0;30;47m [0m[0;30;47m [0m[0;30;47m [0m[0;30;47m [0m[0;30;47m [0m[0;30;47m [0m[0;30;47m [0m[0;30;47m [0m[0;30;47m [0m[0;30;47m [0m[0;30;47m [0m[0;30;47m [0m[0;30;47m [0m[0;30;47m [0m[0;30;47m [0m[0;30;47m [0m[0;30;47m [0m[0;30;47m [0m[0;30;47m [0m[0;30;47m [0m[0;30;47m [0m[0;30;47m [0m[0;30;47m [0m[0;30;47m [0m[0;30;47m [0m[0;30;47m [0m[0;30;47m [0m[0;30;47m [0m[0;30;47m [0m[0;30;47m [0m[0;30;47m [0m[0;30;47m [0m[0;34;46m~[0m
prompt:> [2J
[0;34;42m~[0m[0;34;42m~[0m[0;34;42m~[0m[0;34;42m~[0m[0;34;42m~[0m[0;34;42m~[0m[0;34;42m~[0m[0;34;42m~[0m[0;34;42m~[0m[0;34;42m~[0m[0;34;42m~[0m[0;34;42m~[0m[0;34;42m~[0m[0;34;42m~[0m[0;34;42m~[0m[0;34;42m~[0m[0;34;42m~[0m[0;34;42m~[0m[0;34;42m~[0m[0;34;42m~[0m[0;34;42m~[0m[0;34;42m~[0m[0;34;42m~[0m[0;34;42m~[0m[0;34;42m~[0m[0;34;42m~[0m[0;34;42m~[0m[0;34;42m~[0m[0;34;42m~[0m[0;34;42m~[0m[0;34;42m~[0m[0;34;42m~[0m[0;34;42m~[0m[0;34;42m~[0m[0;34;42m~[0m[0;34;42m~[0m[0;34;42m~[0m[0;34;42m~[0m[0;34;42m~[0m[0;34;42m~[0m[0;34;42m~[0m[0;34;42m~[0m[0;34;42m~[0m[0;34;42m~[0m[0;34;42m~[0m[0;34;42m~[0m[0;34;42m~[0m[0;34;42m~[0m[0;34;42m~[0m[0;34;42m~[0m[0;34;42m~[0m[0;34;42m~[0m[0;34;42m~[0m[0;34;42m~[0m[0;34;42m~[0m[0;34;42m~[0m[0;34;42m~[0m[0;34;42m~[0m[0;34;42m~[0m[0;34;42m~[0m[0;34;42m~[0m[0;34;42m~[0m[0;34;42m~[0m[0;34;42m~[0m[0;34;42m~[0m[0;34;42m~[0m[0;34;42m~[0m[0;34;42m~[0m[0;34;42m~[0m[0;34;42m~[0m[0;34;42m~[0m[0;34;42m~[0m[0;34;42m~[0m[0;34;42m~[0m[0;34;42m~[0m[0;34;42m~[0m[0;34;42m~[0m[0;34;42m~[0m[0;34;42m~[0m[0;34;42m~[0m[0;34;42m~[0m[0;34;42m~[0m[0;34;42m~[0m[0;34;42m~[0m[0;34;42m~[0m[0;34;42m~[0m[0;34;42m~[0m[0;34;42m~[0m[0;34;42m~[0m[0;34;42m~[0m[0;34;42m~[0m[0;34;42m~[0m[0;34;42m~[0m[0;34;42m~[0m[0;34;42m~[0m[0;34;42m~[0m[0;34;42m~[0m[0;34;42m~[0m[0;34;42m~[0m[0;34;42m~[0m[0;34;42m~[0m[0;34;42m~[0m[0;34;42m~[0m[0;34;42m~[0m[0;34;42m~[0m[0;34;42m~[0m[0;34;42m~[0m[0;34;42m~[0m[0;34;42m~[0m[0;34;42m~[0m
[0;34;42m~[0m[0;30;47m [0m[0;30;47m [0m[0;30;47m [0m[0;30;47m [0m[0;30;47m [0m[0;30;47m [0m[0;30;47m [0m[0;30;47m [0m[0;30;47m [0m[0;30;47m [0m[0;30;47m [0m[0;30;47m [0m[0;30;47m [0m[0;30;47m [0m[0;30;47m [0m[0;30;47m [0m[0;30;47m [0m[0;30;47m [0m[0;30;47m [0m[0;30;47m [0m[0;30;47m [0m[0;30;47m+[0m[0;30;47m-[0m[0;30;47m-[0m[0;30;47m-[0m[0;30;47m-[0m[0;30;47m-[0m[0;30;47m-[0m[0;30;47m-[0m[0;30;47m-[0m[0;30;47m-[0m[0;30;47m-[0m[0;30;47m-[0m[0;30;47m-[0m[0;30;47m-[0m[0;30;47m-[0m[0;30;47m-[0m[0;30;47m+[0m[0;30;47m [0m[0;30;47m [0m[0;30;47m [0m[0;30;47m [0m[0;30;47m [0m[0;30;47m [0m[0;30;47m [0m[0;30;47m [0m[0;30;47m [0m[0;30;47m [0m[0;30;47m [0m[0;30;47m [0m[0;30;47m [0m[0;30;47m [0m[0;30;47m [0m[0;30;47m [0m[0;30;47m [0m[0;30;47m [0m[0;30;47m [0m[0;30;47m [0m[0;30;47m [0m[0;30;47m [0m[0;30;47m [0m[0;30;47m [0m[0;34;42m~[0m[0;30;47m [0m[0;30;47m [0m[0;30;47m=[0m[0;30;47m=[0m[0;30;47m=[0m[0;30;47m=[0m[0;30;47m=[0m[0;30;47m=[0m[0;30;47m=[0m[0;30;47m=[0m[0;30;47m=[0m[0;30;47m=[0m[0;30;47m=[0m[0;30;47m=[0m[0;30;47m=[0m[0;30;47m=[0m[0;30;47m=[0m[0;30;47m=[0m[0;30;47m=[0m[0;30;47m=[0m[0;30;47m=[0m[0;30;47m=[0m[0;30;47m=[0m[0;30;47m=[0m[0;30;47m=[0m[0;30;47m=[0m[0;30;47m=[0m[0;30;47m=[0m[0;30;47m=[0m[0;30;47m=[0m[0;30;47m=[0m[0;30;47m=[0m[0;30;47m=[0m[0;30;47m=[0m[0;30;47m=[0m[0;30;47m=[0m[0;30;47m=[0m[0;30;47m=[0m[0;30;47m=[0m[0;30;47m=[0m[0;30;47m=[0m[0;30;47m=[0m[0;30;47m=[0m[0;30;47m [0m[0;30;47m [0m[0;34;42m~[0m
[0;34;42m~[0m[0;30;47m [0m[0;30;47m [0m[0;30;47m [0m[0;30;47m [0m[0;30;47m [0m[0;30;47m [0m[0;30;47m [0m[0;30;47m [0m[0;30;47m [0m[0;30;47m [0m[0;30;47m [0m[0;30;47m [0m[0;30;47m [0m[0;30;47m [0m[0;30;47m [0m[0;30;47m [0m[0;30;47m [0m[0;30;47m [0m[0;30;47m [0m[0;30;47m [0m[0;30;47m [0m[0;30;47m|[0m[0;30;47m [0m[0;30;47m^[0m[0;30;47mK[0m[0;30;47m>[0m[0;30;47m [0m[0;30;47m [0m[0;30;47m\[0m[0;30;47mS[0m[0;30;47me[0m[0;30;47m/[0m[0;30;47m [0m[0;30;47m [0m[0;30;47m [0m[0;30;47m1[0m[0;30;47m1[0m[0;30;47m|[0m[0;30;47m [0m[0;30;47m [0m[0;30;47m [0m[0;30;47m [0m[0;30;47m [0m[0;30;47m [0m[0;30;47m [0m[0;30;47m [0m[0;30;47m [0m[0;30;47m [0m[0;30;47m [0m[0;30;47m [0m[0;30;47m [0m[0;30;47m [0m[0;30;47m [0m[0;30;47m [0m[0;30;47m [0m[0;30;47m [0m[0;30;47m [0m[0;30;47m [0m[0;30;47m [0m[0;30;47m [0m[0;30;47m [0m[0;30;47m [0m[0;34;42m~[0m[0;30;47m [0m[0;30;47m [0m[0;30;47m [0m[0;30;47m [0m[0;30;47mP[0m[0;30;47mL[0m[0;30;47mA[0m[0;30;47mY[0m[0;30;47mE[0m[0;30;47mR[0m[0;30;47m [0m[0;30;47m2[0m[0;30;47m [0m[0;30;47mS[0m[0;30;47mT[0m[0;30;47mA[0m[0;30;47mT[0m[0;30;47mU[0m[0;30;47mS[0m[0;30;47m [0m[0;30;47m [0m[0;30;47m [0m[0;30;47m|[0m[0;30;47m [0m[0;30;47m [0m[0;30;47m [0m[0;30;47mH[0m[0;30;47mE[0m[0;30;47mA[0m[0;30;47mL[0m[0;30;47mT[0m[0;30;47mH[0m[0;30;47m:[0m[0;30;47m [0m[0;30;47m3[0m[0;30;47m [0m[0;30;47mp[0m[0;30;47mt[0m[0;30;47ms[0m[0;30;47m [0m[0;30;47m [0m[0;30;47m [0m[0;30;47m [0m[0;30;47m [0m[0;30;47m [0m[0;34;42m~[0m
[0;34;42m~[0m[0;30;47m [0m[0;30;47m [0m[0;30;47m [0m[0;30;47m [0m[0;30;47m [0m[0;30;47m [0m[0;30;47m [0m[0;30;47m [0m[0;30;47m [0m[0;30;47m [0m[0;30;47m [0m[0;30;47m [0m[0;30;47m [0m[0;30;47m [0m[0;30;47m [0m[0;30;47m [0m[0;30;47m [0m[0;30;47m [0m[0;30;47m [0m[0;30;47m [0m[0;30;47m [0m[0;30;47m|[0m[0;30;47m [0m[0;30;47m [0m[0;30;47m [0m[0;30;47m [0m[0;30;47m.[0m[0;30;47m=[0m[0;30;47m=[0m[0;30;47m=[0m[0;30;47m.[0m[0;30;47m [0m[0;30;47m [0m[0;30;47m [0m[0;30;47m [0m[0;30;47m [0m[0;30;47m [0m[0;30;47m|[0m[0;30;47m [0m[0;30;47m [0m[0;30;47m [0m[0;30;47m [0m[0;30;47m [0m[0;30;47m [0m[0;30;47m [0m[0;30;47m [0m[0;30;47m [0m[0;30;47m [0m[0;30;47m [0m[0;30;47m [0m[0;30;47m [0m[0;30;47m [0m[0;30;47m [0m[0;30;47m [0m[0;30;47m [0m[0;30;47m [0m[0;30;47m [0m[0;30;47m [0m[0;30;47m [0m[0;30;47m [0m[0;30;47m [0m[0;30;47m [0m[0;34;42m~[0m[0;30;47m [0m[0;30;47m [0m[0;30;47m=[0m[0;30;47m=[0m[0;30;47m=[0m[0;30;47m=[0m[0;30;47m=[0m[0;30;47m=[0m[0;30;47m=[0m[0;30;47m=[0m[0;30;47m=[0m[0;30;47m=[0m[0;30;47m=[0m[0;30;47m=[0m[0;30;47m=[0m[0;30;47m=[0m[0;30;47m=[0m[0;30;47m=[0m[0;30;47m=[0m[0;30;47m=[0m[0;30;47m=[0m[0;30;47m=[0m[0;30;47m=[0m[0;30;47m=[0m[0;30;47m=[0m[0;30;47m=[0m[0;30;47m=[0m[0;30;47m=[0m[0;30;47m=[0m[0;30;47m=[0m[0;30;47m=[0m[0;30;47m=[0m[0;30;47m=[0m[0;30;47m=[0m[0;30;47m=[0m[0;30;47m=[0m[0;30;47m=[0m[0;30;47m=[0m[0;30;47m=[0m[0;30;47m=[0m[0;30;47m=[0m[0;30;47m=[0m[0;30;47m=[0m[0;30;47m [0m[0;30;47m [0m[0;34;42m~[0m
[0;34;42m~[0m[0;30;47m [0m[0;30;47m [0m[0;30;47m [0m[0;30;47m [0m[0;30;47m [0m[0;30;47m [0m[0;30;47m [0m[0;30;47m [0m[0;30;47m [0m[0;30;47m [0m[0;30;47m [0m[0;30;47m [0m[0;30;47m [0m[0;30;47m [0m[0;30;47m [0m[0;30;47m [0m[0;30;47m [0m[0;30;47m [0m[0;30;47m [0m[0;30;47m [0m[0;30;47m [0m[0;30;47m|[0m[0;30;47m [0m[0;30;47m [0m[0;30;47m [0m[0;30;47m [0m[0;30;47m[[0m[0;30;47m [0m[0;30;47m [0m[0;30;47m [0m[0;30;47m][0m[0;30;47m [0m[0;30;47m [0m[0;30;47m [0m[0;30;47m [0m[0;30;47m [0m[0;30;47m [0m[0;30;47m|[0m[0;30;47m [0m[0;30;47m [0m[0;30;47m [0m[0;30;47m [0m[0;30;47m [0m[0;30;47m [0m[0;30;47m [0m[0;30;47m [0m[0;30;47m [0m[0;30;47m [0m[0;30;47m [0m[0;30;47m [0m[0;30;47m [0m[0;30;47m [0m[0;30;47m [0m[0;30;47m [0m[0;30;47m [0m[0;30;47m [0m[0;30;47m [0m[0;30;47m [0m[0;30;47m [0m[0;30;47m [0m[0;30;47m [0m[0;30;47m [0m[0;34;42m~[0m[0;30;47m [0m[0;30;47m [0m[0;30;47m>[0m[0;30;47m [0m[0;30;47mC[0m[0;30;47mu[0m[0;30;47mr[0m[0;30;47mr[0m[0;30;47me[0m[0;30;47mn[0m[0;30;47mt[0m[0;30;47m [0m[0;30;47mL[0m[0;30;47mo[0m[0;30;47mc[0m[0;30;47ma[0m[0;30;47mt[0m[0;30;47mi[0m[0;30;47mo[0m[0;30;47mn[0m[0;30;47m [0m[0;30;47m:[0m[0;30;47m [0m[0;30;47m1[0m[0;30;47m1[0m[0;30;47m [0m[0;30;47m([0m[0;30;47mp[0m[0;30;47mi[0m[0;30;47mt[0m[0;30;47m)[0m[0;30;47m [0m[0;30;47m [0m[0;30;47m [0m[0;30;47m [0m[0;30;47m [0m[0;30;47m [0m[0;30;47m [0m[0;30;47m [0m[0;30;47m [0m[0;30;47m [0m[0;30;47m [0m[0;30;47m [0m[0;30;47m [0m[0;30;47m [0m[0;34;42m~[0m
[0;34;42m~[0m[0;30;47m [0m[0;30;47m [0m[0;30;47m [0m[0;30;47m [0m[0;30;47m [0m[0;30;47m [0m[0;30;47m [0m[0;30;47m [0m[0;30;47m [0m[0;30;47m [0m[0;30;47m [0m[0;30;47m [0m[0;30;47m [0m[0;30;47m [0m[0;30;47m [0m[0;30;47m [0m[0;30;47m [0m[0;30;47m [0m[0;30;47m [0m[0;30;47m [0m[0;30;47m [0m[0;30;47m|[0m[0;30;47m [0m[0;30;47m [0m[0;30;47m [0m[0;30;47m [0m[0;30;47m[[0m[0;30;47m [0m[0;30;47m [0m[0;30;47m [0m[0;30;47m][0m[0;30;47m [0m[0;30;47m [0m[0;30;47m [0m[0;30;47m [0m[0;30;47m [0m[0;30;47m [0m[0;30;47m|[0m[0;30;47m [0m[0;30;47m [0m[0;30;47m [0m[0;30;47m [0m[0;30;47m [0m[0;30;47m [0m[0;30;47m [0m[0;30;47m [0m[0;30;47m [0m[0;30;47m [0m[0;30;47m [0m[0;30;47m [0m[0;30;47m [0m[0;30;47m [0m[0;30;47m [0m[0;30;47m [0m[0;30;47m [0m[0;30;47m [0m[0;30;47m [0m[0;30;47m [0m[0;30;47m [0m[0;30;47m [0m[0;30;47m [0m[0;30;47m [0m[0;34;42m~[0m[0;30;47m [0m[0;30;47m [0m[0;30;47m>[0m[0;30;47m [0m[0;30;47mB[0m[0;30;47ma[0m[0;30;47mc[0m[0;30;47mk[0m[0;30;47mp[0m[0;30;47ma[0m[0;30;47mc[0m[0;30;47mk[0m[0;30;47m [0m[0;30;47m [0m[0;30;47m [0m[0;30;47m [0m[0;30;47m [0m[0;30;47m [0m[0;30;47m [0m[0;30;47m:[0m[0;30;47m [0m[0;30;47mm[0m[0;30;47ma[0m[0;30;47mp[0m[0;30;47m [0m[0;30;47m [0m[0;30;47m [0m[0;30;47m [0m[0;30;47m [0m[0;30;47m [0m[0;30;47m [0m[0;30;47m [0m[0;30;47m [0m[0;30;47m [0m[0;30;47m [0m[0;30;47m [0m[0;30;47m [0m[0;30;47m [0m[0;30;47m [0m[0;30;47m [0m[0;30;47m [0m[0;30;47m [0m[0;30;47m [0m[0;30;47m [0m[0;30;47m [0m[0;34;42m~[0m
[0;34;42m~[0m[0;30;47m [0m[0;30;47m [0m[0;30;47m [0m[0;30;47m [0m[0;30;47m [0m[0;30;47m [0m[0;30;47m [0m[0;30;47m [0m[0;30;47m [0m[0;30;47m [0m[0;30;47m [0m[0;30;47m [0m[0;30;47m [0m[0;30;47m [0m[0;30;47m [0m[0;30;47m [0m[0;30;47m [0m[0;30;47m [0m[0;30;47m [0m[0;30;47m [0m[0;30;47m [0m[0;30;47m|[0m[0;30;47m [0m[0;30;47m [0m[0;30;47m [0m[0;30;47m [0m[0;30;47m[[0m[0;30;47m [0m[0;30;47m [0m[0;30;47m [0m[0;30;47m][0m[0;30;47m [0m[0;30;47m [0m[0;30;47m [0m[0;30;47m [0m[0;30;47m [0m[0;30;47m [0m[0;30;47m|[0m[0;30;47m [0m[0;30;47m [0m[0;30;47m [0m[0;30;47m [0m[0;30;47m [0m[0;30;47m [0m[0;30;47m [0m[0;30;47m [0m[0;30;47m [0m[0;30;47m [0m[0;30;47m [0m[0;30;47m [0m[0;30;47m [0m[0;30;47m [0m[0;30;47m [0m[0;30;47m [0m[0;30;47m [0m[0;30;47m [0m[0;30;47m [0m[0;30;47m [0m[0;30;47m [0m[0;30;47m [0m[0;30;47m [0m[0;30;47m [0m[0;34;42m~[0m[0;30;47m [0m[0;30;47m [0m[0;30;47m-[0m[0;30;47m-[0m[0;30;47m-[0m[0;30;47m-[0m[0;30;47m-[0m[0;30;47m-[0m[0;30;47m-[0m[0;30;47m-[0m[0;30;47m-[0m[0;30;47m-[0m[0;30;47m-[0m[0;30;47m-[0m[0;30;47m-[0m[0;30;47m-[0m[0;30;47m-[0m[0;30;47m-[0m[0;30;47m-[0m[0;30;47m-[0m[0;30;47m-[0m[0;30;47m-[0m[0;30;47m-[0m[0;30;47m-[0m[0;30;47m-[0m[0;30;47m-[0m[0;30;47m-[0m[0;30;47m-[0m[0;30;47m-[0m[0;30;47m-[0m[0;30;47m-[0m[0;30;47m-[0m[0;30;47m-[0m[0;30;47m-[0m[0;30;47m-[0m[0;30;47m-[0m[0;30;47m-[0m[0;30;47m-[0m[0;30;47m-[0m[0;30;47m-[0m[0;30;47m-[0m[0;30;47m-[0m[0;30;47m-[0m[0;30;47m [0m[0;30;47m [0m[0;34;42m~[0m
[0;34;42m~[0m[0;30;47m [0m[0;30;47m [0m[0;30;47m [0m[0;30;47m [0m[0;30;47m [0m[0;30;47m [0m[0;30;47m [0m[0;30;47m [0m[0;30;47m [0m[0;30;47m [0m[0;30;47m [0m[0;30;47m [0m[0;30;47m [0m[0;30;47m [0m[0;30;47m [0m[0;30;47m [0m[0;30;47m [0m[0;30;47m [0m[0;30;47m [0m[0;30;47m [0m[0;30;47m [0m[0;30;47m|[0m[0;30;47m [0m[0;30;47m [0m[0;30;47m [0m[0;30;47m [0m[0;30;47m'[0m[0;30;47m=[0m[0;30;47m=[0m[0;30;47m=[0m[0;30;47m'[0m[0;30;47m [0m[0;30;47m [0m[0;30;47m [0m[0;30;47m [0m[0;30;47m [0m[0;30;47m [0m[0;30;47m|[0m[0;30;47m [0m[0;30;47m [0m[0;30;47m [0m[0;30;47m [0m[0;30;47m [0m[0;30;47m [0m[0;30;47m [0m[0;30;47m [0m[0;30;47m [0m[0;30;47m [0m[0;30;47m [0m[0;30;47m [0m[0;30;47m [0m[0;30;47m [0m[0;30;47m [0m[0;30;47m [0m[0;30;47m [0m[0;30;47m [0m[0;30;47m [0m[0;30;47m [0m[0;30;47m [0m[0;30;47m [0m[0;30;47m [0m[0;30;47m [0m[0;34;42m~[0m[0;30;47m [0m[0;30;47m [0m[0;30;47mV[0m[0;30;47mI[0m[0;30;47mS[0m[0;30;47mI[0m[0;30;47mB[0m[0;30;47mL[0m[0;30;47mE[0m[0;30;47m [0m[0;30;47mE[0m[0;30;47mN[0m[0;30;47mT[0m[0;30;47mI[0m[0;30;47mT[0m[0;30;47mI[0m[0;30;47mE[0m[0;30;47mS[0m[0;30;47m [0m[0;30;47m([0m[0;30;47mD[0m[0;30;47mi[0m[0;30;47ms[0m[0;30;47mc[0m[0;30;47mo[0m[0;30;47mv[0m[0;30;47me[0m[0;30;47mr[0m[0;30;47me[0m[0;30;47md[0m[0;30;47m [0m[0;30;47mS[0m[0;30;47mp[0m[0;30;47ma[0m[0;30;47mc[0m[0;30;47me[0m[0;30;47ms[0m[0;30;47m)[0m[0;30;47m:[0m[0;30;47m [0m[0;30;47m [0m[0;30;47m [0m[0;30;47m [0m[0;30;47m [0m[0;30;47m [0m[0;34;42m~[0m
[0;34;42m~[0m[0;30;47m [0m[0;30;47m [0m[0;30;47m [0m[0;30;47m [0m[0;30;47m [0m[0;30;47m [0m[0;30;47m [0m[0;30;47m [0m[0;30;47m [0m[0;30;47m [0m[0;30;47m [0m[0;30;47m [0m[0;30;47m [0m[0;30;47m [0m[0;30;47m [0m[0;30;47m [0m[0;30;47m [0m[0;30;47m [0m[0;30;47m [0m[0;30;47m [0m[0;30;47m [0m[0;30;47m|[0m[0;30;47mp[0m[0;30;47mo[0m[0;30;47mr[0m[0;30;47mt[0m[0;30;47ma[0m[0;30;47ml[0m[0;30;47m [0m[0;30;47m [0m[0;30;47m [0m[0;30;47m [0m[0;30;47m [0m[0;30;47m [0m[0;30;47m [0m[0;30;47m [0m[0;30;47m [0m[0;30;47m|[0m[0;30;47m [0m[0;30;47m [0m[0;30;47m [0m[0;30;47m [0m[0;30;47m [0m[0;30;47m [0m[0;30;47m [0m[0;30;47m [0m[0;30;47m [0m[0;30;47m [0m[0;30;47m [0m[0;30;47m [0m[0;30;47m [0m[0;30;47m [0m[0;30;47m [0m[0;30;47m [0m[0;30;47m [0m[0;30;47m [0m[0;30;47m [0m[0;30;47m [0m[0;30;47m [0m[0;30;47m [0m[0;30;47m [0m[0;30;47m [0m[0;34;42m~[0m[0;30;47m [0m[0;30;47m [0m[0;30;47m [0m[0;30;47m[[0m[0;30;47mO[0m[0;30;47mb[0m[0;30;47mj[0m[0;30;47m][0m[0;30;47m [0m[0;30;47mp[0m[0;30;47mo[0m[0;30;47mr[0m[0;30;47mt[0m[0;30;47ma[0m[0;30;47ml[0m[0;30;47m [0m[0;30;47m [0m[0;30;47m [0m[0;30;47m [0m[0;30;47m [0m[0;30;47ma[0m[0;30;47mt[0m[0;30;47m [0m[0;30;47mS[0m[0;30;47mp[0m[0;30;47ma[0m[0;30;47mc[0m[0;30;47me[0m[0;30;47m [0m[0;30;47m1[0m[0;30;47m1[0m[0;30;47m [0m[0;30;47m([0m[0;30;47mp[0m[0;30;47mi[0m[0;30;47mt[0m[0;30;47m)[0m[0;30;47m [0m[0;30;47m [0m[0;30;47m [0m[0;30;47m [0m[0;30;47m [0m[0;30;47m [0m[0;30;47m [0m[0;30;47m [0m[0;34;42m~[0m
[0;34;42m~[0m[0;30;47m [0m[0;30;47m [0m[0;30;47m [0m[0;30;47m [0m[0;30;47m [0m[0;30;47m [0m[0;30;47m [0m[0;30;47m [0m[0;30;47m [0m[0;30;47m [0m[0;30;47m [0m[0;30;47m [0m[0;30;47m [0m[0;30;47m [0m[0;30;47m [0m[0;30;47m [0m[0;30;47m [0m[0;30;47m [0m[0;30;47m [0m[0;30;47m [0m[0;30;47m [0m[0;30;47m+[0m[0;30;47m-[0m[0;30;47m-[0m[0;30;47m-[0m[0;30;47m-[0m[0;30;47m-[0m[0;30;47m-[0m[0;30;47m-[0m[0;30;47m-[0m[0;30;47m-[0m[0;30;47m-[0m[0;30;47m-[0m[0;30;47m-[0m[0;30;47m-[0m[0;30;47m-[0m[0;30;47m-[0m[0;30;47m+[0m[0;30;47m [0m[0;30;47m [0m[0;30;47m [0m[0;30;47m [0m[0;30;47m [0m[0;30;47m [0m[0;30;47m [0m[0;30;47m [0m[0;30;47m [0m[0;30;47m [0m[0;30;47m [0m[0;30;47m [0m[0;30;47m [0m[0;30;47m [0m[0;30;47m [0m[0;30;47m [0m[0;30;47m [0m[0;30;47m [0m[0;30;47m [0m[0;30;47m [0m[0;30;47m [0m[0;30;47m [0m[0;30;47m [0m[0;30;47m [0m[0;34;42m~[0m[0;30;47m [0m[0;30;47m [0m[0;30;47m [0m[0;30;47m[[0m[0;30;47mC[0m[0;30;47mh[0m[0;30;47mr[0m[0;30;47m][0m[0;30;47m [0m[0;30;47m [0m[0;30;47m\[0m[0;30;47mS[0m[0;30;47me[0m[0;30;47m/[0m[0;30;47m [0m[0;30;47m [0m[0;30;47ma[0m[0;30;47mt[0m[0;30;47m [0m[0;30;47mS[0m[0;30;47mp[0m[0;30;47ma[0m[0;30;47mc[0m[0;30;47me[0m[0;30;47m [0m[0;30;47m1[0m[0;30;47m1[0m[0;30;47m [0m[0;30;47m([0m[0;30;47mp[0m[0;30;47mi[0m[0;30;47mt[0m[0;30;47m)[0m[0;30;47m [0m[0;30;47m([0m[0;30;47mH[0m[0;30;47mP[0m[0;30;47m:[0m[0;30;47m5[0m[0;30;47m)[0m[0;30;47m [0m[0;30;47m [0m[0;30;47m [0m[0;30;47m [0m[0;30;47m [0m[0;34;42m~[0m
[0;34;42m~[0m[0;30;47m [0m[0;30;47m [0m[0;30;47m [0m[0;30;47m [0m[0;30;47m [0m[0;30;47m [0m[0;30;47m [0m[0;30;47m [0m[0;30;47m [0m[0;30;47m [0m[0;30;47m [0m[0;30;47m [0m[0;30;47m [0m[0;30;47m [0m[0;30;47m [0m[0;30;47m [0m[0;30;47m [0m[0;30;47m [0m[0;30;47m [0m[0;30;47m [0m[0;30;47m [0m[0;30;47m [0m[0;30;47m [0m[0;30;47m [0m[0;30;47m [0m[0;30;47m [0m[0;30;47m [0m[0;30;47m [0m[0;30;47m [0m[0;30;47mv[0m[0;30;47m [0m[0;30;47m [0m[0;30;47m [0m[0;30;47m [0m[0;30;47m [0m[0;30;47m [0m[0;30;47m [0m[0;30;47m [0m[0;30;47m [0m[0;30;47m [0m[0;30;47m [0m[0;30;47m [0m[0;30;47m [0m[0;30;47m [0m[0;30;47m [0m[0;30;47m [0m[0;30;47m [0m[0;30;47m [0m[0;30;47m [0m[0;30;47m [0m[0;30;47m [0m[0;30;47m [0m[0;30;47m [0m[0;30;47m [0m[0;30;47m [0m[0;30;47m [0m[0;30;47m [0m[0;30;47m [0m[0;30;47m [0m[0;30;47m [0m[0;30;47m [0m[0;30;47m [0m[0;34;42m~[0m[0;30;47m [0m[0;30;47m [0m[0;30;47m-[0m[0;30;47m-[0m[0;30;47m-[0m[0;30;47m-[0m[0;30;47m-[0m[0;30;47m-[0m[0;30;47m-[0m[0;30;47m-[0m[0;30;47m-[0m[0;30;47m-[0m[0;30;47m-[0m[0;30;47m-[0m[0;30;47m-[0m[0;30;47m-[0m[0;30;47m-[0m[0;30;47m-[0m[0;30;47m-[0m[0;30;47m-[0m[0;30;47m-[0m[0;30;47m-[0m[0;30;47m-[0m[0;30;47m-[0m[0;30;47m-[0m[0;30;47m-[0m[0;30;47m-[0m[0;30;47m-[0m[0;30;47m-[0m[0;30;47m-[0m[0;30;47m-[0m[0;30;47m-[0m[0;30;47m-[0m[0;30;47m-[0m[0;30;47m-[0m[0;30;47m-[0m[0;30;47m-[0m[0;30;47m-[0m[0;30;47m-[0m[0;30;47m-[0m[0;30;47m-[0m[0;30;47m-[0m[0;30;47m-[0m[0;30;47m [0m[0;30;47m [0m[0;34;42m~[0m
[0;34;42m~[0m[0;30;47m [0m[0;30;47m [0m[0;30;47m [0m[0;30;47m [0m[0;30;47m [0m[0;30;47m [0m[0;30;47m [0m[0;30;47m [0m[0;30;47m [0m[0;30;47m [0m[0;30;47m [0m[0;30;47m [0m[0;30;47m [0m[0;30;47m [0m[0;30;47m [0m[0;30;47m [0m[0;30;47m [0m[0;30;47m [0m[0;30;47m [0m[0;30;47m [0m[0;30;47m [0m[0;30;47m+[0m[0;30;47m-[0m[0;30;47m-[0m[0;30;47m-[0m[0;30;47m-[0m[0;30;47m-[0m[0;30;47m-[0m[0;30;47m-[0m[0;30;47m-[0m[0;30;47m-[0m[0;30;47m-[0m[0;30;47m-[0m[0;30;47m-[0m[0;30;47m-[0m[0;30;47m-[0m[0;30;47m-[0m[0;30;47m+[0m[0;30;47m [0m[0;30;47m [0m[0;30;47m [0m[0;30;47m [0m[0;30;47m [0m[0;30;47m [0m[0;30;47m [0m[0;30;47m [0m[0;30;47m [0m[0;30;47m [0m[0;30;47m [0m[0;30;47m [0m[0;30;47m [0m[0;30;47m [0m[0;30;47m [0m[0;30;47m [0m[0;30;47m [0m[0;30;47m [0m[0;30;47m [0m[0;30;47m [0m[0;30;47m [0m[0;30;47m [0m[0;30;47m [0m[0;30;47m [0m[0;34;42m~[0m[0;30;47m [0m[0;30;47m [0m[0;30;47m [0m[0;30;47m [0m[0;30;47m [0m[0;30;47m [0m[0;30;47m [0m[0;30;47m [0m[0;30;47m [0m[0;30;47m [0m[0;30;47m [0m[0;30;47m [0m[0;30;47m [0m[0;30;47m [0m[0;30;47m [0m[0;30;47m [0m[0;30;47m [0m[0;30;47m [0m[0;30;47m [0m[0;30;47m [0m[0;30;47m [0m[0;30;47m [0m[0;30;47m [0m[0;30;47m [0m[0;30;47m [0m[0;30;47m [0m[0;30;47m [0m[0;30;47m [0m[0;30;47m [0m[0;30;47m [0m[0;30;47m [0m[0;30;47m [0m[0;30;47m [0m[0;30;47m [0m[0;30;47m [0m[0;30;47m [0m[0;30;47m [0m[0;30;47m [0m[0;30;47m [0m[0;30;47m [0m[0;30;47m [0m[0;30;47m [0m[0;30;47m [0m[0;30;47m [0m[0;30;47m [0m[0;34;42m~[0m
[0;34;42m~[0m[0;30;47m [0m[0;30;47m [0m[0;30;47m [0m[0;30;47m [0m[0;30;47m [0m[0;30;47m [0m[0;30;47m [0m[0;30;47m [0m[0;30;47m [0m[0;30;47m [0m[0;30;47m [0m[0;30;47m [0m[0;30;47m [0m[0;30;47m [0m[0;30;47m [0m[0;30;47m [0m[0;30;47m [0m[0;30;47m [0m[0;30;47m [0m[0;30;47m [0m[0;30;47m [0m[0;30;47m|[0m[0;30;47m [0m[0;30;47m [0m[0;30;47m [0m[0;30;47m [0m[0;30;47m [0m[0;30;47m [0m[0;30;47m [0m[0;30;47m [0m[0;30;47m [0m[0;30;47m [0m[0;30;47m [0m[0;30;47m [0m[0;30;47m [0m[0;30;47m1[0m[0;30;47m2[0m[0;30;47m|[0m[0;30;47m [0m[0;30;47m [0m[0;30;47m [0m[0;30;47m [0m[0;30;47m [0m[0;30;47m [0m[0;30;47m [0m[0;30;47m [0m[0;30;47m [0m[0;30;47m [0m[0;30;47m [0m[0;30;47m [0m[0;30;47m [0m[0;30;47m [0m[0;30;47m [0m[0;30;47m [0m[0;30;47m [0m[0;30;47m [0m[0;30;47m [0m[0;30;47m [0m[0;30;47m [0m[0;30;47m [0m[0;30;47m [0m[0;30;47m [0m[0;34;42m~[0m[0;30;47m [0m[0;30;47m [0m[0;30;47m [0m[0;30;47m [0m[0;30;47m [0m[0;30;47m [0m[0;30;47m [0m[0;30;47m [0m[0;30;47m [0m[0;30;47m [0m[0;30;47m [0m[0;30;47m [0m[0;30;47m [0m[0;30;47m [0m[0;30;47m [0m[0;30;47m [0m[0;30;47m [0m[0;30;47m [0m[0;30;47m [0m[0;30;47m [0m[0;30;47m [0m[0;30;47m [0m[0;30;47m [0m[0;30;47m [0m[0;30;47m [0m[0;30;47m [0m[0;30;47m [0m[0;30;47m [0m[0;30;47m [0m[0;30;47m [0m[0;30;47m [0m[0;30;47m [0m[0;30;47m [0m[0;30;47m [0m[0;30;47m [0m[0;30;47m [0m[0;30;47m [0m[0;30;47m [0m[0;30;47m [0m[0;30;47m [0m[0;30;47m [0m[0;30;47m [0m[0;30;47m [0m[0;30;47m [0m[0;30;47m [0m[0;34;42m~[0m
[0;34;42m~[0m[0;30;47m [0m[0;30;47m [0m[0;30;47m [0m[0;30;47m [0m[0;30;47m [0m[0;30;47m [0m[0;30;47m [0m[0;30;47m [0m[0;30;47m [0m[0;30;47m [0m[0;30;47m [0m[0;30;47m [0m[0;30;47m [0m[0;30;47m [0m[0;30;47m [0m[0;30;47m [0m[0;30;47m [0m[0;30;47m [0m[0;30;47m [0m[0;30;47m [0m[0;30;47m [0m[0;30;47m|[0m[0;30;47m [0m[0;30;47m [0m[0;30;47m [0m[0;30;47m [0m[0;30;47m [0m[0;30;47m [0m[0;30;47m [0m[0;30;47m [0m[0;30;47m [0m[0;30;47m [0m[0;30;47m [0m[0;30;47m [0m[0;30;47m [0m[0;30;47m [0m[0;30;47m [0m[0;30;47m|[0m[0;30;47m [0m[0;30;47m [0m[0;30;47m [0m[0;30;47m [0m[0;30;47m [0m[0;30;47m [0m[0;30;47m [0m[0;30;47m [0m[0;30;47m [0m[0;30;47m [0m[0;30;47m [0m[0;30;47m [0m[0;30;47m [0m[0;30;47m [0m[0;30;47m [0m[0;30;47m [0m[0;30;47m [0m[0;30;47m [0m[0;30;47m [0m[0;30;47m [0m[0;30;47m [0m[0;30;47m [0m[0;30;47m [0m[0;30;47m [0m[0;34;42m~[0m[0;30;47m [0m[0;30;47m [0m[0;30;47m [0m[0;30;47m [0m[0;30;47m [0m[0;30;47m [0m[0;30;47m [0m[0;30;47m [0m[0;30;47m [0m[0;30;47m [0m[0;30;47m [0m[0;30;47m [0m[0;30;47m [0m[0;30;47m [0m[0;30;47m [0m[0;30;47m [0m[0;30;47m [0m[0;30;47m [0m[0;30;47m [0m[0;30;47m [0m[0;30;47m [0m[0;30;47m [0m[0;30;47m [0m[0;30;47m [0m[0;30;47m [0m[0;30;47m [0m[0;30;47m [0m[0;30;47m [0m[0;30;47m [0m[0;30;47m [0m[0;30;47m [0m[0;30;47m [0m[0;30;47m [0m[0;30;47m [0m[0;30;47m [0m[0;30;47m [0m[0;30;47m [0m[0;30;47m [0m[0;30;47m [0m[0;30;47m [0m[0;30;47m [0m[0;30;47m [0m[0;30;47m [0m[0;30;47m [0m[0;30;47m [0m[0;34;42m~[0m
[0;34;42m~[0m[0;30;47m [0m[0;30;47m [0m[0;30;47m [0m[0;30;47m [0m[0;30;47m [0m[0;30;47m [0m[0;30;47m [0m[0;30;47m [0m[0;30;47m [0m[0;30;47m [0m[0;30;47m [0m[0;30;47m [0m[0;30;47m [0m[0;30;47m [0m[0;30;47m [0m[0;30;47m [0m[0;30;47m [0m[0;30;47m [0m[0;30;47m [0m[0;30;47m [0m[0;30;47m [0m[0;30;47m|[0m[0;30;47m [0m[0;30;47m [0m[0;30;47m [0m[0;30;47m [0m[0;30;47m [0m[0;30;47m [0m[0;30;47m [0m[0;30;47m [0m[0;30;47m [0m[0;30;47m [0m[0;30;47m [0m[0;30;47m [0m[0;30;47m [0m[0;30;47m [0m[0;30;47m [0m[0;30;47m|[0m[0;30;47m [0m[0;30;47m [0m[0;30;47m [0m[0;30;47m [0m[0;30;47m [0m[0;30;47m [0m[0;30;47m [0m[0;30;47m [0m[0;30;47m [0m[0;30;47m [0m[0;30;47m [0m[0;30;47m [0m[0;30;47m [0m[0;30;47m [0m[0;30;47m [0m[0;30;47m [0m[0;30;47m [0m[0;30;47m [0m[0;30;47m [0m[0;30;47m [0m[0;30;47m [0m[0;30;47m [0m[0;30;47m [0m[0;30;47m [0m[0;34;42m~[0m[0;30;47m [0m[0;30;47m [0m[0;30;47m [0m[0;30;47m [0m[0;30;47m [0m[0;30;47m [0m[0;30;47m [0m[0;30;47m [0m[0;30;47m [0m[0;30;47m [0m[0;30;47m [0m[0;30;47m [0m[0;30;47m [0m[0;30;47m [0m[0;30;47m [0m[0;30;47m [0m[0;30;47m [0m[0;30;47m [0m[0;30;47m [0m[0;30;47m [0m[0;30;47m [0m[0;30;47m [0m[0;30;47m [0m[0;30;47m [0m[0;30;47m [0m[0;30;47m [0m[0;30;47m [0m[0;30;47m [0m[0;30;47m [0m[0;30;47m [0m[0;30;47m [0m[0;30;47m [0m[0;30;47m [0m[0;30;47m [0m[0;30;47m [0m[0;30;47m [0m[0;30;47m [0m[0;30;47m [0m[0;30;47m [0m[0;30;47m [0m[0;30;47m [0m[0;30;47m [0m[0;30;47m [0m[0;30;47m [0m[0;30;47m [0m[0;34;42m~[0m
[0;34;42m~[0m[0;30;47m [0m[0;30;47m [0m[0;30;47m [0m[0;30;47m [0m[0;30;47m [0m[0;30;47m [0m[0;30;47m [0m[0;30;47m [0m[0;30;47m [0m[0;30;47m [0m[0;30;47m [0m[0;30;47m [0m[0;30;47m [0m[0;30;47m [0m[0;30;47m [0m[0;30;47m [0m[0;30;47m [0m[0;30;47m [0m[0;30;47m [0m[0;30;47m [0m[0;30;47m [0m[0;30;47m|[0m[0;30;47m [0m[0;30;47m [0m[0;30;47m [0m[0;30;47m [0m[0;30;47m [0m[0;30;47m?[0m[0;30;47m?[0m[0;30;47m?[0m[0;30;47m [0m[0;30;47m [0m[0;30;47m [0m[0;30;47m [0m[0;30;47m [0m[0;30;47m [0m[0;30;47m [0m[0;30;47m|[0m[0;30;47m [0m[0;30;47m [0m[0;30;47m [0m[0;30;47m [0m[0;30;47m [0m[0;30;47m [0m[0;30;47m [0m[0;30;47m [0m[0;30;47m [0m[0;30;47m [0m[0;30;47m [0m[0;30;47m [0m[0;30;47m [0m[0;30;47m [0m[0;30;47m [0m[0;30;47m [0m[0;30;47m [0m[0;30;47m [0m[0;30;47m [0m[0;30;47m [0m[0;30;47m [0m[0;30;47m [0m[0;30;47m [0m[0;30;47m [0m[0;34;42m~[0m[0;30;47m [0m[0;30;47m [0m[0;30;47m [0m[0;30;47m [0m[0;30;47m [0m[0;30;47m [0m[0;30;47m [0m[0;30;47m [0m[0;30;47m [0m[0;30;47m [0m[0;30;47m [0m[0;30;47m [0m[0;30;47m [0m[0;30;47m [0m[0;30;47m [0m[0;30;47m [0m[0;30;47m [0m[0;30;47m [0m[0;30;47m [0m[0;30;47m [0m[0;30;47m [0m[0;30;47m [0m[0;30;47m [0m[0;30;47m [0m[0;30;47m [0m[0;30;47m [0m[0;30;47m [0m[0;30;47m [0m[0;30;47m [0m[0;30;47m [0m[0;30;47m [0m[0;30;47m [0m[0;30;47m [0m[0;30;47m [0m[0;30;47m [0m[0;30;47m [0m[0;30;47m [0m[0;30;47m [0m[0;30;47m [0m[0;30;47m [0m[0;30;47m [0m[0;30;47m [0m[0;30;47m [0m[0;30;47m [0m[0;30;47m [0m[0;34;42m~[0m
[0;34;42m~[0m[0;30;47m [0m[0;30;47m [0m[0;30;47m [0m[0;30;47m [0m[0;30;47m [0m[0;30;47m [0m[0;30;47m [0m[0;30;47m [0m[0;30;47m [0m[0;30;47m [0m[0;30;47m [0m[0;30;47m [0m[0;30;47m [0m[0;30;47m [0m[0;30;47m [0m[0;30;47m [0m[0;30;47m [0m[0;30;47m [0m[0;30;47m [0m[0;30;47m [0m[0;30;47m [0m[0;30;47m|[0m[0;30;47m [0m[0;30;47m [0m[0;30;47m [0m[0;30;47m [0m[0;30;47m [0m[0;30;47m [0m[0;30;47m [0m[0;30;47m [0m[0;30;47m [0m[0;30;47m [0m[0;30;47m [0m[0;30;47m [0m[0;30;47m [0m[0;30;47m [0m[0;30;47m [0m[0;30;47m|[0m[0;30;47m [0m[0;30;47m [0m[0;30;47m [0m[0;30;47m [0m[0;30;47m [0m[0;30;47m [0m[0;30;47m [0m[0;30;47m [0m[0;30;47m [0m[0;30;47m [0m[0;30;47m [0m[0;30;47m [0m[0;30;47m [0m[0;30;47m [0m[0;30;47m [0m[0;30;47m [0m[0;30;47m [0m[0;30;47m [0m[0;30;47m [0m[0;30;47m [0m[0;30;47m [0m[0;30;47m [0m[0;30;47m [0m[0;30;47m [0m[0;34;42m~[0m[0;30;47m [0m[0;30;47m [0m[0;30;47m [0m[0;30;47m [0m[0;30;47m [0m[0;30;47m [0m[0;30;47m [0m[0;30;47m [0m[0;30;47m [0m[0;30;47m [0m[0;30;47m [0m[0;30;47m [0m[0;30;47m [0m[0;30;47m [0m[0;30;47m [0m[0;30;47m [0m[0;30;47m [0m[0;30;47m [0m[0;30;47m [0m[0;30;47m [0m[0;30;47m [0m[0;30;47m [0m[0;30;47m [0m[0;30;47m [0m[0;30;47m [0m[0;30;47m [0m[0;30;47m [0m[0;30;47m [0m[0;30;47m [0m[0;30;47m [0m[0;30;47m [0m[0;30;47m [0m[0;30;47m [0m[0;30;47m [0m[0;30;47m [0m[0;30;47m [0m[0;30;47m [0m[0;30;47m [0m[0;30;47m [0m[0;30;47m [0m[0;30;47m [0m[0;30;47m [0m[0;30;47m [0m[0;30;47m [0m[0;30;47m [0m[0;34;42m~[0m
[0;34;42m~[0m[0;30;47m [0m[0;30;47m [0m[0;30;47m [0m[0;30;47m [0m[0;30;47m [0m[0;30;47m [0m[0;30;47m [0m[0;30;47m [0m[0;30;47m [0m[0;30;47m [0m[0;30;47m [0m[0;30;47m [0m[0;30;47m [0m[0;30;47m [0m[0;30;47m [0m[0;30;47m [0m[0;30;47m [0m[0;30;47m [0m[0;30;47m [0m[0;30;47m [0m[0;30;47m [0m[0;30;47m|[0m[0;30;47m [0m[0;30;47m [0m[0;30;47m [0m[0;30;47m [0m[0;30;47m [0m[0;30;47m [0m[0;30;47m [0m[0;30;47m [0m[0;30;47m [0m[0;30;47m [0m[0;30;47m [0m[0;30;47m [0m[0;30;47m [0m[0;30;47m [0m[0;30;47m [0m[0;30;47m|[0m[0;30;47m [0m[0;30;47m [0m[0;30;47m [0m[0;30;47m [0m[0;30;47m [0m[0;30;47m [0m[0;30;47m [0m[0;30;47m [0m[0;30;47m [0m[0;30;47m [0m[0;30;47m [0m[0;30;47m [0m[0;30;47m [0m[0;30;47m [0m[0;30;47m [0m[0;30;47m [0m[0;30;47m [0m[0;30;47m [0m[0;30;47m [0m[0;30;47m [0m[0;30;47m [0m[0;30;47m [0m[0;30;47m [0m[0;30;47m [0m[0;34;42m~[0m[0;30;47m [0m[0;30;47m [0m[0;30;47m [0m[0;30;47m [0m[0;30;47m [0m[0;30;47m [0m[0;30;47m [0m[0;30;47m [0m[0;30;47m [0m[0;30;47m [0m[0;30;47m [0m[0;30;47m [0m[0;30;47m [0m[0;30;47m [0m[0;30;47m [0m[0;30;47m [0m[0;30;47m [0m[0;30;47m [0m[0;30;47m [0m[0;30;47m [0m[0;30;47m [0m[0;30;47m [0m[0;30;47m [0m[0;30;47m [0m[0;30;47m [0m[0;30;47m [0m[0;30;47m [0m[0;30;47m [0m[0;30;47m [0m[0;30;47m [0m[0;30;47m [0m[0;30;47m [0m[0;30;47m [0m[0;30;47m [0m[0;30;47m [0m[0;30;47m [0m[0;30;47m [0m[0;30;47m [0m[0;30;47m [0m[0;30;47m [0m[0;30;47m [0m[0;30;47m [0m[0;30;47m [0m[0;30;47m [0m[0;30;47m [0m[0;34;42m~[0m
[0;34;42m~[0m[0;30;47m [0m[0;30;47m [0m[0;30;47m [0m[0;30;47m [0m[0;30;47m [0m[0;30;47m [0m[0;30;47m [0m[0;30;47m [0m[0;30;47m [0m[0;30;47m [0m[0;30;47m [0m[0;30;47m [0m[0;30;47m [0m[0;30;47m [0m[0;30;47m [0m[0;30;47m [0m[0;30;47m [0m[0;30;47m [0m[0;30;47m [0m[0;30;47m [0m[0;30;47m [0m[0;30;47m|[0m[0;30;47m [0m[0;30;47m [0m[0;30;47m [0m[0;30;47m [0m[0;30;47m [0m[0;30;47m [0m[0;30;47m [0m[0;30;47m [0m[0;30;47m [0m[0;30;47m [0m[0;30;47m [0m[0;30;47m [0m[0;30;47m [0m[0;30;47m [0m[0;30;47m [0m[0;30;47m|[0m[0;30;47m [0m[0;30;47m [0m[0;30;47m [0m[0;30;47m [0m[0;30;47m [0m[0;30;47m [0m[0;30;47m [0m[0;30;47m [0m[0;30;47m [0m[0;30;47m [0m[0;30;47m [0m[0;30;47m [0m[0;30;47m [0m[0;30;47m [0m[0;30;47m [0m[0;30;47m [0m[0;30;47m [0m[0;30;47m [0m[0;30;47m [0m[0;30;47m [0m[0;30;47m [0m[0;30;47m [0m[0;30;47m [0m[0;30;47m [0m[0;34;42m~[0m[0;30;47m [0m[0;30;47m [0m[0;30;47m [0m[0;30;47m [0m[0;30;47m [0m[0;30;47m [0m[0;30;47m [0m[0;30;47m [0m[0;30;47m [0m[0;30;47m [0m[0;30;47m [0m[0;30;47m [0m[0;30;47m [0m[0;30;47m [0m[0;30;47m [0m[0;30;47m [0m[0;30;47m [0m[0;30;47m [0m[0;30;47m [0m[0;30;47m [0m[0;30;47m [0m[0;30;47m [0m[0;30;47m [0m[0;30;47m [0m[0;30;47m [0m[0;30;47m [0m[0;30;47m [0m[0;30;47m [0m[0;30;47m [0m[0;30;47m [0m[0;30;47m [0m[0;30;47m [0m[0;30;47m [0m[0;30;47m [0m[0;30;47m [0m[0;30;47m [0m[0;30;47m [0m[0;30;47m [0m[0;30;47m [0m[0;30;47m [0m[0;30;47m [0m[0;30;47m [0m[0;30;47m [0m[0;30;47m [0m[0;30;47m [0m[0;34;42m~[0m
[0;34;42m~[0m[0;30;47m [0m[0;30;47m [0m[0;30;47m [0m[0;30;47m [0m[0;30;47m [0m[0;30;47m [0m[0;30;47m [0m[0;30;47m [0m[0;30;47m [0m[0;30;47m [0m[0;30;47m [0m[0;30;47m [0m[0;30;47m [0m[0;30;47m [0m[0;30;47m [0m[0;30;47m [0m[0;30;47m [0m[0;30;47m [0m[0;30;47m [0m[0;30;47m [0m[0;30;47m [0m[0;30;47m+[0m[0;30;47m-[0m[0;30;47m-[0m[0;30;47m-[0m[0;30;47m-[0m[0;30;47m-[0m[0;30;47m-[0m[0;30;47m-[0m[0;30;47m-[0m[0;30;47m-[0m[0;30;47m-[0m[0;30;47m-[0m[0;30;47m-[0m[0;30;47m-[0m[0;30;47m-[0m[0;30;47m-[0m[0;30;47m+[0m[0;30;47m [0m[0;30;47m [0m[0;30;47m [0m[0;30;47m [0m[0;30;47m [0m[0;30;47m [0m[0;30;47m [0m[0;30;47m [0m[0;30;47m [0m[0;30;47m [0m[0;30;47m [0m[0;30;47m [0m[0;30;47m [0m[0;30;47m [0m[0;30;47m [0m[0;30;47m [0m[0;30;47m [0m[0;30;47m [0m[0;30;47m [0m[0;30;47m [0m[0;30;47m [0m[0;30;47m [0m[0;30;47m [0m[0;30;47m [0m[0;34;42m~[0m[0;30;47m [0m[0;30;47m [0m[0;30;47m [0m[0;30;47m [0m[0;30;47m [0m[0;30;47m [0m[0;30;47m [0m[0;30;47m [0m[0;30;47m [0m[0;30;47m [0m[0;30;47m [0m[0;30;47m [0m[0;30;47m [0m[0;30;47m [0m[0;30;47m [0m[0;30;47m [0m[0;30;47m [0m[0;30;47m [0m[0;30;47m [0m[0;30;47m [0m[0;30;47m [0m[0;30;47m [0m[0;30;47m [0m[0;30;47m [0m[0;30;47m [0m[0;30;47m [0m[0;30;47m [0m[0;30;47m [0m[0;30;47m [0m[0;30;47m [0m[0;30;47m [0m[0;30;47m [0m[0;30;47m [0m[0;30;47m [0m[0;30;47m [0m[0;30;47m [0m[0;30;47m [0m[0;30;47m [0m[0;30;47m [0m[0;30;47m [0m[0;30;47m [0m[0;30;47m [0m[0;30;47m [0m[0;30;47m [0m[0;30;47m [0m[0;34;42m~[0m
[0;34;42m~[0m[0;30;47m [0m[0;30;47m [0m[0;30;47m [0m[0;30;47m [0m[0;30;47m [0m[0;30;47m [0m[0;30;47m [0m[0;30;47m [0m[0;30;47m [0m[0;30;47m [0m[0;30;47m [0m[0;30;47m [0m[0;30;47m [0m[0;30;47m [0m[0;30;47m [0m[0;30;47m [0m[0;30;47m [0m[0;30;47m [0m[0;30;47m [0m[0;30;47m [0m[0;30;47m [0m[0;30;47m [0m[0;30;47m [0m[0;30;47m [0m[0;30;47m [0m[0;30;47m [0m[0;30;47m [0m[0;30;47m [0m[0;30;47m [0m[0;30;47m [0m[0;30;47m [0m[0;30;47m [0m[0;30;47m [0m[0;30;47m [0m[0;30;47m [0m[0;30;47m [0m[0;30;47m [0m[0;30;47m [0m[0;30;47m [0m[0;30;47m [0m[0;30;47m [0m[0;30;47m [0m[0;30;47m [0m[0;30;47m [0m[0;30;47m [0m[0;30;47m [0m[0;30;47m [0m[0;30;47m [0m[0;30;47m [0m[0;30;47m [0m[0;30;47m [0m[0;30;47m [0m[0;30;47m [0m[0;30;47m [0m[0;30;47m [0m[0;30;47m [0m[0;30;47m [0m[0;30;47m [0m[0;30;47m [0m[0;30;47m [0m[0;30;47m [0m[0;30;47m [0m[0;34;42m~[0m[0;30;47m [0m[0;30;47m [0m[0;30;47m [0m[0;30;47m [0m[0;30;47m [0m[0;30;47m [0m[0;30;47m [0m[0;30;47m [0m[0;30;47m [0m[0;30;47m [0m[0;30;47m [0m[0;30;47m [0m[0;30;47m [0m[0;30;47m [0m[0;30;47m [0m[0;30;47m [0m[0;30;47m [0m[0;30;47m [0m[0;30;47m [0m[0;30;47m [0m[0;30;47m [0m[0;30;47m [0m[0;30;47m [0m[0;30;47m [0m[0;30;47m [0m[0;30;47m [0m[0;30;47m [0m[0;30;47m [0m[0;30;47m [0m[0;30;47m [0m[0;30;47m [0m[0;30;47m [0m[0;30;47m [0m[0;30;47m [0m[0;30;47m [0m[0;30;47m [0m[0;30;47m [0m[0;30;47m [0m[0;30;47m [0m[0;30;47m [0m[0;30;47m [0m[0;30;47m [0m[0;30;47m [0m[0;30;47m [0m[0;30;47m [0m[0;34;42m~[0m
[0;34;42m~[0m[0;30;47m [0m[0;30;47m [0m[0;30;47m [0m[0;30;47m [0m[0;30;47m [0m[0;30;47m [0m[0;30;47m [0m[0;30;47m [0m[0;30;47m [0m[0;30;47m [0m[0;30;47m [0m[0;30;47m [0m[0;30;47m [0m[0;30;47m [0m[0;30;47m [0m[0;30;47m [0m[0;30;47m [0m[0;30;47m [0m[0;30;47m [0m[0;30;47m [0m[0;30;47m [0m[0;30;47m [0m[0;30;47m [0m[0;30;47m [0m[0;30;47m [0m[0;30;47m [0m[0;30;47m [0m[0;30;47m [0m[0;30;47m [0m[0;30;47m [0m[0;30;47m [0m[0;30;47m [0m[0;30;47m [0m[0;30;47m [0m[0;30;47m [0m[0;30;47m [0m[0;30;47m [0m[0;30;47m [0m[0;30;47m [0m[0;30;47m [0m[0;30;47m [0m[0;30;47m [0m[0;30;47m [0m[0;30;47m [0m[0;30;47m [0m[0;30;47m [0m[0;30;47m [0m[0;30;47m [0m[0;30;47m [0m[0;30;47m [0m[0;30;47m [0m[0;30;47m [0m[0;30;47m [0m[0;30;47m [0m[0;30;47m [0m[0;30;47m [0m[0;30;47m [0m[0;30;47m [0m[0;30;47m [0m[0;30;47m [0m[0;30;47m [0m[0;30;47m [0m[0;34;42m~[0m[0;30;47m [0m[0;30;47m [0m[0;30;47m [0m[0;30;47m [0m[0;30;47m [0m[0;30;47m [0m[0;30;47m [0m[0;30;47m [0m[0;30;47m [0m[0;30;47m [0m[0;30;47m [0m[0;30;47m [0m[0;30;47m [0m[0;30;47m [0m[0;30;47m [0m[0;30;47m [0m[0;30;47m [0m[0;30;47m [0m[0;30;47m [0m[0;30;47m [0m[0;30;47m [0m[0;30;47m [0m[0;30;47m [0m[0;30;47m [0m[0;30;47m [0m[0;30;47m [0m[0;30;47m [0m[0;30;47m [0m[0;30;47m [0m[0;30;47m [0m[0;30;47m [0m[0;30;47m [0m[0;30;47m [0m[0;30;47m [0m[0;30;47m [0m[0;30;47m [0m[0;30;47m [0m[0;30;47m [0m[0;30;47m [0m[0;30;47m [0m[0;30;47m [0m[0;30;47m [0m[0;30;47m [0m[0;30;47m [0m[0;30;47m [0m[0;34;42m~[0m
[0;34;42m~[0m[0;30;47m [0m[0;30;47m [0m[0;30;47m [0m[0;30;47m [0m[0;30;47m [0m[0;30;47m [0m[0;30;47m [0m[0;30;47m [0m[0;30;47m [0m[0;30;47m [0m[0;30;47m [0m[0;30;47m [0m[0;30;47m [0m[0;30;47m [0m[0;30;47m [0m[0;30;47m [0m[0;30;47m [0m[0;30;47m [0m[0;30;47m [0m[0;30;47m [0m[0;30;47m [0m[0;30;47m [0m[0;30;47m [0m[0;30;47m [0m[0;30;47m [0m[0;30;47m [0m[0;30;47m [0m[0;30;47m [0m[0;30;47m [0m[0;30;47m [0m[0;30;47m [0m[0;30;47m [0m[0;30;47m [0m[0;30;47m [0m[0;30;47m [0m[0;30;47m [0m[0;30;47m [0m[0;30;47m [0m[0;30;47m [0m[0;30;47m [0m[0;30;47m [0m[0;30;47m [0m[0;30;47m [0m[0;30;47m [0m[0;30;47m [0m[0;30;47m [0m[0;30;47m [0m[0;30;47m [0m[0;30;47m [0m[0;30;47m [0m[0;30;47m [0m[0;30;47m [0m[0;30;47m [0m[0;30;47m [0m[0;30;47m [0m[0;30;47m [0m[0;30;47m [0m[0;30;47m [0m[0;30;47m [0m[0;30;47m [0m[0;30;47m [0m[0;30;47m [0m[0;34;42m~[0m[0;30;47m [0m[0;30;47m [0m[0;30;47m [0m[0;30;47m [0m[0;30;47m [0m[0;30;47m [0m[0;30;47m [0m[0;30;47m [0m[0;30;47m [0m[0;30;47m [0m[0;30;47m [0m[0;30;47m [0m[0;30;47m [0m[0;30;47m [0m[0;30;47m [0m[0;30;47m [0m[0;30;47m [0m[0;30;47m [0m[0;30;47m [0m[0;30;47m [0m[0;30;47m [0m[0;30;47m [0m[0;30;47m [0m[0;30;47m [0m[0;30;47m [0m[0;30;47m [0m[0;30;47m [0m[0;30;47m [0m[0;30;47m [0m[0;30;47m [0m[0;30;47m [0m[0;30;47m [0m[0;30;47m [0m[0;30;47m [0m[0;30;47m [0m[0;30;47m [0m[0;30;47m [0m[0;30;47m [0m[0;30;47m [0m[0;30;47m [0m[0;30;47m [0m[0;30;47m [0m[0;30;47m [0m[0;30;47m [0m[0;30;47m [0m[0;34;42m~[0m
[0;34;42m~[0m[0;30;47m [0m[0;30;47m [0m[0;30;47m [0m[0;30;47m [0m[0;30;47m [0m[0;30;47m [0m[0;30;47m [0m[0;30;47m [0m[0;30;47m [0m[0;30;47m [0m[0;30;47m [0m[0;30;47m [0m[0;30;47m [0m[0;30;47m [0m[0;30;47m [0m[0;30;47m [0m[0;30;47m [0m[0;30;47m [0m[0;30;47m [0m[0;30;47m [0m[0;30;47m [0m[0;30;47m [0m[0;30;47m [0m[0;30;47m [0m[0;30;47m [0m[0;30;47m [0m[0;30;47m [0m[0;30;47m [0m[0;30;47m [0m[0;30;47m [0m[0;30;47m [0m[0;30;47m [0m[0;30;47m [0m[0;30;47m [0m[0;30;47m [0m[0;30;47m [0m[0;30;47m [0m[0;30;47m [0m[0;30;47m [0m[0;30;47m [0m[0;30;47m [0m[0;30;47m [0m[0;30;47m [0m[0;30;47m [0m[0;30;47m [0m[0;30;47m [0m[0;30;47m [0m[0;30;47m [0m[0;30;47m [0m[0;30;47m [0m[0;30;47m [0m[0;30;47m [0m[0;30;47m [0m[0;30;47m [0m[0;30;47m [0m[0;30;47m [0m[0;30;47m [0m[0;30;47m [0m[0;30;47m [0m[0;30;47m [0m[0;30;47m [0m[0;30;47m [0m[0;34;42m~[0m[0;30;47m [0m[0;30;47m [0m[0;30;47m [0m[0;30;47m [0m[0;30;47m [0m[0;30;47m [0m[0;30;47m [0m[0;30;47m [0m[0;30;47m [0m[0;30;47m [0m[0;30;47m [0m[0;30;47m [0m[0;30;47m [0m[0;30;47m [0m[0;30;47m [0m[0;30;47m [0m[0;30;47m [0m[0;30;47m [0m[0;30;47m [0m[0;30;47m [0m[0;30;47m [0m[0;30;47m [0m[0;30;47m [0m[0;30;47m [0m[0;30;47m [0m[0;30;47m [0m[0;30;47m [0m[0;30;47m [0m[0;30;47m [0m[0;30;47m [0m[0;30;47m [0m[0;30;47m [0m[0;30;47m [0m[0;30;47m [0m[0;30;47m [0m[0;30;47m [0m[0;30;47m [0m[0;30;47m [0m[0;30;47m [0m[0;30;47m [0m[0;30;47m [0m[0;30;47m [0m[0;30;47m [0m[0;30;47m [0m[0;30;47m [0m[0;34;42m~[0m
[0;34;42m~[0m[0;30;47m [0m[0;30;47m [0m[0;30;47m [0m[0;30;47m [0m[0;30;47m [0m[0;30;47m [0m[0;30;47m [0m[0;30;47m [0m[0;30;47m [0m[0;30;47m [0m[0;30;47m [0m[0;30;47m [0m[0;30;47m [0m[0;30;47m [0m[0;30;47m [0m[0;30;47m [0m[0;30;47m [0m[0;30;47m [0m[0;30;47m [0m[0;30;47m [0m[0;30;47m [0m[0;30;47m [0m[0;30;47m [0m[0;30;47m [0m[0;30;47m [0m[0;30;47m [0m[0;30;47m [0m[0;30;47m [0m[0;30;47m [0m[0;30;47m [0m[0;30;47m [0m[0;30;47m [0m[0;30;47m [0m[0;30;47m [0m[0;30;47m [0m[0;30;47m [0m[0;30;47m [0m[0;30;47m [0m[0;30;47m [0m[0;30;47m [0m[0;30;47m [0m[0;30;47m [0m[0;30;47m [0m[0;30;47m [0m[0;30;47m [0m[0;30;47m [0m[0;30;47m [0m[0;30;47m [0m[0;30;47m [0m[0;30;47m [0m[0;30;47m [0m[0;30;47m [0m[0;30;47m [0m[0;30;47m [0m[0;30;47m [0m[0;30;47m [0m[0;30;47m [0m[0;30;47m [0m[0;30;47m [0m[0;30;47m [0m[0;30;47m [0m[0;30;47m [0m[0;34;42m~[0m[0;30;47m [0m[0;30;47m [0m[0;30;47m [0m[0;30;47m [0m[0;30;47m [0m[0;30;47m [0m[0;30;47m [0m[0;30;47m [0m[0;30;47m [0m[0;30;47m [0m[0;30;47m [0m[0;30;47m [0m[0;30;47m [0m[0;30;47m [0m[0;30;47m [0m[0;30;47m [0m[0;30;47m [0m[0;30;47m [0m[0;30;47m [0m[0;30;47m [0m[0;30;47m [0m[0;30;47m [0m[0;30;47m [0m[0;30;47m [0m[0;30;47m [0m[0;30;47m [0m[0;30;47m [0m[0;30;47m [0m[0;30;47m [0m[0;30;47m [0m[0;30;47m [0m[0;30;47m [0m[0;30;47m [0m[0;30;47m [0m[0;30;47m [0m[0;30;47m [0m[0;30;47m [0m[0;30;47m [0m[0;30;47m [0m[0;30;47m [0m[0;30;47m [0m[0;30;47m [0m[0;30;47m [0m[0;30;47m [0m[0;30;47m [0m[0;34;42m~[0m
[0;34;42m~[0m[0;34;42m~[0m[0;34;42m~[0m[0;34;42m~[0m[0;34;42m~[0m[0;34;42m~[0m[0;34;42m~[0m[0;34;42m~[0m[0;34;42m~[0m[0;34;42m~[0m[0;34;42m~[0m[0;34;42m~[0m[0;34;42m~[0m[0;34;42m~[0m[0;34;42m~[0m[0;34;42m~[0m[0;34;42m~[0m[0;34;42m~[0m[0;34;42m~[0m[0;34;42m~[0m[0;34;42m~[0m[0;34;42m~[0m[0;34;42m~[0m[0;34;42m~[0m[0;34;42m~[0m[0;34;42m~[0m[0;34;42m~[0m[0;34;42m~[0m[0;34;42m~[0m[0;34;42m~[0m[0;34;42m~[0m[0;34;42m~[0m[0;34;42m~[0m[0;34;42m~[0m[0;34;42m~[0m[0;34;42m~[0m[0;34;42m~[0m[0;34;42m~[0m[0;34;42m~[0m[0;34;42m~[0m[0;34;42m~[0m[0;34;42m~[0m[0;34;42m~[0m[0;34;42m~[0m[0;34;42m~[0m[0;34;42m~[0m[0;34;42m~[0m[0;34;42m~[0m[0;34;42m~[0m[0;34;42m~[0m[0;34;42m~[0m[0;34;42m~[0m[0;34;42m~[0m[0;34;42m~[0m[0;34;42m~[0m[0;34;42m~[0m[0;34;42m~[0m[0;34;42m~[0m[0;34;42m~[0m[0;34;42m~[0m[0;34;42m~[0m[0;34;42m~[0m[0;34;42m~[0m[0;34;42m~[0m[0;34;42m~[0m[0;34;42m~[0m[0;34;42m~[0m[0;34;42m~[0m[0;34;42m~[0m[0;34;42m~[0m[0;34;42m~[0m[0;34;42m~[0m[0;34;42m~[0m[0;34;42m~[0m[0;34;42m~[0m[0;34;42m~[0m[0;34;42m~[0m[0;34;42m~[0m[0;34;42m~[0m[0;34;42m~[0m[0;34;42m~[0m[0;34;42m~[0m[0;34;42m~[0m[0;34;42m~[0m[0;34;42m~[0m[0;34;42m~[0m[0;34;42m~[0m[0;34;42m~[0m[0;34;42m~[0m[0;34;42m~[0m[0;34;42m~[0m[0;34;42m~[0m[0;34;42m~[0m[0;34;42m~[0m[0;34;42m~[0m[0;34;42m~[0m[0;34;42m~[0m[0;34;42m~[0m[0;34;42m~[0m[0;34;42m~[0m[0;34;42m~[0m[0;34;42m~[0m[0;34;42m~[0m[0;34;42m~[0m[0;34;42m~[0m[0;34;42m~[0m[0;34;42m~[0m[0;34;42m~[0m[0;34;42m~[0m[0;34;42m~[0m
[0;34;42m~[0m[0;30;47m [0m[0;30;47m [0m[0;30;47m [0m[0;30;47m [0m[0;30;47m [0m[0;30;47m [0m[0;30;47m [0m[0;30;47m [0m[0;30;47m [0m[0;30;47m [0m[0;30;47m [0m[0;30;47m [0m[0;30;47m [0m[0;30;47m [0m[0;30;47m [0m[0;30;47m [0m[0;30;47m [0m[0;30;47m [0m[0;30;47m [0m[0;30;47m [0m[0;30;47m [0m[0;30;47m [0m[0;30;47m [0m[0;30;47m [0m[0;30;47m [0m[0;30;47m [0m[0;30;47m [0m[0;30;47m [0m[0;30;47m [0m[0;30;47m [0m[0;30;47m [0m[0;30;47m [0m[0;30;47m [0m[0;30;47m [0m[0;30;47m [0m[0;30;47m [0m[0;30;47m [0m[0;30;47m [0m[0;30;47m [0m[0;30;47m [0m[0;30;47m [0m[0;30;47m [0m[0;30;47m [0m[0;30;47m [0m[0;30;47m [0m[0;30;47mT[0m[0;30;47mH[0m[0;30;47mE[0m[0;30;47m [0m[0;30;47mH[0m[0;30;47mA[0m[0;30;47mU[0m[0;30;47mN[0m[0;30;47mT[0m[0;30;47mE[0m[0;30;47mD[0m[0;30;47m [0m[0;30;47mC[0m[0;30;47mA[0m[0;30;47mS[0m[0;30;47mT[0m[0;30;47mL[0m[0;30;47mE[0m[0;30;47m [0m[0;30;47m [0m[0;30;47m [0m[0;30;47m [0m[0;30;47m [0m[0;30;47m [0m[0;30;47m [0m[0;30;47m [0m[0;30;47m [0m[0;30;47m [0m[0;30;47m [0m[0;30;47m [0m[0;30;47m [0m[0;30;47m [0m[0;30;47m [0m[0;30;47m [0m[0;30;47m [0m[0;30;47m [0m[0;30;47m [0m[0;30;47m [0m[0;30;47m [0m[0;30;47m [0m[0;30;47m [0m[0;30;47m [0m[0;30;47m [0m[0;30;47m [0m[0;30;47m [0m[0;30;47m [0m[0;30;47m [0m[0;30;47m [0m[0;30;47m [0m[0;30;47m [0m[0;30;47m [0m[0;30;47m [0m[0;30;47m [0m[0;30;47m [0m[0;30;47m [0m[0;30;47m [0m[0;30;47m [0m[0;30;47m [0m[0;30;47m [0m[0;30;47m [0m[0;30;47m [0m[0;30;47m [0m[0;30;47m [0m[0;34;42m~[0m
[0;34;42m~[0m[0;34;42m~[0m[0;34;42m~[0m[0;34;42m~[0m[0;34;42m~[0m[0;34;42m~[0m[0;34;42m~[0m[0;34;42m~[0m[0;34;42m~[0m[0;34;42m~[0m[0;34;42m~[0m[0;34;42m~[0m[0;34;42m~[0m[0;34;42m~[0m[0;34;42m~[0m[0;34;42m~[0m[0;34;42m~[0m[0;34;42m~[0m[0;34;42m~[0m[0;34;42m~[0m[0;34;42m~[0m[0;34;42m~[0m[0;34;42m~[0m[0;34;42m~[0m[0;34;42m~[0m[0;34;42m~[0m[0;34;42m~[0m[0;34;42m~[0m[0;34;42m~[0m[0;34;42m~[0m[0;34;42m~[0m[0;34;42m~[0m[0;34;42m~[0m[0;34;42m~[0m[0;34;42m~[0m[0;34;42m~[0m[0;34;42m~[0m[0;34;42m~[0m[0;34;42m~[0m[0;34;42m~[0m[0;34;42m~[0m[0;34;42m~[0m[0;34;42m~[0m[0;34;42m~[0m[0;34;42m~[0m[0;34;42m~[0m[0;34;42m~[0m[0;34;42m~[0m[0;34;42m~[0m[0;34;42m~[0m[0;34;42m~[0m[0;34;42m~[0m[0;34;42m~[0m[0;34;42m~[0m[0;34;42m~[0m[0;34;42m~[0m[0;34;42m~[0m[0;34;42m~[0m[0;34;42m~[0m[0;34;42m~[0m[0;34;42m~[0m[0;34;42m~[0m[0;34;42m~[0m[0;34;42m~[0m[0;34;42m~[0m[0;34;42m~[0m[0;34;42m~[0m[0;34;42m~[0m[0;34;42m~[0m[0;34;42m~[0m[0;34;42m~[0m[0;34;42m~[0m[0;34;42m~[0m[0;34;42m~[0m[0;34;42m~[0m[0;34;42m~[0m[0;34;42m~[0m[0;34;42m~[0m[0;34;42m~[0m[0;34;42m~[0m[0;34;42m~[0m[0;34;42m~[0m[0;34;42m~[0m[0;34;42m~[0m[0;34;42m~[0m[0;34;42m~[0m[0;34;42m~[0m[0;34;42m~[0m[0;34;42m~[0m[0;34;42m~[0m[0;34;42m~[0m[0;34;42m~[0m[0;34;42m~[0m[0;34;42m~[0m[0;34;42m~[0m[0;34;42m~[0m[0;34;42m~[0m[0;34;42m~[0m[0;34;42m~[0m[0;34;42m~[0m[0;34;42m~[0m[0;34;42m~[0m[0;34;42m~[0m[0;34;42m~[0m[0;34;42m~[0m[0;34;42m~[0m[0;34;42m~[0m[0;34;42m~[0m[0;34;42m~[0m[0;34;42m~[0m
[0;34;42m~[0m[0;30;47m [0m[0;30;47m [0m[0;30;47mC[0m[0;30;47mo[0m[0;30;47mm[0m[0;30;47mm[0m[0;30;47ma[0m[0;30;47mn[0m[0;30;47md[0m[0;30;47ms[0m[0;30;47m:[0m[0;30;47m [0m[0;30;47mm[0m[0;30;47mo[0m[0;30;47mv[0m[0;30;47me[0m[0;30;47m([0m[0;30;47mm[0m[0;30;47m)[0m[0;30;47m [0m[0;30;47m[[0m[0;30;47md[0m[0;30;47mi[0m[0;30;47mr[0m[0;30;47m][0m[0;30;47m [0m[0;30;47m|[0m[0;30;47m [0m[0;30;47mt[0m[0;30;47ma[0m[0;30;47mk[0m[0;30;47me[0m[0;30;47m([0m[0;30;47mt[0m[0;30;47m)[0m[0;30;47m [0m[0;30;47m[[0m[0;30;47mo[0m[0;30;47mb[0m[0;30;47mj[0m[0;30;47m][0m[0;30;47m [0m[0;30;47m|[0m[0;30;47m [0m[0;30;47md[0m[0;30;47mr[0m[0;30;47mo[0m[0;30;47mp[0m[0;30;47m([0m[0;30;47md[0m[0;30;47m)[0m[0;30;47m [0m[0;30;47m[[0m[0;30;47mo[0m[0;30;47mb[0m[0;30;47mj[0m[0;30;47m][0m[0;30;47m [0m[0;30;47m|[0m[0;30;47m [0m[0;30;47ma[0m[0;30;47mt[0m[0;30;47mt[0m[0;30;47ma[0m[0;30;47mc[0m[0;30;47mk[0m[0;30;47m([0m[0;30;47ma[0m[0;30;47m)[0m[0;30;47m [0m[0;30;47m|[0m[0;30;47m [0m[0;30;47mc[0m[0;30;47mh[0m[0;30;47ma[0m[0;30;47mt[0m[0;30;47m([0m[0;30;47mc[0m[0;30;47m)[0m[0;30;47m [0m[0;30;47m|[0m[0;30;47m [0m[0;30;47mr[0m[0;30;47me[0m[0;30;47mc[0m[0;30;47mr[0m[0;30;47mu[0m[0;30;47mi[0m[0;30;47mt[0m[0;30;47m([0m[0;30;47mr[0m[0;30;47m)[0m[0;30;47m [0m[0;30;47m[[0m[0;30;47mc[0m[0;30;47mh[0m[0;30;47ma[0m[0;30;47mr[0m[0;30;47m][0m[0;30;47m [0m[0;30;47m [0m[0;30;47m [0m[0;30;47m [0m[0;30;47m [0m[0;30;47m [0m[0;30;47m [0m[0;30;47m [0m[0;30;47m [0m[0;34;42m~[0m
[0;34;42m~[0m[0;30;47m [0m[0;30;47m [0m[0;30;47mi[0m[0;30;47mn[0m[0;30;47ms[0m[0;30;47mp[0m[0;30;47me[0m[0;30;47mc[0m[0;30;47mt[0m[0;30;47m([0m[0;30;47mi[0m[0;30;47m)[0m[0;30;47m [0m[0;30;47m[[0m[0;30;47mo[0m[0;30;47mb[0m[0;30;47mj[0m[0;30;47m][0m[0;30;47m [0m[0;30;47m|[0m[0;30;47m [0m[0;30;47mu[0m[0;30;47ms[0m[0;30;47me[0m[0;30;47m([0m[0;30;47mu[0m[0;30;47m)[0m[0;30;47m [0m[0;30;47m[[0m[0;30;47mo[0m[0;30;47mb[0m[0;30;47mj[0m[0;30;47m][0m[0;30;47m [0m[0;30;47m|[0m[0;30;47m [0m[0;30;47mo[0m[0;30;47mp[0m[0;30;47me[0m[0;30;47mn[0m[0;30;47m([0m[0;30;47mo[0m[0;30;47m)[0m[0;30;47m [0m[0;30;47m[[0m[0;30;47ml[0m[0;30;47mn[0m[0;30;47mk[0m[0;30;47m][0m[0;30;47m [0m[0;30;47mw[0m[0;30;47mi[0m[0;30;47mt[0m[0;30;47mh[0m[0;30;47m [0m[0;30;47m[[0m[0;30;47mo[0m[0;30;47mb[0m[0;30;47mj[0m[0;30;47m][0m[0;30;47m [0m[0;30;47m|[0m[0;30;47m [0m[0;30;47mt[0m[0;30;47mp[0m[0;30;47m [0m[0;30;47m[[0m[0;30;47mr[0m[0;30;47mo[0m[0;30;47mo[0m[0;30;47mm[0m[0;30;47m][0m[0;30;47m [0m[0;30;47m|[0m[0;30;47m [0m[0;30;47me[0m[0;30;47mx[0m[0;30;47mi[0m[0;30;47mt[0m[0;30;47m([0m[0;30;47me[0m[0;30;47m)[0m[0;30;47m [0m[0;30;47m|[0m[0;30;47m [0m[0;30;47ma[0m[0;30;47mb[0m[0;30;47ma[0m[0;30;47mn[0m[0;30;47md[0m[0;30;47mo[0m[0;30;47mn[0m[0;30;47m([0m[0;30;47mf[0m[0;30;47m)[0m[0;30;47m [0m[0;30;47m[[0m[0;30;47mc[0m[0;30;47mh[0m[0;30;47ma[0m[0;30;47mr[0m[0;30;47m][0m[0;30;47m [0m[0;30;47m [0m[0;30;47m [0m[0;30;47m [0m[0;30;47m [0m[0;30;47m [0m[0;34;42m~[0m
[0;34;42m~[0m[0;34;42m~[0m[0;34;42m~[0m[0;34;42m~[0m[0;34;42m~[0m[0;34;42m~[0m[0;34;42m~[0m[0;34;42m~[0m[0;34;42m~[0m[0;34;42m~[0m[0;34;42m~[0m[0;34;42m~[0m[0;34;42m~[0m[0;34;42m~[0m[0;34;42m~[0m[0;34;42m~[0m[0;34;42m~[0m[0;34;42m~[0m[0;34;42m~[0m[0;34;42m~[0m[0;34;42m~[0m[0;34;42m~[0m[0;34;42m~[0m[0;34;42m~[0m[0;34;42m~[0m[0;34;42m~[0m[0;34;42m~[0m[0;34;42m~[0m[0;34;42m~[0m[0;34;42m~[0m[0;34;42m~[0m[0;34;42m~[0m[0;34;42m~[0m[0;34;42m~[0m[0;34;42m~[0m[0;34;42m~[0m[0;34;42m~[0m[0;34;42m~[0m[0;34;42m~[0m[0;34;42m~[0m[0;34;42m~[0m[0;34;42m~[0m[0;34;42m~[0m[0;34;42m~[0m[0;34;42m~[0m[0;34;42m~[0m[0;34;42m~[0m[0;34;42m~[0m[0;34;42m~[0m[0;34;42m~[0m[0;34;42m~[0m[0;34;42m~[0m[0;34;42m~[0m[0;34;42m~[0m[0;34;42m~[0m[0;34;42m~[0m[0;34;42m~[0m[0;34;42m~[0m[0;34;42m~[0m[0;34;42m~[0m[0;34;42m~[0m[0;34;42m~[0m[0;34;42m~[0m[0;34;42m~[0m[0;34;42m~[0m[0;34;42m~[0m[0;34;42m~[0m[0;34;42m~[0m[0;34;42m~[0m[0;34;42m~[0m[0;34;42m~[0m[0;34;42m~[0m[0;34;42m~[0m[0;34;42m~[0m[0;34;42m~[0m[0;34;42m~[0m[0;34;42m~[0m[0;34;42m~[0m[0;34;42m~[0m[0;34;42m~[0m[0;34;42m~[0m[0;34;42m~[0m[0;34;42m~[0m[0;34;42m~[0m[0;34;42m~[0m[0;34;42m~[0m[0;34;42m~[0m[0;34;42m~[0m[0;34;42m~[0m[0;34;42m~[0m[0;34;42m~[0m[0;34;42m~[0m[0;34;42m~[0m[0;34;42m~[0m[0;34;42m~[0m[0;34;42m~[0m[0;34;42m~[0m[0;34;42m~[0m[0;34;42m~[0m[0;34;42m~[0m[0;34;42m~[0m[0;34;42m~[0m[0;34;42m~[0m[0;34;42m~[0m[0;34;42m~[0m[0;34;42m~[0m[0;34;42m~[0m[0;34;42m~[0m[0;34;42m~[0m[0;34;42m~[0m
[0;34;42m~[0m[0;30;47m [0m[0;30;47m [0m[0;30;47m [0m[0;30;47m [0m[0;30;47m [0m[0;30;47m [0m[0;30;47m [0m[0;30;47m [0m[0;30;47m [0m[0;30;47m [0m[0;30;47m [0m[0;30;47m [0m[0;30;47m [0m[0;30;47m [0m[0;30;47m [0m[0;30;47m [0m[0;30;47m [0m[0;30;47m [0m[0;30;47m [0m[0;30;47m [0m[0;30;47m [0m[0;30;47m [0m[0;30;47m [0m[0;30;47m [0m[0;30;47m [0m[0;30;47m [0m[0;30;47m [0m[0;30;47m [0m[0;30;47m [0m[0;30;47m [0m[0;30;47m [0m[0;30;47m [0m[0;30;47m [0m[0;30;47m [0m[0;30;47m [0m[0;30;47m [0m[0;30;47m [0m[0;30;47m [0m[0;30;47m [0m[0;30;47m [0m[0;30;47m [0m[0;30;47m [0m[0;30;47m [0m[0;30;47m [0m[0;30;47m [0m[0;30;47m [0m[0;30;47m [0m[0;30;47m [0m[0;30;47m [0m[0;30;47m [0m[0;30;47m [0m[0;30;47m [0m[0;30;47m [0m[0;30;47m [0m[0;30;47m [0m[0;30;47m [0m[0;30;47m [0m[0;30;47m [0m[0;30;47m [0m[0;30;47m [0m[0;30;47m [0m[0;30;47m [0m[0;30;47m [0m[0;30;47m [0m[0;30;47m [0m[0;30;47m [0m[0;30;47m [0m[0;30;47m [0m[0;30;47m [0m[0;30;47m [0m[0;30;47m [0m[0;30;47m [0m[0;30;47m [0m[0;30;47m [0m[0;30;47m [0m[0;30;47m [0m[0;30;47m [0m[0;30;47m [0m[0;30;47m [0m[0;30;47m [0m[0;30;47m [0m[0;30;47m [0m[0;30;47m [0m[0;30;47m [0m[0;30;47m [0m[0;30;47m [0m[0;30;47m [0m[0;30;47m [0m[0;30;47m [0m[0;30;47m [0m[0;30;47m [0m[0;30;47m [0m[0;30;47m [0m[0;30;47m [0m[0;30;47m [0m[0;30;47m [0m[0;30;47m [0m[0;30;47m [0m[0;30;47m [0m[0;30;47m [0m[0;30;47m [0m[0;30;47m [0m[0;30;47m [0m[0;30;47m [0m[0;30;47m [0m[0;30;47m [0m[0;30;47m [0m[0;30;47m [0m[0;34;42m~[0m
[0;34;42m~[0m[0;30;47m [0m[0;30;47m [0m[0;30;47m [0m[0;30;47m [0m[0;30;47m [0m[0;30;47m [0m[0;30;47m [0m[0;30;47m [0m[0;30;47m [0m[0;30;47m [0m[0;30;47m [0m[0;30;47m [0m[0;30;47m [0m[0;30;47m [0m[0;30;47m [0m[0;30;47m [0m[0;30;47m [0m[0;30;47m [0m[0;30;47m [0m[0;30;47m [0m[0;30;47m [0m[0;30;47m [0m[0;30;47m [0m[0;30;47m [0m[0;30;47m [0m[0;30;47m [0m[0;30;47m [0m[0;30;47m [0m[0;30;47m [0m[0;30;47m [0m[0;30;47m [0m[0;30;47m [0m[0;30;47m [0m[0;30;47m [0m[0;30;47m [0m[0;30;47m [0m[0;30;47m [0m[0;30;47m [0m[0;30;47m [0m[0;30;47m [0m[0;30;47m [0m[0;30;47m [0m[0;30;47m [0m[0;30;47m [0m[0;30;47m [0m[0;30;47m [0m[0;30;47m [0m[0;30;47m [0m[0;30;47m [0m[0;30;47m [0m[0;30;47m [0m[0;30;47m [0m[0;30;47m [0m[0;30;47m [0m[0;30;47m [0m[0;30;47m [0m[0;30;47m [0m[0;30;47m [0m[0;30;47m [0m[0;30;47m [0m[0;30;47m [0m[0;30;47m [0m[0;30;47m [0m[0;30;47m [0m[0;30;47m [0m[0;30;47m [0m[0;30;47m [0m[0;30;47m [0m[0;30;47m [0m[0;30;47m [0m[0;30;47m [0m[0;30;47m [0m[0;30;47m [0m[0;30;47m [0m[0;30;47m [0m[0;30;47m [0m[0;30;47m [0m[0;30;47m [0m[0;30;47m [0m[0;30;47m [0m[0;30;47m [0m[0;30;47m [0m[0;30;47m [0m[0;30;47m [0m[0;30;47m [0m[0;30;47m [0m[0;30;47m [0m[0;30;47m [0m[0;30;47m [0m[0;30;47m [0m[0;30;47m [0m[0;30;47m [0m[0;30;47m [0m[0;30;47m [0m[0;30;47m [0m[0;30;47m [0m[0;30;47m [0m[0;30;47m [0m[0;30;47m [0m[0;30;47m [0m[0;30;47m [0m[0;30;47m [0m[0;30;47m [0m[0;30;47m [0m[0;30;47m [0m[0;30;47m [0m[0;30;47m [0m[0;30;47m [0m[0;34;42m~[0m
[0;34;42m~[0m[0;30;47m [0m[0;30;47m [0m[0;30;47m [0m[0;30;47m [0m[0;30;47m [0m[0;30;47m [0m[0;30;47m [0m[0;30;47m [0m[0;30;47m [0m[0;30;47m [0m[0;30;47m [0m[0;30;47m [0m[0;30;47m [0m[0;30;47m [0m[0;30;47m [0m[0;30;47m [0m[0;30;47m [0m[0;30;47m [0m[0;30;47m [0m[0;30;47m [0m[0;30;47m [0m[0;30;47m [0m[0;30;47m [0m[0;30;47m [0m[0;30;47m [0m[0;30;47m [0m[0;30;47m [0m[0;30;47m [0m[0;30;47m [0m[0;30;47m [0m[0;30;47m [0m[0;30;47m [0m[0;30;47m [0m[0;30;47m [0m[0;30;47m [0m[0;30;47m [0m[0;30;47m [0m[0;30;47m [0m[0;30;47m [0m[0;30;47m [0m[0;30;47m [0m[0;30;47m [0m[0;30;47m [0m[0;30;47m [0m[0;30;47m [0m[0;30;47m [0m[0;30;47m [0m[0;30;47m [0m[0;30;47m [0m[0;30;47m [0m[0;30;47m [0m[0;30;47m [0m[0;30;47m [0m[0;30;47m [0m[0;30;47m [0m[0;30;47m [0m[0;30;47m [0m[0;30;47m [0m[0;30;47m [0m[0;30;47m [0m[0;30;47m [0m[0;30;47m [0m[0;30;47m [0m[0;30;47m [0m[0;30;47m [0m[0;30;47m [0m[0;30;47m [0m[0;30;47m [0m[0;30;47m [0m[0;30;47m [0m[0;30;47m [0m[0;30;47m [0m[0;30;47m [0m[0;30;47m [0m[0;30;47m [0m[0;30;47m [0m[0;30;47m [0m[0;30;47m [0m[0;30;47m [0m[0;30;47m [0m[0;30;47m [0m[0;30;47m [0m[0;30;47m [0m[0;30;47m [0m[0;30;47m [0m[0;30;47m [0m[0;30;47m [0m[0;30;47m [0m[0;30;47m [0m[0;30;47m [0m[0;30;47m [0m[0;30;47m [0m[0;30;47m [0m[0;30;47m [0m[0;30;47m [0m[0;30;47m [0m[0;30;47m [0m[0;30;47m [0m[0;30;47m [0m[0;30;47m [0m[0;30;47m [0m[0;30;47m [0m[0;30;47m [0m[0;30;47m [0m[0;30;47m [0m[0;30;47m [0m[0;30;47m [0m[0;30;47m [0m[0;34;42m~[0m
prompt:> [2J
[0;34;46m~[0m[0;34;46m~[0m[0;34;46m~[0m[0;34;46m~[0m[0;34;46m~[0m[0;34;46m~[0m[0;34;46m~[0m[0;34;46m~[0m[0;34;46m~[0m[0;34;46m~[0m[0;34;46m~[0m[0;34;46m~[0m[0;34;46m~[0m[0;34;46m~[0m[0;34;46m~[0m[0;34;46m~[0m[0;34;46m~[0m[0;34;46m~[0m[0;34;46m~[0m[0;34;46m~[0m[0;34;46m~[0m[0;34;46m~[0m[0;34;46m~[0m[0;34;46m~[0m[0;34;46m~[0m[0;34;46m~[0m[0;34;46m~[0m[0;34;46m~[0m[0;34;46m~[0m[0;34;46m~[0m[0;34;46m~[0m[0;34;46m~[0m[0;34;46m~[0m[0;34;46m~[0m[0;34;46m~[0m[0;34;46m~[0m[0;34;46m~[0m[0;34;46m~[0m[0;34;46m~[0m[0;34;46m~[0m[0;34;46m~[0m[0;34;46m~[0m[0;34;46m~[0m[0;34;46m~[0m[0;34;46m~[0m[0;34;46m~[0m[0;34;46m~[0m[0;34;46m~[0m[0;34;46m~[0m[0;34;46m~[0m[0;34;46m~[0m[0;34;46m~[0m[0;34;46m~[0m[0;34;46m~[0m[0;34;46m~[0m[0;34;46m~[0m[0;34;46m~[0m[0;34;46m~[0m[0;34;46m~[0m[0;34;46m~[0m[0;34;46m~[0m[0;34;46m~[0m[0;34;46m~[0m[0;34;46m~[0m[0;34;46m~[0m[0;34;46m~[0m[0;34;46m~[0m[0;34;46m~[0m[0;34;46m~[0m[0;34;46m~[0m[0;34;46m~[0m[0;34;46m~[0m[0;34;46m~[0m[0;34;46m~[0m[0;34;46m~[0m[0;34;46m~[0m[0;34;46m~[0m[0;34;46m~[0m[0;34;46m~[0m[0;34;46m~[0m[0;34;46m~[0m[0;34;46m~[0m[0;34;46m~[0m[0;34;46m~[0m[0;34;46m~[0m[0;34;46m~[0m[0;34;46m~[0m[0;34;46m~[0m[0;34;46m~[0m[0;34;46m~[0m[0;34;46m~[0m[0;34;46m~[0m[0;34;46m~[0m[0;34;46m~[0m[0;34;46m~[0m[0;34;46m~[0m[0;34;46m~[0m[0;34;46m~[0m[0;34;46m~[0m[0;34;46m~[0m[0;34;46m~[0m[0;34;46m~[0m[0;34;46m~[0m[0;34;46m~[0m[0;34;46m~[0m[0;34;46m~[0m[0;34;46m~[0m[0;34;46m~[0m[0;34;46m~[0m[0;34;46m~[0m
[0;34;46m~[0m[0;30;47m [0m[0;30;47m [0m[0;30;47m [0m[0;30;47m [0m[0;30;47m [0m[0;30;47m [0m[0;30;47m [0m[0;30;47m [0m[0;30;47m [0m[0;30;47m [0m[0;30;47m [0m[0;30;47m [0m[0;30;47m [0m[0;30;47m [0m[0;30;47m [0m[0;30;47m [0m[0;30;47m [0m[0;30;47m [0m[0;30;47m [0m[0;30;47m [0m[0;30;47m [0m[0;30;47m+[0m[0;30;47m-[0m[0;30;47m-[0m[0;30;47m-[0m[0;30;47m-[0m[0;30;47m-[0m[0;30;47m-[0m[0;30;47m-[0m[0;30;47m-[0m[0;30;47m-[0m[0;30;47m-[0m[0;30;47m-[0m[0;30;47m-[0m[0;30;47m-[0m[0;30;47m-[0m[0;30;47m-[0m[0;30;47m+[0m[0;30;47m [0m[0;30;47m [0m[0;30;47m [0m[0;30;47m [0m[0;30;47m [0m[0;30;47m [0m[0;30;47m [0m[0;30;47m [0m[0;30;47m [0m[0;30;47m [0m[0;30;47m [0m[0;30;47m [0m[0;30;47m [0m[0;30;47m [0m[0;30;47m [0m[0;30;47m [0m[0;30;47m [0m[0;30;47m [0m[0;30;47m [0m[0;30;47m [0m[0;30;47m [0m[0;30;47m [0m[0;30;47m [0m[0;30;47m [0m[0;34;46m~[0m[0;30;47m [0m[0;30;47m [0m[0;30;47m=[0m[0;30;47m=[0m[0;30;47m=[0m[0;30;47m=[0m[0;30;47m=[0m[0;30;47m=[0m[0;30;47m=[0m[0;30;47m=[0m[0;30;47m=[0m[0;30;47m=[0m[0;30;47m=[0m[0;30;47m=[0m[0;30;47m=[0m[0;30;47m=[0m[0;30;47m=[0m[0;30;47m=[0m[0;30;47m=[0m[0;30;47m=[0m[0;30;47m=[0m[0;30;47m=[0m[0;30;47m=[0m[0;30;47m=[0m[0;30;47m=[0m[0;30;47m=[0m[0;30;47m=[0m[0;30;47m=[0m[0;30;47m=[0m[0;30;47m=[0m[0;30;47m=[0m[0;30;47m=[0m[0;30;47m=[0m[0;30;47m=[0m[0;30;47m=[0m[0;30;47m=[0m[0;30;47m=[0m[0;30;47m=[0m[0;30;47m=[0m[0;30;47m=[0m[0;30;47m=[0m[0;30;47m=[0m[0;30;47m=[0m[0;30;47m [0m[0;30;47m [0m[0;34;46m~[0m
[0;34;46m~[0m[0;30;47m [0m[0;30;47m [0m[0;30;47m [0m[0;30;47m [0m[0;30;47m [0m[0;30;47m [0m[0;30;47m [0m[0;30;47m [0m[0;30;47m [0m[0;30;47m [0m[0;30;47m [0m[0;30;47m [0m[0;30;47m [0m[0;30;47m [0m[0;30;47m [0m[0;30;47m [0m[0;30;47m [0m[0;30;47m [0m[0;30;47m [0m[0;30;47m [0m[0;30;47m [0m[0;30;47m|[0m[0;30;47m [0m[0;30;47m^[0m[0;30;47mE[0m[0;30;47m>[0m[0;30;47m [0m[0;30;47m [0m[0;30;47m\[0m[0;30;47mS[0m[0;30;47me[0m[0;30;47m/[0m[0;30;47m [0m[0;30;47m [0m[0;30;47m [0m[0;30;47m1[0m[0;30;47m1[0m[0;30;47m|[0m[0;30;47m [0m[0;30;47m [0m[0;30;47m [0m[0;30;47m [0m[0;30;47m [0m[0;30;47m [0m[0;30;47m [0m[0;30;47m [0m[0;30;47m [0m[0;30;47m [0m[0;30;47m [0m[0;30;47m [0m[0;30;47m [0m[0;30;47m [0m[0;30;47m [0m[0;30;47m [0m[0;30;47m [0m[0;30;47m [0m[0;30;47m [0m[0;30;47m [0m[0;30;47m [0m[0;30;47m [0m[0;30;47m [0m[0;30;47m [0m[0;34;46m~[0m[0;30;47m [0m[0;30;47m [0m[0;30;47m [0m[0;30;47m [0m[0;30;47mP[0m[0;30;47mL[0m[0;30;47mA[0m[0;30;47mY[0m[0;30;47mE[0m[0;30;47mR[0m[0;30;47m [0m[0;30;47m1[0m[0;30;47m [0m[0;30;47mS[0m[0;30;47mT[0m[0;30;47mA[0m[0;30;47mT[0m[0;30;47mU[0m[0;30;47mS[0m[0;30;47m [0m[0;30;47m [0m[0;30;47m [0m[0;30;47m|[0m[0;30;47m [0m[0;30;47m [0m[0;30;47m [0m[0;30;47mH[0m[0;30;47mE[0m[0;30;47mA[0m[0;30;47mL[0m[0;30;47mT[0m[0;30;47mH[0m[0;30;47m:[0m[0;30;47m [0m[0;30;47m5[0m[0;30;47m [0m[0;30;47mp[0m[0;30;47mt[0m[0;30;47ms[0m[0;30;47m [0m[0;30;47m [0m[0;30;47m [0m[0;30;47m [0m[0;30;47m [0m[0;30;47m [0m[0;34;46m~[0m
[0;34;46m~[0m[0;30;47m [0m[0;30;47m [0m[0;30;47m [0m[0;30;47m [0m[0;30;47m [0m[0;30;47m [0m[0;30;47m [0m[0;30;47m [0m[0;30;47m [0m[0;30;47m [0m[0;30;47m [0m[0;30;47m [0m[0;30;47m [0m[0;30;47m [0m[0;30;47m [0m[0;30;47m [0m[0;30;47m [0m[0;30;47m [0m[0;30;47m [0m[0;30;47m [0m[0;30;47m [0m[0;30;47m|[0m[0;30;47m [0m[0;30;47m [0m[0;30;47m [0m[0;30;47m [0m[0;30;47m.[0m[0;30;47m=[0m[0;30;47m=[0m[0;30;47m=[0m[0;30;47m.[0m[0;30;47m [0m[0;30;47m [0m[0;30;47m [0m[0;30;47m [0m[0;30;47m [0m[0;30;47m [0m[0;30;47m|[0m[0;30;47m [0m[0;30;47m [0m[0;30;47m [0m[0;30;47m [0m[0;30;47m [0m[0;30;47m [0m[0;30;47m [0m[0;30;47m [0m[0;30;47m [0m[0;30;47m [0m[0;30;47m [0m[0;30;47m [0m[0;30;47m [0m[0;30;47m [0m[0;30;47m [0m[0;30;47m [0m[0;30;47m [0m[0;30;47m [0m[0;30;47m [0m[0;30;47m [0m[0;30;47m [0m[0;30;47m [0m[0;30;47m [0m[0;30;47m [0m[0;34;46m~[0m[0;30;47m [0m[0;30;47m [0m[0;30;47m=[0m[0;30;47m=[0m[0;30;47m=[0m[0;30;47m=[0m[0;30;47m=[0m[0;30;47m=[0m[0;30;47m=[0m[0;30;47m=[0m[0;30;47m=[0m[0;30;47m=[0m[0;30;47m=[0m[0;30;47m=[0m[0;30;47m=[0m[0;30;47m=[0m[0;30;47m=[0m[0;30;47m=[0m[0;30;47m=[0m[0;30;47m=[0m[0;30;47m=[0m[0;30;47m=[0m[0;30;47m=[0m[0;30;47m=[0m[0;30;47m=[0m[0;30;47m=[0m[0;30;47m=[0m[0;30;47m=[0m[0;30;47m=[0m[0;30;47m=[0m[0;30;47m=[0m[0;30;47m=[0m[0;30;47m=[0m[0;30;47m=[0m[0;30;47m=[0m[0;30;47m=[0m[0;30;47m=[0m[0;30;47m=[0m[0;30;47m=[0m[0;30;47m=[0m[0;30;47m=[0m[0;30;47m=[0m[0;30;47m=[0m[0;30;47m [0m[0;30;47m [0m[0;34;46m~[0m
[0;34;46m~[0m[0;30;47m [0m[0;30;47m [0m[0;30;47m [0m[0;30;47m [0m[0;30;47m [0m[0;30;47m [0m[0;30;47m [0m[0;30;47m [0m[0;30;47m [0m[0;30;47m [0m[0;30;47m [0m[0;30;47m [0m[0;30;47m [0m[0;30;47m [0m[0;30;47m [0m[0;30;47m [0m[0;30;47m [0m[0;30;47m [0m[0;30;47m [0m[0;30;47m [0m[0;30;47m [0m[0;30;47m|[0m[0;30;47m [0m[0;30;47m [0m[0;30;47m [0m[0;30;47m [0m[0;30;47m[[0m[0;30;47m [0m[0;30;47m [0m[0;30;47m [0m[0;30;47m][0m[0;30;47m [0m[0;30;47m [0m[0;30;47m [0m[0;30;47m [0m[0;30;47m [0m[0;30;47m [0m[0;30;47m|[0m[0;30;47m [0m[0;30;47m [0m[0;30;47m [0m[0;30;47m [0m[0;30;47m [0m[0;30;47m [0m[0;30;47m [0m[0;30;47m [0m[0;30;47m [0m[0;30;47m [0m[0;30;47m [0m[0;30;47m [0m[0;30;47m [0m[0;30;47m [0m[0;30;47m [0m[0;30;47m [0m[0;30;47m [0m[0;30;47m [0m[0;30;47m [0m[0;30;47m [0m[0;30;47m [0m[0;30;47m [0m[0;30;47m [0m[0;30;47m [0m[0;34;46m~[0m[0;30;47m [0m[0;30;47m [0m[0;30;47m>[0m[0;30;47m [0m[0;30;47mC[0m[0;30;47mu[0m[0;30;47mr[0m[0;30;47mr[0m[0;30;47me[0m[0;30;47mn[0m[0;30;47mt[0m[0;30;47m [0m[0;30;47mL[0m[0;30;47mo[0m[0;30;47mc[0m[0;30;47ma[0m[0;30;47mt[0m[0;30;47mi[0m[0;30;47mo[0m[0;30;47mn[0m[0;30;47m [0m[0;30;47m:[0m[0;30;47m [0m[0;30;47m1[0m[0;30;47m1[0m[0;30;47m [0m[0;30;47m([0m[0;30;47mp[0m[0;30;47mi[0m[0;30;47mt[0m[0;30;47m)[0m[0;30;47m [0m[0;30;47m [0m[0;30;47m [0m[0;30;47m [0m[0;30;47m [0m[0;30;47m [0m[0;30;47m [0m[0;30;47m [0m[0;30;47m [0m[0;30;47m [0m[0;30;47m [0m[0;30;47m [0m[0;30;47m [0m[0;30;47m [0m[0;34;46m~[0m
[0;34;46m~[0m[0;30;47m [0m[0;30;47m [0m[0;30;47m [0m[0;30;47m [0m[0;30;47m [0m[0;30;47m [0m[0;30;47m [0m[0;30;47m [0m[0;30;47m [0m[0;30;47m [0m[0;30;47m [0m[0;30;47m [0m[0;30;47m [0m[0;30;47m [0m[0;30;47m [0m[0;30;47m [0m[0;30;47m [0m[0;30;47m [0m[0;30;47m [0m[0;30;47m [0m[0;30;47m [0m[0;30;47m|[0m[0;30;47m [0m[0;30;47m [0m[0;30;47m [0m[0;30;47m [0m[0;30;47m[[0m[0;30;47m [0m[0;30;47m [0m[0;30;47m [0m[0;30;47m][0m[0;30;47m [0m[0;30;47m [0m[0;30;47m [0m[0;30;47m [0m[0;30;47m [0m[0;30;47m [0m[0;30;47m|[0m[0;30;47m [0m[0;30;47m [0m[0;30;47m [0m[0;30;47m [0m[0;30;47m [0m[0;30;47m [0m[0;30;47m [0m[0;30;47m [0m[0;30;47m [0m[0;30;47m [0m[0;30;47m [0m[0;30;47m [0m[0;30;47m [0m[0;30;47m [0m[0;30;47m [0m[0;30;47m [0m[0;30;47m [0m[0;30;47m [0m[0;30;47m [0m[0;30;47m [0m[0;30;47m [0m[0;30;47m [0m[0;30;47m [0m[0;30;47m [0m[0;34;46m~[0m[0;30;47m [0m[0;30;47m [0m[0;30;47m>[0m[0;30;47m [0m[0;30;47mB[0m[0;30;47ma[0m[0;30;47mc[0m[0;30;47mk[0m[0;30;47mp[0m[0;30;47ma[0m[0;30;47mc[0m[0;30;47mk[0m[0;30;47m [0m[0;30;47m [0m[0;30;47m [0m[0;30;47m [0m[0;30;47m [0m[0;30;47m [0m[0;30;47m [0m[0;30;47m:[0m[0;30;47m [0m[0;30;47md[0m[0;30;47mi[0m[0;30;47mr[0m[0;30;47mk[0m[0;30;47m [0m[0;30;47m [0m[0;30;47m [0m[0;30;47m [0m[0;30;47m [0m[0;30;47m [0m[0;30;47m [0m[0;30;47m [0m[0;30;47m [0m[0;30;47m [0m[0;30;47m [0m[0;30;47m [0m[0;30;47m [0m[0;30;47m [0m[0;30;47m [0m[0;30;47m [0m[0;30;47m [0m[0;30;47m [0m[0;30;47m [0m[0;30;47m [0m[0;34;46m~[0m
[0;34;46m~[0m[0;30;47m [0m[0;30;47m [0m[0;30;47m [0m[0;30;47m [0m[0;30;47m [0m[0;30;47m [0m[0;30;47m [0m[0;30;47m [0m[0;30;47m [0m[0;30;47m [0m[0;30;47m [0m[0;30;47m [0m[0;30;47m [0m[0;30;47m [0m[0;30;47m [0m[0;30;47m [0m[0;30;47m [0m[0;30;47m [0m[0;30;47m [0m[0;30;47m [0m[0;30;47m [0m[0;30;47m|[0m[0;30;47m [0m[0;30;47m [0m[0;30;47m [0m[0;30;47m [0m[0;30;47m[[0m[0;30;47m [0m[0;30;47m [0m[0;30;47m [0m[0;30;47m][0m[0;30;47m [0m[0;30;47m [0m[0;30;47m [0m[0;30;47m [0m[0;30;47m [0m[0;30;47m [0m[0;30;47m|[0m[0;30;47m [0m[0;30;47m [0m[0;30;47m [0m[0;30;47m [0m[0;30;47m [0m[0;30;47m [0m[0;30;47m [0m[0;30;47m [0m[0;30;47m [0m[0;30;47m [0m[0;30;47m [0m[0;30;47m [0m[0;30;47m [0m[0;30;47m [0m[0;30;47m [0m[0;30;47m [0m[0;30;47m [0m[0;30;47m [0m[0;30;47m [0m[0;30;47m [0m[0;30;47m [0m[0;30;47m [0m[0;30;47m [0m[0;30;47m [0m[0;34;46m~[0m[0;30;47m [0m[0;30;47m [0m[0;30;47m-[0m[0;30;47m-[0m[0;30;47m-[0m[0;30;47m-[0m[0;30;47m-[0m[0;30;47m-[0m[0;30;47m-[0m[0;30;47m-[0m[0;30;47m-[0m[0;30;47m-[0m[0;30;47m-[0m[0;30;47m-[0m[0;30;47m-[0m[0;30;47m-[0m[0;30;47m-[0m[0;30;47m-[0m[0;30;47m-[0m[0;30;47m-[0m[0;30;47m-[0m[0;30;47m-[0m[0;30;47m-[0m[0;30;47m-[0m[0;30;47m-[0m[0;30;47m-[0m[0;30;47m-[0m[0;30;47m-[0m[0;30;47m-[0m[0;30;47m-[0m[0;30;47m-[0m[0;30;47m-[0m[0;30;47m-[0m[0;30;47m-[0m[0;30;47m-[0m[0;30;47m-[0m[0;30;47m-[0m[0;30;47m-[0m[0;30;47m-[0m[0;30;47m-[0m[0;30;47m-[0m[0;30;47m-[0m[0;30;47m-[0m[0;30;47m [0m[0;30;47m [0m[0;34;46m~[0m
[0;34;46m~[0m[0;30;47m [0m[0;30;47m [0m[0;30;47m [0m[0;30;47m [0m[0;30;47m [0m[0;30;47m [0m[0;30;47m [0m[0;30;47m [0m[0;30;47m [0m[0;30;47m [0m[0;30;47m [0m[0;30;47m [0m[0;30;47m [0m[0;30;47m [0m[0;30;47m [0m[0;30;47m [0m[0;30;47m [0m[0;30;47m [0m[0;30;47m [0m[0;30;47m [0m[0;30;47m [0m[0;30;47m|[0m[0;30;47m [0m[0;30;47m [0m[0;30;47m [0m[0;30;47m [0m[0;30;47m'[0m[0;30;47m=[0m[0;30;47m=[0m[0;30;47m=[0m[0;30;47m'[0m[0;30;47m [0m[0;30;47m [0m[0;30;47m [0m[0;30;47m [0m[0;30;47m [0m[0;30;47m [0m[0;30;47m|[0m[0;30;47m [0m[0;30;47m [0m[0;30;47m [0m[0;30;47m [0m[0;30;47m [0m[0;30;47m [0m[0;30;47m [0m[0;30;47m [0m[0;30;47m [0m[0;30;47m [0m[0;30;47m [0m[0;30;47m [0m[0;30;47m [0m[0;30;47m [0m[0;30;47m [0m[0;30;47m [0m[0;30;47m [0m[0;30;47m [0m[0;30;47m [0m[0;30;47m [0m[0;30;47m [0m[0;30;47m [0m[0;30;47m [0m[0;30;47m [0m[0;34;46m~[0m[0;30;47m [0m[0;30;47m [0m[0;30;47mV[0m[0;30;47mI[0m[0;30;47mS[0m[0;30;47mI[0m[0;30;47mB[0m[0;30;47mL[0m[0;30;47mE[0m[0;30;47m [0m[0;30;47mE[0m[0;30;47mN[0m[0;30;47mT[0m[0;30;47mI[0m[0;30;47mT[0m[0;30;47mI[0m[0;30;47mE[0m[0;30;47mS[0m[0;30;47m [0m[0;30;47m([0m[0;30;47mD[0m[0;30;47mi[0m[0;30;47ms[0m[0;30;47mc[0m[0;30;47mo[0m[0;30;47mv[0m[0;30;47me[0m[0;30;47mr[0m[0;30;47me[0m[0;30;47md[0m[0;30;47m [0m[0;30;47mS[0m[0;30;47mp[0m[0;30;47ma[0m[0;30;47mc[0m[0;30;47me[0m[0;30;47ms[0m[0;30;47m)[0m[0;30;47m:[0m[0;30;47m [0m[0;30;47m [0m[0;30;47m [0m[0;30;47m [0m[0;30;47m [0m[0;30;47m [0m[0;34;46m~[0m
[0;34;46m~[0m[0;30;47m [0m[0;30;47m [0m[0;30;47m [0m[0;30;47m [0m[0;30;47m [0m[0;30;47m [0m[0;30;47m [0m[0;30;47m [0m[0;30;47m [0m[0;30;47m [0m[0;30;47m [0m[0;30;47m [0m[0;30;47m [0m[0;30;47m [0m[0;30;47m [0m[0;30;47m [0m[0;30;47m [0m[0;30;47m [0m[0;30;47m [0m[0;30;47m [0m[0;30;47m [0m[0;30;47m|[0m[0;30;47mp[0m[0;30;47mo[0m[0;30;47mr[0m[0;30;47mt[0m[0;30;47ma[0m[0;30;47ml[0m[0;30;47m [0m[0;30;47m [0m[0;30;47m [0m[0;30;47m [0m[0;30;47m [0m[0;30;47m [0m[0;30;47m [0m[0;30;47m [0m[0;30;47m [0m[0;30;47m|[0m[0;30;47m [0m[0;30;47m [0m[0;30;47m [0m[0;30;47m [0m[0;30;47m [0m[0;30;47m [0m[0;30;47m [0m[0;30;47m [0m[0;30;47m [0m[0;30;47m [0m[0;30;47m [0m[0;30;47m [0m[0;30;47m [0m[0;30;47m [0m[0;30;47m [0m[0;30;47m [0m[0;30;47m [0m[0;30;47m [0m[0;30;47m [0m[0;30;47m [0m[0;30;47m [0m[0;30;47m [0m[0;30;47m [0m[0;30;47m [0m[0;34;46m~[0m[0;30;47m [0m[0;30;47m [0m[0;30;47m [0m[0;30;47m[[0m[0;30;47mO[0m[0;30;47mb[0m[0;30;47mj[0m[0;30;47m][0m[0;30;47m [0m[0;30;47ml[0m[0;30;47mi[0m[0;30;47md[0m[0;30;47m [0m[0;30;47m [0m[0;30;47m [0m[0;30;47m [0m[0;30;47m [0m[0;30;47m [0m[0;30;47m [0m[0;30;47m [0m[0;30;47ma[0m[0;30;47mt[0m[0;30;47m [0m[0;30;47mS[0m[0;30;47mp[0m[0;30;47ma[0m[0;30;47mc[0m[0;30;47me[0m[0;30;47m [0m[0;30;47m1[0m[0;30;47m2[0m[0;30;47m [0m[0;30;47m([0m[0;30;47mp[0m[0;30;47ma[0m[0;30;47mt[0m[0;30;47mh[0m[0;30;47m)[0m[0;30;47m [0m[0;30;47m [0m[0;30;47m [0m[0;30;47m [0m[0;30;47m [0m[0;30;47m [0m[0;30;47m [0m[0;34;46m~[0m
[0;34;46m~[0m[0;30;47m [0m[0;30;47m [0m[0;30;47m [0m[0;30;47m [0m[0;30;47m [0m[0;30;47m [0m[0;30;47m [0m[0;30;47m [0m[0;30;47m [0m[0;30;47m [0m[0;30;47m [0m[0;30;47m [0m[0;30;47m [0m[0;30;47m [0m[0;30;47m [0m[0;30;47m [0m[0;30;47m [0m[0;30;47m [0m[0;30;47m [0m[0;30;47m [0m[0;30;47m [0m[0;30;47m+[0m[0;30;47m-[0m[0;30;47m-[0m[0;30;47m-[0m[0;30;47m-[0m[0;30;47m-[0m[0;30;47m-[0m[0;30;47m-[0m[0;30;47m-[0m[0;30;47m-[0m[0;30;47m-[0m[0;30;47m-[0m[0;30;47m-[0m[0;30;47m-[0m[0;30;47m-[0m[0;30;47m-[0m[0;30;47m+[0m[0;30;47m [0m[0;30;47m [0m[0;30;47m [0m[0;30;47m [0m[0;30;47m [0m[0;30;47m [0m[0;30;47m [0m[0;30;47m [0m[0;30;47m [0m[0;30;47m [0m[0;30;47m [0m[0;30;47m [0m[0;30;47m [0m[0;30;47m [0m[0;30;47m [0m[0;30;47m [0m[0;30;47m [0m[0;30;47m [0m[0;30;47m [0m[0;30;47m [0m[0;30;47m [0m[0;30;47m [0m[0;30;47m [0m[0;30;47m [0m[0;34;46m~[0m[0;30;47m [0m[0;30;47m [0m[0;30;47m [0m[0;30;47m[[0m[0;30;47mO[0m[0;30;47mb[0m[0;30;47mj[0m[0;30;47m][0m[0;30;47m [0m[0;30;47mp[0m[0;30;47mo[0m[0;30;47mr[0m[0;30;47mt[0m[0;30;47ma[0m[0;30;47ml[0m[0;30;47m [0m[0;30;47m [0m[0;30;47m [0m[0;30;47m [0m[0;30;47m [0m[0;30;47ma[0m[0;30;47mt[0m[0;30;47m [0m[0;30;47mS[0m[0;30;47mp[0m[0;30;47ma[0m[0;30;47mc[0m[0;30;47me[0m[0;30;47m [0m[0;30;47m1[0m[0;30;47m1[0m[0;30;47m [0m[0;30;47m([0m[0;30;47mp[0m[0;30;47mi[0m[0;30;47mt[0m[0;30;47m)[0m[0;30;47m [0m[0;30;47m [0m[0;30;47m [0m[0;30;47m [0m[0;30;47m [0m[0;30;47m [0m[0;30;47m [0m[0;30;47m [0m[0;34;46m~[0m
[0;34;46m~[0m[0;30;47m [0m[0;30;47m [0m[0;30;47m [0m[0;30;47m [0m[0;30;47m [0m[0;30;47m [0m[0;30;47m [0m[0;30;47m [0m[0;30;47m [0m[0;30;47m [0m[0;30;47m [0m[0;30;47m [0m[0;30;47m [0m[0;30;47m [0m[0;30;47m [0m[0;30;47m [0m[0;30;47m [0m[0;30;47m [0m[0;30;47m [0m[0;30;47m [0m[0;30;47m [0m[0;30;47m [0m[0;30;47m [0m[0;30;47m [0m[0;30;47m [0m[0;30;47m [0m[0;30;47m [0m[0;30;47m [0m[0;30;47m [0m[0;30;47mv[0m[0;30;47m [0m[0;30;47m [0m[0;30;47m [0m[0;30;47m [0m[0;30;47m [0m[0;30;47m [0m[0;30;47m [0m[0;30;47m [0m[0;30;47m [0m[0;30;47m [0m[0;30;47m [0m[0;30;47m [0m[0;30;47m [0m[0;30;47m [0m[0;30;47m [0m[0;30;47m [0m[0;30;47m [0m[0;30;47m [0m[0;30;47m [0m[0;30;47m [0m[0;30;47m [0m[0;30;47m [0m[0;30;47m [0m[0;30;47m [0m[0;30;47m [0m[0;30;47m [0m[0;30;47m [0m[0;30;47m [0m[0;30;47m [0m[0;30;47m [0m[0;30;47m [0m[0;30;47m [0m[0;34;46m~[0m[0;30;47m [0m[0;30;47m [0m[0;30;47m [0m[0;30;47m[[0m[0;30;47mO[0m[0;30;47mb[0m[0;30;47mj[0m[0;30;47m][0m[0;30;47m [0m[0;30;47mc[0m[0;30;47mo[0m[0;30;47mi[0m[0;30;47mn[0m[0;30;47m [0m[0;30;47m [0m[0;30;47m [0m[0;30;47m [0m[0;30;47m [0m[0;30;47m [0m[0;30;47m [0m[0;30;47ma[0m[0;30;47mt[0m[0;30;47m [0m[0;30;47mS[0m[0;30;47mp[0m[0;30;47ma[0m[0;30;47mc[0m[0;30;47me[0m[0;30;47m [0m[0;30;47m1[0m[0;30;47m2[0m[0;30;47m [0m[0;30;47m([0m[0;30;47mp[0m[0;30;47ma[0m[0;30;47mt[0m[0;30;47mh[0m[0;30;47m)[0m[0;30;47m [0m[0;30;47m [0m[0;30;47m [0m[0;30;47m [0m[0;30;47m [0m[0;30;47m [0m[0;30;47m [0m[0;34;46m~[0m
[0;34;46m~[0m[0;30;47m [0m[0;30;47m [0m[0;30;47m [0m[0;30;47m [0m[0;30;47m [0m[0;30;47m [0m[0;30;47m [0m[0;30;47m [0m[0;30;47m [0m[0;30;47m [0m[0;30;47m [0m[0;30;47m [0m[0;30;47m [0m[0;30;47m [0m[0;30;47m [0m[0;30;47m [0m[0;30;47m [0m[0;30;47m [0m[0;30;47m [0m[0;30;47m [0m[0;30;47m [0m[0;30;47m+[0m[0;30;47m-[0m[0;30;47m-[0m[0;30;47m-[0m[0;30;47m-[0m[0;30;47m-[0m[0;30;47m-[0m[0;30;47m-[0m[0;30;47m-[0m[0;30;47m-[0m[0;30;47m-[0m[0;30;47m-[0m[0;30;47m-[0m[0;30;47m-[0m[0;30;47m-[0m[0;30;47m-[0m[0;30;47m+[0m[0;30;47m [0m[0;30;47m [0m[0;30;47m [0m[0;30;47m [0m[0;30;47m [0m[0;30;47m [0m[0;30;47m [0m[0;30;47m [0m[0;30;47m [0m[0;30;47m [0m[0;30;47m [0m[0;30;47m [0m[0;30;47m [0m[0;30;47m [0m[0;30;47m [0m[0;30;47m [0m[0;30;47m [0m[0;30;47m [0m[0;30;47m [0m[0;30;47m [0m[0;30;47m [0m[0;30;47m [0m[0;30;47m [0m[0;30;47m [0m[0;34;46m~[0m[0;30;47m [0m[0;30;47m [0m[0;30;47m [0m[0;30;47m[[0m[0;30;47mC[0m[0;30;47mh[0m[0;30;47mr[0m[0;30;47m][0m[0;30;47m [0m[0;30;47m [0m[0;30;47m\[0m[0;30;47mV[0m[0;30;47mo[0m[0;30;47m/[0m[0;30;47m [0m[0;30;47m [0m[0;30;47ma[0m[0;30;47mt[0m[0;30;47m [0m[0;30;47mS[0m[0;30;47mp[0m[0;30;47ma[0m[0;30;47mc[0m[0;30;47me[0m[0;30;47m [0m[0;30;47m1[0m[0;30;47m2[0m[0;30;47m [0m[0;30;47m([0m[0;30;47mp[0m[0;30;47ma[0m[0;30;47mt[0m[0;30;47mh[0m[0;30;47m)[0m[0;30;47m [0m[0;30;47m([0m[0;30;47mH[0m[0;30;47mP[0m[0;30;47m:[0m[0;30;47m5[0m[0;30;47m)[0m[0;30;47m [0m[0;30;47m [0m[0;30;47m [0m[0;30;47m [0m[0;34;46m~[0m
[0;34;46m~[0m[0;30;47m [0m[0;30;47m [0m[0;30;47m [0m[0;30;47m [0m[0;30;47m [0m[0;30;47m [0m[0;30;47m [0m[0;30;47m [0m[0;30;47m [0m[0;30;47m [0m[0;30;47m [0m[0;30;47m [0m[0;30;47m [0m[0;30;47m [0m[0;30;47m [0m[0;30;47m [0m[0;30;47m [0m[0;30;47m [0m[0;30;47m [0m[0;30;47m [0m[0;30;47m [0m[0;30;47m|[0m[0;30;47m [0m[0;30;47m [0m[0;30;47m [0m[0;30;47m [0m[0;30;47m [0m[0;30;47m [0m[0;30;47m\[0m[0;30;47mV[0m[0;30;47mo[0m[0;30;47m/[0m[0;30;47m [0m[0;30;47m [0m[0;30;47m [0m[0;30;47m1[0m[0;30;47m2[0m[0;30;47m|[0m[0;30;47m [0m[0;30;47m [0m[0;30;47m [0m[0;30;47m [0m[0;30;47m [0m[0;30;47m [0m[0;30;47m [0m[0;30;47m [0m[0;30;47m [0m[0;30;47m [0m[0;30;47m [0m[0;30;47m [0m[0;30;47m [0m[0;30;47m [0m[0;30;47m [0m[0;30;47m [0m[0;30;47m [0m[0;30;47m [0m[0;30;47m [0m[0;30;47m [0m[0;30;47m [0m[0;30;47m [0m[0;30;47m [0m[0;30;47m [0m[0;34;46m~[0m[0;30;47m [0m[0;30;47m [0m[0;30;47m [0m[0;30;47m[[0m[0;30;47mC[0m[0;30;47mh[0m[0;30;47mr[0m[0;30;47m][0m[0;30;47m [0m[0;30;47m [0m[0;30;47m\[0m[0;30;47mS[0m[0;30;47me[0m[0;30;47m/[0m[0;30;47m [0m[0;30;47m [0m[0;30;47ma[0m[0;30;47mt[0m[0;30;47m [0m[0;30;47mS[0m[0;30;47mp[0m[0;30;47ma[0m[0;30;47mc[0m[0;30;47me[0m[0;30;47m [0m[0;30;47m1[0m[0;30;47m1[0m[0;30;47m [0m[0;30;47m([0m[0;30;47mp[0m[0;30;47mi[0m[0;30;47mt[0m[0;30;47m)[0m[0;30;47m [0m[0;30;47m([0m[0;30;47mH[0m[0;30;47mP[0m[0;30;47m:[0m[0;30;47m5[0m[0;30;47m)[0m[0;30;47m [0m[0;30;47m [0m[0;30;47m [0m[0;30;47m [0m[0;30;47m [0m[0;34;46m~[0m
[0;34;46m~[0m[0;30;47m [0m[0;30;47m [0m[0;30;47m [0m[0;30;47m [0m[0;30;47m [0m[0;30;47m [0m[0;30;47m [0m[0;30;47m [0m[0;30;47m [0m[0;30;47m [0m[0;30;47m [0m[0;30;47m [0m[0;30;47m [0m[0;30;47m [0m[0;30;47m [0m[0;30;47m [0m[0;30;47m [0m[0;30;47m [0m[0;30;47m [0m[0;30;47m [0m[0;30;47m [0m[0;30;47m|[0m[0;30;47m [0m[0;30;47m [0m[0;30;47m [0m[0;30;47m [0m[0;30;47m#[0m[0;30;47m_[0m[0;30;47m_[0m[0;30;47m_[0m[0;30;47m#[0m[0;30;47m [0m[0;30;47m [0m[0;30;47m [0m[0;30;47m [0m[0;30;47m [0m[0;30;47m [0m[0;30;47m|[0m[0;30;47m [0m[0;30;47m [0m[0;30;47m [0m[0;30;47m [0m[0;30;47m [0m[0;30;47m [0m[0;30;47m [0m[0;30;47m [0m[0;30;47m [0m[0;30;47m [0m[0;30;47m [0m[0;30;47m [0m[0;30;47m [0m[0;30;47m [0m[0;30;47m [0m[0;30;47m [0m[0;30;47m [0m[0;30;47m [0m[0;30;47m [0m[0;30;47m [0m[0;30;47m [0m[0;30;47m [0m[0;30;47m [0m[0;30;47m [0m[0;34;46m~[0m[0;30;47m [0m[0;30;47m [0m[0;30;47m-[0m[0;30;47m-[0m[0;30;47m-[0m[0;30;47m-[0m[0;30;47m-[0m[0;30;47m-[0m[0;30;47m-[0m[0;30;47m-[0m[0;30;47m-[0m[0;30;47m-[0m[0;30;47m-[0m[0;30;47m-[0m[0;30;47m-[0m[0;30;47m-[0m[0;30;47m-[0m[0;30;47m-[0m[0;30;47m-[0m[0;30;47m-[0m[0;30;47m-[0m[0;30;47m-[0m[0;30;47m-[0m[0;30;47m-[0m[0;30;47m-[0m[0;30;47m-[0m[0;30;47m-[0m[0;30;47m-[0m[0;30;47m-[0m[0;30;47m-[0m[0;30;47m-[0m[0;30;47m-[0m[0;30;47m-[0m[0;30;47m-[0m[0;30;47m-[0m[0;30;47m-[0m[0;30;47m-[0m[0;30;47m-[0m[0;30;47m-[0m[0;30;47m-[0m[0;30;47m-[0m[0;30;47m-[0m[0;30;47m-[0m[0;30;47m [0m[0;30;47m [0m[0;34;46m~[0m
[0;34;46m~[0m[0;30;47m [0m[0;30;47m [0m[0;30;47m [0m[0;30;47m [0m[0;30;47m [0m[0;30;47m [0m[0;30;47m [0m[0;30;47m [0m[0;30;47m [0m[0;30;47m [0m[0;30;47m [0m[0;30;47m [0m[0;30;47m [0m[0;30;47m [0m[0;30;47m [0m[0;30;47m [0m[0;30;47m [0m[0;30;47m [0m[0;30;47m [0m[0;30;47m [0m[0;30;47m [0m[0;30;47m|[0m[0;30;47m [0m[0;30;47m [0m[0;30;47m [0m[0;30;47m [0m[0;30;47m#[0m[0;30;47m_[0m[0;30;47m_[0m[0;30;47m_[0m[0;30;47m#[0m[0;30;47m [0m[0;30;47m [0m[0;30;47m [0m[0;30;47m [0m[0;30;47m [0m[0;30;47m [0m[0;30;47m|[0m[0;30;47m [0m[0;30;47m [0m[0;30;47m [0m[0;30;47m [0m[0;30;47m [0m[0;30;47m [0m[0;30;47m [0m[0;30;47m [0m[0;30;47m [0m[0;30;47m [0m[0;30;47m [0m[0;30;47m [0m[0;30;47m [0m[0;30;47m [0m[0;30;47m [0m[0;30;47m [0m[0;30;47m [0m[0;30;47m [0m[0;30;47m [0m[0;30;47m [0m[0;30;47m [0m[0;30;47m [0m[0;30;47m [0m[0;30;47m [0m[0;34;46m~[0m[0;30;47m [0m[0;30;47m [0m[0;30;47m [0m[0;30;47m [0m[0;30;47m [0m[0;30;47m [0m[0;30;47m [0m[0;30;47m [0m[0;30;47m [0m[0;30;47m [0m[0;30;47m [0m[0;30;47m [0m[0;30;47m [0m[0;30;47m [0m[0;30;47m [0m[0;30;47m [0m[0;30;47m [0m[0;30;47m [0m[0;30;47m [0m[0;30;47m [0m[0;30;47m [0m[0;30;47m [0m[0;30;47m [0m[0;30;47m [0m[0;30;47m [0m[0;30;47m [0m[0;30;47m [0m[0;30;47m [0m[0;30;47m [0m[0;30;47m [0m[0;30;47m [0m[0;30;47m [0m[0;30;47m [0m[0;30;47m [0m[0;30;47m [0m[0;30;47m [0m[0;30;47m [0m[0;30;47m [0m[0;30;47m [0m[0;30;47m [0m[0;30;47m [0m[0;30;47m [0m[0;30;47m [0m[0;30;47m [0m[0;30;47m [0m[0;34;46m~[0m
[0;34;46m~[0m[0;30;47m [0m[0;30;47m [0m[0;30;47m [0m[0;30;47m [0m[0;30;47m [0m[0;30;47m [0m[0;30;47m [0m[0;30;47m [0m[0;30;47m [0m[0;30;47m [0m[0;30;47m [0m[0;30;47m [0m[0;30;47m [0m[0;30;47m [0m[0;30;47m [0m[0;30;47m [0m[0;30;47m [0m[0;30;47m [0m[0;30;47m [0m[0;30;47m [0m[0;30;47m [0m[0;30;47m|[0m[0;30;47m [0m[0;30;47m [0m[0;30;47m [0m[0;30;47m [0m[0;30;47m#[0m[0;30;47m_[0m[0;30;47m_[0m[0;30;47m_[0m[0;30;47m#[0m[0;30;47m [0m[0;30;47m [0m[0;30;47m [0m[0;30;47m [0m[0;30;47m [0m[0;30;47m [0m[0;30;47m|[0m[0;30;47m [0m[0;30;47m [0m[0;30;47m [0m[0;30;47m [0m[0;30;47m [0m[0;30;47m [0m[0;30;47m [0m[0;30;47m [0m[0;30;47m [0m[0;30;47m [0m[0;30;47m [0m[0;30;47m [0m[0;30;47m [0m[0;30;47m [0m[0;30;47m [0m[0;30;47m [0m[0;30;47m [0m[0;30;47m [0m[0;30;47m [0m[0;30;47m [0m[0;30;47m [0m[0;30;47m [0m[0;30;47m [0m[0;30;47m [0m[0;34;46m~[0m[0;30;47m [0m[0;30;47m [0m[0;30;47m [0m[0;30;47m [0m[0;30;47m [0m[0;30;47m [0m[0;30;47m [0m[0;30;47m [0m[0;30;47m [0m[0;30;47m [0m[0;30;47m [0m[0;30;47m [0m[0;30;47m [0m[0;30;47m [0m[0;30;47m [0m[0;30;47m [0m[0;30;47m [0m[0;30;47m [0m[0;30;47m [0m[0;30;47m [0m[0;30;47m [0m[0;30;47m [0m[0;30;47m [0m[0;30;47m [0m[0;30;47m [0m[0;30;47m [0m[0;30;47m [0m[0;30;47m [0m[0;30;47m [0m[0;30;47m [0m[0;30;47m [0m[0;30;47m [0m[0;30;47m [0m[0;30;47m [0m[0;30;47m [0m[0;30;47m [0m[0;30;47m [0m[0;30;47m [0m[0;30;47m [0m[0;30;47m [0m[0;30;47m [0m[0;30;47m [0m[0;30;47m [0m[0;30;47m [0m[0;30;47m [0m[0;34;46m~[0m
[0;34;46m~[0m[0;30;47m [0m[0;30;47m [0m[0;30;47m [0m[0;30;47m [0m[0;30;47m [0m[0;30;47m [0m[0;30;47m [0m[0;30;47m [0m[0;30;47m [0m[0;30;47m [0m[0;30;47m [0m[0;30;47m [0m[0;30;47m [0m[0;30;47m [0m[0;30;47m [0m[0;30;47m [0m[0;30;47m [0m[0;30;47m [0m[0;30;47m [0m[0;30;47m [0m[0;30;47m [0m[0;30;47m|[0m[0;30;47m [0m[0;30;47m [0m[0;30;47m [0m[0;30;47m [0m[0;30;47m#[0m[0;30;47m_[0m[0;30;47m_[0m[0;30;47m_[0m[0;30;47m#[0m[0;30;47m [0m[0;30;47m [0m[0;30;47m [0m[0;30;47m [0m[0;30;47m [0m[0;30;47m [0m[0;30;47m|[0m[0;30;47m [0m[0;30;47m [0m[0;30;47m [0m[0;30;47m [0m[0;30;47m [0m[0;30;47m [0m[0;30;47m [0m[0;30;47m [0m[0;30;47m [0m[0;30;47m [0m[0;30;47m [0m[0;30;47m [0m[0;30;47m [0m[0;30;47m [0m[0;30;47m [0m[0;30;47m [0m[0;30;47m [0m[0;30;47m [0m[0;30;47m [0m[0;30;47m [0m[0;30;47m [0m[0;30;47m [0m[0;30;47m [0m[0;30;47m [0m[0;34;46m~[0m[0;30;47m [0m[0;30;47m [0m[0;30;47m [0m[0;30;47m [0m[0;30;47m [0m[0;30;47m [0m[0;30;47m [0m[0;30;47m [0m[0;30;47m [0m[0;30;47m [0m[0;30;47m [0m[0;30;47m [0m[0;30;47m [0m[0;30;47m [0m[0;30;47m [0m[0;30;47m [0m[0;30;47m [0m[0;30;47m [0m[0;30;47m [0m[0;30;47m [0m[0;30;47m [0m[0;30;47m [0m[0;30;47m [0m[0;30;47m [0m[0;30;47m [0m[0;30;47m [0m[0;30;47m [0m[0;30;47m [0m[0;30;47m [0m[0;30;47m [0m[0;30;47m [0m[0;30;47m [0m[0;30;47m [0m[0;30;47m [0m[0;30;47m [0m[0;30;47m [0m[0;30;47m [0m[0;30;47m [0m[0;30;47m [0m[0;30;47m [0m[0;30;47m [0m[0;30;47m [0m[0;30;47m [0m[0;30;47m [0m[0;30;47m [0m[0;34;46m~[0m
[0;34;46m~[0m[0;30;47m [0m[0;30;47m [0m[0;30;47m [0m[0;30;47m [0m[0;30;47m [0m[0;30;47m [0m[0;30;47m [0m[0;30;47m [0m[0;30;47m [0m[0;30;47m [0m[0;30;47m [0m[0;30;47m [0m[0;30;47m [0m[0;30;47m [0m[0;30;47m [0m[0;30;47m [0m[0;30;47m [0m[0;30;47m [0m[0;30;47m [0m[0;30;47m [0m[0;30;47m [0m[0;30;47m|[0m[0;30;47m [0m[0;30;47m [0m[0;30;47m [0m[0;30;47m [0m[0;30;47m#[0m[0;30;47m [0m[0;30;47m [0m[0;30;47m [0m[0;30;47m#[0m[0;30;47m [0m[0;30;47m [0m[0;30;47m [0m[0;30;47m [0m[0;30;47m [0m[0;30;47m [0m[0;30;47m|[0m[0;30;47m [0m[0;30;47m [0m[0;30;47m [0m[0;30;47m [0m[0;30;47m [0m[0;30;47m [0m[0;30;47m [0m[0;30;47m [0m[0;30;47m [0m[0;30;47m [0m[0;30;47m [0m[0;30;47m [0m[0;30;47m [0m[0;30;47m [0m[0;30;47m [0m[0;30;47m [0m[0;30;47m [0m[0;30;47m [0m[0;30;47m [0m[0;30;47m [0m[0;30;47m [0m[0;30;47m [0m[0;30;47m [0m[0;30;47m [0m[0;34;46m~[0m[0;30;47m [0m[0;30;47m [0m[0;30;47m [0m[0;30;47m [0m[0;30;47m [0m[0;30;47m [0m[0;30;47m [0m[0;30;47m [0m[0;30;47m [0m[0;30;47m [0m[0;30;47m [0m[0;30;47m [0m[0;30;47m [0m[0;30;47m [0m[0;30;47m [0m[0;30;47m [0m[0;30;47m [0m[0;30;47m [0m[0;30;47m [0m[0;30;47m [0m[0;30;47m [0m[0;30;47m [0m[0;30;47m [0m[0;30;47m [0m[0;30;47m [0m[0;30;47m [0m[0;30;47m [0m[0;30;47m [0m[0;30;47m [0m[0;30;47m [0m[0;30;47m [0m[0;30;47m [0m[0;30;47m [0m[0;30;47m [0m[0;30;47m [0m[0;30;47m [0m[0;30;47m [0m[0;30;47m [0m[0;30;47m [0m[0;30;47m [0m[0;30;47m [0m[0;30;47m [0m[0;30;47m [0m[0;30;47m [0m[0;30;47m [0m[0;34;46m~[0m
[0;34;46m~[0m[0;30;47m [0m[0;30;47m [0m[0;30;47m [0m[0;30;47m [0m[0;30;47m [0m[0;30;47m [0m[0;30;47m [0m[0;30;47m [0m[0;30;47m [0m[0;30;47m [0m[0;30;47m [0m[0;30;47m [0m[0;30;47m [0m[0;30;47m [0m[0;30;47m [0m[0;30;47m [0m[0;30;47m [0m[0;30;47m [0m[0;30;47m [0m[0;30;47m [0m[0;30;47m [0m[0;30;47m|[0m[0;30;47ml[0m[0;30;47mi[0m[0;30;47md[0m[0;30;47m,[0m[0;30;47mc[0m[0;30;47mo[0m[0;30;47mi[0m[0;30;47mn[0m[0;30;47m [0m[0;30;47m [0m[0;30;47m [0m[0;30;47m [0m[0;30;47m [0m[0;30;47m [0m[0;30;47m [0m[0;30;47m|[0m[0;30;47m [0m[0;30;47m [0m[0;30;47m [0m[0;30;47m [0m[0;30;47m [0m[0;30;47m [0m[0;30;47m [0m[0;30;47m [0m[0;30;47m [0m[0;30;47m [0m[0;30;47m [0m[0;30;47m [0m[0;30;47m [0m[0;30;47m [0m[0;30;47m [0m[0;30;47m [0m[0;30;47m [0m[0;30;47m [0m[0;30;47m [0m[0;30;47m [0m[0;30;47m [0m[0;30;47m [0m[0;30;47m [0m[0;30;47m [0m[0;34;46m~[0m[0;30;47m [0m[0;30;47m [0m[0;30;47m [0m[0;30;47m [0m[0;30;47m [0m[0;30;47m [0m[0;30;47m [0m[0;30;47m [0m[0;30;47m [0m[0;30;47m [0m[0;30;47m [0m[0;30;47m [0m[0;30;47m [0m[0;30;47m [0m[0;30;47m [0m[0;30;47m [0m[0;30;47m [0m[0;30;47m [0m[0;30;47m [0m[0;30;47m [0m[0;30;47m [0m[0;30;47m [0m[0;30;47m [0m[0;30;47m [0m[0;30;47m [0m[0;30;47m [0m[0;30;47m [0m[0;30;47m [0m[0;30;47m [0m[0;30;47m [0m[0;30;47m [0m[0;30;47m [0m[0;30;47m [0m[0;30;47m [0m[0;30;47m [0m[0;30;47m [0m[0;30;47m [0m[0;30;47m [0m[0;30;47m [0m[0;30;47m [0m[0;30;47m [0m[0;30;47m [0m[0;30;47m [0m[0;30;47m [0m[0;30;47m [0m[0;34;46m~[0m
[0;34;46m~[0m[0;30;47m [0m[0;30;47m [0m[0;30;47m [0m[0;30;47m [0m[0;30;47m [0m[0;30;47m [0m[0;30;47m [0m[0;30;47m [0m[0;30;47m [0m[0;30;47m [0m[0;30;47m [0m[0;30;47m [0m[0;30;47m [0m[0;30;47m [0m[0;30;47m [0m[0;30;47m [0m[0;30;47m [0m[0;30;47m [0m[0;30;47m [0m[0;30;47m [0m[0;30;47m [0m[0;30;47m+[0m[0;30;47m-[0m[0;30;47m-[0m[0;30;47m-[0m[0;30;47m-[0m[0;30;47m-[0m[0;30;47m-[0m[0;30;47m-[0m[0;30;47m-[0m[0;30;47m-[0m[0;30;47m-[0m[0;30;47m-[0m[0;30;47m-[0m[0;30;47m-[0m[0;30;47m-[0m[0;30;47m-[0m[0;30;47m+[0m[0;30;47m [0m[0;30;47m [0m[0;30;47m [0m[0;30;47m [0m[0;30;47m [0m[0;30;47m [0m[0;30;47m [0m[0;30;47m [0m[0;30;47m [0m[0;30;47m [0m[0;30;47m [0m[0;30;47m [0m[0;30;47m [0m[0;30;47m [0m[0;30;47m [0m[0;30;47m [0m[0;30;47m [0m[0;30;47m [0m[0;30;47m [0m[0;30;47m [0m[0;30;47m [0m[0;30;47m [0m[0;30;47m [0m[0;30;47m [0m[0;34;46m~[0m[0;30;47m [0m[0;30;47m [0m[0;30;47m [0m[0;30;47m [0m[0;30;47m [0m[0;30;47m [0m[0;30;47m [0m[0;30;47m [0m[0;30;47m [0m[0;30;47m [0m[0;30;47m [0m[0;30;47m [0m[0;30;47m [0m[0;30;47m [0m[0;30;47m [0m[0;30;47m [0m[0;30;47m [0m[0;30;47m [0m[0;30;47m [0m[0;30;47m [0m[0;30;47m [0m[0;30;47m [0m[0;30;47m [0m[0;30;47m [0m[0;30;47m [0m[0;30;47m [0m[0;30;47m [0m[0;30;47m [0m[0;30;47m [0m[0;30;47m [0m[0;30;47m [0m[0;30;47m [0m[0;30;47m [0m[0;30;47m [0m[0;30;47m [0m[0;30;47m [0m[0;30;47m [0m[0;30;47m [0m[0;30;47m [0m[0;30;47m [0m[0;30;47m [0m[0;30;47m [0m[0;30;47m [0m[0;30;47m [0m[0;30;47m [0m[0;34;46m~[0m
[0;34;46m~[0m[0;30;47m [0m[0;30;47m [0m[0;30;47m [0m[0;30;47m [0m[0;30;47m [0m[0;30;47m [0m[0;30;47m [0m[0;30;47m [0m[0;30;47m [0m[0;30;47m [0m[0;30;47m [0m[0;30;47m [0m[0;30;47m [0m[0;30;47m [0m[0;30;47m [0m[0;30;47m [0m[0;30;47m [0m[0;30;47m [0m[0;30;47m [0m[0;30;47m [0m[0;30;47m [0m[0;30;47m [0m[0;30;47m [0m[0;30;47m [0m[0;30;47m [0m[0;30;47m [0m[0;30;47m [0m[0;30;47m [0m[0;30;47m [0m[0;30;47m [0m[0;30;47m [0m[0;30;47m [0m[0;30;47m [0m[0;30;47m [0m[0;30;47m [0m[0;30;47m [0m[0;30;47m [0m[0;30;47m [0m[0;30;47m [0m[0;30;47m [0m[0;30;47m [0m[0;30;47m [0m[0;30;47m [0m[0;30;47m [0m[0;30;47m [0m[0;30;47m [0m[0;30;47m [0m[0;30;47m [0m[0;30;47m [0m[0;30;47m [0m[0;30;47m [0m[0;30;47m [0m[0;30;47m [0m[0;30;47m [0m[0;30;47m [0m[0;30;47m [0m[0;30;47m [0m[0;30;47m [0m[0;30;47m [0m[0;30;47m [0m[0;30;47m [0m[0;30;47m [0m[0;34;46m~[0m[0;30;47m [0m[0;30;47m [0m[0;30;47m [0m[0;30;47m [0m[0;30;47m [0m[0;30;47m [0m[0;30;47m [0m[0;30;47m [0m[0;30;47m [0m[0;30;47m [0m[0;30;47m [0m[0;30;47m [0m[0;30;47m [0m[0;30;47m [0m[0;30;47m [0m[0;30;47m [0m[0;30;47m [0m[0;30;47m [0m[0;30;47m [0m[0;30;47m [0m[0;30;47m [0m[0;30;47m [0m[0;30;47m [0m[0;30;47m [0m[0;30;47m [0m[0;30;47m [0m[0;30;47m [0m[0;30;47m [0m[0;30;47m [0m[0;30;47m [0m[0;30;47m [0m[0;30;47m [0m[0;30;47m [0m[0;30;47m [0m[0;30;47m [0m[0;30;47m [0m[0;30;47m [0m[0;30;47m [0m[0;30;47m [0m[0;30;47m [0m[0;30;47m [0m[0;30;47m [0m[0;30;47m [0m[0;30;47m [0m[0;30;47m [0m[0;34;46m~[0m
[0;34;46m~[0m[0;30;47m [0m[0;30;47m [0m[0;30;47m [0m[0;30;47m [0m[0;30;47m [0m[0;30;47m [0m[0;30;47m [0m[0;30;47m [0m[0;30;47m [0m[0;30;47m [0m[0;30;47m [0m[0;30;47m [0m[0;30;47m [0m[0;30;47m [0m[0;30;47m [0m[0;30;47m [0m[0;30;47m [0m[0;30;47m [0m[0;30;47m [0m[0;30;47m [0m[0;30;47m [0m[0;30;47m [0m[0;30;47m [0m[0;30;47m [0m[0;30;47m [0m[0;30;47m [0m[0;30;47m [0m[0;30;47m [0m[0;30;47m [0m[0;30;47m [0m[0;30;47m [0m[0;30;47m [0m[0;30;47m [0m[0;30;47m [0m[0;30;47m [0m[0;30;47m [0m[0;30;47m [0m[0;30;47m [0m[0;30;47m [0m[0;30;47m [0m[0;30;47m [0m[0;30;47m [0m[0;30;47m [0m[0;30;47m [0m[0;30;47m [0m[0;30;47m [0m[0;30;47m [0m[0;30;47m [0m[0;30;47m [0m[0;30;47m [0m[0;30;47m [0m[0;30;47m [0m[0;30;47m [0m[0;30;47m [0m[0;30;47m [0m[0;30;47m [0m[0;30;47m [0m[0;30;47m [0m[0;30;47m [0m[0;30;47m [0m[0;30;47m [0m[0;30;47m [0m[0;34;46m~[0m[0;30;47m [0m[0;30;47m [0m[0;30;47m [0m[0;30;47m [0m[0;30;47m [0m[0;30;47m [0m[0;30;47m [0m[0;30;47m [0m[0;30;47m [0m[0;30;47m [0m[0;30;47m [0m[0;30;47m [0m[0;30;47m [0m[0;30;47m [0m[0;30;47m [0m[0;30;47m [0m[0;30;47m [0m[0;30;47m [0m[0;30;47m [0m[0;30;47m [0m[0;30;47m [0m[0;30;47m [0m[0;30;47m [0m[0;30;47m [0m[0;30;47m [0m[0;30;47m [0m[0;30;47m [0m[0;30;47m [0m[0;30;47m [0m[0;30;47m [0m[0;30;47m [0m[0;30;47m [0m[0;30;47m [0m[0;30;47m [0m[0;30;47m [0m[0;30;47m [0m[0;30;47m [0m[0;30;47m [0m[0;30;47m [0m[0;30;47m [0m[0;30;47m [0m[0;30;47m [0m[0;30;47m [0m[0;30;47m [0m[0;30;47m [0m[0;34;46m~[0m
[0;34;46m~[0m[0;30;47m [0m[0;30;47m [0m[0;30;47m [0m[0;30;47m [0m[0;30;47m [0m[0;30;47m [0m[0;30;47m [0m[0;30;47m [0m[0;30;47m [0m[0;30;47m [0m[0;30;47m [0m[0;30;47m [0m[0;30;47m [0m[0;30;47m [0m[0;30;47m [0m[0;30;47m [0m[0;30;47m [0m[0;30;47m [0m[0;30;47m [0m[0;30;47m [0m[0;30;47m [0m[0;30;47m [0m[0;30;47m [0m[0;30;47m [0m[0;30;47m [0m[0;30;47m [0m[0;30;47m [0m[0;30;47m [0m[0;30;47m [0m[0;30;47m [0m[0;30;47m [0m[0;30;47m [0m[0;30;47m [0m[0;30;47m [0m[0;30;47m [0m[0;30;47m [0m[0;30;47m [0m[0;30;47m [0m[0;30;47m [0m[0;30;47m [0m[0;30;47m [0m[0;30;47m [0m[0;30;47m [0m[0;30;47m [0m[0;30;47m [0m[0;30;47m [0m[0;30;47m [0m[0;30;47m [0m[0;30;47m [0m[0;30;47m [0m[0;30;47m [0m[0;30;47m [0m[0;30;47m [0m[0;30;47m [0m[0;30;47m [0m[0;30;47m [0m[0;30;47m [0m[0;30;47m [0m[0;30;47m [0m[0;30;47m [0m[0;30;47m [0m[0;30;47m [0m[0;34;46m~[0m[0;30;47m [0m[0;30;47m [0m[0;30;47m [0m[0;30;47m [0m[0;30;47m [0m[0;30;47m [0m[0;30;47m [0m[0;30;47m [0m[0;30;47m [0m[0;30;47m [0m[0;30;47m [0m[0;30;47m [0m[0;30;47m [0m[0;30;47m [0m[0;30;47m [0m[0;30;47m [0m[0;30;47m [0m[0;30;47m [0m[0;30;47m [0m[0;30;47m [0m[0;30;47m [0m[0;30;47m [0m[0;30;47m [0m[0;30;47m [0m[0;30;47m [0m[0;30;47m [0m[0;30;47m [0m[0;30;47m [0m[0;30;47m [0m[0;30;47m [0m[0;30;47m [0m[0;30;47m [0m[0;30;47m [0m[0;30;47m [0m[0;30;47m [0m[0;30;47m [0m[0;30;47m [0m[0;30;47m [0m[0;30;47m [0m[0;30;47m [0m[0;30;47m [0m[0;30;47m [0m[0;30;47m [0m[0;30;47m [0m[0;30;47m [0m[0;34;46m~[0m
[0;34;46m~[0m[0;30;47m [0m[0;30;47m [0m[0;30;47m [0m[0;30;47m [0m[0;30;47m [0m[0;30;47m [0m[0;30;47m [0m[0;30;47m [0m[0;30;47m [0m[0;30;47m [0m[0;30;47m [0m[0;30;47m [0m[0;30;47m [0m[0;30;47m [0m[0;30;47m [0m[0;30;47m [0m[0;30;47m [0m[0;30;47m [0m[0;30;47m [0m[0;30;47m [0m[0;30;47m [0m[0;30;47m [0m[0;30;47m [0m[0;30;47m [0m[0;30;47m [0m[0;30;47m [0m[0;30;47m [0m[0;30;47m [0m[0;30;47m [0m[0;30;47m [0m[0;30;47m [0m[0;30;47m [0m[0;30;47m [0m[0;30;47m [0m[0;30;47m [0m[0;30;47m [0m[0;30;47m [0m[0;30;47m [0m[0;30;47m [0m[0;30;47m [0m[0;30;47m [0m[0;30;47m [0m[0;30;47m [0m[0;30;47m [0m[0;30;47m [0m[0;30;47m [0m[0;30;47m [0m[0;30;47m [0m[0;30;47m [0m[0;30;47m [0m[0;30;47m [0m[0;30;47m [0m[0;30;47m [0m[0;30;47m [0m[0;30;47m [0m[0;30;47m [0m[0;30;47m [0m[0;30;47m [0m[0;30;47m [0m[0;30;47m [0m[0;30;47m [0m[0;30;47m [0m[0;34;46m~[0m[0;30;47m [0m[0;30;47m [0m[0;30;47m [0m[0;30;47m [0m[0;30;47m [0m[0;30;47m [0m[0;30;47m [0m[0;30;47m [0m[0;30;47m [0m[0;30;47m [0m[0;30;47m [0m[0;30;47m [0m[0;30;47m [0m[0;30;47m [0m[0;30;47m [0m[0;30;47m [0m[0;30;47m [0m[0;30;47m [0m[0;30;47m [0m[0;30;47m [0m[0;30;47m [0m[0;30;47m [0m[0;30;47m [0m[0;30;47m [0m[0;30;47m [0m[0;30;47m [0m[0;30;47m [0m[0;30;47m [0m[0;30;47m [0m[0;30;47m [0m[0;30;47m [0m[0;30;47m [0m[0;30;47m [0m[0;30;47m [0m[0;30;47m [0m[0;30;47m [0m[0;30;47m [0m[0;30;47m [0m[0;30;47m [0m[0;30;47m [0m[0;30;47m [0m[0;30;47m [0m[0;30;47m [0m[0;30;47m [0m[0;30;47m [0m[0;34;46m~[0m
[0;34;46m~[0m[0;30;47m [0m[0;30;47m [0m[0;30;47m [0m[0;30;47m [0m[0;30;47m [0m[0;30;47m [0m[0;30;47m [0m[0;30;47m [0m[0;30;47m [0m[0;30;47m [0m[0;30;47m [0m[0;30;47m [0m[0;30;47m [0m[0;30;47m [0m[0;30;47m [0m[0;30;47m [0m[0;30;47m [0m[0;30;47m [0m[0;30;47m [0m[0;30;47m [0m[0;30;47m [0m[0;30;47m [0m[0;30;47m [0m[0;30;47m [0m[0;30;47m [0m[0;30;47m [0m[0;30;47m [0m[0;30;47m [0m[0;30;47m [0m[0;30;47m [0m[0;30;47m [0m[0;30;47m [0m[0;30;47m [0m[0;30;47m [0m[0;30;47m [0m[0;30;47m [0m[0;30;47m [0m[0;30;47m [0m[0;30;47m [0m[0;30;47m [0m[0;30;47m [0m[0;30;47m [0m[0;30;47m [0m[0;30;47m [0m[0;30;47m [0m[0;30;47m [0m[0;30;47m [0m[0;30;47m [0m[0;30;47m [0m[0;30;47m [0m[0;30;47m [0m[0;30;47m [0m[0;30;47m [0m[0;30;47m [0m[0;30;47m [0m[0;30;47m [0m[0;30;47m [0m[0;30;47m [0m[0;30;47m [0m[0;30;47m [0m[0;30;47m [0m[0;30;47m [0m[0;34;46m~[0m[0;30;47m [0m[0;30;47m [0m[0;30;47m [0m[0;30;47m [0m[0;30;47m [0m[0;30;47m [0m[0;30;47m [0m[0;30;47m [0m[0;30;47m [0m[0;30;47m [0m[0;30;47m [0m[0;30;47m [0m[0;30;47m [0m[0;30;47m [0m[0;30;47m [0m[0;30;47m [0m[0;30;47m [0m[0;30;47m [0m[0;30;47m [0m[0;30;47m [0m[0;30;47m [0m[0;30;47m [0m[0;30;47m [0m[0;30;47m [0m[0;30;47m [0m[0;30;47m [0m[0;30;47m [0m[0;30;47m [0m[0;30;47m [0m[0;30;47m [0m[0;30;47m [0m[0;30;47m [0m[0;30;47m [0m[0;30;47m [0m[0;30;47m [0m[0;30;47m [0m[0;30;47m [0m[0;30;47m [0m[0;30;47m [0m[0;30;47m [0m[0;30;47m [0m[0;30;47m [0m[0;30;47m [0m[0;30;47m [0m[0;30;47m [0m[0;34;46m~[0m
[0;34;46m~[0m[0;34;46m~[0m[0;34;46m~[0m[0;34;46m~[0m[0;34;46m~[0m[0;34;46m~[0m[0;34;46m~[0m[0;34;46m~[0m[0;34;46m~[0m[0;34;46m~[0m[0;34;46m~[0m[0;34;46m~[0m[0;34;46m~[0m[0;34;46m~[0m[0;34;46m~[0m[0;34;46m~[0m[0;34;46m~[0m[0;34;46m~[0m[0;34;46m~[0m[0;34;46m~[0m[0;34;46m~[0m[0;34;46m~[0m[0;34;46m~[0m[0;34;46m~[0m[0;34;46m~[0m[0;34;46m~[0m[0;34;46m~[0m[0;34;46m~[0m[0;34;46m~[0m[0;34;46m~[0m[0;34;46m~[0m[0;34;46m~[0m[0;34;46m~[0m[0;34;46m~[0m[0;34;46m~[0m[0;34;46m~[0m[0;34;46m~[0m[0;34;46m~[0m[0;34;46m~[0m[0;34;46m~[0m[0;34;46m~[0m[0;34;46m~[0m[0;34;46m~[0m[0;34;46m~[0m[0;34;46m~[0m[0;34;46m~[0m[0;34;46m~[0m[0;34;46m~[0m[0;34;46m~[0m[0;34;46m~[0m[0;34;46m~[0m[0;34;46m~[0m[0;34;46m~[0m[0;34;46m~[0m[0;34;46m~[0m[0;34;46m~[0m[0;34;46m~[0m[0;34;46m~[0m[0;34;46m~[0m[0;34;46m~[0m[0;34;46m~[0m[0;34;46m~[0m[0;34;46m~[0m[0;34;46m~[0m[0;34;46m~[0m[0;34;46m~[0m[0;34;46m~[0m[0;34;46m~[0m[0;34;46m~[0m[0;34;46m~[0m[0;34;46m~[0m[0;34;46m~[0m[0;34;46m~[0m[0;34;46m~[0m[0;34;46m~[0m[0;34;46m~[0m[0;34;46m~[0m[0;34;46m~[0m[0;34;46m~[0m[0;34;46m~[0m[0;34;46m~[0m[0;34;46m~[0m[0;34;46m~[0m[0;34;46m~[0m[0;34;46m~[0m[0;34;46m~[0m[0;34;46m~[0m[0;34;46m~[0m[0;34;46m~[0m[0;34;46m~[0m[0;34;46m~[0m[0;34;46m~[0m[0;34;46m~[0m[0;34;46m~[0m[0;34;46m~[0m[0;34;46m~[0m[0;34;46m~[0m[0;34;46m~[0m[0;34;46m~[0m[0;34;46m~[0m[0;34;46m~[0m[0;34;46m~[0m[0;34;46m~[0m[0;34;46m~[0m[0;34;46m~[0m[0;34;46m~[0m[0;34;46m~[0m[0;34;46m~[0m[0;34;46m~[0m[0;34;46m~[0m
[0;34;46m~[0m[0;30;47m [0m[0;30;47m [0m[0;30;47m [0m[0;30;47m [0m[0;30;47m [0m[0;30;47m [0m[0;30;47m [0m[0;30;47m [0m[0;30;47m [0m[0;30;47m [0m[0;30;47m [0m[0;30;47m [0m[0;30;47m [0m[0;30;47m [0m[0;30;47m [0m[0;30;47m [0m[0;30;47m [0m[0;30;47m [0m[0;30;47m [0m[0;30;47m [0m[0;30;47m [0m[0;30;47m [0m[0;30;47m [0m[0;30;47m [0m[0;30;47m [0m[0;30;47m [0m[0;30;47m [0m[0;30;47m [0m[0;30;47m [0m[0;30;47m [0m[0;30;47m [0m[0;30;47m [0m[0;30;47m [0m[0;30;47m [0m[0;30;47m [0m[0;30;47m [0m[0;30;47m [0m[0;30;47m [0m[0;30;47m [0m[0;30;47m [0m[0;30;47m [0m[0;30;47m [0m[0;30;47m [0m[0;30;47m [0m[0;30;47m [0m[0;30;47mT[0m[0;30;47mH[0m[0;30;47mE[0m[0;30;47m [0m[0;30;47mH[0m[0;30;47mA[0m[0;30;47mU[0m[0;30;47mN[0m[0;30;47mT[0m[0;30;47mE[0m[0;30;47mD[0m[0;30;47m [0m[0;30;47mC[0m[0;30;47mA[0m[0;30;47mS[0m[0;30;47mT[0m[0;30;47mL[0m[0;30;47mE[0m[0;30;47m [0m[0;30;47m [0m[0;30;47m [0m[0;30;47m [0m[0;30;47m [0m[0;30;47m [0m[0;30;47m [0m[0;30;47m [0m[0;30;47m [0m[0;30;47m [0m[0;30;47m [0m[0;30;47m [0m[0;30;47m [0m[0;30;47m [0m[0;30;47m [0m[0;30;47m [0m[0;30;47m [0m[0;30;47m [0m[0;30;47m [0m[0;30;47m [0m[0;30;47m [0m[0;30;47m [0m[0;30;47m [0m[0;30;47m [0m[0;30;47m [0m[0;30;47m [0m[0;30;47m [0m[0;30;47m [0m[0;30;47m [0m[0;30;47m [0m[0;30;47m [0m[0;30;47m [0m[0;30;47m [0m[0;30;47m [0m[0;30;47m [0m[0;30;47m [0m[0;30;47m [0m[0;30;47m [0m[0;30;47m [0m[0;30;47m [0m[0;30;47m [0m[0;30;47m [0m[0;30;47m [0m[0;30;47m [0m[0;30;47m [0m[0;34;46m~[0m
[0;34;46m~[0m[0;34;46m~[0m[0;34;46m~[0m[0;34;46m~[0m[0;34;46m~[0m[0;34;46m~[0m[0;34;46m~[0m[0;34;46m~[0m[0;34;46m~[0m[0;34;46m~[0m[0;34;46m~[0m[0;34;46m~[0m[0;34;46m~[0m[0;34;46m~[0m[0;34;46m~[0m[0;34;46m~[0m[0;34;46m~[0m[0;34;46m~[0m[0;34;46m~[0m[0;34;46m~[0m[0;34;46m~[0m[0;34;46m~[0m[0;34;46m~[0m[0;34;46m~[0m[0;34;46m~[0m[0;34;46m~[0m[0;34;46m~[0m[0;34;46m~[0m[0;34;46m~[0m[0;34;46m~[0m[0;34;46m~[0m[0;34;46m~[0m[0;34;46m~[0m[0;34;46m~[0m[0;34;46m~[0m[0;34;46m~[0m[0;34;46m~[0m[0;34;46m~[0m[0;34;46m~[0m[0;34;46m~[0m[0;34;46m~[0m[0;34;46m~[0m[0;34;46m~[0m[0;34;46m~[0m[0;34;46m~[0m[0;34;46m~[0m[0;34;46m~[0m[0;34;46m~[0m[0;34;46m~[0m[0;34;46m~[0m[0;34;46m~[0m[0;34;46m~[0m[0;34;46m~[0m[0;34;46m~[0m[0;34;46m~[0m[0;34;46m~[0m[0;34;46m~[0m[0;34;46m~[0m[0;34;46m~[0m[0;34;46m~[0m[0;34;46m~[0m[0;34;46m~[0m[0;34;46m~[0m[0;34;46m~[0m[0;34;46m~[0m[0;34;46m~[0m[0;34;46m~[0m[0;34;46m~[0m[0;34;46m~[0m[0;34;46m~[0m[0;34;46m~[0m[0;34;46m~[0m[0;34;46m~[0m[0;34;46m~[0m[0;34;46m~[0m[0;34;46m~[0m[0;34;46m~[0m[0;34;46m~[0m[0;34;46m~[0m[0;34;46m~[0m[0;34;46m~[0m[0;34;46m~[0m[0;34;46m~[0m[0;34;46m~[0m[0;34;46m~[0m[0;34;46m~[0m[0;34;46m~[0m[0;34;46m~[0m[0;34;46m~[0m[0;34;46m~[0m[0;34;46m~[0m[0;34;46m~[0m[0;34;46m~[0m[0;34;46m~[0m[0;34;46m~[0m[0;34;46m~[0m[0;34;46m~[0m[0;34;46m~[0m[0;34;46m~[0m[0;34;46m~[0m[0;34;46m~[0m[0;34;46m~[0m[0;34;46m~[0m[0;34;46m~[0m[0;34;46m~[0m[0;34;46m~[0m[0;34;46m~[0m[0;34;46m~[0m[0;34;46m~[0m[0;34;46m~[0m
[0;34;46m~[0m[0;30;47m [0m[0;30;47m [0m[0;30;47mC[0m[0;30;47mo[0m[0;30;47mm[0m[0;30;47mm[0m[0;30;47ma[0m[0;30;47mn[0m[0;30;47md[0m[0;30;47ms[0m[0;30;47m:[0m[0;30;47m [0m[0;30;47mm[0m[0;30;47mo[0m[0;30;47mv[0m[0;30;47me[0m[0;30;47m([0m[0;30;47mm[0m[0;30;47m)[0m[0;30;47m [0m[0;30;47m[[0m[0;30;47md[0m[0;30;47mi[0m[0;30;47mr[0m[0;30;47m][0m[0;30;47m [0m[0;30;47m|[0m[0;30;47m [0m[0;30;47mt[0m[0;30;47ma[0m[0;30;47mk[0m[0;30;47me[0m[0;30;47m([0m[0;30;47mt[0m[0;30;47m)[0m[0;30;47m [0m[0;30;47m[[0m[0;30;47mo[0m[0;30;47mb[0m[0;30;47mj[0m[0;30;47m][0m[0;30;47m [0m[0;30;47m|[0m[0;30;47m [0m[0;30;47md[0m[0;30;47mr[0m[0;30;47mo[0m[0;30;47mp[0m[0;30;47m([0m[0;30;47md[0m[0;30;47m)[0m[0;30;47m [0m[0;30;47m[[0m[0;30;47mo[0m[0;30;47mb[0m[0;30;47mj[0m[0;30;47m][0m[0;30;47m [0m[0;30;47m|[0m[0;30;47m [0m[0;30;47ma[0m[0;30;47mt[0m[0;30;47mt[0m[0;30;47ma[0m[0;30;47mc[0m[0;30;47mk[0m[0;30;47m([0m[0;30;47ma[0m[0;30;47m)[0m[0;30;47m [0m[0;30;47m|[0m[0;30;47m [0m[0;30;47mc[0m[0;30;47mh[0m[0;30;47ma[0m[0;30;47mt[0m[0;30;47m([0m[0;30;47mc[0m[0;30;47m)[0m[0;30;47m [0m[0;30;47m|[0m[0;30;47m [0m[0;30;47mr[0m[0;30;47me[0m[0;30;47mc[0m[0;30;47mr[0m[0;30;47mu[0m[0;30;47mi[0m[0;30;47mt[0m[0;30;47m([0m[0;30;47mr[0m[0;30;47m)[0m[0;30;47m [0m[0;30;47m[[0m[0;30;47mc[0m[0;30;47mh[0m[0;30;47ma[0m[0;30;47mr[0m[0;30;47m][0m[0;30;47m [0m[0;30;47m [0m[0;30;47m [0m[0;30;47m [0m[0;30;47m [0m[0;30;47m [0m[0;30;47m [0m[0;30;47m [0m[0;30;47m [0m[0;34;46m~[0m
[0;34;46m~[0m[0;30;47m [0m[0;30;47m [0m[0;30;47mi[0m[0;30;47mn[0m[0;30;47ms[0m[0;30;47mp[0m[0;30;47me[0m[0;30;47mc[0m[0;30;47mt[0m[0;30;47m([0m[0;30;47mi[0m[0;30;47m)[0m[0;30;47m [0m[0;30;47m[[0m[0;30;47mo[0m[0;30;47mb[0m[0;30;47mj[0m[0;30;47m][0m[0;30;47m [0m[0;30;47m|[0m[0;30;47m [0m[0;30;47mu[0m[0;30;47ms[0m[0;30;47me[0m[0;30;47m([0m[0;30;47mu[0m[0;30;47m)[0m[0;30;47m [0m[0;30;47m[[0m[0;30;47mo[0m[0;30;47mb[0m[0;30;47mj[0m[0;30;47m][0m[0;30;47m [0m[0;30;47m|[0m[0;30;47m [0m[0;30;47mo[0m[0;30;47mp[0m[0;30;47me[0m[0;30;47mn[0m[0;30;47m([0m[0;30;47mo[0m[0;30;47m)[0m[0;30;47m [0m[0;30;47m[[0m[0;30;47ml[0m[0;30;47mn[0m[0;30;47mk[0m[0;30;47m][0m[0;30;47m [0m[0;30;47mw[0m[0;30;47mi[0m[0;30;47mt[0m[0;30;47mh[0m[0;30;47m [0m[0;30;47m[[0m[0;30;47mo[0m[0;30;47mb[0m[0;30;47mj[0m[0;30;47m][0m[0;30;47m [0m[0;30;47m|[0m[0;30;47m [0m[0;30;47mt[0m[0;30;47mp[0m[0;30;47m [0m[0;30;47m[[0m[0;30;47mr[0m[0;30;47mo[0m[0;30;47mo[0m[0;30;47mm[0m[0;30;47m][0m[0;30;47m [0m[0;30;47m|[0m[0;30;47m [0m[0;30;47me[0m[0;30;47mx[0m[0;30;47mi[0m[0;30;47mt[0m[0;30;47m([0m[0;30;47me[0m[0;30;47m)[0m[0;30;47m [0m[0;30;47m|[0m[0;30;47m [0m[0;30;47ma[0m[0;30;47mb[0m[0;30;47ma[0m[0;30;47mn[0m[0;30;47md[0m[0;30;47mo[0m[0;30;47mn[0m[0;30;47m([0m[0;30;47mf[0m[0;30;47m)[0m[0;30;47m [0m[0;30;47m[[0m[0;30;47mc[0m[0;30;47mh[0m[0;30;47ma[0m[0;30;47mr[0m[0;30;47m][0m[0;30;47m [0m[0;30;47m [0m[0;30;47m [0m[0;30;47m [0m[0;30;47m [0m[0;30;47m [0m[0;34;46m~[0m
[0;34;46m~[0m[0;34;46m~[0m[0;34;46m~[0m[0;34;46m~[0m[0;34;46m~[0m[0;34;46m~[0m[0;34;46m~[0m[0;34;46m~[0m[0;34;46m~[0m[0;34;46m~[0m[0;34;46m~[0m[0;34;46m~[0m[0;34;46m~[0m[0;34;46m~[0m[0;34;46m~[0m[0;34;46m~[0m[0;34;46m~[0m[0;34;46m~[0m[0;34;46m~[0m[0;34;46m~[0m[0;34;46m~[0m[0;34;46m~[0m[0;34;46m~[0m[0;34;46m~[0m[0;34;46m~[0m[0;34;46m~[0m[0;34;46m~[0m[0;34;46m~[0m[0;34;46m~[0m[0;34;46m~[0m[0;34;46m~[0m[0;34;46m~[0m[0;34;46m~[0m[0;34;46m~[0m[0;34;46m~[0m[0;34;46m~[0m[0;34;46m~[0m[0;34;46m~[0m[0;34;46m~[0m[0;34;46m~[0m[0;34;46m~[0m[0;34;46m~[0m[0;34;46m~[0m[0;34;46m~[0m[0;34;46m~[0m[0;34;46m~[0m[0;34;46m~[0m[0;34;46m~[0m[0;34;46m~[0m[0;34;46m~[0m[0;34;46m~[0m[0;34;46m~[0m[0;34;46m~[0m[0;34;46m~[0m[0;34;46m~[0m[0;34;46m~[0m[0;34;46m~[0m[0;34;46m~[0m[0;34;46m~[0m[0;34;46m~[0m[0;34;46m~[0m[0;34;46m~[0m[0;34;46m~[0m[0;34;46m~[0m[0;34;46m~[0m[0;34;46m~[0m[0;34;46m~[0m[0;34;46m~[0m[0;34;46m~[0m[0;34;46m~[0m[0;34;46m~[0m[0;34;46m~[0m[0;34;46m~[0m[0;34;46m~[0m[0;34;46m~[0m[0;34;46m~[0m[0;34;46m~[0m[0;34;46m~[0m[0;34;46m~[0m[0;34;46m~[0m[0;34;46m~[0m[0;34;46m~[0m[0;34;46m~[0m[0;34;46m~[0m[0;34;46m~[0m[0;34;46m~[0m[0;34;46m~[0m[0;34;46m~[0m[0;34;46m~[0m[0;34;46m~[0m[0;34;46m~[0m[0;34;46m~[0m[0;34;46m~[0m[0;34;46m~[0m[0;34;46m~[0m[0;34;46m~[0m[0;34;46m~[0m[0;34;46m~[0m[0;34;46m~[0m[0;34;46m~[0m[0;34;46m~[0m[0;34;46m~[0m[0;34;46m~[0m[0;34;46m~[0m[0;34;46m~[0m[0;34;46m~[0m[0;34;46m~[0m[0;34;46m~[0m[0;34;46m~[0m[0;34;46m~[0m
[0;34;46m~[0m[0;30;47m [0m[0;30;47m [0m[0;30;47m [0m[0;30;47m [0m[0;30;47m [0m[0;30;47m [0m[0;30;47m [0m[0;30;47m [0m[0;30;47m [0m[0;30;47m [0m[0;30;47m [0m[0;30;47m [0m[0;30;47m [0m[0;30;47m [0m[0;30;47m [0m[0;30;47m [0m[0;30;47m [0m[0;30;47m [0m[0;30;47m [0m[0;30;47m [0m[0;30;47m [0m[0;30;47m [0m[0;30;47m [0m[0;30;47m [0m[0;30;47m [0m[0;30;47m [0m[0;30;47m [0m[0;30;47m [0m[0;30;47m [0m[0;30;47m [0m[0;30;47m [0m[0;30;47m [0m[0;30;47m [0m[0;30;47m [0m[0;30;47m [0m[0;30;47m [0m[0;30;47m [0m[0;30;47m [0m[0;30;47m [0m[0;30;47m [0m[0;30;47m [0m[0;30;47m [0m[0;30;47m [0m[0;30;47m [0m[0;30;47m [0m[0;30;47m [0m[0;30;47m [0m[0;30;47m [0m[0;30;47m [0m[0;30;47m [0m[0;30;47m [0m[0;30;47m [0m[0;30;47m [0m[0;30;47m [0m[0;30;47m [0m[0;30;47m [0m[0;30;47m [0m[0;30;47m [0m[0;30;47m [0m[0;30;47m [0m[0;30;47m [0m[0;30;47m [0m[0;30;47m [0m[0;30;47m [0m[0;30;47m [0m[0;30;47m [0m[0;30;47m [0m[0;30;47m [0m[0;30;47m [0m[0;30;47m [0m[0;30;47m [0m[0;30;47m [0m[0;30;47m [0m[0;30;47m [0m[0;30;47m [0m[0;30;47m [0m[0;30;47m [0m[0;30;47m [0m[0;30;47m [0m[0;30;47m [0m[0;30;47m [0m[0;30;47m [0m[0;30;47m [0m[0;30;47m [0m[0;30;47m [0m[0;30;47m [0m[0;30;47m [0m[0;30;47m [0m[0;30;47m [0m[0;30;47m [0m[0;30;47m [0m[0;30;47m [0m[0;30;47m [0m[0;30;47m [0m[0;30;47m [0m[0;30;47m [0m[0;30;47m [0m[0;30;47m [0m[0;30;47m [0m[0;30;47m [0m[0;30;47m [0m[0;30;47m [0m[0;30;47m [0m[0;30;47m [0m[0;30;47m [0m[0;30;47m [0m[0;30;47m [0m[0;30;47m [0m[0;34;46m~[0m
[0;34;46m~[0m[0;30;47m [0m[0;30;47m [0m[0;30;47m [0m[0;30;47m [0m[0;30;47m [0m[0;30;47m [0m[0;30;47m [0m[0;30;47m [0m[0;30;47m [0m[0;30;47m [0m[0;30;47m [0m[0;30;47m [0m[0;30;47m [0m[0;30;47m [0m[0;30;47m [0m[0;30;47m [0m[0;30;47m [0m[0;30;47m [0m[0;30;47m [0m[0;30;47m [0m[0;30;47m [0m[0;30;47m [0m[0;30;47m [0m[0;30;47m [0m[0;30;47m [0m[0;30;47m [0m[0;30;47m [0m[0;30;47m [0m[0;30;47m [0m[0;30;47m [0m[0;30;47m [0m[0;30;47m [0m[0;30;47m [0m[0;30;47m [0m[0;30;47m [0m[0;30;47m [0m[0;30;47m [0m[0;30;47m [0m[0;30;47m [0m[0;30;47m [0m[0;30;47m [0m[0;30;47m [0m[0;30;47m [0m[0;30;47m [0m[0;30;47m [0m[0;30;47m [0m[0;30;47m [0m[0;30;47m [0m[0;30;47m [0m[0;30;47m [0m[0;30;47m [0m[0;30;47m [0m[0;30;47m [0m[0;30;47m [0m[0;30;47m [0m[0;30;47m [0m[0;30;47m [0m[0;30;47m [0m[0;30;47m [0m[0;30;47m [0m[0;30;47m [0m[0;30;47m [0m[0;30;47m [0m[0;30;47m [0m[0;30;47m [0m[0;30;47m [0m[0;30;47m [0m[0;30;47m [0m[0;30;47m [0m[0;30;47m [0m[0;30;47m [0m[0;30;47m [0m[0;30;47m [0m[0;30;47m [0m[0;30;47m [0m[0;30;47m [0m[0;30;47m [0m[0;30;47m [0m[0;30;47m [0m[0;30;47m [0m[0;30;47m [0m[0;30;47m [0m[0;30;47m [0m[0;30;47m [0m[0;30;47m [0m[0;30;47m [0m[0;30;47m [0m[0;30;47m [0m[0;30;47m [0m[0;30;47m [0m[0;30;47m [0m[0;30;47m [0m[0;30;47m [0m[0;30;47m [0m[0;30;47m [0m[0;30;47m [0m[0;30;47m [0m[0;30;47m [0m[0;30;47m [0m[0;30;47m [0m[0;30;47m [0m[0;30;47m [0m[0;30;47m [0m[0;30;47m [0m[0;30;47m [0m[0;30;47m [0m[0;30;47m [0m[0;30;47m [0m[0;34;46m~[0m
[0;34;46m~[0m[0;30;47m [0m[0;30;47m [0m[0;30;47m [0m[0;30;47m [0m[0;30;47m [0m[0;30;47m [0m[0;30;47m [0m[0;30;47m [0m[0;30;47m [0m[0;30;47m [0m[0;30;47m [0m[0;30;47m [0m[0;30;47m [0m[0;30;47m [0m[0;30;47m [0m[0;30;47m [0m[0;30;47m [0m[0;30;47m [0m[0;30;47m [0m[0;30;47m [0m[0;30;47m [0m[0;30;47m [0m[0;30;47m [0m[0;30;47m [0m[0;30;47m [0m[0;30;47m [0m[0;30;47m [0m[0;30;47m [0m[0;30;47m [0m[0;30;47m [0m[0;30;47m [0m[0;30;47m [0m[0;30;47m [0m[0;30;47m [0m[0;30;47m [0m[0;30;47m [0m[0;30;47m [0m[0;30;47m [0m[0;30;47m [0m[0;30;47m [0m[0;30;47m [0m[0;30;47m [0m[0;30;47m [0m[0;30;47m [0m[0;30;47m [0m[0;30;47m [0m[0;30;47m [0m[0;30;47m [0m[0;30;47m [0m[0;30;47m [0m[0;30;47m [0m[0;30;47m [0m[0;30;47m [0m[0;30;47m [0m[0;30;47m [0m[0;30;47m [0m[0;30;47m [0m[0;30;47m [0m[0;30;47m [0m[0;30;47m [0m[0;30;47m [0m[0;30;47m [0m[0;30;47m [0m[0;30;47m [0m[0;30;47m [0m[0;30;47m [0m[0;30;47m [0m[0;30;47m [0m[0;30;47m [0m[0;30;47m [0m[0;30;47m [0m[0;30;47m [0m[0;30;47m [0m[0;30;47m [0m[0;30;47m [0m[0;30;47m [0m[0;30;47m [0m[0;30;47m [0m[0;30;47m [0m[0;30;47m [0m[0;30;47m [0m[0;30;47m [0m[0;30;47m [0m[0;30;47m [0m[0;30;47m [0m[0;30;47m [0m[0;30;47m [0m[0;30;47m [0m[0;30;47m [0m[0;30;47m [0m[0;30;47m [0m[0;30;47m [0m[0;30;47m [0m[0;30;47m [0m[0;30;47m [0m[0;30;47m [0m[0;30;47m [0m[0;30;47m [0m[0;30;47m [0m[0;30;47m [0m[0;30;47m [0m[0;30;47m [0m[0;30;47m [0m[0;30;47m [0m[0;30;47m [0m[0;30;47m [0m[0;30;47m [0m[0;30;47m [0m[0;34;46m~[0m
prompt:> [2J
[0;34;42m~[0m[0;34;42m~[0m[0;34;42m~[0m[0;34;42m~[0m[0;34;42m~[0m[0;34;42m~[0m[0;34;42m~[0m[0;34;42m~[0m[0;34;42m~[0m[0;34;42m~[0m[0;34;42m~[0m[0;34;42m~[0m[0;34;42m~[0m[0;34;42m~[0m[0;34;42m~[0m[0;34;42m~[0m[0;34;42m~[0m[0;34;42m~[0m[0;34;42m~[0m[0;34;42m~[0m[0;34;42m~[0m[0;34;42m~[0m[0;34;42m~[0m[0;34;42m~[0m[0;34;42m~[0m[0;34;42m~[0m[0;34;42m~[0m[0;34;42m~[0m[0;34;42m~[0m[0;34;42m~[0m[0;34;42m~[0m[0;34;42m~[0m[0;34;42m~[0m[0;34;42m~[0m[0;34;42m~[0m[0;34;42m~[0m[0;34;42m~[0m[0;34;42m~[0m[0;34;42m~[0m[0;34;42m~[0m[0;34;42m~[0m[0;34;42m~[0m[0;34;42m~[0m[0;34;42m~[0m[0;34;42m~[0m[0;34;42m~[0m[0;34;42m~[0m[0;34;42m~[0m[0;34;42m~[0m[0;34;42m~[0m[0;34;42m~[0m[0;34;42m~[0m[0;34;42m~[0m[0;34;42m~[0m[0;34;42m~[0m[0;34;42m~[0m[0;34;42m~[0m[0;34;42m~[0m[0;34;42m~[0m[0;34;42m~[0m[0;34;42m~[0m[0;34;42m~[0m[0;34;42m~[0m[0;34;42m~[0m[0;34;42m~[0m[0;34;42m~[0m[0;34;42m~[0m[0;34;42m~[0m[0;34;42m~[0m[0;34;42m~[0m[0;34;42m~[0m[0;34;42m~[0m[0;34;42m~[0m[0;34;42m~[0m[0;34;42m~[0m[0;34;42m~[0m[0;34;42m~[0m[0;34;42m~[0m[0;34;42m~[0m[0;34;42m~[0m[0;34;42m~[0m[0;34;42m~[0m[0;34;42m~[0m[0;34;42m~[0m[0;34;42m~[0m[0;34;42m~[0m[0;34;42m~[0m[0;34;42m~[0m[0;34;42m~[0m[0;34;42m~[0m[0;34;42m~[0m[0;34;42m~[0m[0;34;42m~[0m[0;34;42m~[0m[0;34;42m~[0m[0;34;42m~[0m[0;34;42m~[0m[0;34;42m~[0m[0;34;42m~[0m[0;34;42m~[0m[0;34;42m~[0m[0;34;42m~[0m[0;34;42m~[0m[0;34;42m~[0m[0;34;42m~[0m[0;34;42m~[0m[0;34;42m~[0m[0;34;42m~[0m[0;34;42m~[0m[0;34;42m~[0m
[0;34;42m~[0m[0;30;47m [0m[0;30;47m [0m[0;30;47m [0m[0;30;47m [0m[0;30;47m [0m[0;30;47m [0m[0;30;47m [0m[0;30;47m [0m[0;30;47m [0m[0;30;47m [0m[0;30;47m [0m[0;30;47m [0m[0;30;47m [0m[0;30;47m [0m[0;30;47m [0m[0;30;47m [0m[0;30;47m [0m[0;30;47m [0m[0;30;47m [0m[0;30;47m [0m[0;30;47m [0m[0;30;47m|[0m[0;30;47m [0m[0;30;47m [0m[0;30;47m [0m[0;30;47m [0m[0;30;47m[[0m[0;30;47m [0m[0;30;47m [0m[0;30;47m [0m[0;30;47m][0m[0;30;47m [0m[0;30;47m [0m[0;30;47m [0m[0;30;47m [0m[0;30;47m [0m[0;30;47m [0m[0;30;47m|[0m[0;30;47m [0m[0;30;47m [0m[0;30;47m [0m[0;30;47m [0m[0;30;47m [0m[0;30;47m [0m[0;30;47m [0m[0;30;47m [0m[0;30;47m [0m[0;30;47m [0m[0;30;47m [0m[0;30;47m [0m[0;30;47m [0m[0;30;47m [0m[0;30;47m [0m[0;30;47m [0m[0;30;47m [0m[0;30;47m [0m[0;30;47m [0m[0;30;47m [0m[0;30;47m [0m[0;30;47m [0m[0;30;47m [0m[0;30;47m [0m[0;34;42m~[0m[0;30;47m [0m[0;30;47m [0m[0;30;47m=[0m[0;30;47m=[0m[0;30;47m=[0m[0;30;47m=[0m[0;30;47m=[0m[0;30;47m=[0m[0;30;47m=[0m[0;30;47m=[0m[0;30;47m=[0m[0;30;47m=[0m[0;30;47m=[0m[0;30;47m=[0m[0;30;47m=[0m[0;30;47m=[0m[0;30;47m=[0m[0;30;47m=[0m[0;30;47m=[0m[0;30;47m=[0m[0;30;47m=[0m[0;30;47m=[0m[0;30;47m=[0m[0;30;47m=[0m[0;30;47m=[0m[0;30;47m=[0m[0;30;47m=[0m[0;30;47m=[0m[0;30;47m=[0m[0;30;47m=[0m[0;30;47m=[0m[0;30;47m=[0m[0;30;47m=[0m[0;30;47m=[0m[0;30;47m=[0m[0;30;47m=[0m[0;30;47m=[0m[0;30;47m=[0m[0;30;47m=[0m[0;30;47m=[0m[0;30;47m=[0m[0;30;47m=[0m[0;30;47m=[0m[0;30;47m [0m[0;30;47m [0m[0;34;42m~[0m
[0;34;42m~[0m[0;30;47m [0m[0;30;47m [0m[0;30;47m [0m[0;30;47m [0m[0;30;47m [0m[0;30;47m [0m[0;30;47m [0m[0;30;47m [0m[0;30;47m [0m[0;30;47m [0m[0;30;47m [0m[0;30;47m [0m[0;30;47m [0m[0;30;47m [0m[0;30;47m [0m[0;30;47m [0m[0;30;47m [0m[0;30;47m [0m[0;30;47m [0m[0;30;47m [0m[0;30;47m [0m[0;30;47m|[0m[0;30;47m [0m[0;30;47m [0m[0;30;47m [0m[0;30;47m [0m[0;30;47m'[0m[0;30;47m=[0m[0;30;47m=[0m[0;30;47m=[0m[0;30;47m'[0m[0;30;47m [0m[0;30;47m [0m[0;30;47m [0m[0;30;47m [0m[0;30;47m [0m[0;30;47m [0m[0;30;47m|[0m[0;30;47m [0m[0;30;47m [0m[0;30;47m [0m[0;30;47m [0m[0;30;47m [0m[0;30;47m [0m[0;30;47m [0m[0;30;47m [0m[0;30;47m [0m[0;30;47m [0m[0;30;47m [0m[0;30;47m [0m[0;30;47m [0m[0;30;47m [0m[0;30;47m [0m[0;30;47m [0m[0;30;47m [0m[0;30;47m [0m[0;30;47m [0m[0;30;47m [0m[0;30;47m [0m[0;30;47m [0m[0;30;47m [0m[0;30;47m [0m[0;34;42m~[0m[0;30;47m [0m[0;30;47m [0m[0;30;47m [0m[0;30;47m [0m[0;30;47mP[0m[0;30;47mL[0m[0;30;47mA[0m[0;30;47mY[0m[0;30;47mE[0m[0;30;47mR[0m[0;30;47m [0m[0;30;47m2[0m[0;30;47m [0m[0;30;47mS[0m[0;30;47mT[0m[0;30;47mA[0m[0;30;47mT[0m[0;30;47mU[0m[0;30;47mS[0m[0;30;47m [0m[0;30;47m [0m[0;30;47m [0m[0;30;47m|[0m[0;30;47m [0m[0;30;47m [0m[0;30;47m [0m[0;30;47mH[0m[0;30;47mE[0m[0;30;47mA[0m[0;30;47mL[0m[0;30;47mT[0m[0;30;47mH[0m[0;30;47m:[0m[0;30;47m [0m[0;30;47m3[0m[0;30;47m [0m[0;30;47mp[0m[0;30;47mt[0m[0;30;47ms[0m[0;30;47m [0m[0;30;47m [0m[0;30;47m [0m[0;30;47m [0m[0;30;47m [0m[0;30;47m [0m[0;34;42m~[0m
[0;34;42m~[0m[0;30;47m [0m[0;30;47m [0m[0;30;47m [0m[0;30;47m [0m[0;30;47m [0m[0;30;47m [0m[0;30;47m [0m[0;30;47m [0m[0;30;47m [0m[0;30;47m [0m[0;30;47m [0m[0;30;47m [0m[0;30;47m [0m[0;30;47m [0m[0;30;47m [0m[0;30;47m [0m[0;30;47m [0m[0;30;47m [0m[0;30;47m [0m[0;30;47m [0m[0;30;47m [0m[0;30;47m|[0m[0;30;47mp[0m[0;30;47mo[0m[0;30;47mr[0m[0;30;47mt[0m[0;30;47ma[0m[0;30;47ml[0m[0;30;47m [0m[0;30;47m [0m[0;30;47m [0m[0;30;47m [0m[0;30;47m [0m[0;30;47m [0m[0;30;47m [0m[0;30;47m [0m[0;30;47m [0m[0;30;47m|[0m[0;30;47m [0m[0;30;47m [0m[0;30;47m [0m[0;30;47m [0m[0;30;47m [0m[0;30;47m [0m[0;30;47m [0m[0;30;47m [0m[0;30;47m [0m[0;30;47m [0m[0;30;47m [0m[0;30;47m [0m[0;30;47m [0m[0;30;47m [0m[0;30;47m [0m[0;30;47m [0m[0;30;47m [0m[0;30;47m [0m[0;30;47m [0m[0;30;47m [0m[0;30;47m [0m[0;30;47m [0m[0;30;47m [0m[0;30;47m [0m[0;34;42m~[0m[0;30;47m [0m[0;30;47m [0m[0;30;47m=[0m[0;30;47m=[0m[0;30;47m=[0m[0;30;47m=[0m[0;30;47m=[0m[0;30;47m=[0m[0;30;47m=[0m[0;30;47m=[0m[0;30;47m=[0m[0;30;47m=[0m[0;30;47m=[0m[0;30;47m=[0m[0;30;47m=[0m[0;30;47m=[0m[0;30;47m=[0m[0;30;47m=[0m[0;30;47m=[0m[0;30;47m=[0m[0;30;47m=[0m[0;30;47m=[0m[0;30;47m=[0m[0;30;47m=[0m[0;30;47m=[0m[0;30;47m=[0m[0;30;47m=[0m[0;30;47m=[0m[0;30;47m=[0m[0;30;47m=[0m[0;30;47m=[0m[0;30;47m=[0m[0;30;47m=[0m[0;30;47m=[0m[0;30;47m=[0m[0;30;47m=[0m[0;30;47m=[0m[0;30;47m=[0m[0;30;47m=[0m[0;30;47m=[0m[0;30;47m=[0m[0;30;47m=[0m[0;30;47m=[0m[0;30;47m [0m[0;30;47m [0m[0;34;42m~[0m
[0;34;42m~[0m[0;30;47m [0m[0;30;47m [0m[0;30;47m [0m[0;30;47m [0m[0;30;47m [0m[0;30;47m [0m[0;30;47m [0m[0;30;47m [0m[0;30;47m [0m[0;30;47m [0m[0;30;47m [0m[0;30;47m [0m[0;30;47m [0m[0;30;47m [0m[0;30;47m [0m[0;30;47m [0m[0;30;47m [0m[0;30;47m [0m[0;30;47m [0m[0;30;47m [0m[0;30;47m [0m[0;30;47m+[0m[0;30;47m-[0m[0;30;47m-[0m[0;30;47m-[0m[0;30;47m-[0m[0;30;47m-[0m[0;30;47m-[0m[0;30;47m-[0m[0;30;47m-[0m[0;30;47m-[0m[0;30;47m-[0m[0;30;47m-[0m[0;30;47m-[0m[0;30;47m-[0m[0;30;47m-[0m[0;30;47m-[0m[0;30;47m+[0m[0;30;47m [0m[0;30;47m [0m[0;30;47m [0m[0;30;47m [0m[0;30;47m [0m[0;30;47m [0m[0;30;47m [0m[0;30;47m [0m[0;30;47m [0m[0;30;47m [0m[0;30;47m [0m[0;30;47m [0m[0;30;47m [0m[0;30;47m [0m[0;30;47m [0m[0;30;47m [0m[0;30;47m [0m[0;30;47m [0m[0;30;47m [0m[0;30;47m [0m[0;30;47m [0m[0;30;47m [0m[0;30;47m [0m[0;30;47m [0m[0;34;42m~[0m[0;30;47m [0m[0;30;47m [0m[0;30;47m>[0m[0;30;47m [0m[0;30;47mC[0m[0;30;47mu[0m[0;30;47mr[0m[0;30;47mr[0m[0;30;47me[0m[0;30;47mn[0m[0;30;47mt[0m[0;30;47m [0m[0;30;47mL[0m[0;30;47mo[0m[0;30;47mc[0m[0;30;47ma[0m[0;30;47mt[0m[0;30;47mi[0m[0;30;47mo[0m[0;30;47mn[0m[0;30;47m [0m[0;30;47m:[0m[0;30;47m [0m[0;30;47m1[0m[0;30;47m2[0m[0;30;47m [0m[0;30;47m([0m[0;30;47mp[0m[0;30;47ma[0m[0;30;47mt[0m[0;30;47mh[0m[0;30;47m)[0m[0;30;47m [0m[0;30;47m [0m[0;30;47m [0m[0;30;47m [0m[0;30;47m [0m[0;30;47m [0m[0;30;47m [0m[0;30;47m [0m[0;30;47m [0m[0;30;47m [0m[0;30;47m [0m[0;30;47m [0m[0;30;47m [0m[0;34;42m~[0m
[0;34;42m~[0m[0;30;47m [0m[0;30;47m [0m[0;30;47m [0m[0;30;47m [0m[0;30;47m [0m[0;30;47m [0m[0;30;47m [0m[0;30;47m [0m[0;30;47m [0m[0;30;47m [0m[0;30;47m [0m[0;30;47m [0m[0;30;47m [0m[0;30;47m [0m[0;30;47m [0m[0;30;47m [0m[0;30;47m [0m[0;30;47m [0m[0;30;47m [0m[0;30;47m [0m[0;30;47m [0m[0;30;47m [0m[0;30;47m [0m[0;30;47m [0m[0;30;47m [0m[0;30;47m [0m[0;30;47m [0m[0;30;47m [0m[0;30;47m [0m[0;30;47m^[0m[0;30;47m [0m[0;30;47m [0m[0;30;47m [0m[0;30;47m [0m[0;30;47m [0m[0;30;47m [0m[0;30;47m [0m[0;30;47m [0m[0;30;47m [0m[0;30;47m [0m[0;30;47m [0m[0;30;47m [0m[0;30;47m [0m[0;30;47m [0m[0;30;47m [0m[0;30;47m [0m[0;30;47m [0m[0;30;47m [0m[0;30;47m [0m[0;30;47m [0m[0;30;47m [0m[0;30;47m [0m[0;30;47m [0m[0;30;47m [0m[0;30;47m [0m[0;30;47m [0m[0;30;47m [0m[0;30;47m [0m[0;30;47m [0m[0;30;47m [0m[0;30;47m [0m[0;30;47m [0m[0;34;42m~[0m[0;30;47m [0m[0;30;47m [0m[0;30;47m>[0m[0;30;47m [0m[0;30;47mB[0m[0;30;47ma[0m[0;30;47mc[0m[0;30;47mk[0m[0;30;47mp[0m[0;30;47ma[0m[0;30;47mc[0m[0;30;47mk[0m[0;30;47m [0m[0;30;47m [0m[0;30;47m [0m[0;30;47m [0m[0;30;47m [0m[0;30;47m [0m[0;30;47m [0m[0;30;47m:[0m[0;30;47m [0m[0;30;47mm[0m[0;30;47ma[0m[0;30;47mp[0m[0;30;47m [0m[0;30;47m [0m[0;30;47m [0m[0;30;47m [0m[0;30;47m [0m[0;30;47m [0m[0;30;47m [0m[0;30;47m [0m[0;30;47m [0m[0;30;47m [0m[0;30;47m [0m[0;30;47m [0m[0;30;47m [0m[0;30;47m [0m[0;30;47m [0m[0;30;47m [0m[0;30;47m [0m[0;30;47m [0m[0;30;47m [0m[0;30;47m [0m[0;30;47m [0m[0;34;42m~[0m
[0;34;42m~[0m[0;30;47m [0m[0;30;47m [0m[0;30;47m [0m[0;30;47m [0m[0;30;47m [0m[0;30;47m [0m[0;30;47m [0m[0;30;47m [0m[0;30;47m [0m[0;30;47m [0m[0;30;47m [0m[0;30;47m [0m[0;30;47m [0m[0;30;47m [0m[0;30;47m [0m[0;30;47m [0m[0;30;47m [0m[0;30;47m [0m[0;30;47m [0m[0;30;47m [0m[0;30;47m [0m[0;30;47m+[0m[0;30;47m-[0m[0;30;47m-[0m[0;30;47m-[0m[0;30;47m-[0m[0;30;47m-[0m[0;30;47m-[0m[0;30;47m-[0m[0;30;47m-[0m[0;30;47m-[0m[0;30;47m-[0m[0;30;47m-[0m[0;30;47m-[0m[0;30;47m-[0m[0;30;47m-[0m[0;30;47m-[0m[0;30;47m+[0m[0;30;47m [0m[0;30;47m [0m[0;30;47m [0m[0;30;47m [0m[0;30;47m [0m[0;30;47m [0m[0;30;47m [0m[0;30;47m [0m[0;30;47m [0m[0;30;47m [0m[0;30;47m [0m[0;30;47m [0m[0;30;47m [0m[0;30;47m [0m[0;30;47m [0m[0;30;47m [0m[0;30;47m [0m[0;30;47m [0m[0;30;47m [0m[0;30;47m [0m[0;30;47m [0m[0;30;47m [0m[0;30;47m [0m[0;30;47m [0m[0;34;42m~[0m[0;30;47m [0m[0;30;47m [0m[0;30;47m-[0m[0;30;47m-[0m[0;30;47m-[0m[0;30;47m-[0m[0;30;47m-[0m[0;30;47m-[0m[0;30;47m-[0m[0;30;47m-[0m[0;30;47m-[0m[0;30;47m-[0m[0;30;47m-[0m[0;30;47m-[0m[0;30;47m-[0m[0;30;47m-[0m[0;30;47m-[0m[0;30;47m-[0m[0;30;47m-[0m[0;30;47m-[0m[0;30;47m-[0m[0;30;47m-[0m[0;30;47m-[0m[0;30;47m-[0m[0;30;47m-[0m[0;30;47m-[0m[0;30;47m-[0m[0;30;47m-[0m[0;30;47m-[0m[0;30;47m-[0m[0;30;47m-[0m[0;30;47m-[0m[0;30;47m-[0m[0;30;47m-[0m[0;30;47m-[0m[0;30;47m-[0m[0;30;47m-[0m[0;30;47m-[0m[0;30;47m-[0m[0;30;47m-[0m[0;30;47m-[0m[0;30;47m-[0m[0;30;47m-[0m[0;30;47m [0m[0;30;47m [0m[0;34;42m~[0m
[0;34;42m~[0m[0;30;47m [0m[0;30;47m [0m[0;30;47m [0m[0;30;47m [0m[0;30;47m [0m[0;30;47m [0m[0;30;47m [0m[0;30;47m [0m[0;30;47m [0m[0;30;47m [0m[0;30;47m [0m[0;30;47m [0m[0;30;47m [0m[0;30;47m [0m[0;30;47m [0m[0;30;47m [0m[0;30;47m [0m[0;30;47m [0m[0;30;47m [0m[0;30;47m [0m[0;30;47m [0m[0;30;47m|[0m[0;30;47m [0m[0;30;47m^[0m[0;30;47mK[0m[0;30;47m>[0m[0;30;47m [0m[0;30;47m [0m[0;30;47m\[0m[0;30;47mV[0m[0;30;47mo[0m[0;30;47m/[0m[0;30;47m [0m[0;30;47m [0m[0;30;47m [0m[0;30;47m1[0m[0;30;47m2[0m[0;30;47m|[0m[0;30;47m [0m[0;30;47m [0m[0;30;47m [0m[0;30;47m [0m[0;30;47m [0m[0;30;47m [0m[0;30;47m [0m[0;30;47m [0m[0;30;47m [0m[0;30;47m [0m[0;30;47m [0m[0;30;47m [0m[0;30;47m [0m[0;30;47m [0m[0;30;47m [0m[0;30;47m [0m[0;30;47m [0m[0;30;47m [0m[0;30;47m [0m[0;30;47m [0m[0;30;47m [0m[0;30;47m [0m[0;30;47m [0m[0;30;47m [0m[0;34;42m~[0m[0;30;47m [0m[0;30;47m [0m[0;30;47mV[0m[0;30;47mI[0m[0;30;47mS[0m[0;30;47mI[0m[0;30;47mB[0m[0;30;47mL[0m[0;30;47mE[0m[0;30;47m [0m[0;30;47mE[0m[0;30;47mN[0m[0;30;47mT[0m[0;30;47mI[0m[0;30;47mT[0m[0;30;47mI[0m[0;30;47mE[0m[0;30;47mS[0m[0;30;47m [0m[0;30;47m([0m[0;30;47mD[0m[0;30;47mi[0m[0;30;47ms[0m[0;30;47mc[0m[0;30;47mo[0m[0;30;47mv[0m[0;30;47me[0m[0;30;47mr[0m[0;30;47me[0m[0;30;47md[0m[0;30;47m [0m[0;30;47mS[0m[0;30;47mp[0m[0;30;47ma[0m[0;30;47mc[0m[0;30;47me[0m[0;30;47ms[0m[0;30;47m)[0m[0;30;47m:[0m[0;30;47m [0m[0;30;47m [0m[0;30;47m [0m[0;30;47m [0m[0;30;47m [0m[0;30;47m [0m[0;34;42m~[0m
[0;34;42m~[0m[0;30;47m [0m[0;30;47m [0m[0;30;47m [0m[0;30;47m [0m[0;30;47m [0m[0;30;47m [0m[0;30;47m [0m[0;30;47m [0m[0;30;47m [0m[0;30;47m [0m[0;30;47m [0m[0;30;47m [0m[0;30;47m [0m[0;30;47m [0m[0;30;47m [0m[0;30;47m [0m[0;30;47m [0m[0;30;47m [0m[0;30;47m [0m[0;30;47m [0m[0;30;47m [0m[0;30;47m|[0m[0;30;47m [0m[0;30;47m [0m[0;30;47m [0m[0;30;47m [0m[0;30;47m#[0m[0;30;47m_[0m[0;30;47m_[0m[0;30;47m_[0m[0;30;47m#[0m[0;30;47m [0m[0;30;47m [0m[0;30;47m [0m[0;30;47m [0m[0;30;47m [0m[0;30;47m [0m[0;30;47m|[0m[0;30;47m [0m[0;30;47m [0m[0;30;47m [0m[0;30;47m [0m[0;30;47m [0m[0;30;47m [0m[0;30;47m [0m[0;30;47m [0m[0;30;47m [0m[0;30;47m [0m[0;30;47m [0m[0;30;47m [0m[0;30;47m [0m[0;30;47m [0m[0;30;47m [0m[0;30;47m [0m[0;30;47m [0m[0;30;47m [0m[0;30;47m [0m[0;30;47m [0m[0;30;47m [0m[0;30;47m [0m[0;30;47m [0m[0;30;47m [0m[0;34;42m~[0m[0;30;47m [0m[0;30;47m [0m[0;30;47m [0m[0;30;47m[[0m[0;30;47mO[0m[0;30;47mb[0m[0;30;47mj[0m[0;30;47m][0m[0;30;47m [0m[0;30;47ml[0m[0;30;47mi[0m[0;30;47md[0m[0;30;47m [0m[0;30;47m [0m[0;30;47m [0m[0;30;47m [0m[0;30;47m [0m[0;30;47m [0m[0;30;47m [0m[0;30;47m [0m[0;30;47ma[0m[0;30;47mt[0m[0;30;47m [0m[0;30;47mS[0m[0;30;47mp[0m[0;30;47ma[0m[0;30;47mc[0m[0;30;47me[0m[0;30;47m [0m[0;30;47m1[0m[0;30;47m2[0m[0;30;47m [0m[0;30;47m([0m[0;30;47mp[0m[0;30;47ma[0m[0;30;47mt[0m[0;30;47mh[0m[0;30;47m)[0m[0;30;47m [0m[0;30;47m [0m[0;30;47m [0m[0;30;47m [0m[0;30;47m [0m[0;30;47m [0m[0;30;47m [0m[0;34;42m~[0m
[0;34;42m~[0m[0;30;47m [0m[0;30;47m [0m[0;30;47m [0m[0;30;47m [0m[0;30;47m [0m[0;30;47m [0m[0;30;47m [0m[0;30;47m [0m[0;30;47m [0m[0;30;47m [0m[0;30;47m [0m[0;30;47m [0m[0;30;47m [0m[0;30;47m [0m[0;30;47m [0m[0;30;47m [0m[0;30;47m [0m[0;30;47m [0m[0;30;47m [0m[0;30;47m [0m[0;30;47m [0m[0;30;47m|[0m[0;30;47m [0m[0;30;47m [0m[0;30;47m [0m[0;30;47m [0m[0;30;47m#[0m[0;30;47m_[0m[0;30;47m_[0m[0;30;47m_[0m[0;30;47m#[0m[0;30;47m [0m[0;30;47m [0m[0;30;47m [0m[0;30;47m [0m[0;30;47m [0m[0;30;47m [0m[0;30;47m|[0m[0;30;47m [0m[0;30;47m [0m[0;30;47m [0m[0;30;47m [0m[0;30;47m [0m[0;30;47m [0m[0;30;47m [0m[0;30;47m [0m[0;30;47m [0m[0;30;47m [0m[0;30;47m [0m[0;30;47m [0m[0;30;47m [0m[0;30;47m [0m[0;30;47m [0m[0;30;47m [0m[0;30;47m [0m[0;30;47m [0m[0;30;47m [0m[0;30;47m [0m[0;30;47m [0m[0;30;47m [0m[0;30;47m [0m[0;30;47m [0m[0;34;42m~[0m[0;30;47m [0m[0;30;47m [0m[0;30;47m [0m[0;30;47m[[0m[0;30;47mO[0m[0;30;47mb[0m[0;30;47mj[0m[0;30;47m][0m[0;30;47m [0m[0;30;47mp[0m[0;30;47mo[0m[0;30;47mr[0m[0;30;47mt[0m[0;30;47ma[0m[0;30;47ml[0m[0;30;47m [0m[0;30;47m [0m[0;30;47m [0m[0;30;47m [0m[0;30;47m [0m[0;30;47ma[0m[0;30;47mt[0m[0;30;47m [0m[0;30;47mS[0m[0;30;47mp[0m[0;30;47ma[0m[0;30;47mc[0m[0;30;47me[0m[0;30;47m [0m[0;30;47m1[0m[0;30;47m1[0m[0;30;47m [0m[0;30;47m([0m[0;30;47mp[0m[0;30;47mi[0m[0;30;47mt[0m[0;30;47m)[0m[0;30;47m [0m[0;30;47m [0m[0;30;47m [0m[0;30;47m [0m[0;30;47m [0m[0;30;47m [0m[0;30;47m [0m[0;30;47m [0m[0;34;42m~[0m
[0;34;42m~[0m[0;30;47m [0m[0;30;47m [0m[0;30;47m [0m[0;30;47m [0m[0;30;47m [0m[0;30;47m [0m[0;30;47m [0m[0;30;47m [0m[0;30;47m [0m[0;30;47m [0m[0;30;47m [0m[0;30;47m [0m[0;30;47m [0m[0;30;47m [0m[0;30;47m [0m[0;30;47m [0m[0;30;47m [0m[0;30;47m [0m[0;30;47m [0m[0;30;47m<[0m[0;30;47m-[0m[0;30;47m|[0m[0;30;47m [0m[0;30;47m [0m[0;30;47m [0m[0;30;47m [0m[0;30;47m#[0m[0;30;47m_[0m[0;30;47m_[0m[0;30;47m_[0m[0;30;47m#[0m[0;30;47m [0m[0;30;47m [0m[0;30;47m [0m[0;30;47m [0m[0;30;47m [0m[0;30;47m [0m[0;30;47m|[0m[0;30;47m [0m[0;30;47m [0m[0;30;47m [0m[0;30;47m [0m[0;30;47m [0m[0;30;47m [0m[0;30;47m [0m[0;30;47m [0m[0;30;47m [0m[0;30;47m [0m[0;30;47m [0m[0;30;47m [0m[0;30;47m [0m[0;30;47m [0m[0;30;47m [0m[0;30;47m [0m[0;30;47m [0m[0;30;47m [0m[0;30;47m [0m[0;30;47m [0m[0;30;47m [0m[0;30;47m [0m[0;30;47m [0m[0;30;47m [0m[0;34;42m~[0m[0;30;47m [0m[0;30;47m [0m[0;30;47m [0m[0;30;47m[[0m[0;30;47mO[0m[0;30;47mb[0m[0;30;47mj[0m[0;30;47m][0m[0;30;47m [0m[0;30;47mc[0m[0;30;47mo[0m[0;30;47mi[0m[0;30;47mn[0m[0;30;47m [0m[0;30;47m [0m[0;30;47m [0m[0;30;47m [0m[0;30;47m [0m[0;30;47m [0m[0;30;47m [0m[0;30;47ma[0m[0;30;47mt[0m[0;30;47m [0m[0;30;47mS[0m[0;30;47mp[0m[0;30;47ma[0m[0;30;47mc[0m[0;30;47me[0m[0;30;47m [0m[0;30;47m1[0m[0;30;47m2[0m[0;30;47m [0m[0;30;47m([0m[0;30;47mp[0m[0;30;47ma[0m[0;30;47mt[0m[0;30;47mh[0m[0;30;47m)[0m[0;30;47m [0m[0;30;47m [0m[0;30;47m [0m[0;30;47m [0m[0;30;47m [0m[0;30;47m [0m[0;30;47m [0m[0;34;42m~[0m
[0;34;42m~[0m[0;30;47m [0m[0;30;47m [0m[0;30;47m [0m[0;30;47m [0m[0;30;47m [0m[0;30;47m [0m[0;30;47m [0m[0;30;47m [0m[0;30;47m [0m[0;30;47m [0m[0;30;47m [0m[0;30;47m [0m[0;30;47m [0m[0;30;47m [0m[0;30;47m [0m[0;30;47m [0m[0;30;47m [0m[0;30;47m [0m[0;30;47m [0m[0;30;47m [0m[0;30;47m [0m[0;30;47m|[0m[0;30;47m [0m[0;30;47m [0m[0;30;47m [0m[0;30;47m [0m[0;30;47m#[0m[0;30;47m_[0m[0;30;47m_[0m[0;30;47m_[0m[0;30;47m#[0m[0;30;47m [0m[0;30;47m [0m[0;30;47m [0m[0;30;47m [0m[0;30;47m [0m[0;30;47m [0m[0;30;47m|[0m[0;30;47m [0m[0;30;47m [0m[0;30;47m [0m[0;30;47m [0m[0;30;47m [0m[0;30;47m [0m[0;30;47m [0m[0;30;47m [0m[0;30;47m [0m[0;30;47m [0m[0;30;47m [0m[0;30;47m [0m[0;30;47m [0m[0;30;47m [0m[0;30;47m [0m[0;30;47m [0m[0;30;47m [0m[0;30;47m [0m[0;30;47m [0m[0;30;47m [0m[0;30;47m [0m[0;30;47m [0m[0;30;47m [0m[0;30;47m [0m[0;34;42m~[0m[0;30;47m [0m[0;30;47m [0m[0;30;47m [0m[0;30;47m[[0m[0;30;47mC[0m[0;30;47mh[0m[0;30;47mr[0m[0;30;47m][0m[0;30;47m [0m[0;30;47m [0m[0;30;47m\[0m[0;30;47mV[0m[0;30;47mo[0m[0;30;47m/[0m[0;30;47m [0m[0;30;47m [0m[0;30;47ma[0m[0;30;47mt[0m[0;30;47m [0m[0;30;47mS[0m[0;30;47mp[0m[0;30;47ma[0m[0;30;47mc[0m[0;30;47me[0m[0;30;47m [0m[0;30;47m1[0m[0;30;47m2[0m[0;30;47m [0m[0;30;47m([0m[0;30;47mp[0m[0;30;47ma[0m[0;30;47mt[0m[0;30;47mh[0m[0;30;47m)[0m[0;30;47m [0m[0;30;47m([0m[0;30;47mH[0m[0;30;47mP[0m[0;30;47m:[0m[0;30;47m5[0m[0;30;47m)[0m[0;30;47m [0m[0;30;47m [0m[0;30;47m [0m[0;30;47m [0m[0;34;42m~[0m
[0;34;42m~[0m[0;30;47m [0m[0;30;47m [0m[0;30;47m [0m[0;30;47m [0m[0;30;47m [0m[0;30;47m [0m[0;30;47m [0m[0;30;47m [0m[0;30;47m [0m[0;30;47m [0m[0;30;47m [0m[0;30;47m [0m[0;30;47m [0m[0;30;47m [0m[0;30;47m [0m[0;30;47m [0m[0;30;47m [0m[0;30;47m [0m[0;30;47m [0m[0;30;47m [0m[0;30;47m [0m[0;30;47m|[0m[0;30;47m [0m[0;30;47m [0m[0;30;47m [0m[0;30;47m [0m[0;30;47m#[0m[0;30;47m [0m[0;30;47m [0m[0;30;47m [0m[0;30;47m#[0m[0;30;47m [0m[0;30;47m [0m[0;30;47m [0m[0;30;47m [0m[0;30;47m [0m[0;30;47m [0m[0;30;47m|[0m[0;30;47m [0m[0;30;47m [0m[0;30;47m [0m[0;30;47m [0m[0;30;47m [0m[0;30;47m [0m[0;30;47m [0m[0;30;47m [0m[0;30;47m [0m[0;30;47m [0m[0;30;47m [0m[0;30;47m [0m[0;30;47m [0m[0;30;47m [0m[0;30;47m [0m[0;30;47m [0m[0;30;47m [0m[0;30;47m [0m[0;30;47m [0m[0;30;47m [0m[0;30;47m [0m[0;30;47m [0m[0;30;47m [0m[0;30;47m [0m[0;34;42m~[0m[0;30;47m [0m[0;30;47m [0m[0;30;47m [0m[0;30;47m[[0m[0;30;47mC[0m[0;30;47mh[0m[0;30;47mr[0m[0;30;47m][0m[0;30;47m [0m[0;30;47m [0m[0;30;47m\[0m[0;30;47mS[0m[0;30;47me[0m[0;30;47m/[0m[0;30;47m [0m[0;30;47m [0m[0;30;47ma[0m[0;30;47mt[0m[0;30;47m [0m[0;30;47mS[0m[0;30;47mp[0m[0;30;47ma[0m[0;30;47mc[0m[0;30;47me[0m[0;30;47m [0m[0;30;47m1[0m[0;30;47m1[0m[0;30;47m [0m[0;30;47m([0m[0;30;47mp[0m[0;30;47mi[0m[0;30;47mt[0m[0;30;47m)[0m[0;30;47m [0m[0;30;47m([0m[0;30;47mH[0m[0;30;47mP[0m[0;30;47m:[0m[0;30;47m5[0m[0;30;47m)[0m[0;30;47m [0m[0;30;47m [0m[0;30;47m [0m[0;30;47m [0m[0;30;47m [0m[0;34;42m~[0m
[0;34;42m~[0m[0;30;47m [0m[0;30;47m [0m[0;30;47m [0m[0;30;47m [0m[0;30;47m [0m[0;30;47m [0m[0;30;47m [0m[0;30;47m [0m[0;30;47m [0m[0;30;47m [0m[0;30;47m [0m[0;30;47m [0m[0;30;47m [0m[0;30;47m [0m[0;30;47m [0m[0;30;47m [0m[0;30;47m [0m[0;30;47m [0m[0;30;47m [0m[0;30;47m [0m[0;30;47m [0m[0;30;47m|[0m[0;30;47ml[0m[0;30;47mi[0m[0;30;47md[0m[0;30;47m,[0m[0;30;47mc[0m[0;30;47mo[0m[0;30;47mi[0m[0;30;47mn[0m[0;30;47m [0m[0;30;47m [0m[0;30;47m [0m[0;30;47m [0m[0;30;47m [0m[0;30;47m [0m[0;30;47m [0m[0;30;47m|[0m[0;30;47m [0m[0;30;47m [0m[0;30;47m [0m[0;30;47m [0m[0;30;47m [0m[0;30;47m [0m[0;30;47m [0m[0;30;47m [0m[0;30;47m [0m[0;30;47m [0m[0;30;47m [0m[0;30;47m [0m[0;30;47m [0m[0;30;47m [0m[0;30;47m [0m[0;30;47m [0m[0;30;47m [0m[0;30;47m [0m[0;30;47m [0m[0;30;47m [0m[0;30;47m [0m[0;30;47m [0m[0;30;47m [0m[0;30;47m [0m[0;34;42m~[0m[0;30;47m [0m[0;30;47m [0m[0;30;47m-[0m[0;30;47m-[0m[0;30;47m-[0m[0;30;47m-[0m[0;30;47m-[0m[0;30;47m-[0m[0;30;47m-[0m[0;30;47m-[0m[0;30;47m-[0m[0;30;47m-[0m[0;30;47m-[0m[0;30;47m-[0m[0;30;47m-[0m[0;30;47m-[0m[0;30;47m-[0m[0;30;47m-[0m[0;30;47m-[0m[0;30;47m-[0m[0;30;47m-[0m[0;30;47m-[0m[0;30;47m-[0m[0;30;47m-[0m[0;30;47m-[0m[0;30;47m-[0m[0;30;47m-[0m[0;30;47m-[0m[0;30;47m-[0m[0;30;47m-[0m[0;30;47m-[0m[0;30;47m-[0m[0;30;47m-[0m[0;30;47m-[0m[0;30;47m-[0m[0;30;47m-[0m[0;30;47m-[0m[0;30;47m-[0m[0;30;47m-[0m[0;30;47m-[0m[0;30;47m-[0m[0;30;47m-[0m[0;30;47m-[0m[0;30;47m [0m[0;30;47m [0m[0;34;42m~[0m
[0;34;42m~[0m[0;30;47m [0m[0;30;47m [0m[0;30;47m [0m[0;30;47m [0m[0;30;47m [0m[0;30;47m [0m[0;30;47m [0m[0;30;47m [0m[0;30;47m [0m[0;30;47m [0m[0;30;47m [0m[0;30;47m [0m[0;30;47m [0m[0;30;47m [0m[0;30;47m [0m[0;30;47m [0m[0;30;47m [0m[0;30;47m [0m[0;30;47m [0m[0;30;47m [0m[0;30;47m [0m[0;30;47m+[0m[0;30;47m-[0m[0;30;47m-[0m[0;30;47m-[0m[0;30;47m-[0m[0;30;47m-[0m[0;30;47m-[0m[0;30;47m-[0m[0;30;47m-[0m[0;30;47m-[0m[0;30;47m-[0m[0;30;47m-[0m[0;30;47m-[0m[0;30;47m-[0m[0;30;47m-[0m[0;30;47m-[0m[0;30;47m+[0m[0;30;47m [0m[0;30;47m [0m[0;30;47m [0m[0;30;47m [0m[0;30;47m [0m[0;30;47m [0m[0;30;47m [0m[0;30;47m [0m[0;30;47m [0m[0;30;47m [0m[0;30;47m [0m[0;30;47m [0m[0;30;47m [0m[0;30;47m [0m[0;30;47m [0m[0;30;47m [0m[0;30;47m [0m[0;30;47m [0m[0;30;47m [0m[0;30;47m [0m[0;30;47m [0m[0;30;47m [0m[0;30;47m [0m[0;30;47m [0m[0;34;42m~[0m[0;30;47m [0m[0;30;47m [0m[0;30;47m [0m[0;30;47m [0m[0;30;47m [0m[0;30;47m [0m[0;30;47m [0m[0;30;47m [0m[0;30;47m [0m[0;30;47m [0m[0;30;47m [0m[0;30;47m [0m[0;30;47m [0m[0;30;47m [0m[0;30;47m [0m[0;30;47m [0m[0;30;47m [0m[0;30;47m [0m[0;30;47m [0m[0;30;47m [0m[0;30;47m [0m[0;30;47m [0m[0;30;47m [0m[0;30;47m [0m[0;30;47m [0m[0;30;47m [0m[0;30;47m [0m[0;30;47m [0m[0;30;47m [0m[0;30;47m [0m[0;30;47m [0m[0;30;47m [0m[0;30;47m [0m[0;30;47m [0m[0;30;47m [0m[0;30;47m [0m[0;30;47m [0m[0;30;47m [0m[0;30;47m [0m[0;30;47m [0m[0;30;47m [0m[0;30;47m [0m[0;30;47m [0m[0;30;47m [0m[0;30;47m [0m[0;34;42m~[0m
[0;34;42m~[0m[0;30;47m [0m[0;30;47m [0m[0;30;47m [0m[0;30;47m [0m[0;30;47m [0m[0;30;47m [0m[0;30;47m [0m[0;30;47m [0m[0;30;47m [0m[0;30;47m [0m[0;30;47m [0m[0;30;47m [0m[0;30;47m [0m[0;30;47m [0m[0;30;47m [0m[0;30;47m [0m[0;30;47m [0m[0;30;47m [0m[0;30;47m [0m[0;30;47m [0m[0;30;47m [0m[0;30;47m [0m[0;30;47m [0m[0;30;47m [0m[0;30;47m [0m[0;30;47m [0m[0;30;47m [0m[0;30;47m [0m[0;30;47m [0m[0;30;47mv[0m[0;30;47m [0m[0;30;47m [0m[0;30;47m [0m[0;30;47m [0m[0;30;47m [0m[0;30;47m [0m[0;30;47m [0m[0;30;47m [0m[0;30;47m [0m[0;30;47m [0m[0;30;47m [0m[0;30;47m [0m[0;30;47m [0m[0;30;47m [0m[0;30;47m [0m[0;30;47m [0m[0;30;47m [0m[0;30;47m [0m[0;30;47m [0m[0;30;47m [0m[0;30;47m [0m[0;30;47m [0m[0;30;47m [0m[0;30;47m [0m[0;30;47m [0m[0;30;47m [0m[0;30;47m [0m[0;30;47m [0m[0;30;47m [0m[0;30;47m [0m[0;30;47m [0m[0;30;47m [0m[0;34;42m~[0m[0;30;47m [0m[0;30;47m [0m[0;30;47m [0m[0;30;47m [0m[0;30;47m [0m[0;30;47m [0m[0;30;47m [0m[0;30;47m [0m[0;30;47m [0m[0;30;47m [0m[0;30;47m [0m[0;30;47m [0m[0;30;47m [0m[0;30;47m [0m[0;30;47m [0m[0;30;47m [0m[0;30;47m [0m[0;30;47m [0m[0;30;47m [0m[0;30;47m [0m[0;30;47m [0m[0;30;47m [0m[0;30;47m [0m[0;30;47m [0m[0;30;47m [0m[0;30;47m [0m[0;30;47m [0m[0;30;47m [0m[0;30;47m [0m[0;30;47m [0m[0;30;47m [0m[0;30;47m [0m[0;30;47m [0m[0;30;47m [0m[0;30;47m [0m[0;30;47m [0m[0;30;47m [0m[0;30;47m [0m[0;30;47m [0m[0;30;47m [0m[0;30;47m [0m[0;30;47m [0m[0;30;47m [0m[0;30;47m [0m[0;30;47m [0m[0;34;42m~[0m
[0;34;42m~[0m[0;30;47m [0m[0;30;47m [0m[0;30;47m [0m[0;30;47m [0m[0;30;47m [0m[0;30;47m [0m[0;30;47m [0m[0;30;47m [0m[0;30;47m [0m[0;30;47m [0m[0;30;47m [0m[0;30;47m [0m[0;30;47m [0m[0;30;47m [0m[0;30;47m [0m[0;30;47m [0m[0;30;47m [0m[0;30;47m [0m[0;30;47m [0m[0;30;47m [0m[0;30;47m [0m[0;30;47m+[0m[0;30;47m-[0m[0;30;47m-[0m[0;30;47m-[0m[0;30;47m-[0m[0;30;47m-[0m[0;30;47m-[0m[0;30;47m-[0m[0;30;47m-[0m[0;30;47m-[0m[0;30;47m-[0m[0;30;47m-[0m[0;30;47m-[0m[0;30;47m-[0m[0;30;47m-[0m[0;30;47m-[0m[0;30;47m+[0m[0;30;47m [0m[0;30;47m [0m[0;30;47m [0m[0;30;47m [0m[0;30;47m [0m[0;30;47m [0m[0;30;47m [0m[0;30;47m [0m[0;30;47m [0m[0;30;47m [0m[0;30;47m [0m[0;30;47m [0m[0;30;47m [0m[0;30;47m [0m[0;30;47m [0m[0;30;47m [0m[0;30;47m [0m[0;30;47m [0m[0;30;47m [0m[0;30;47m [0m[0;30;47m [0m[0;30;47m [0m[0;30;47m [0m[0;30;47m [0m[0;34;42m~[0m[0;30;47m [0m[0;30;47m [0m[0;30;47m [0m[0;30;47m [0m[0;30;47m [0m[0;30;47m [0m[0;30;47m [0m[0;30;47m [0m[0;30;47m [0m[0;30;47m [0m[0;30;47m [0m[0;30;47m [0m[0;30;47m [0m[0;30;47m [0m[0;30;47m [0m[0;30;47m [0m[0;30;47m [0m[0;30;47m [0m[0;30;47m [0m[0;30;47m [0m[0;30;47m [0m[0;30;47m [0m[0;30;47m [0m[0;30;47m [0m[0;30;47m [0m[0;30;47m [0m[0;30;47m [0m[0;30;47m [0m[0;30;47m [0m[0;30;47m [0m[0;30;47m [0m[0;30;47m [0m[0;30;47m [0m[0;30;47m [0m[0;30;47m [0m[0;30;47m [0m[0;30;47m [0m[0;30;47m [0m[0;30;47m [0m[0;30;47m [0m[0;30;47m [0m[0;30;47m [0m[0;30;47m [0m[0;30;47m [0m[0;30;47m [0m[0;34;42m~[0m
[0;34;42m~[0m[0;30;47m [0m[0;30;47m [0m[0;30;47m [0m[0;30;47m [0m[0;30;47m [0m[0;30;47m [0m[0;30;47m [0m[0;30;47m [0m[0;30;47m [0m[0;30;47m [0m[0;30;47m [0m[0;30;47m [0m[0;30;47m [0m[0;30;47m [0m[0;30;47m [0m[0;30;47m [0m[0;30;47m [0m[0;30;47m [0m[0;30;47m [0m[0;30;47m [0m[0;30;47m [0m[0;30;47m|[0m[0;30;47m [0m[0;30;47m [0m[0;30;47m [0m[0;30;47m [0m[0;30;47m [0m[0;30;47m [0m[0;30;47m [0m[0;30;47m [0m[0;30;47m [0m[0;30;47m [0m[0;30;47m [0m[0;30;47m [0m[0;30;47m [0m[0;30;47m1[0m[0;30;47m3[0m[0;30;47m|[0m[0;30;47m [0m[0;30;47m [0m[0;30;47m [0m[0;30;47m [0m[0;30;47m [0m[0;30;47m [0m[0;30;47m [0m[0;30;47m [0m[0;30;47m [0m[0;30;47m [0m[0;30;47m [0m[0;30;47m [0m[0;30;47m [0m[0;30;47m [0m[0;30;47m [0m[0;30;47m [0m[0;30;47m [0m[0;30;47m [0m[0;30;47m [0m[0;30;47m [0m[0;30;47m [0m[0;30;47m [0m[0;30;47m [0m[0;30;47m [0m[0;34;42m~[0m[0;30;47m [0m[0;30;47m [0m[0;30;47m [0m[0;30;47m [0m[0;30;47m [0m[0;30;47m [0m[0;30;47m [0m[0;30;47m [0m[0;30;47m [0m[0;30;47m [0m[0;30;47m [0m[0;30;47m [0m[0;30;47m [0m[0;30;47m [0m[0;30;47m [0m[0;30;47m [0m[0;30;47m [0m[0;30;47m [0m[0;30;47m [0m[0;30;47m [0m[0;30;47m [0m[0;30;47m [0m[0;30;47m [0m[0;30;47m [0m[0;30;47m [0m[0;30;47m [0m[0;30;47m [0m[0;30;47m [0m[0;30;47m [0m[0;30;47m [0m[0;30;47m [0m[0;30;47m [0m[0;30;47m [0m[0;30;47m [0m[0;30;47m [0m[0;30;47m [0m[0;30;47m [0m[0;30;47m [0m[0;30;47m [0m[0;30;47m [0m[0;30;47m [0m[0;30;47m [0m[0;30;47m [0m[0;30;47m [0m[0;30;47m [0m[0;34;42m~[0m
[0;34;42m~[0m[0;30;47m [0m[0;30;47m [0m[0;30;47m [0m[0;30;47m [0m[0;30;47m [0m[0;30;47m [0m[0;30;47m [0m[0;30;47m [0m[0;30;47m [0m[0;30;47m [0m[0;30;47m [0m[0;30;47m [0m[0;30;47m [0m[0;30;47m [0m[0;30;47m [0m[0;30;47m [0m[0;30;47m [0m[0;30;47m [0m[0;30;47m [0m[0;30;47m [0m[0;30;47m [0m[0;30;47m|[0m[0;30;47m [0m[0;30;47m [0m[0;30;47m [0m[0;30;47m [0m[0;30;47m [0m[0;30;47m [0m[0;30;47m [0m[0;30;47m [0m[0;30;47m [0m[0;30;47m [0m[0;30;47m [0m[0;30;47m [0m[0;30;47m [0m[0;30;47m [0m[0;30;47m [0m[0;30;47m|[0m[0;30;47m [0m[0;30;47m [0m[0;30;47m [0m[0;30;47m [0m[0;30;47m [0m[0;30;47m [0m[0;30;47m [0m[0;30;47m [0m[0;30;47m [0m[0;30;47m [0m[0;30;47m [0m[0;30;47m [0m[0;30;47m [0m[0;30;47m [0m[0;30;47m [0m[0;30;47m [0m[0;30;47m [0m[0;30;47m [0m[0;30;47m [0m[0;30;47m [0m[0;30;47m [0m[0;30;47m [0m[0;30;47m [0m[0;30;47m [0m[0;34;42m~[0m[0;30;47m [0m[0;30;47m [0m[0;30;47m [0m[0;30;47m [0m[0;30;47m [0m[0;30;47m [0m[0;30;47m [0m[0;30;47m [0m[0;30;47m [0m[0;30;47m [0m[0;30;47m [0m[0;30;47m [0m[0;30;47m [0m[0;30;47m [0m[0;30;47m [0m[0;30;47m [0m[0;30;47m [0m[0;30;47m [0m[0;30;47m [0m[0;30;47m [0m[0;30;47m [0m[0;30;47m [0m[0;30;47m [0m[0;30;47m [0m[0;30;47m [0m[0;30;47m [0m[0;30;47m [0m[0;30;47m [0m[0;30;47m [0m[0;30;47m [0m[0;30;47m [0m[0;30;47m [0m[0;30;47m [0m[0;30;47m [0m[0;30;47m [0m[0;30;47m [0m[0;30;47m [0m[0;30;47m [0m[0;30;47m [0m[0;30;47m [0m[0;30;47m [0m[0;30;47m [0m[0;30;47m [0m[0;30;47m [0m[0;30;47m [0m[0;34;42m~[0m
[0;34;42m~[0m[0;30;47m [0m[0;30;47m [0m[0;30;47m [0m[0;30;47m [0m[0;30;47m [0m[0;30;47m [0m[0;30;47m [0m[0;30;47m [0m[0;30;47m [0m[0;30;47m [0m[0;30;47m [0m[0;30;47m [0m[0;30;47m [0m[0;30;47m [0m[0;30;47m [0m[0;30;47m [0m[0;30;47m [0m[0;30;47m [0m[0;30;47m [0m[0;30;47m [0m[0;30;47m [0m[0;30;47m|[0m[0;30;47m [0m[0;30;47m [0m[0;30;47m [0m[0;30;47m [0m[0;30;47m [0m[0;30;47m [0m[0;30;47m [0m[0;30;47m [0m[0;30;47m [0m[0;30;47m [0m[0;30;47m [0m[0;30;47m [0m[0;30;47m [0m[0;30;47m [0m[0;30;47m [0m[0;30;47m|[0m[0;30;47m [0m[0;30;47m [0m[0;30;47m [0m[0;30;47m [0m[0;30;47m [0m[0;30;47m [0m[0;30;47m [0m[0;30;47m [0m[0;30;47m [0m[0;30;47m [0m[0;30;47m [0m[0;30;47m [0m[0;30;47m [0m[0;30;47m [0m[0;30;47m [0m[0;30;47m [0m[0;30;47m [0m[0;30;47m [0m[0;30;47m [0m[0;30;47m [0m[0;30;47m [0m[0;30;47m [0m[0;30;47m [0m[0;30;47m [0m[0;34;42m~[0m[0;30;47m [0m[0;30;47m [0m[0;30;47m [0m[0;30;47m [0m[0;30;47m [0m[0;30;47m [0m[0;30;47m [0m[0;30;47m [0m[0;30;47m [0m[0;30;47m [0m[0;30;47m [0m[0;30;47m [0m[0;30;47m [0m[0;30;47m [0m[0;30;47m [0m[0;30;47m [0m[0;30;47m [0m[0;30;47m [0m[0;30;47m [0m[0;30;47m [0m[0;30;47m [0m[0;30;47m [0m[0;30;47m [0m[0;30;47m [0m[0;30;47m [0m[0;30;47m [0m[0;30;47m [0m[0;30;47m [0m[0;30;47m [0m[0;30;47m [0m[0;30;47m [0m[0;30;47m [0m[0;30;47m [0m[0;30;47m [0m[0;30;47m [0m[0;30;47m [0m[0;30;47m [0m[0;30;47m [0m[0;30;47m [0m[0;30;47m [0m[0;30;47m [0m[0;30;47m [0m[0;30;47m [0m[0;30;47m [0m[0;30;47m [0m[0;34;42m~[0m
[0;34;42m~[0m[0;30;47m [0m[0;30;47m [0m[0;30;47m [0m[0;30;47m [0m[0;30;47m [0m[0;30;47m [0m[0;30;47m [0m[0;30;47m [0m[0;30;47m [0m[0;30;47m [0m[0;30;47m [0m[0;30;47m [0m[0;30;47m [0m[0;30;47m [0m[0;30;47m [0m[0;30;47m [0m[0;30;47m [0m[0;30;47m [0m[0;30;47m [0m[0;30;47m [0m[0;30;47m [0m[0;30;47m|[0m[0;30;47m [0m[0;30;47m [0m[0;30;47m [0m[0;30;47m [0m[0;30;47m [0m[0;30;47m?[0m[0;30;47m?[0m[0;30;47m?[0m[0;30;47m [0m[0;30;47m [0m[0;30;47m [0m[0;30;47m [0m[0;30;47m [0m[0;30;47m [0m[0;30;47m [0m[0;30;47m|[0m[0;30;47m [0m[0;30;47m [0m[0;30;47m [0m[0;30;47m [0m[0;30;47m [0m[0;30;47m [0m[0;30;47m [0m[0;30;47m [0m[0;30;47m [0m[0;30;47m [0m[0;30;47m [0m[0;30;47m [0m[0;30;47m [0m[0;30;47m [0m[0;30;47m [0m[0;30;47m [0m[0;30;47m [0m[0;30;47m [0m[0;30;47m [0m[0;30;47m [0m[0;30;47m [0m[0;30;47m [0m[0;30;47m [0m[0;30;47m [0m[0;34;42m~[0m[0;30;47m [0m[0;30;47m [0m[0;30;47m [0m[0;30;47m [0m[0;30;47m [0m[0;30;47m [0m[0;30;47m [0m[0;30;47m [0m[0;30;47m [0m[0;30;47m [0m[0;30;47m [0m[0;30;47m [0m[0;30;47m [0m[0;30;47m [0m[0;30;47m [0m[0;30;47m [0m[0;30;47m [0m[0;30;47m [0m[0;30;47m [0m[0;30;47m [0m[0;30;47m [0m[0;30;47m [0m[0;30;47m [0m[0;30;47m [0m[0;30;47m [0m[0;30;47m [0m[0;30;47m [0m[0;30;47m [0m[0;30;47m [0m[0;30;47m [0m[0;30;47m [0m[0;30;47m [0m[0;30;47m [0m[0;30;47m [0m[0;30;47m [0m[0;30;47m [0m[0;30;47m [0m[0;30;47m [0m[0;30;47m [0m[0;30;47m [0m[0;30;47m [0m[0;30;47m [0m[0;30;47m [0m[0;30;47m [0m[0;30;47m [0m[0;34;42m~[0m
[0;34;42m~[0m[0;30;47m [0m[0;30;47m [0m[0;30;47m [0m[0;30;47m [0m[0;30;47m [0m[0;30;47m [0m[0;30;47m [0m[0;30;47m [0m[0;30;47m [0m[0;30;47m [0m[0;30;47m [0m[0;30;47m [0m[0;30;47m [0m[0;30;47m [0m[0;30;47m [0m[0;30;47m [0m[0;30;47m [0m[0;30;47m [0m[0;30;47m [0m[0;30;47m [0m[0;30;47m [0m[0;30;47m|[0m[0;30;47m [0m[0;30;47m [0m[0;30;47m [0m[0;30;47m [0m[0;30;47m [0m[0;30;47m [0m[0;30;47m [0m[0;30;47m [0m[0;30;47m [0m[0;30;47m [0m[0;30;47m [0m[0;30;47m [0m[0;30;47m [0m[0;30;47m [0m[0;30;47m [0m[0;30;47m|[0m[0;30;47m [0m[0;30;47m [0m[0;30;47m [0m[0;30;47m [0m[0;30;47m [0m[0;30;47m [0m[0;30;47m [0m[0;30;47m [0m[0;30;47m [0m[0;30;47m [0m[0;30;47m [0m[0;30;47m [0m[0;30;47m [0m[0;30;47m [0m[0;30;47m [0m[0;30;47m [0m[0;30;47m [0m[0;30;47m [0m[0;30;47m [0m[0;30;47m [0m[0;30;47m [0m[0;30;47m [0m[0;30;47m [0m[0;30;47m [0m[0;34;42m~[0m[0;30;47m [0m[0;30;47m [0m[0;30;47m [0m[0;30;47m [0m[0;30;47m [0m[0;30;47m [0m[0;30;47m [0m[0;30;47m [0m[0;30;47m [0m[0;30;47m [0m[0;30;47m [0m[0;30;47m [0m[0;30;47m [0m[0;30;47m [0m[0;30;47m [0m[0;30;47m [0m[0;30;47m [0m[0;30;47m [0m[0;30;47m [0m[0;30;47m [0m[0;30;47m [0m[0;30;47m [0m[0;30;47m [0m[0;30;47m [0m[0;30;47m [0m[0;30;47m [0m[0;30;47m [0m[0;30;47m [0m[0;30;47m [0m[0;30;47m [0m[0;30;47m [0m[0;30;47m [0m[0;30;47m [0m[0;30;47m [0m[0;30;47m [0m[0;30;47m [0m[0;30;47m [0m[0;30;47m [0m[0;30;47m [0m[0;30;47m [0m[0;30;47m [0m[0;30;47m [0m[0;30;47m [0m[0;30;47m [0m[0;30;47m [0m[0;34;42m~[0m
[0;34;42m~[0m[0;30;47m [0m[0;30;47m [0m[0;30;47m [0m[0;30;47m [0m[0;30;47m [0m[0;30;47m [0m[0;30;47m [0m[0;30;47m [0m[0;30;47m [0m[0;30;47m [0m[0;30;47m [0m[0;30;47m [0m[0;30;47m [0m[0;30;47m [0m[0;30;47m [0m[0;30;47m [0m[0;30;47m [0m[0;30;47m [0m[0;30;47m [0m[0;30;47m [0m[0;30;47m [0m[0;30;47m|[0m[0;30;47m [0m[0;30;47m [0m[0;30;47m [0m[0;30;47m [0m[0;30;47m [0m[0;30;47m [0m[0;30;47m [0m[0;30;47m [0m[0;30;47m [0m[0;30;47m [0m[0;30;47m [0m[0;30;47m [0m[0;30;47m [0m[0;30;47m [0m[0;30;47m [0m[0;30;47m|[0m[0;30;47m [0m[0;30;47m [0m[0;30;47m [0m[0;30;47m [0m[0;30;47m [0m[0;30;47m [0m[0;30;47m [0m[0;30;47m [0m[0;30;47m [0m[0;30;47m [0m[0;30;47m [0m[0;30;47m [0m[0;30;47m [0m[0;30;47m [0m[0;30;47m [0m[0;30;47m [0m[0;30;47m [0m[0;30;47m [0m[0;30;47m [0m[0;30;47m [0m[0;30;47m [0m[0;30;47m [0m[0;30;47m [0m[0;30;47m [0m[0;34;42m~[0m[0;30;47m [0m[0;30;47m [0m[0;30;47m [0m[0;30;47m [0m[0;30;47m [0m[0;30;47m [0m[0;30;47m [0m[0;30;47m [0m[0;30;47m [0m[0;30;47m [0m[0;30;47m [0m[0;30;47m [0m[0;30;47m [0m[0;30;47m [0m[0;30;47m [0m[0;30;47m [0m[0;30;47m [0m[0;30;47m [0m[0;30;47m [0m[0;30;47m [0m[0;30;47m [0m[0;30;47m [0m[0;30;47m [0m[0;30;47m [0m[0;30;47m [0m[0;30;47m [0m[0;30;47m [0m[0;30;47m [0m[0;30;47m [0m[0;30;47m [0m[0;30;47m [0m[0;30;47m [0m[0;30;47m [0m[0;30;47m [0m[0;30;47m [0m[0;30;47m [0m[0;30;47m [0m[0;30;47m [0m[0;30;47m [0m[0;30;47m [0m[0;30;47m [0m[0;30;47m [0m[0;30;47m [0m[0;30;47m [0m[0;30;47m [0m[0;34;42m~[0m
[0;34;42m~[0m[0;30;47m [0m[0;30;47m [0m[0;30;47m [0m[0;30;47m [0m[0;30;47m [0m[0;30;47m [0m[0;30;47m [0m[0;30;47m [0m[0;30;47m [0m[0;30;47m [0m[0;30;47m [0m[0;30;47m [0m[0;30;47m [0m[0;30;47m [0m[0;30;47m [0m[0;30;47m [0m[0;30;47m [0m[0;30;47m [0m[0;30;47m [0m[0;30;47m [0m[0;30;47m [0m[0;30;47m|[0m[0;30;47m [0m[0;30;47m [0m[0;30;47m [0m[0;30;47m [0m[0;30;47m [0m[0;30;47m [0m[0;30;47m [0m[0;30;47m [0m[0;30;47m [0m[0;30;47m [0m[0;30;47m [0m[0;30;47m [0m[0;30;47m [0m[0;30;47m [0m[0;30;47m [0m[0;30;47m|[0m[0;30;47m [0m[0;30;47m [0m[0;30;47m [0m[0;30;47m [0m[0;30;47m [0m[0;30;47m [0m[0;30;47m [0m[0;30;47m [0m[0;30;47m [0m[0;30;47m [0m[0;30;47m [0m[0;30;47m [0m[0;30;47m [0m[0;30;47m [0m[0;30;47m [0m[0;30;47m [0m[0;30;47m [0m[0;30;47m [0m[0;30;47m [0m[0;30;47m [0m[0;30;47m [0m[0;30;47m [0m[0;30;47m [0m[0;30;47m [0m[0;34;42m~[0m[0;30;47m [0m[0;30;47m [0m[0;30;47m [0m[0;30;47m [0m[0;30;47m [0m[0;30;47m [0m[0;30;47m [0m[0;30;47m [0m[0;30;47m [0m[0;30;47m [0m[0;30;47m [0m[0;30;47m [0m[0;30;47m [0m[0;30;47m [0m[0;30;47m [0m[0;30;47m [0m[0;30;47m [0m[0;30;47m [0m[0;30;47m [0m[0;30;47m [0m[0;30;47m [0m[0;30;47m [0m[0;30;47m [0m[0;30;47m [0m[0;30;47m [0m[0;30;47m [0m[0;30;47m [0m[0;30;47m [0m[0;30;47m [0m[0;30;47m [0m[0;30;47m [0m[0;30;47m [0m[0;30;47m [0m[0;30;47m [0m[0;30;47m [0m[0;30;47m [0m[0;30;47m [0m[0;30;47m [0m[0;30;47m [0m[0;30;47m [0m[0;30;47m [0m[0;30;47m [0m[0;30;47m [0m[0;30;47m [0m[0;30;47m [0m[0;34;42m~[0m
[0;34;42m~[0m[0;30;47m [0m[0;30;47m [0m[0;30;47m [0m[0;30;47m [0m[0;30;47m [0m[0;30;47m [0m[0;30;47m [0m[0;30;47m [0m[0;30;47m [0m[0;30;47m [0m[0;30;47m [0m[0;30;47m [0m[0;30;47m [0m[0;30;47m [0m[0;30;47m [0m[0;30;47m [0m[0;30;47m [0m[0;30;47m [0m[0;30;47m [0m[0;30;47m [0m[0;30;47m [0m[0;30;47m+[0m[0;30;47m-[0m[0;30;47m-[0m[0;30;47m-[0m[0;30;47m-[0m[0;30;47m-[0m[0;30;47m-[0m[0;30;47m-[0m[0;30;47m-[0m[0;30;47m-[0m[0;30;47m-[0m[0;30;47m-[0m[0;30;47m-[0m[0;30;47m-[0m[0;30;47m-[0m[0;30;47m-[0m[0;30;47m+[0m[0;30;47m [0m[0;30;47m [0m[0;30;47m [0m[0;30;47m [0m[0;30;47m [0m[0;30;47m [0m[0;30;47m [0m[0;30;47m [0m[0;30;47m [0m[0;30;47m [0m[0;30;47m [0m[0;30;47m [0m[0;30;47m [0m[0;30;47m [0m[0;30;47m [0m[0;30;47m [0m[0;30;47m [0m[0;30;47m [0m[0;30;47m [0m[0;30;47m [0m[0;30;47m [0m[0;30;47m [0m[0;30;47m [0m[0;30;47m [0m[0;34;42m~[0m[0;30;47m [0m[0;30;47m [0m[0;30;47m [0m[0;30;47m [0m[0;30;47m [0m[0;30;47m [0m[0;30;47m [0m[0;30;47m [0m[0;30;47m [0m[0;30;47m [0m[0;30;47m [0m[0;30;47m [0m[0;30;47m [0m[0;30;47m [0m[0;30;47m [0m[0;30;47m [0m[0;30;47m [0m[0;30;47m [0m[0;30;47m [0m[0;30;47m [0m[0;30;47m [0m[0;30;47m [0m[0;30;47m [0m[0;30;47m [0m[0;30;47m [0m[0;30;47m [0m[0;30;47m [0m[0;30;47m [0m[0;30;47m [0m[0;30;47m [0m[0;30;47m [0m[0;30;47m [0m[0;30;47m [0m[0;30;47m [0m[0;30;47m [0m[0;30;47m [0m[0;30;47m [0m[0;30;47m [0m[0;30;47m [0m[0;30;47m [0m[0;30;47m [0m[0;30;47m [0m[0;30;47m [0m[0;30;47m [0m[0;30;47m [0m[0;34;42m~[0m
[0;34;42m~[0m[0;34;42m~[0m[0;34;42m~[0m[0;34;42m~[0m[0;34;42m~[0m[0;34;42m~[0m[0;34;42m~[0m[0;34;42m~[0m[0;34;42m~[0m[0;34;42m~[0m[0;34;42m~[0m[0;34;42m~[0m[0;34;42m~[0m[0;34;42m~[0m[0;34;42m~[0m[0;34;42m~[0m[0;34;42m~[0m[0;34;42m~[0m[0;34;42m~[0m[0;34;42m~[0m[0;34;42m~[0m[0;34;42m~[0m[0;34;42m~[0m[0;34;42m~[0m[0;34;42m~[0m[0;34;42m~[0m[0;34;42m~[0m[0;34;42m~[0m[0;34;42m~[0m[0;34;42m~[0m[0;34;42m~[0m[0;34;42m~[0m[0;34;42m~[0m[0;34;42m~[0m[0;34;42m~[0m[0;34;42m~[0m[0;34;42m~[0m[0;34;42m~[0m[0;34;42m~[0m[0;34;42m~[0m[0;34;42m~[0m[0;34;42m~[0m[0;34;42m~[0m[0;34;42m~[0m[0;34;42m~[0m[0;34;42m~[0m[0;34;42m~[0m[0;34;42m~[0m[0;34;42m~[0m[0;34;42m~[0m[0;34;42m~[0m[0;34;42m~[0m[0;34;42m~[0m[0;34;42m~[0m[0;34;42m~[0m[0;34;42m~[0m[0;34;42m~[0m[0;34;42m~[0m[0;34;42m~[0m[0;34;42m~[0m[0;34;42m~[0m[0;34;42m~[0m[0;34;42m~[0m[0;34;42m~[0m[0;34;42m~[0m[0;34;42m~[0m[0;34;42m~[0m[0;34;42m~[0m[0;34;42m~[0m[0;34;42m~[0m[0;34;42m~[0m[0;34;42m~[0m[0;34;42m~[0m[0;34;42m~[0m[0;34;42m~[0m[0;34;42m~[0m[0;34;42m~[0m[0;34;42m~[0m[0;34;42m~[0m[0;34;42m~[0m[0;34;42m~[0m[0;34;42m~[0m[0;34;42m~[0m[0;34;42m~[0m[0;34;42m~[0m[0;34;42m~[0m[0;34;42m~[0m[0;34;42m~[0m[0;34;42m~[0m[0;34;42m~[0m[0;34;42m~[0m[0;34;42m~[0m[0;34;42m~[0m[0;34;42m~[0m[0;34;42m~[0m[0;34;42m~[0m[0;34;42m~[0m[0;34;42m~[0m[0;34;42m~[0m[0;34;42m~[0m[0;34;42m~[0m[0;34;42m~[0m[0;34;42m~[0m[0;34;42m~[0m[0;34;42m~[0m[0;34;42m~[0m[0;34;42m~[0m[0;34;42m~[0m[0;34;42m~[0m[0;34;42m~[0m
[0;34;42m~[0m[0;30;47m [0m[0;30;47m [0m[0;30;47m [0m[0;30;47m [0m[0;30;47m [0m[0;30;47m [0m[0;30;47m [0m[0;30;47m [0m[0;30;47m [0m[0;30;47m [0m[0;30;47m [0m[0;30;47m [0m[0;30;47m [0m[0;30;47m [0m[0;30;47m [0m[0;30;47m [0m[0;30;47m [0m[0;30;47m [0m[0;30;47m [0m[0;30;47m [0m[0;30;47m [0m[0;30;47m [0m[0;30;47m [0m[0;30;47m [0m[0;30;47m [0m[0;30;47m [0m[0;30;47m [0m[0;30;47m [0m[0;30;47m [0m[0;30;47m [0m[0;30;47m [0m[0;30;47m [0m[0;30;47m [0m[0;30;47m [0m[0;30;47m [0m[0;30;47m [0m[0;30;47m [0m[0;30;47m [0m[0;30;47m [0m[0;30;47m [0m[0;30;47m [0m[0;30;47m [0m[0;30;47m [0m[0;30;47m [0m[0;30;47m [0m[0;30;47mT[0m[0;30;47mH[0m[0;30;47mE[0m[0;30;47m [0m[0;30;47mH[0m[0;30;47mA[0m[0;30;47mU[0m[0;30;47mN[0m[0;30;47mT[0m[0;30;47mE[0m[0;30;47mD[0m[0;30;47m [0m[0;30;47mC[0m[0;30;47mA[0m[0;30;47mS[0m[0;30;47mT[0m[0;30;47mL[0m[0;30;47mE[0m[0;30;47m [0m[0;30;47m [0m[0;30;47m [0m[0;30;47m [0m[0;30;47m [0m[0;30;47m [0m[0;30;47m [0m[0;30;47m [0m[0;30;47m [0m[0;30;47m [0m[0;30;47m [0m[0;30;47m [0m[0;30;47m [0m[0;30;47m [0m[0;30;47m [0m[0;30;47m [0m[0;30;47m [0m[0;30;47m [0m[0;30;47m [0m[0;30;47m [0m[0;30;47m [0m[0;30;47m [0m[0;30;47m [0m[0;30;47m [0m[0;30;47m [0m[0;30;47m [0m[0;30;47m [0m[0;30;47m [0m[0;30;47m [0m[0;30;47m [0m[0;30;47m [0m[0;30;47m [0m[0;30;47m [0m[0;30;47m [0m[0;30;47m [0m[0;30;47m [0m[0;30;47m [0m[0;30;47m [0m[0;30;47m [0m[0;30;47m [0m[0;30;47m [0m[0;30;47m [0m[0;30;47m [0m[0;30;47m [0m[0;30;47m [0m[0;34;42m~[0m
[0;34;42m~[0m[0;34;42m~[0m[0;34;42m~[0m[0;34;42m~[0m[0;34;42m~[0m[0;34;42m~[0m[0;34;42m~[0m[0;34;42m~[0m[0;34;42m~[0m[0;34;42m~[0m[0;34;42m~[0m[0;34;42m~[0m[0;34;42m~[0m[0;34;42m~[0m[0;34;42m~[0m[0;34;42m~[0m[0;34;42m~[0m[0;34;42m~[0m[0;34;42m~[0m[0;34;42m~[0m[0;34;42m~[0m[0;34;42m~[0m[0;34;42m~[0m[0;34;42m~[0m[0;34;42m~[0m[0;34;42m~[0m[0;34;42m~[0m[0;34;42m~[0m[0;34;42m~[0m[0;34;42m~[0m[0;34;42m~[0m[0;34;42m~[0m[0;34;42m~[0m[0;34;42m~[0m[0;34;42m~[0m[0;34;42m~[0m[0;34;42m~[0m[0;34;42m~[0m[0;34;42m~[0m[0;34;42m~[0m[0;34;42m~[0m[0;34;42m~[0m[0;34;42m~[0m[0;34;42m~[0m[0;34;42m~[0m[0;34;42m~[0m[0;34;42m~[0m[0;34;42m~[0m[0;34;42m~[0m[0;34;42m~[0m[0;34;42m~[0m[0;34;42m~[0m[0;34;42m~[0m[0;34;42m~[0m[0;34;42m~[0m[0;34;42m~[0m[0;34;42m~[0m[0;34;42m~[0m[0;34;42m~[0m[0;34;42m~[0m[0;34;42m~[0m[0;34;42m~[0m[0;34;42m~[0m[0;34;42m~[0m[0;34;42m~[0m[0;34;42m~[0m[0;34;42m~[0m[0;34;42m~[0m[0;34;42m~[0m[0;34;42m~[0m[0;34;42m~[0m[0;34;42m~[0m[0;34;42m~[0m[0;34;42m~[0m[0;34;42m~[0m[0;34;42m~[0m[0;34;42m~[0m[0;34;42m~[0m[0;34;42m~[0m[0;34;42m~[0m[0;34;42m~[0m[0;34;42m~[0m[0;34;42m~[0m[0;34;42m~[0m[0;34;42m~[0m[0;34;42m~[0m[0;34;42m~[0m[0;34;42m~[0m[0;34;42m~[0m[0;34;42m~[0m[0;34;42m~[0m[0;34;42m~[0m[0;34;42m~[0m[0;34;42m~[0m[0;34;42m~[0m[0;34;42m~[0m[0;34;42m~[0m[0;34;42m~[0m[0;34;42m~[0m[0;34;42m~[0m[0;34;42m~[0m[0;34;42m~[0m[0;34;42m~[0m[0;34;42m~[0m[0;34;42m~[0m[0;34;42m~[0m[0;34;42m~[0m[0;34;42m~[0m[0;34;42m~[0m[0;34;42m~[0m
[0;34;42m~[0m[0;30;47m [0m[0;30;47m [0m[0;30;47mC[0m[0;30;47mo[0m[0;30;47mm[0m[0;30;47mm[0m[0;30;47ma[0m[0;30;47mn[0m[0;30;47md[0m[0;30;47ms[0m[0;30;47m:[0m[0;30;47m [0m[0;30;47mm[0m[0;30;47mo[0m[0;30;47mv[0m[0;30;47me[0m[0;30;47m([0m[0;30;47mm[0m[0;30;47m)[0m[0;30;47m [0m[0;30;47m[[0m[0;30;47md[0m[0;30;47mi[0m[0;30;47mr[0m[0;30;47m][0m[0;30;47m [0m[0;30;47m|[0m[0;30;47m [0m[0;30;47mt[0m[0;30;47ma[0m[0;30;47mk[0m[0;30;47me[0m[0;30;47m([0m[0;30;47mt[0m[0;30;47m)[0m[0;30;47m [0m[0;30;47m[[0m[0;30;47mo[0m[0;30;47mb[0m[0;30;47mj[0m[0;30;47m][0m[0;30;47m [0m[0;30;47m|[0m[0;30;47m [0m[0;30;47md[0m[0;30;47mr[0m[0;30;47mo[0m[0;30;47mp[0m[0;30;47m([0m[0;30;47md[0m[0;30;47m)[0m[0;30;47m [0m[0;30;47m[[0m[0;30;47mo[0m[0;30;47mb[0m[0;30;47mj[0m[0;30;47m][0m[0;30;47m [0m[0;30;47m|[0m[0;30;47m [0m[0;30;47ma[0m[0;30;47mt[0m[0;30;47mt[0m[0;30;47ma[0m[0;30;47mc[0m[0;30;47mk[0m[0;30;47m([0m[0;30;47ma[0m[0;30;47m)[0m[0;30;47m [0m[0;30;47m|[0m[0;30;47m [0m[0;30;47mc[0m[0;30;47mh[0m[0;30;47ma[0m[0;30;47mt[0m[0;30;47m([0m[0;30;47mc[0m[0;30;47m)[0m[0;30;47m [0m[0;30;47m|[0m[0;30;47m [0m[0;30;47mr[0m[0;30;47me[0m[0;30;47mc[0m[0;30;47mr[0m[0;30;47mu[0m[0;30;47mi[0m[0;30;47mt[0m[0;30;47m([0m[0;30;47mr[0m[0;30;47m)[0m[0;30;47m [0m[0;30;47m[[0m[0;30;47mc[0m[0;30;47mh[0m[0;30;47ma[0m[0;30;47mr[0m[0;30;47m][0m[0;30;47m [0m[0;30;47m [0m[0;30;47m [0m[0;30;47m [0m[0;30;47m [0m[0;30;47m [0m[0;30;47m [0m[0;30;47m [0m[0;30;47m [0m[0;34;42m~[0m
[0;34;42m~[0m[0;30;47m [0m[0;30;47m [0m[0;30;47mi[0m[0;30;47mn[0m[0;30;47ms[0m[0;30;47mp[0m[0;30;47me[0m[0;30;47mc[0m[0;30;47mt[0m[0;30;47m([0m[0;30;47mi[0m[0;30;47m)[0m[0;30;47m [0m[0;30;47m[[0m[0;30;47mo[0m[0;30;47mb[0m[0;30;47mj[0m[0;30;47m][0m[0;30;47m [0m[0;30;47m|[0m[0;30;47m [0m[0;30;47mu[0m[0;30;47ms[0m[0;30;47me[0m[0;30;47m([0m[0;30;47mu[0m[0;30;47m)[0m[0;30;47m [0m[0;30;47m[[0m[0;30;47mo[0m[0;30;47mb[0m[0;30;47mj[0m[0;30;47m][0m[0;30;47m [0m[0;30;47m|[0m[0;30;47m [0m[0;30;47mo[0m[0;30;47mp[0m[0;30;47me[0m[0;30;47mn[0m[0;30;47m([0m[0;30;47mo[0m[0;30;47m)[0m[0;30;47m [0m[0;30;47m[[0m[0;30;47ml[0m[0;30;47mn[0m[0;30;47mk[0m[0;30;47m][0m[0;30;47m [0m[0;30;47mw[0m[0;30;47mi[0m[0;30;47mt[0m[0;30;47mh[0m[0;30;47m [0m[0;30;47m[[0m[0;30;47mo[0m[0;30;47mb[0m[0;30;47mj[0m[0;30;47m][0m[0;30;47m [0m[0;30;47m|[0m[0;30;47m [0m[0;30;47mt[0m[0;30;47mp[0m[0;30;47m [0m[0;30;47m[[0m[0;30;47mr[0m[0;30;47mo[0m[0;30;47mo[0m[0;30;47mm[0m[0;30;47m][0m[0;30;47m [0m[0;30;47m|[0m[0;30;47m [0m[0;30;47me[0m[0;30;47mx[0m[0;30;47mi[0m[0;30;47mt[0m[0;30;47m([0m[0;30;47me[0m[0;30;47m)[0m[0;30;47m [0m[0;30;47m|[0m[0;30;47m [0m[0;30;47ma[0m[0;30;47mb[0m[0;30;47ma[0m[0;30;47mn[0m[0;30;47md[0m[0;30;47mo[0m[0;30;47mn[0m[0;30;47m([0m[0;30;47mf[0m[0;30;47m)[0m[0;30;47m [0m[0;30;47m[[0m[0;30;47mc[0m[0;30;47mh[0m[0;30;47ma[0m[0;30;47mr[0m[0;30;47m][0m[0;30;47m [0m[0;30;47m [0m[0;30;47m [0m[0;30;47m [0m[0;30;47m [0m[0;30;47m [0m[0;34;42m~[0m
[0;34;42m~[0m[0;34;42m~[0m[0;34;42m~[0m[0;34;42m~[0m[0;34;42m~[0m[0;34;42m~[0m[0;34;42m~[0m[0;34;42m~[0m[0;34;42m~[0m[0;34;42m~[0m[0;34;42m~[0m[0;34;42m~[0m[0;34;42m~[0m[0;34;42m~[0m[0;34;42m~[0m[0;34;42m~[0m[0;34;42m~[0m[0;34;42m~[0m[0;34;42m~[0m[0;34;42m~[0m[0;34;42m~[0m[0;34;42m~[0m[0;34;42m~[0m[0;34;42m~[0m[0;34;42m~[0m[0;34;42m~[0m[0;34;42m~[0m[0;34;42m~[0m[0;34;42m~[0m[0;34;42m~[0m[0;34;42m~[0m[0;34;42m~[0m[0;34;42m~[0m[0;34;42m~[0m[0;34;42m~[0m[0;34;42m~[0m[0;34;42m~[0m[0;34;42m~[0m[0;34;42m~[0m[0;34;42m~[0m[0;34;42m~[0m[0;34;42m~[0m[0;34;42m~[0m[0;34;42m~[0m[0;34;42m~[0m[0;34;42m~[0m[0;34;42m~[0m[0;34;42m~[0m[0;34;42m~[0m[0;34;42m~[0m[0;34;42m~[0m[0;34;42m~[0m[0;34;42m~[0m[0;34;42m~[0m[0;34;42m~[0m[0;34;42m~[0m[0;34;42m~[0m[0;34;42m~[0m[0;34;42m~[0m[0;34;42m~[0m[0;34;42m~[0m[0;34;42m~[0m[0;34;42m~[0m[0;34;42m~[0m[0;34;42m~[0m[0;34;42m~[0m[0;34;42m~[0m[0;34;42m~[0m[0;34;42m~[0m[0;34;42m~[0m[0;34;42m~[0m[0;34;42m~[0m[0;34;42m~[0m[0;34;42m~[0m[0;34;42m~[0m[0;34;42m~[0m[0;34;42m~[0m[0;34;42m~[0m[0;34;42m~[0m[0;34;42m~[0m[0;34;42m~[0m[0;34;42m~[0m[0;34;42m~[0m[0;34;42m~[0m[0;34;42m~[0m[0;34;42m~[0m[0;34;42m~[0m[0;34;42m~[0m[0;34;42m~[0m[0;34;42m~[0m[0;34;42m~[0m[0;34;42m~[0m[0;34;42m~[0m[0;34;42m~[0m[0;34;42m~[0m[0;34;42m~[0m[0;34;42m~[0m[0;34;42m~[0m[0;34;42m~[0m[0;34;42m~[0m[0;34;42m~[0m[0;34;42m~[0m[0;34;42m~[0m[0;34;42m~[0m[0;34;42m~[0m[0;34;42m~[0m[0;34;42m~[0m[0;34;42m~[0m[0;34;42m~[0m[0;34;42m~[0m
[0;34;42m~[0m[0;30;47m [0m[0;30;47m [0m[0;30;47m [0m[0;30;47m [0m[0;30;47m [0m[0;30;47m [0m[0;30;47m [0m[0;30;47m [0m[0;30;47m [0m[0;30;47m [0m[0;30;47m [0m[0;30;47m [0m[0;30;47m [0m[0;30;47m [0m[0;30;47m [0m[0;30;47m [0m[0;30;47m [0m[0;30;47m [0m[0;30;47m [0m[0;30;47m [0m[0;30;47m [0m[0;30;47m [0m[0;30;47m [0m[0;30;47m [0m[0;30;47m [0m[0;30;47m [0m[0;30;47m [0m[0;30;47m [0m[0;30;47m [0m[0;30;47m [0m[0;30;47m [0m[0;30;47m [0m[0;30;47m [0m[0;30;47m [0m[0;30;47m [0m[0;30;47m [0m[0;30;47m [0m[0;30;47m [0m[0;30;47m [0m[0;30;47m [0m[0;30;47m [0m[0;30;47m [0m[0;30;47m [0m[0;30;47m [0m[0;30;47m [0m[0;30;47m [0m[0;30;47m [0m[0;30;47m [0m[0;30;47m [0m[0;30;47m [0m[0;30;47m [0m[0;30;47m [0m[0;30;47m [0m[0;30;47m [0m[0;30;47m [0m[0;30;47m [0m[0;30;47m [0m[0;30;47m [0m[0;30;47m [0m[0;30;47m [0m[0;30;47m [0m[0;30;47m [0m[0;30;47m [0m[0;30;47m [0m[0;30;47m [0m[0;30;47m [0m[0;30;47m [0m[0;30;47m [0m[0;30;47m [0m[0;30;47m [0m[0;30;47m [0m[0;30;47m [0m[0;30;47m [0m[0;30;47m [0m[0;30;47m [0m[0;30;47m [0m[0;30;47m [0m[0;30;47m [0m[0;30;47m [0m[0;30;47m [0m[0;30;47m [0m[0;30;47m [0m[0;30;47m [0m[0;30;47m [0m[0;30;47m [0m[0;30;47m [0m[0;30;47m [0m[0;30;47m [0m[0;30;47m [0m[0;30;47m [0m[0;30;47m [0m[0;30;47m [0m[0;30;47m [0m[0;30;47m [0m[0;30;47m [0m[0;30;47m [0m[0;30;47m [0m[0;30;47m [0m[0;30;47m [0m[0;30;47m [0m[0;30;47m [0m[0;30;47m [0m[0;30;47m [0m[0;30;47m [0m[0;30;47m [0m[0;30;47m [0m[0;30;47m [0m[0;30;47m [0m[0;34;42m~[0m
[0;34;42m~[0m[0;30;47m [0m[0;30;47m [0m[0;30;47m [0m[0;30;47m [0m[0;30;47m [0m[0;30;47m [0m[0;30;47m [0m[0;30;47m [0m[0;30;47m [0m[0;30;47m [0m[0;30;47m [0m[0;30;47m [0m[0;30;47m [0m[0;30;47m [0m[0;30;47m [0m[0;30;47m [0m[0;30;47m [0m[0;30;47m [0m[0;30;47m [0m[0;30;47m [0m[0;30;47m [0m[0;30;47m [0m[0;30;47m [0m[0;30;47m [0m[0;30;47m [0m[0;30;47m [0m[0;30;47m [0m[0;30;47m [0m[0;30;47m [0m[0;30;47m [0m[0;30;47m [0m[0;30;47m [0m[0;30;47m [0m[0;30;47m [0m[0;30;47m [0m[0;30;47m [0m[0;30;47m [0m[0;30;47m [0m[0;30;47m [0m[0;30;47m [0m[0;30;47m [0m[0;30;47m [0m[0;30;47m [0m[0;30;47m [0m[0;30;47m [0m[0;30;47m [0m[0;30;47m [0m[0;30;47m [0m[0;30;47m [0m[0;30;47m [0m[0;30;47m [0m[0;30;47m [0m[0;30;47m [0m[0;30;47m [0m[0;30;47m [0m[0;30;47m [0m[0;30;47m [0m[0;30;47m [0m[0;30;47m [0m[0;30;47m [0m[0;30;47m [0m[0;30;47m [0m[0;30;47m [0m[0;30;47m [0m[0;30;47m [0m[0;30;47m [0m[0;30;47m [0m[0;30;47m [0m[0;30;47m [0m[0;30;47m [0m[0;30;47m [0m[0;30;47m [0m[0;30;47m [0m[0;30;47m [0m[0;30;47m [0m[0;30;47m [0m[0;30;47m [0m[0;30;47m [0m[0;30;47m [0m[0;30;47m [0m[0;30;47m [0m[0;30;47m [0m[0;30;47m [0m[0;30;47m [0m[0;30;47m [0m[0;30;47m [0m[0;30;47m [0m[0;30;47m [0m[0;30;47m [0m[0;30;47m [0m[0;30;47m [0m[0;30;47m [0m[0;30;47m [0m[0;30;47m [0m[0;30;47m [0m[0;30;47m [0m[0;30;47m [0m[0;30;47m [0m[0;30;47m [0m[0;30;47m [0m[0;30;47m [0m[0;30;47m [0m[0;30;47m [0m[0;30;47m [0m[0;30;47m [0m[0;30;47m [0m[0;30;47m [0m[0;30;47m [0m[0;34;42m~[0m
[0;34;42m~[0m[0;30;47m [0m[0;30;47m [0m[0;30;47m [0m[0;30;47m [0m[0;30;47m [0m[0;30;47m [0m[0;30;47m [0m[0;30;47m [0m[0;30;47m [0m[0;30;47m [0m[0;30;47m [0m[0;30;47m [0m[0;30;47m [0m[0;30;47m [0m[0;30;47m [0m[0;30;47m [0m[0;30;47m [0m[0;30;47m [0m[0;30;47m [0m[0;30;47m [0m[0;30;47m [0m[0;30;47m [0m[0;30;47m [0m[0;30;47m [0m[0;30;47m [0m[0;30;47m [0m[0;30;47m [0m[0;30;47m [0m[0;30;47m [0m[0;30;47m [0m[0;30;47m [0m[0;30;47m [0m[0;30;47m [0m[0;30;47m [0m[0;30;47m [0m[0;30;47m [0m[0;30;47m [0m[0;30;47m [0m[0;30;47m [0m[0;30;47m [0m[0;30;47m [0m[0;30;47m [0m[0;30;47m [0m[0;30;47m [0m[0;30;47m [0m[0;30;47m [0m[0;30;47m [0m[0;30;47m [0m[0;30;47m [0m[0;30;47m [0m[0;30;47m [0m[0;30;47m [0m[0;30;47m [0m[0;30;47m [0m[0;30;47m [0m[0;30;47m [0m[0;30;47m [0m[0;30;47m [0m[0;30;47m [0m[0;30;47m [0m[0;30;47m [0m[0;30;47m [0m[0;30;47m [0m[0;30;47m [0m[0;30;47m [0m[0;30;47m [0m[0;30;47m [0m[0;30;47m [0m[0;30;47m [0m[0;30;47m [0m[0;30;47m [0m[0;30;47m [0m[0;30;47m [0m[0;30;47m [0m[0;30;47m [0m[0;30;47m [0m[0;30;47m [0m[0;30;47m [0m[0;30;47m [0m[0;30;47m [0m[0;30;47m [0m[0;30;47m [0m[0;30;47m [0m[0;30;47m [0m[0;30;47m [0m[0;30;47m [0m[0;30;47m [0m[0;30;47m [0m[0;30;47m [0m[0;30;47m [0m[0;30;47m [0m[0;30;47m [0m[0;30;47m [0m[0;30;47m [0m[0;30;47m [0m[0;30;47m [0m[0;30;47m [0m[0;30;47m [0m[0;30;47m [0m[0;30;47m [0m[0;30;47m [0m[0;30;47m [0m[0;30;47m [0m[0;30;47m [0m[0;30;47m [0m[0;30;47m [0m[0;30;47m [0m[0;30;47m [0m[0;34;42m~[0m
prompt:> [2J
[0;34;46m~[0m[0;34;46m~[0m[0;34;46m~[0m[0;34;46m~[0m[0;34;46m~[0m[0;34;46m~[0m[0;34;46m~[0m[0;34;46m~[0m[0;34;46m~[0m[0;34;46m~[0m[0;34;46m~[0m[0;34;46m~[0m[0;34;46m~[0m[0;34;46m~[0m[0;34;46m~[0m[0;34;46m~[0m[0;34;46m~[0m[0;34;46m~[0m[0;34;46m~[0m[0;34;46m~[0m[0;34;46m~[0m[0;34;46m~[0m[0;34;46m~[0m[0;34;46m~[0m[0;34;46m~[0m[0;34;46m~[0m[0;34;46m~[0m[0;34;46m~[0m[0;34;46m~[0m[0;34;46m~[0m[0;34;46m~[0m[0;34;46m~[0m[0;34;46m~[0m[0;34;46m~[0m[0;34;46m~[0m[0;34;46m~[0m[0;34;46m~[0m[0;34;46m~[0m[0;34;46m~[0m[0;34;46m~[0m[0;34;46m~[0m[0;34;46m~[0m[0;34;46m~[0m[0;34;46m~[0m[0;34;46m~[0m[0;34;46m~[0m[0;34;46m~[0m[0;34;46m~[0m[0;34;46m~[0m[0;34;46m~[0m[0;34;46m~[0m[0;34;46m~[0m[0;34;46m~[0m[0;34;46m~[0m[0;34;46m~[0m[0;34;46m~[0m[0;34;46m~[0m[0;34;46m~[0m[0;34;46m~[0m[0;34;46m~[0m[0;34;46m~[0m[0;34;46m~[0m[0;34;46m~[0m[0;34;46m~[0m[0;34;46m~[0m[0;34;46m~[0m[0;34;46m~[0m[0;34;46m~[0m[0;34;46m~[0m[0;34;46m~[0m[0;34;46m~[0m[0;34;46m~[0m[0;34;46m~[0m[0;34;46m~[0m[0;34;46m~[0m[0;34;46m~[0m[0;34;46m~[0m[0;34;46m~[0m[0;34;46m~[0m[0;34;46m~[0m[0;34;46m~[0m[0;34;46m~[0m[0;34;46m~[0m[0;34;46m~[0m[0;34;46m~[0m[0;34;46m~[0m[0;34;46m~[0m[0;34;46m~[0m[0;34;46m~[0m[0;34;46m~[0m[0;34;46m~[0m[0;34;46m~[0m[0;34;46m~[0m[0;34;46m~[0m[0;34;46m~[0m[0;34;46m~[0m[0;34;46m~[0m[0;34;46m~[0m[0;34;46m~[0m[0;34;46m~[0m[0;34;46m~[0m[0;34;46m~[0m[0;34;46m~[0m[0;34;46m~[0m[0;34;46m~[0m[0;34;46m~[0m[0;34;46m~[0m[0;34;46m~[0m[0;34;46m~[0m[0;34;46m~[0m
[0;34;46m~[0m[0;30;47m [0m[0;30;47m [0m[0;30;47m [0m[0;30;47m [0m[0;30;47m [0m[0;30;47m [0m[0;30;47m [0m[0;30;47m [0m[0;30;47m [0m[0;30;47m [0m[0;30;47m [0m[0;30;47m [0m[0;30;47m [0m[0;30;47m [0m[0;30;47m [0m[0;30;47m [0m[0;30;47m [0m[0;30;47m [0m[0;30;47m [0m[0;30;47m [0m[0;30;47m [0m[0;30;47m+[0m[0;30;47m-[0m[0;30;47m-[0m[0;30;47m-[0m[0;30;47m-[0m[0;30;47m-[0m[0;30;47m-[0m[0;30;47m-[0m[0;30;47m-[0m[0;30;47m-[0m[0;30;47m-[0m[0;30;47m-[0m[0;30;47m-[0m[0;30;47m-[0m[0;30;47m-[0m[0;30;47m-[0m[0;30;47m+[0m[0;30;47m [0m[0;30;47m [0m[0;30;47m [0m[0;30;47m [0m[0;30;47m [0m[0;30;47m [0m[0;30;47m [0m[0;30;47m [0m[0;30;47m [0m[0;30;47m [0m[0;30;47m [0m[0;30;47m [0m[0;30;47m [0m[0;30;47m [0m[0;30;47m [0m[0;30;47m [0m[0;30;47m [0m[0;30;47m [0m[0;30;47m [0m[0;30;47m [0m[0;30;47m [0m[0;30;47m [0m[0;30;47m [0m[0;30;47m [0m[0;34;46m~[0m[0;30;47m [0m[0;30;47m [0m[0;30;47m=[0m[0;30;47m=[0m[0;30;47m=[0m[0;30;47m=[0m[0;30;47m=[0m[0;30;47m=[0m[0;30;47m=[0m[0;30;47m=[0m[0;30;47m=[0m[0;30;47m=[0m[0;30;47m=[0m[0;30;47m=[0m[0;30;47m=[0m[0;30;47m=[0m[0;30;47m=[0m[0;30;47m=[0m[0;30;47m=[0m[0;30;47m=[0m[0;30;47m=[0m[0;30;47m=[0m[0;30;47m=[0m[0;30;47m=[0m[0;30;47m=[0m[0;30;47m=[0m[0;30;47m=[0m[0;30;47m=[0m[0;30;47m=[0m[0;30;47m=[0m[0;30;47m=[0m[0;30;47m=[0m[0;30;47m=[0m[0;30;47m=[0m[0;30;47m=[0m[0;30;47m=[0m[0;30;47m=[0m[0;30;47m=[0m[0;30;47m=[0m[0;30;47m=[0m[0;30;47m=[0m[0;30;47m=[0m[0;30;47m=[0m[0;30;47m [0m[0;30;47m [0m[0;34;46m~[0m
[0;34;46m~[0m[0;30;47m [0m[0;30;47m [0m[0;30;47m [0m[0;30;47m [0m[0;30;47m [0m[0;30;47m [0m[0;30;47m [0m[0;30;47m [0m[0;30;47m [0m[0;30;47m [0m[0;30;47m [0m[0;30;47m [0m[0;30;47m [0m[0;30;47m [0m[0;30;47m [0m[0;30;47m [0m[0;30;47m [0m[0;30;47m [0m[0;30;47m [0m[0;30;47m [0m[0;30;47m [0m[0;30;47m|[0m[0;30;47m [0m[0;30;47m^[0m[0;30;47mE[0m[0;30;47m>[0m[0;30;47m [0m[0;30;47m [0m[0;30;47m\[0m[0;30;47mS[0m[0;30;47me[0m[0;30;47m/[0m[0;30;47m [0m[0;30;47m [0m[0;30;47m [0m[0;30;47m1[0m[0;30;47m1[0m[0;30;47m|[0m[0;30;47m [0m[0;30;47m [0m[0;30;47m [0m[0;30;47m [0m[0;30;47m [0m[0;30;47m [0m[0;30;47m [0m[0;30;47m [0m[0;30;47m [0m[0;30;47m [0m[0;30;47m [0m[0;30;47m [0m[0;30;47m [0m[0;30;47m [0m[0;30;47m [0m[0;30;47m [0m[0;30;47m [0m[0;30;47m [0m[0;30;47m [0m[0;30;47m [0m[0;30;47m [0m[0;30;47m [0m[0;30;47m [0m[0;30;47m [0m[0;34;46m~[0m[0;30;47m [0m[0;30;47m [0m[0;30;47m [0m[0;30;47m [0m[0;30;47mP[0m[0;30;47mL[0m[0;30;47mA[0m[0;30;47mY[0m[0;30;47mE[0m[0;30;47mR[0m[0;30;47m [0m[0;30;47m1[0m[0;30;47m [0m[0;30;47mS[0m[0;30;47mT[0m[0;30;47mA[0m[0;30;47mT[0m[0;30;47mU[0m[0;30;47mS[0m[0;30;47m [0m[0;30;47m [0m[0;30;47m [0m[0;30;47m|[0m[0;30;47m [0m[0;30;47m [0m[0;30;47m [0m[0;30;47mH[0m[0;30;47mE[0m[0;30;47mA[0m[0;30;47mL[0m[0;30;47mT[0m[0;30;47mH[0m[0;30;47m:[0m[0;30;47m [0m[0;30;47m5[0m[0;30;47m [0m[0;30;47mp[0m[0;30;47mt[0m[0;30;47ms[0m[0;30;47m [0m[0;30;47m [0m[0;30;47m [0m[0;30;47m [0m[0;30;47m [0m[0;30;47m [0m[0;34;46m~[0m
[0;34;46m~[0m[0;30;47m [0m[0;30;47m [0m[0;30;47m [0m[0;30;47m [0m[0;30;47m [0m[0;30;47m [0m[0;30;47m [0m[0;30;47m [0m[0;30;47m [0m[0;30;47m [0m[0;30;47m [0m[0;30;47m [0m[0;30;47m [0m[0;30;47m [0m[0;30;47m [0m[0;30;47m [0m[0;30;47m [0m[0;30;47m [0m[0;30;47m [0m[0;30;47m [0m[0;30;47m [0m[0;30;47m|[0m[0;30;47m [0m[0;30;47m [0m[0;30;47m [0m[0;30;47m [0m[0;30;47m.[0m[0;30;47m=[0m[0;30;47m=[0m[0;30;47m=[0m[0;30;47m.[0m[0;30;47m [0m[0;30;47m [0m[0;30;47m [0m[0;30;47m [0m[0;30;47m [0m[0;30;47m [0m[0;30;47m|[0m[0;30;47m [0m[0;30;47m [0m[0;30;47m [0m[0;30;47m [0m[0;30;47m [0m[0;30;47m [0m[0;30;47m [0m[0;30;47m [0m[0;30;47m [0m[0;30;47m [0m[0;30;47m [0m[0;30;47m [0m[0;30;47m [0m[0;30;47m [0m[0;30;47m [0m[0;30;47m [0m[0;30;47m [0m[0;30;47m [0m[0;30;47m [0m[0;30;47m [0m[0;30;47m [0m[0;30;47m [0m[0;30;47m [0m[0;30;47m [0m[0;34;46m~[0m[0;30;47m [0m[0;30;47m [0m[0;30;47m=[0m[0;30;47m=[0m[0;30;47m=[0m[0;30;47m=[0m[0;30;47m=[0m[0;30;47m=[0m[0;30;47m=[0m[0;30;47m=[0m[0;30;47m=[0m[0;30;47m=[0m[0;30;47m=[0m[0;30;47m=[0m[0;30;47m=[0m[0;30;47m=[0m[0;30;47m=[0m[0;30;47m=[0m[0;30;47m=[0m[0;30;47m=[0m[0;30;47m=[0m[0;30;47m=[0m[0;30;47m=[0m[0;30;47m=[0m[0;30;47m=[0m[0;30;47m=[0m[0;30;47m=[0m[0;30;47m=[0m[0;30;47m=[0m[0;30;47m=[0m[0;30;47m=[0m[0;30;47m=[0m[0;30;47m=[0m[0;30;47m=[0m[0;30;47m=[0m[0;30;47m=[0m[0;30;47m=[0m[0;30;47m=[0m[0;30;47m=[0m[0;30;47m=[0m[0;30;47m=[0m[0;30;47m=[0m[0;30;47m=[0m[0;30;47m [0m[0;30;47m [0m[0;34;46m~[0m
[0;34;46m~[0m[0;30;47m [0m[0;30;47m [0m[0;30;47m [0m[0;30;47m [0m[0;30;47m [0m[0;30;47m [0m[0;30;47m [0m[0;30;47m [0m[0;30;47m [0m[0;30;47m [0m[0;30;47m [0m[0;30;47m [0m[0;30;47m [0m[0;30;47m [0m[0;30;47m [0m[0;30;47m [0m[0;30;47m [0m[0;30;47m [0m[0;30;47m [0m[0;30;47m [0m[0;30;47m [0m[0;30;47m|[0m[0;30;47m [0m[0;30;47m [0m[0;30;47m [0m[0;30;47m [0m[0;30;47m[[0m[0;30;47m [0m[0;30;47m [0m[0;30;47m [0m[0;30;47m][0m[0;30;47m [0m[0;30;47m [0m[0;30;47m [0m[0;30;47m [0m[0;30;47m [0m[0;30;47m [0m[0;30;47m|[0m[0;30;47m [0m[0;30;47m [0m[0;30;47m [0m[0;30;47m [0m[0;30;47m [0m[0;30;47m [0m[0;30;47m [0m[0;30;47m [0m[0;30;47m [0m[0;30;47m [0m[0;30;47m [0m[0;30;47m [0m[0;30;47m [0m[0;30;47m [0m[0;30;47m [0m[0;30;47m [0m[0;30;47m [0m[0;30;47m [0m[0;30;47m [0m[0;30;47m [0m[0;30;47m [0m[0;30;47m [0m[0;30;47m [0m[0;30;47m [0m[0;34;46m~[0m[0;30;47m [0m[0;30;47m [0m[0;30;47m>[0m[0;30;47m [0m[0;30;47mC[0m[0;30;47mu[0m[0;30;47mr[0m[0;30;47mr[0m[0;30;47me[0m[0;30;47mn[0m[0;30;47mt[0m[0;30;47m [0m[0;30;47mL[0m[0;30;47mo[0m[0;30;47mc[0m[0;30;47ma[0m[0;30;47mt[0m[0;30;47mi[0m[0;30;47mo[0m[0;30;47mn[0m[0;30;47m [0m[0;30;47m:[0m[0;30;47m [0m[0;30;47m1[0m[0;30;47m1[0m[0;30;47m [0m[0;30;47m([0m[0;30;47mp[0m[0;30;47mi[0m[0;30;47mt[0m[0;30;47m)[0m[0;30;47m [0m[0;30;47m [0m[0;30;47m [0m[0;30;47m [0m[0;30;47m [0m[0;30;47m [0m[0;30;47m [0m[0;30;47m [0m[0;30;47m [0m[0;30;47m [0m[0;30;47m [0m[0;30;47m [0m[0;30;47m [0m[0;30;47m [0m[0;34;46m~[0m
[0;34;46m~[0m[0;30;47m [0m[0;30;47m [0m[0;30;47m [0m[0;30;47m [0m[0;30;47m [0m[0;30;47m [0m[0;30;47m [0m[0;30;47m [0m[0;30;47m [0m[0;30;47m [0m[0;30;47m [0m[0;30;47m [0m[0;30;47m [0m[0;30;47m [0m[0;30;47m [0m[0;30;47m [0m[0;30;47m [0m[0;30;47m [0m[0;30;47m [0m[0;30;47m [0m[0;30;47m [0m[0;30;47m|[0m[0;30;47m [0m[0;30;47m [0m[0;30;47m [0m[0;30;47m [0m[0;30;47m[[0m[0;30;47m [0m[0;30;47m [0m[0;30;47m [0m[0;30;47m][0m[0;30;47m [0m[0;30;47m [0m[0;30;47m [0m[0;30;47m [0m[0;30;47m [0m[0;30;47m [0m[0;30;47m|[0m[0;30;47m [0m[0;30;47m [0m[0;30;47m [0m[0;30;47m [0m[0;30;47m [0m[0;30;47m [0m[0;30;47m [0m[0;30;47m [0m[0;30;47m [0m[0;30;47m [0m[0;30;47m [0m[0;30;47m [0m[0;30;47m [0m[0;30;47m [0m[0;30;47m [0m[0;30;47m [0m[0;30;47m [0m[0;30;47m [0m[0;30;47m [0m[0;30;47m [0m[0;30;47m [0m[0;30;47m [0m[0;30;47m [0m[0;30;47m [0m[0;34;46m~[0m[0;30;47m [0m[0;30;47m [0m[0;30;47m>[0m[0;30;47m [0m[0;30;47mB[0m[0;30;47ma[0m[0;30;47mc[0m[0;30;47mk[0m[0;30;47mp[0m[0;30;47ma[0m[0;30;47mc[0m[0;30;47mk[0m[0;30;47m [0m[0;30;47m [0m[0;30;47m [0m[0;30;47m [0m[0;30;47m [0m[0;30;47m [0m[0;30;47m [0m[0;30;47m:[0m[0;30;47m [0m[0;30;47md[0m[0;30;47mi[0m[0;30;47mr[0m[0;30;47mk[0m[0;30;47m [0m[0;30;47m [0m[0;30;47m [0m[0;30;47m [0m[0;30;47m [0m[0;30;47m [0m[0;30;47m [0m[0;30;47m [0m[0;30;47m [0m[0;30;47m [0m[0;30;47m [0m[0;30;47m [0m[0;30;47m [0m[0;30;47m [0m[0;30;47m [0m[0;30;47m [0m[0;30;47m [0m[0;30;47m [0m[0;30;47m [0m[0;30;47m [0m[0;34;46m~[0m
[0;34;46m~[0m[0;30;47m [0m[0;30;47m [0m[0;30;47m [0m[0;30;47m [0m[0;30;47m [0m[0;30;47m [0m[0;30;47m [0m[0;30;47m [0m[0;30;47m [0m[0;30;47m [0m[0;30;47m [0m[0;30;47m [0m[0;30;47m [0m[0;30;47m [0m[0;30;47m [0m[0;30;47m [0m[0;30;47m [0m[0;30;47m [0m[0;30;47m [0m[0;30;47m [0m[0;30;47m [0m[0;30;47m|[0m[0;30;47m [0m[0;30;47m [0m[0;30;47m [0m[0;30;47m [0m[0;30;47m[[0m[0;30;47m [0m[0;30;47m [0m[0;30;47m [0m[0;30;47m][0m[0;30;47m [0m[0;30;47m [0m[0;30;47m [0m[0;30;47m [0m[0;30;47m [0m[0;30;47m [0m[0;30;47m|[0m[0;30;47m [0m[0;30;47m [0m[0;30;47m [0m[0;30;47m [0m[0;30;47m [0m[0;30;47m [0m[0;30;47m [0m[0;30;47m [0m[0;30;47m [0m[0;30;47m [0m[0;30;47m [0m[0;30;47m [0m[0;30;47m [0m[0;30;47m [0m[0;30;47m [0m[0;30;47m [0m[0;30;47m [0m[0;30;47m [0m[0;30;47m [0m[0;30;47m [0m[0;30;47m [0m[0;30;47m [0m[0;30;47m [0m[0;30;47m [0m[0;34;46m~[0m[0;30;47m [0m[0;30;47m [0m[0;30;47m-[0m[0;30;47m-[0m[0;30;47m-[0m[0;30;47m-[0m[0;30;47m-[0m[0;30;47m-[0m[0;30;47m-[0m[0;30;47m-[0m[0;30;47m-[0m[0;30;47m-[0m[0;30;47m-[0m[0;30;47m-[0m[0;30;47m-[0m[0;30;47m-[0m[0;30;47m-[0m[0;30;47m-[0m[0;30;47m-[0m[0;30;47m-[0m[0;30;47m-[0m[0;30;47m-[0m[0;30;47m-[0m[0;30;47m-[0m[0;30;47m-[0m[0;30;47m-[0m[0;30;47m-[0m[0;30;47m-[0m[0;30;47m-[0m[0;30;47m-[0m[0;30;47m-[0m[0;30;47m-[0m[0;30;47m-[0m[0;30;47m-[0m[0;30;47m-[0m[0;30;47m-[0m[0;30;47m-[0m[0;30;47m-[0m[0;30;47m-[0m[0;30;47m-[0m[0;30;47m-[0m[0;30;47m-[0m[0;30;47m-[0m[0;30;47m [0m[0;30;47m [0m[0;34;46m~[0m
[0;34;46m~[0m[0;30;47m [0m[0;30;47m [0m[0;30;47m [0m[0;30;47m [0m[0;30;47m [0m[0;30;47m [0m[0;30;47m [0m[0;30;47m [0m[0;30;47m [0m[0;30;47m [0m[0;30;47m [0m[0;30;47m [0m[0;30;47m [0m[0;30;47m [0m[0;30;47m [0m[0;30;47m [0m[0;30;47m [0m[0;30;47m [0m[0;30;47m [0m[0;30;47m [0m[0;30;47m [0m[0;30;47m|[0m[0;30;47m [0m[0;30;47m [0m[0;30;47m [0m[0;30;47m [0m[0;30;47m'[0m[0;30;47m=[0m[0;30;47m=[0m[0;30;47m=[0m[0;30;47m'[0m[0;30;47m [0m[0;30;47m [0m[0;30;47m [0m[0;30;47m [0m[0;30;47m [0m[0;30;47m [0m[0;30;47m|[0m[0;30;47m [0m[0;30;47m [0m[0;30;47m [0m[0;30;47m [0m[0;30;47m [0m[0;30;47m [0m[0;30;47m [0m[0;30;47m [0m[0;30;47m [0m[0;30;47m [0m[0;30;47m [0m[0;30;47m [0m[0;30;47m [0m[0;30;47m [0m[0;30;47m [0m[0;30;47m [0m[0;30;47m [0m[0;30;47m [0m[0;30;47m [0m[0;30;47m [0m[0;30;47m [0m[0;30;47m [0m[0;30;47m [0m[0;30;47m [0m[0;34;46m~[0m[0;30;47m [0m[0;30;47m [0m[0;30;47mV[0m[0;30;47mI[0m[0;30;47mS[0m[0;30;47mI[0m[0;30;47mB[0m[0;30;47mL[0m[0;30;47mE[0m[0;30;47m [0m[0;30;47mE[0m[0;30;47mN[0m[0;30;47mT[0m[0;30;47mI[0m[0;30;47mT[0m[0;30;47mI[0m[0;30;47mE[0m[0;30;47mS[0m[0;30;47m [0m[0;30;47m([0m[0;30;47mD[0m[0;30;47mi[0m[0;30;47ms[0m[0;30;47mc[0m[0;30;47mo[0m[0;30;47mv[0m[0;30;47me[0m[0;30;47mr[0m[0;30;47me[0m[0;30;47md[0m[0;30;47m [0m[0;30;47mS[0m[0;30;47mp[0m[0;30;47ma[0m[0;30;47mc[0m[0;30;47me[0m[0;30;47ms[0m[0;30;47m)[0m[0;30;47m:[0m[0;30;47m [0m[0;30;47m [0m[0;30;47m [0m[0;30;47m [0m[0;30;47m [0m[0;30;47m [0m[0;34;46m~[0m
[0;34;46m~[0m[0;30;47m [0m[0;30;47m [0m[0;30;47m [0m[0;30;47m [0m[0;30;47m [0m[0;30;47m [0m[0;30;47m [0m[0;30;47m [0m[0;30;47m [0m[0;30;47m [0m[0;30;47m [0m[0;30;47m [0m[0;30;47m [0m[0;30;47m [0m[0;30;47m [0m[0;30;47m [0m[0;30;47m [0m[0;30;47m [0m[0;30;47m [0m[0;30;47m [0m[0;30;47m [0m[0;30;47m|[0m[0;30;47mp[0m[0;30;47mo[0m[0;30;47mr[0m[0;30;47mt[0m[0;30;47ma[0m[0;30;47ml[0m[0;30;47m [0m[0;30;47m [0m[0;30;47m [0m[0;30;47m [0m[0;30;47m [0m[0;30;47m [0m[0;30;47m [0m[0;30;47m [0m[0;30;47m [0m[0;30;47m|[0m[0;30;47m [0m[0;30;47m [0m[0;30;47m [0m[0;30;47m [0m[0;30;47m [0m[0;30;47m [0m[0;30;47m [0m[0;30;47m [0m[0;30;47m [0m[0;30;47m [0m[0;30;47m [0m[0;30;47m [0m[0;30;47m [0m[0;30;47m [0m[0;30;47m [0m[0;30;47m [0m[0;30;47m [0m[0;30;47m [0m[0;30;47m [0m[0;30;47m [0m[0;30;47m [0m[0;30;47m [0m[0;30;47m [0m[0;30;47m [0m[0;34;46m~[0m[0;30;47m [0m[0;30;47m [0m[0;30;47m [0m[0;30;47m[[0m[0;30;47mO[0m[0;30;47mb[0m[0;30;47mj[0m[0;30;47m][0m[0;30;47m [0m[0;30;47ml[0m[0;30;47mi[0m[0;30;47md[0m[0;30;47m [0m[0;30;47m [0m[0;30;47m [0m[0;30;47m [0m[0;30;47m [0m[0;30;47m [0m[0;30;47m [0m[0;30;47m [0m[0;30;47ma[0m[0;30;47mt[0m[0;30;47m [0m[0;30;47mS[0m[0;30;47mp[0m[0;30;47ma[0m[0;30;47mc[0m[0;30;47me[0m[0;30;47m [0m[0;30;47m1[0m[0;30;47m2[0m[0;30;47m [0m[0;30;47m([0m[0;30;47mp[0m[0;30;47ma[0m[0;30;47mt[0m[0;30;47mh[0m[0;30;47m)[0m[0;30;47m [0m[0;30;47m [0m[0;30;47m [0m[0;30;47m [0m[0;30;47m [0m[0;30;47m [0m[0;30;47m [0m[0;34;46m~[0m
[0;34;46m~[0m[0;30;47m [0m[0;30;47m [0m[0;30;47m [0m[0;30;47m [0m[0;30;47m [0m[0;30;47m [0m[0;30;47m [0m[0;30;47m [0m[0;30;47m [0m[0;30;47m [0m[0;30;47m [0m[0;30;47m [0m[0;30;47m [0m[0;30;47m [0m[0;30;47m [0m[0;30;47m [0m[0;30;47m [0m[0;30;47m [0m[0;30;47m [0m[0;30;47m [0m[0;30;47m [0m[0;30;47m+[0m[0;30;47m-[0m[0;30;47m-[0m[0;30;47m-[0m[0;30;47m-[0m[0;30;47m-[0m[0;30;47m-[0m[0;30;47m-[0m[0;30;47m-[0m[0;30;47m-[0m[0;30;47m-[0m[0;30;47m-[0m[0;30;47m-[0m[0;30;47m-[0m[0;30;47m-[0m[0;30;47m-[0m[0;30;47m+[0m[0;30;47m [0m[0;30;47m [0m[0;30;47m [0m[0;30;47m [0m[0;30;47m [0m[0;30;47m [0m[0;30;47m [0m[0;30;47m [0m[0;30;47m [0m[0;30;47m [0m[0;30;47m [0m[0;30;47m [0m[0;30;47m [0m[0;30;47m [0m[0;30;47m [0m[0;30;47m [0m[0;30;47m [0m[0;30;47m [0m[0;30;47m [0m[0;30;47m [0m[0;30;47m [0m[0;30;47m [0m[0;30;47m [0m[0;30;47m [0m[0;34;46m~[0m[0;30;47m [0m[0;30;47m [0m[0;30;47m [0m[0;30;47m[[0m[0;30;47mO[0m[0;30;47mb[0m[0;30;47mj[0m[0;30;47m][0m[0;30;47m [0m[0;30;47mm[0m[0;30;47ma[0m[0;30;47mi[0m[0;30;47ml[0m[0;30;47m [0m[0;30;47m [0m[0;30;47m [0m[0;30;47m [0m[0;30;47m [0m[0;30;47m [0m[0;30;47m [0m[0;30;47ma[0m[0;30;47mt[0m[0;30;47m [0m[0;30;47mS[0m[0;30;47mp[0m[0;30;47ma[0m[0;30;47mc[0m[0;30;47me[0m[0;30;47m [0m[0;30;47m1[0m[0;30;47m3[0m[0;30;47m [0m[0;30;47m([0m[0;30;47mh[0m[0;30;47ma[0m[0;30;47ml[0m[0;30;47ml[0m[0;30;47m)[0m[0;30;47m [0m[0;30;47m [0m[0;30;47m [0m[0;30;47m [0m[0;30;47m [0m[0;30;47m [0m[0;30;47m [0m[0;34;46m~[0m
[0;34;46m~[0m[0;30;47m [0m[0;30;47m [0m[0;30;47m [0m[0;30;47m [0m[0;30;47m [0m[0;30;47m [0m[0;30;47m [0m[0;30;47m [0m[0;30;47m [0m[0;30;47m [0m[0;30;47m [0m[0;30;47m [0m[0;30;47m [0m[0;30;47m [0m[0;30;47m [0m[0;30;47m [0m[0;30;47m [0m[0;30;47m [0m[0;30;47m [0m[0;30;47m [0m[0;30;47m [0m[0;30;47m [0m[0;30;47m [0m[0;30;47m [0m[0;30;47m [0m[0;30;47m [0m[0;30;47m [0m[0;30;47m [0m[0;30;47m [0m[0;30;47mv[0m[0;30;47m [0m[0;30;47m [0m[0;30;47m [0m[0;30;47m [0m[0;30;47m [0m[0;30;47m [0m[0;30;47m [0m[0;30;47m [0m[0;30;47m [0m[0;30;47m [0m[0;30;47m [0m[0;30;47m [0m[0;30;47m [0m[0;30;47m [0m[0;30;47m [0m[0;30;47m [0m[0;30;47m [0m[0;30;47m [0m[0;30;47m [0m[0;30;47m [0m[0;30;47m [0m[0;30;47m [0m[0;30;47m [0m[0;30;47m [0m[0;30;47m [0m[0;30;47m [0m[0;30;47m [0m[0;30;47m [0m[0;30;47m [0m[0;30;47m [0m[0;30;47m [0m[0;30;47m [0m[0;34;46m~[0m[0;30;47m [0m[0;30;47m [0m[0;30;47m [0m[0;30;47m[[0m[0;30;47mO[0m[0;30;47mb[0m[0;30;47mj[0m[0;30;47m][0m[0;30;47m [0m[0;30;47mp[0m[0;30;47mo[0m[0;30;47mr[0m[0;30;47mt[0m[0;30;47ma[0m[0;30;47ml[0m[0;30;47m [0m[0;30;47m [0m[0;30;47m [0m[0;30;47m [0m[0;30;47m [0m[0;30;47ma[0m[0;30;47mt[0m[0;30;47m [0m[0;30;47mS[0m[0;30;47mp[0m[0;30;47ma[0m[0;30;47mc[0m[0;30;47me[0m[0;30;47m [0m[0;30;47m1[0m[0;30;47m1[0m[0;30;47m [0m[0;30;47m([0m[0;30;47mp[0m[0;30;47mi[0m[0;30;47mt[0m[0;30;47m)[0m[0;30;47m [0m[0;30;47m [0m[0;30;47m [0m[0;30;47m [0m[0;30;47m [0m[0;30;47m [0m[0;30;47m [0m[0;30;47m [0m[0;34;46m~[0m
[0;34;46m~[0m[0;30;47m [0m[0;30;47m [0m[0;30;47m [0m[0;30;47m [0m[0;30;47m [0m[0;30;47m [0m[0;30;47m [0m[0;30;47m [0m[0;30;47m [0m[0;30;47m [0m[0;30;47m [0m[0;30;47m [0m[0;30;47m [0m[0;30;47m [0m[0;30;47m [0m[0;30;47m [0m[0;30;47m [0m[0;30;47m [0m[0;30;47m [0m[0;30;47m [0m[0;30;47m [0m[0;30;47m+[0m[0;30;47m-[0m[0;30;47m-[0m[0;30;47m-[0m[0;30;47m-[0m[0;30;47m-[0m[0;30;47m-[0m[0;30;47m-[0m[0;30;47m-[0m[0;30;47m-[0m[0;30;47m-[0m[0;30;47m-[0m[0;30;47m-[0m[0;30;47m-[0m[0;30;47m-[0m[0;30;47m-[0m[0;30;47m+[0m[0;30;47m [0m[0;30;47m [0m[0;30;47m [0m[0;30;47m [0m[0;30;47m [0m[0;30;47m [0m[0;30;47m [0m[0;30;47m [0m[0;30;47m [0m[0;30;47m [0m[0;30;47m [0m[0;30;47m [0m[0;30;47m [0m[0;30;47m [0m[0;30;47m [0m[0;30;47m [0m[0;30;47m [0m[0;30;47m [0m[0;30;47m [0m[0;30;47m [0m[0;30;47m [0m[0;30;47m [0m[0;30;47m [0m[0;30;47m [0m[0;34;46m~[0m[0;30;47m [0m[0;30;47m [0m[0;30;47m [0m[0;30;47m[[0m[0;30;47mO[0m[0;30;47mb[0m[0;30;47mj[0m[0;30;47m][0m[0;30;47m [0m[0;30;47mc[0m[0;30;47mo[0m[0;30;47mi[0m[0;30;47mn[0m[0;30;47m [0m[0;30;47m [0m[0;30;47m [0m[0;30;47m [0m[0;30;47m [0m[0;30;47m [0m[0;30;47m [0m[0;30;47ma[0m[0;30;47mt[0m[0;30;47m [0m[0;30;47mS[0m[0;30;47mp[0m[0;30;47ma[0m[0;30;47mc[0m[0;30;47me[0m[0;30;47m [0m[0;30;47m1[0m[0;30;47m2[0m[0;30;47m [0m[0;30;47m([0m[0;30;47mp[0m[0;30;47ma[0m[0;30;47mt[0m[0;30;47mh[0m[0;30;47m)[0m[0;30;47m [0m[0;30;47m [0m[0;30;47m [0m[0;30;47m [0m[0;30;47m [0m[0;30;47m [0m[0;30;47m [0m[0;34;46m~[0m
[0;34;46m~[0m[0;30;47m [0m[0;30;47m [0m[0;30;47m [0m[0;30;47m [0m[0;30;47m [0m[0;30;47m [0m[0;30;47m [0m[0;30;47m [0m[0;30;47m [0m[0;30;47m [0m[0;30;47m [0m[0;30;47m [0m[0;30;47m [0m[0;30;47m [0m[0;30;47m [0m[0;30;47m [0m[0;30;47m [0m[0;30;47m [0m[0;30;47m [0m[0;30;47m [0m[0;30;47m [0m[0;30;47m|[0m[0;30;47m [0m[0;30;47m [0m[0;30;47m [0m[0;30;47m [0m[0;30;47m [0m[0;30;47m [0m[0;30;47m\[0m[0;30;47mV[0m[0;30;47mo[0m[0;30;47m/[0m[0;30;47m [0m[0;30;47m [0m[0;30;47m [0m[0;30;47m1[0m[0;30;47m2[0m[0;30;47m|[0m[0;30;47m [0m[0;30;47m [0m[0;30;47m [0m[0;30;47m [0m[0;30;47m [0m[0;30;47m [0m[0;30;47m [0m[0;30;47m [0m[0;30;47m [0m[0;30;47m [0m[0;30;47m [0m[0;30;47m [0m[0;30;47m [0m[0;30;47m [0m[0;30;47m [0m[0;30;47m [0m[0;30;47m [0m[0;30;47m [0m[0;30;47m [0m[0;30;47m [0m[0;30;47m [0m[0;30;47m [0m[0;30;47m [0m[0;30;47m [0m[0;34;46m~[0m[0;30;47m [0m[0;30;47m [0m[0;30;47m [0m[0;30;47m[[0m[0;30;47mO[0m[0;30;47mb[0m[0;30;47mj[0m[0;30;47m][0m[0;30;47m [0m[0;30;47mc[0m[0;30;47mu[0m[0;30;47mp[0m[0;30;47m [0m[0;30;47m [0m[0;30;47m [0m[0;30;47m [0m[0;30;47m [0m[0;30;47m [0m[0;30;47m [0m[0;30;47m [0m[0;30;47ma[0m[0;30;47mt[0m[0;30;47m [0m[0;30;47mS[0m[0;30;47mp[0m[0;30;47ma[0m[0;30;47mc[0m[0;30;47me[0m[0;30;47m [0m[0;30;47m1[0m[0;30;47m3[0m[0;30;47m [0m[0;30;47m([0m[0;30;47mh[0m[0;30;47ma[0m[0;30;47ml[0m[0;30;47ml[0m[0;30;47m)[0m[0;30;47m [0m[0;30;47m [0m[0;30;47m [0m[0;30;47m [0m[0;30;47m [0m[0;30;47m [0m[0;30;47m [0m[0;34;46m~[0m
[0;34;46m~[0m[0;30;47m [0m[0;30;47m [0m[0;30;47m [0m[0;30;47m [0m[0;30;47m [0m[0;30;47m [0m[0;30;47m [0m[0;30;47m [0m[0;30;47m [0m[0;30;47m [0m[0;30;47m [0m[0;30;47m [0m[0;30;47m [0m[0;30;47m [0m[0;30;47m [0m[0;30;47m [0m[0;30;47m [0m[0;30;47m [0m[0;30;47m [0m[0;30;47m [0m[0;30;47m [0m[0;30;47m|[0m[0;30;47m [0m[0;30;47m [0m[0;30;47m [0m[0;30;47m [0m[0;30;47m#[0m[0;30;47m_[0m[0;30;47m_[0m[0;30;47m_[0m[0;30;47m#[0m[0;30;47m [0m[0;30;47m [0m[0;30;47m [0m[0;30;47m [0m[0;30;47m [0m[0;30;47m [0m[0;30;47m|[0m[0;30;47m [0m[0;30;47m [0m[0;30;47m [0m[0;30;47m [0m[0;30;47m [0m[0;30;47m [0m[0;30;47m [0m[0;30;47m [0m[0;30;47m [0m[0;30;47m [0m[0;30;47m [0m[0;30;47m [0m[0;30;47m [0m[0;30;47m [0m[0;30;47m [0m[0;30;47m [0m[0;30;47m [0m[0;30;47m [0m[0;30;47m [0m[0;30;47m [0m[0;30;47m [0m[0;30;47m [0m[0;30;47m [0m[0;30;47m [0m[0;34;46m~[0m[0;30;47m [0m[0;30;47m [0m[0;30;47m [0m[0;30;47m[[0m[0;30;47mC[0m[0;30;47mh[0m[0;30;47mr[0m[0;30;47m][0m[0;30;47m [0m[0;30;47m [0m[0;30;47m\[0m[0;30;47mV[0m[0;30;47mo[0m[0;30;47m/[0m[0;30;47m [0m[0;30;47m [0m[0;30;47ma[0m[0;30;47mt[0m[0;30;47m [0m[0;30;47mS[0m[0;30;47mp[0m[0;30;47ma[0m[0;30;47mc[0m[0;30;47me[0m[0;30;47m [0m[0;30;47m1[0m[0;30;47m2[0m[0;30;47m [0m[0;30;47m([0m[0;30;47mp[0m[0;30;47ma[0m[0;30;47mt[0m[0;30;47mh[0m[0;30;47m)[0m[0;30;47m [0m[0;30;47m([0m[0;30;47mH[0m[0;30;47mP[0m[0;30;47m:[0m[0;30;47m5[0m[0;30;47m)[0m[0;30;47m [0m[0;30;47m [0m[0;30;47m [0m[0;30;47m [0m[0;34;46m~[0m
[0;34;46m~[0m[0;30;47m [0m[0;30;47m [0m[0;30;47m [0m[0;30;47m [0m[0;30;47m [0m[0;30;47m [0m[0;30;47m [0m[0;30;47m [0m[0;30;47m [0m[0;30;47m [0m[0;30;47m [0m[0;30;47m [0m[0;30;47m [0m[0;30;47m [0m[0;30;47m [0m[0;30;47m [0m[0;30;47m [0m[0;30;47m [0m[0;30;47m [0m[0;30;47m [0m[0;30;47m [0m[0;30;47m|[0m[0;30;47m [0m[0;30;47m [0m[0;30;47m [0m[0;30;47m [0m[0;30;47m#[0m[0;30;47m_[0m[0;30;47m_[0m[0;30;47m_[0m[0;30;47m#[0m[0;30;47m [0m[0;30;47m [0m[0;30;47m [0m[0;30;47m [0m[0;30;47m [0m[0;30;47m [0m[0;30;47m|[0m[0;30;47m [0m[0;30;47m [0m[0;30;47m [0m[0;30;47m [0m[0;30;47m [0m[0;30;47m [0m[0;30;47m [0m[0;30;47m [0m[0;30;47m [0m[0;30;47m [0m[0;30;47m [0m[0;30;47m [0m[0;30;47m [0m[0;30;47m [0m[0;30;47m [0m[0;30;47m [0m[0;30;47m [0m[0;30;47m [0m[0;30;47m [0m[0;30;47m [0m[0;30;47m [0m[0;30;47m [0m[0;30;47m [0m[0;30;47m [0m[0;34;46m~[0m[0;30;47m [0m[0;30;47m [0m[0;30;47m [0m[0;30;47m[[0m[0;30;47mC[0m[0;30;47mh[0m[0;30;47mr[0m[0;30;47m][0m[0;30;47m [0m[0;30;47m [0m[0;30;47m\[0m[0;30;47mS[0m[0;30;47me[0m[0;30;47m/[0m[0;30;47m [0m[0;30;47m [0m[0;30;47ma[0m[0;30;47mt[0m[0;30;47m [0m[0;30;47mS[0m[0;30;47mp[0m[0;30;47ma[0m[0;30;47mc[0m[0;30;47me[0m[0;30;47m [0m[0;30;47m1[0m[0;30;47m1[0m[0;30;47m [0m[0;30;47m([0m[0;30;47mp[0m[0;30;47mi[0m[0;30;47mt[0m[0;30;47m)[0m[0;30;47m [0m[0;30;47m([0m[0;30;47mH[0m[0;30;47mP[0m[0;30;47m:[0m[0;30;47m5[0m[0;30;47m)[0m[0;30;47m [0m[0;30;47m [0m[0;30;47m [0m[0;30;47m [0m[0;30;47m [0m[0;34;46m~[0m
[0;34;46m~[0m[0;30;47m [0m[0;30;47m [0m[0;30;47m [0m[0;30;47m [0m[0;30;47m [0m[0;30;47m [0m[0;30;47m [0m[0;30;47m [0m[0;30;47m [0m[0;30;47m [0m[0;30;47m [0m[0;30;47m [0m[0;30;47m [0m[0;30;47m [0m[0;30;47m [0m[0;30;47m [0m[0;30;47m [0m[0;30;47m [0m[0;30;47m [0m[0;30;47m [0m[0;30;47m [0m[0;30;47m|[0m[0;30;47m [0m[0;30;47m [0m[0;30;47m [0m[0;30;47m [0m[0;30;47m#[0m[0;30;47m_[0m[0;30;47m_[0m[0;30;47m_[0m[0;30;47m#[0m[0;30;47m [0m[0;30;47m [0m[0;30;47m [0m[0;30;47m [0m[0;30;47m [0m[0;30;47m [0m[0;30;47m|[0m[0;30;47m [0m[0;30;47m [0m[0;30;47m [0m[0;30;47m [0m[0;30;47m [0m[0;30;47m [0m[0;30;47m [0m[0;30;47m [0m[0;30;47m [0m[0;30;47m [0m[0;30;47m [0m[0;30;47m [0m[0;30;47m [0m[0;30;47m [0m[0;30;47m [0m[0;30;47m [0m[0;30;47m [0m[0;30;47m [0m[0;30;47m [0m[0;30;47m [0m[0;30;47m [0m[0;30;47m [0m[0;30;47m [0m[0;30;47m [0m[0;34;46m~[0m[0;30;47m [0m[0;30;47m [0m[0;30;47m-[0m[0;30;47m-[0m[0;30;47m-[0m[0;30;47m-[0m[0;30;47m-[0m[0;30;47m-[0m[0;30;47m-[0m[0;30;47m-[0m[0;30;47m-[0m[0;30;47m-[0m[0;30;47m-[0m[0;30;47m-[0m[0;30;47m-[0m[0;30;47m-[0m[0;30;47m-[0m[0;30;47m-[0m[0;30;47m-[0m[0;30;47m-[0m[0;30;47m-[0m[0;30;47m-[0m[0;30;47m-[0m[0;30;47m-[0m[0;30;47m-[0m[0;30;47m-[0m[0;30;47m-[0m[0;30;47m-[0m[0;30;47m-[0m[0;30;47m-[0m[0;30;47m-[0m[0;30;47m-[0m[0;30;47m-[0m[0;30;47m-[0m[0;30;47m-[0m[0;30;47m-[0m[0;30;47m-[0m[0;30;47m-[0m[0;30;47m-[0m[0;30;47m-[0m[0;30;47m-[0m[0;30;47m-[0m[0;30;47m-[0m[0;30;47m [0m[0;30;47m [0m[0;34;46m~[0m
[0;34;46m~[0m[0;30;47m [0m[0;30;47m [0m[0;30;47m [0m[0;30;47m [0m[0;30;47m [0m[0;30;47m [0m[0;30;47m [0m[0;30;47m [0m[0;30;47m [0m[0;30;47m [0m[0;30;47m [0m[0;30;47m [0m[0;30;47m [0m[0;30;47m [0m[0;30;47m [0m[0;30;47m [0m[0;30;47m [0m[0;30;47m [0m[0;30;47m [0m[0;30;47m [0m[0;30;47m [0m[0;30;47m|[0m[0;30;47m [0m[0;30;47m [0m[0;30;47m [0m[0;30;47m [0m[0;30;47m#[0m[0;30;47m_[0m[0;30;47m_[0m[0;30;47m_[0m[0;30;47m#[0m[0;30;47m [0m[0;30;47m [0m[0;30;47m [0m[0;30;47m [0m[0;30;47m [0m[0;30;47m [0m[0;30;47m|[0m[0;30;47m [0m[0;30;47m [0m[0;30;47m [0m[0;30;47m [0m[0;30;47m [0m[0;30;47m [0m[0;30;47m [0m[0;30;47m [0m[0;30;47m [0m[0;30;47m [0m[0;30;47m [0m[0;30;47m [0m[0;30;47m [0m[0;30;47m [0m[0;30;47m [0m[0;30;47m [0m[0;30;47m [0m[0;30;47m [0m[0;30;47m [0m[0;30;47m [0m[0;30;47m [0m[0;30;47m [0m[0;30;47m [0m[0;30;47m [0m[0;34;46m~[0m[0;30;47m [0m[0;30;47m [0m[0;30;47m [0m[0;30;47m [0m[0;30;47m [0m[0;30;47m [0m[0;30;47m [0m[0;30;47m [0m[0;30;47m [0m[0;30;47m [0m[0;30;47m [0m[0;30;47m [0m[0;30;47m [0m[0;30;47m [0m[0;30;47m [0m[0;30;47m [0m[0;30;47m [0m[0;30;47m [0m[0;30;47m [0m[0;30;47m [0m[0;30;47m [0m[0;30;47m [0m[0;30;47m [0m[0;30;47m [0m[0;30;47m [0m[0;30;47m [0m[0;30;47m [0m[0;30;47m [0m[0;30;47m [0m[0;30;47m [0m[0;30;47m [0m[0;30;47m [0m[0;30;47m [0m[0;30;47m [0m[0;30;47m [0m[0;30;47m [0m[0;30;47m [0m[0;30;47m [0m[0;30;47m [0m[0;30;47m [0m[0;30;47m [0m[0;30;47m [0m[0;30;47m [0m[0;30;47m [0m[0;30;47m [0m[0;34;46m~[0m
[0;34;46m~[0m[0;30;47m [0m[0;30;47m [0m[0;30;47m [0m[0;30;47m [0m[0;30;47m [0m[0;30;47m [0m[0;30;47m [0m[0;30;47m [0m[0;30;47m [0m[0;30;47m [0m[0;30;47m [0m[0;30;47m [0m[0;30;47m [0m[0;30;47m [0m[0;30;47m [0m[0;30;47m [0m[0;30;47m [0m[0;30;47m [0m[0;30;47m [0m[0;30;47m [0m[0;30;47m [0m[0;30;47m|[0m[0;30;47m [0m[0;30;47m [0m[0;30;47m [0m[0;30;47m [0m[0;30;47m#[0m[0;30;47m [0m[0;30;47m [0m[0;30;47m [0m[0;30;47m#[0m[0;30;47m [0m[0;30;47m [0m[0;30;47m [0m[0;30;47m [0m[0;30;47m [0m[0;30;47m [0m[0;30;47m|[0m[0;30;47m [0m[0;30;47m [0m[0;30;47m [0m[0;30;47m [0m[0;30;47m [0m[0;30;47m [0m[0;30;47m [0m[0;30;47m [0m[0;30;47m [0m[0;30;47m [0m[0;30;47m [0m[0;30;47m [0m[0;30;47m [0m[0;30;47m [0m[0;30;47m [0m[0;30;47m [0m[0;30;47m [0m[0;30;47m [0m[0;30;47m [0m[0;30;47m [0m[0;30;47m [0m[0;30;47m [0m[0;30;47m [0m[0;30;47m [0m[0;34;46m~[0m[0;30;47m [0m[0;30;47m [0m[0;30;47m [0m[0;30;47m [0m[0;30;47m [0m[0;30;47m [0m[0;30;47m [0m[0;30;47m [0m[0;30;47m [0m[0;30;47m [0m[0;30;47m [0m[0;30;47m [0m[0;30;47m [0m[0;30;47m [0m[0;30;47m [0m[0;30;47m [0m[0;30;47m [0m[0;30;47m [0m[0;30;47m [0m[0;30;47m [0m[0;30;47m [0m[0;30;47m [0m[0;30;47m [0m[0;30;47m [0m[0;30;47m [0m[0;30;47m [0m[0;30;47m [0m[0;30;47m [0m[0;30;47m [0m[0;30;47m [0m[0;30;47m [0m[0;30;47m [0m[0;30;47m [0m[0;30;47m [0m[0;30;47m [0m[0;30;47m [0m[0;30;47m [0m[0;30;47m [0m[0;30;47m [0m[0;30;47m [0m[0;30;47m [0m[0;30;47m [0m[0;30;47m [0m[0;30;47m [0m[0;30;47m [0m[0;34;46m~[0m
[0;34;46m~[0m[0;30;47m [0m[0;30;47m [0m[0;30;47m [0m[0;30;47m [0m[0;30;47m [0m[0;30;47m [0m[0;30;47m [0m[0;30;47m [0m[0;30;47m [0m[0;30;47m [0m[0;30;47m [0m[0;30;47m [0m[0;30;47m [0m[0;30;47m [0m[0;30;47m [0m[0;30;47m [0m[0;30;47m [0m[0;30;47m [0m[0;30;47m [0m[0;30;47m [0m[0;30;47m [0m[0;30;47m|[0m[0;30;47ml[0m[0;30;47mi[0m[0;30;47md[0m[0;30;47m,[0m[0;30;47mc[0m[0;30;47mo[0m[0;30;47mi[0m[0;30;47mn[0m[0;30;47m [0m[0;30;47m [0m[0;30;47m [0m[0;30;47m [0m[0;30;47m [0m[0;30;47m [0m[0;30;47m [0m[0;30;47m|[0m[0;30;47m [0m[0;30;47m [0m[0;30;47m [0m[0;30;47m [0m[0;30;47m [0m[0;30;47m [0m[0;30;47m [0m[0;30;47m [0m[0;30;47m [0m[0;30;47m [0m[0;30;47m [0m[0;30;47m [0m[0;30;47m [0m[0;30;47m [0m[0;30;47m [0m[0;30;47m [0m[0;30;47m [0m[0;30;47m [0m[0;30;47m [0m[0;30;47m [0m[0;30;47m [0m[0;30;47m [0m[0;30;47m [0m[0;30;47m [0m[0;34;46m~[0m[0;30;47m [0m[0;30;47m [0m[0;30;47m [0m[0;30;47m [0m[0;30;47m [0m[0;30;47m [0m[0;30;47m [0m[0;30;47m [0m[0;30;47m [0m[0;30;47m [0m[0;30;47m [0m[0;30;47m [0m[0;30;47m [0m[0;30;47m [0m[0;30;47m [0m[0;30;47m [0m[0;30;47m [0m[0;30;47m [0m[0;30;47m [0m[0;30;47m [0m[0;30;47m [0m[0;30;47m [0m[0;30;47m [0m[0;30;47m [0m[0;30;47m [0m[0;30;47m [0m[0;30;47m [0m[0;30;47m [0m[0;30;47m [0m[0;30;47m [0m[0;30;47m [0m[0;30;47m [0m[0;30;47m [0m[0;30;47m [0m[0;30;47m [0m[0;30;47m [0m[0;30;47m [0m[0;30;47m [0m[0;30;47m [0m[0;30;47m [0m[0;30;47m [0m[0;30;47m [0m[0;30;47m [0m[0;30;47m [0m[0;30;47m [0m[0;34;46m~[0m
[0;34;46m~[0m[0;30;47m [0m[0;30;47m [0m[0;30;47m [0m[0;30;47m [0m[0;30;47m [0m[0;30;47m [0m[0;30;47m [0m[0;30;47m [0m[0;30;47m [0m[0;30;47m [0m[0;30;47m [0m[0;30;47m [0m[0;30;47m [0m[0;30;47m [0m[0;30;47m [0m[0;30;47m [0m[0;30;47m [0m[0;30;47m [0m[0;30;47m [0m[0;30;47m [0m[0;30;47m [0m[0;30;47m+[0m[0;30;47m-[0m[0;30;47m-[0m[0;30;47m-[0m[0;30;47m-[0m[0;30;47m-[0m[0;30;47m-[0m[0;30;47m-[0m[0;30;47m-[0m[0;30;47m-[0m[0;30;47m-[0m[0;30;47m-[0m[0;30;47m-[0m[0;30;47m-[0m[0;30;47m-[0m[0;30;47m-[0m[0;30;47m+[0m[0;30;47m [0m[0;30;47m [0m[0;30;47m [0m[0;30;47m [0m[0;30;47m [0m[0;30;47m [0m[0;30;47m [0m[0;30;47m [0m[0;30;47m [0m[0;30;47m [0m[0;30;47m [0m[0;30;47m [0m[0;30;47m [0m[0;30;47m [0m[0;30;47m [0m[0;30;47m [0m[0;30;47m [0m[0;30;47m [0m[0;30;47m [0m[0;30;47m [0m[0;30;47m [0m[0;30;47m [0m[0;30;47m [0m[0;30;47m [0m[0;34;46m~[0m[0;30;47m [0m[0;30;47m [0m[0;30;47m [0m[0;30;47m [0m[0;30;47m [0m[0;30;47m [0m[0;30;47m [0m[0;30;47m [0m[0;30;47m [0m[0;30;47m [0m[0;30;47m [0m[0;30;47m [0m[0;30;47m [0m[0;30;47m [0m[0;30;47m [0m[0;30;47m [0m[0;30;47m [0m[0;30;47m [0m[0;30;47m [0m[0;30;47m [0m[0;30;47m [0m[0;30;47m [0m[0;30;47m [0m[0;30;47m [0m[0;30;47m [0m[0;30;47m [0m[0;30;47m [0m[0;30;47m [0m[0;30;47m [0m[0;30;47m [0m[0;30;47m [0m[0;30;47m [0m[0;30;47m [0m[0;30;47m [0m[0;30;47m [0m[0;30;47m [0m[0;30;47m [0m[0;30;47m [0m[0;30;47m [0m[0;30;47m [0m[0;30;47m [0m[0;30;47m [0m[0;30;47m [0m[0;30;47m [0m[0;30;47m [0m[0;34;46m~[0m
[0;34;46m~[0m[0;30;47m [0m[0;30;47m [0m[0;30;47m [0m[0;30;47m [0m[0;30;47m [0m[0;30;47m [0m[0;30;47m [0m[0;30;47m [0m[0;30;47m [0m[0;30;47m [0m[0;30;47m [0m[0;30;47m [0m[0;30;47m [0m[0;30;47m [0m[0;30;47m [0m[0;30;47m [0m[0;30;47m [0m[0;30;47m [0m[0;30;47m [0m[0;30;47m [0m[0;30;47m [0m[0;30;47m [0m[0;30;47m [0m[0;30;47m [0m[0;30;47m [0m[0;30;47m [0m[0;30;47m [0m[0;30;47m [0m[0;30;47m [0m[0;30;47m [0m[0;30;47m [0m[0;30;47m [0m[0;30;47m [0m[0;30;47m [0m[0;30;47m [0m[0;30;47m [0m[0;30;47m [0m[0;30;47m [0m[0;30;47m [0m[0;30;47m [0m[0;30;47m [0m[0;30;47m [0m[0;30;47m [0m[0;30;47m [0m[0;30;47m [0m[0;30;47m [0m[0;30;47m [0m[0;30;47m [0m[0;30;47m [0m[0;30;47m [0m[0;30;47m [0m[0;30;47m [0m[0;30;47m [0m[0;30;47m [0m[0;30;47m [0m[0;30;47m [0m[0;30;47m [0m[0;30;47m [0m[0;30;47m [0m[0;30;47m [0m[0;30;47m [0m[0;30;47m [0m[0;34;46m~[0m[0;30;47m [0m[0;30;47m [0m[0;30;47m [0m[0;30;47m [0m[0;30;47m [0m[0;30;47m [0m[0;30;47m [0m[0;30;47m [0m[0;30;47m [0m[0;30;47m [0m[0;30;47m [0m[0;30;47m [0m[0;30;47m [0m[0;30;47m [0m[0;30;47m [0m[0;30;47m [0m[0;30;47m [0m[0;30;47m [0m[0;30;47m [0m[0;30;47m [0m[0;30;47m [0m[0;30;47m [0m[0;30;47m [0m[0;30;47m [0m[0;30;47m [0m[0;30;47m [0m[0;30;47m [0m[0;30;47m [0m[0;30;47m [0m[0;30;47m [0m[0;30;47m [0m[0;30;47m [0m[0;30;47m [0m[0;30;47m [0m[0;30;47m [0m[0;30;47m [0m[0;30;47m [0m[0;30;47m [0m[0;30;47m [0m[0;30;47m [0m[0;30;47m [0m[0;30;47m [0m[0;30;47m [0m[0;30;47m [0m[0;30;47m [0m[0;34;46m~[0m
[0;34;46m~[0m[0;30;47m [0m[0;30;47m [0m[0;30;47m [0m[0;30;47m [0m[0;30;47m [0m[0;30;47m [0m[0;30;47m [0m[0;30;47m [0m[0;30;47m [0m[0;30;47m [0m[0;30;47m [0m[0;30;47m [0m[0;30;47m [0m[0;30;47m [0m[0;30;47m [0m[0;30;47m [0m[0;30;47m [0m[0;30;47m [0m[0;30;47m [0m[0;30;47m [0m[0;30;47m [0m[0;30;47m [0m[0;30;47m [0m[0;30;47m [0m[0;30;47m [0m[0;30;47m [0m[0;30;47m [0m[0;30;47m [0m[0;30;47m [0m[0;30;47m [0m[0;30;47m [0m[0;30;47m [0m[0;30;47m [0m[0;30;47m [0m[0;30;47m [0m[0;30;47m [0m[0;30;47m [0m[0;30;47m [0m[0;30;47m [0m[0;30;47m [0m[0;30;47m [0m[0;30;47m [0m[0;30;47m [0m[0;30;47m [0m[0;30;47m [0m[0;30;47m [0m[0;30;47m [0m[0;30;47m [0m[0;30;47m [0m[0;30;47m [0m[0;30;47m [0m[0;30;47m [0m[0;30;47m [0m[0;30;47m [0m[0;30;47m [0m[0;30;47m [0m[0;30;47m [0m[0;30;47m [0m[0;30;47m [0m[0;30;47m [0m[0;30;47m [0m[0;30;47m [0m[0;34;46m~[0m[0;30;47m [0m[0;30;47m [0m[0;30;47m [0m[0;30;47m [0m[0;30;47m [0m[0;30;47m [0m[0;30;47m [0m[0;30;47m [0m[0;30;47m [0m[0;30;47m [0m[0;30;47m [0m[0;30;47m [0m[0;30;47m [0m[0;30;47m [0m[0;30;47m [0m[0;30;47m [0m[0;30;47m [0m[0;30;47m [0m[0;30;47m [0m[0;30;47m [0m[0;30;47m [0m[0;30;47m [0m[0;30;47m [0m[0;30;47m [0m[0;30;47m [0m[0;30;47m [0m[0;30;47m [0m[0;30;47m [0m[0;30;47m [0m[0;30;47m [0m[0;30;47m [0m[0;30;47m [0m[0;30;47m [0m[0;30;47m [0m[0;30;47m [0m[0;30;47m [0m[0;30;47m [0m[0;30;47m [0m[0;30;47m [0m[0;30;47m [0m[0;30;47m [0m[0;30;47m [0m[0;30;47m [0m[0;30;47m [0m[0;30;47m [0m[0;34;46m~[0m
[0;34;46m~[0m[0;30;47m [0m[0;30;47m [0m[0;30;47m [0m[0;30;47m [0m[0;30;47m [0m[0;30;47m [0m[0;30;47m [0m[0;30;47m [0m[0;30;47m [0m[0;30;47m [0m[0;30;47m [0m[0;30;47m [0m[0;30;47m [0m[0;30;47m [0m[0;30;47m [0m[0;30;47m [0m[0;30;47m [0m[0;30;47m [0m[0;30;47m [0m[0;30;47m [0m[0;30;47m [0m[0;30;47m [0m[0;30;47m [0m[0;30;47m [0m[0;30;47m [0m[0;30;47m [0m[0;30;47m [0m[0;30;47m [0m[0;30;47m [0m[0;30;47m [0m[0;30;47m [0m[0;30;47m [0m[0;30;47m [0m[0;30;47m [0m[0;30;47m [0m[0;30;47m [0m[0;30;47m [0m[0;30;47m [0m[0;30;47m [0m[0;30;47m [0m[0;30;47m [0m[0;30;47m [0m[0;30;47m [0m[0;30;47m [0m[0;30;47m [0m[0;30;47m [0m[0;30;47m [0m[0;30;47m [0m[0;30;47m [0m[0;30;47m [0m[0;30;47m [0m[0;30;47m [0m[0;30;47m [0m[0;30;47m [0m[0;30;47m [0m[0;30;47m [0m[0;30;47m [0m[0;30;47m [0m[0;30;47m [0m[0;30;47m [0m[0;30;47m [0m[0;30;47m [0m[0;34;46m~[0m[0;30;47m [0m[0;30;47m [0m[0;30;47m [0m[0;30;47m [0m[0;30;47m [0m[0;30;47m [0m[0;30;47m [0m[0;30;47m [0m[0;30;47m [0m[0;30;47m [0m[0;30;47m [0m[0;30;47m [0m[0;30;47m [0m[0;30;47m [0m[0;30;47m [0m[0;30;47m [0m[0;30;47m [0m[0;30;47m [0m[0;30;47m [0m[0;30;47m [0m[0;30;47m [0m[0;30;47m [0m[0;30;47m [0m[0;30;47m [0m[0;30;47m [0m[0;30;47m [0m[0;30;47m [0m[0;30;47m [0m[0;30;47m [0m[0;30;47m [0m[0;30;47m [0m[0;30;47m [0m[0;30;47m [0m[0;30;47m [0m[0;30;47m [0m[0;30;47m [0m[0;30;47m [0m[0;30;47m [0m[0;30;47m [0m[0;30;47m [0m[0;30;47m [0m[0;30;47m [0m[0;30;47m [0m[0;30;47m [0m[0;30;47m [0m[0;34;46m~[0m
[0;34;46m~[0m[0;30;47m [0m[0;30;47m [0m[0;30;47m [0m[0;30;47m [0m[0;30;47m [0m[0;30;47m [0m[0;30;47m [0m[0;30;47m [0m[0;30;47m [0m[0;30;47m [0m[0;30;47m [0m[0;30;47m [0m[0;30;47m [0m[0;30;47m [0m[0;30;47m [0m[0;30;47m [0m[0;30;47m [0m[0;30;47m [0m[0;30;47m [0m[0;30;47m [0m[0;30;47m [0m[0;30;47m [0m[0;30;47m [0m[0;30;47m [0m[0;30;47m [0m[0;30;47m [0m[0;30;47m [0m[0;30;47m [0m[0;30;47m [0m[0;30;47m [0m[0;30;47m [0m[0;30;47m [0m[0;30;47m [0m[0;30;47m [0m[0;30;47m [0m[0;30;47m [0m[0;30;47m [0m[0;30;47m [0m[0;30;47m [0m[0;30;47m [0m[0;30;47m [0m[0;30;47m [0m[0;30;47m [0m[0;30;47m [0m[0;30;47m [0m[0;30;47m [0m[0;30;47m [0m[0;30;47m [0m[0;30;47m [0m[0;30;47m [0m[0;30;47m [0m[0;30;47m [0m[0;30;47m [0m[0;30;47m [0m[0;30;47m [0m[0;30;47m [0m[0;30;47m [0m[0;30;47m [0m[0;30;47m [0m[0;30;47m [0m[0;30;47m [0m[0;30;47m [0m[0;34;46m~[0m[0;30;47m [0m[0;30;47m [0m[0;30;47m [0m[0;30;47m [0m[0;30;47m [0m[0;30;47m [0m[0;30;47m [0m[0;30;47m [0m[0;30;47m [0m[0;30;47m [0m[0;30;47m [0m[0;30;47m [0m[0;30;47m [0m[0;30;47m [0m[0;30;47m [0m[0;30;47m [0m[0;30;47m [0m[0;30;47m [0m[0;30;47m [0m[0;30;47m [0m[0;30;47m [0m[0;30;47m [0m[0;30;47m [0m[0;30;47m [0m[0;30;47m [0m[0;30;47m [0m[0;30;47m [0m[0;30;47m [0m[0;30;47m [0m[0;30;47m [0m[0;30;47m [0m[0;30;47m [0m[0;30;47m [0m[0;30;47m [0m[0;30;47m [0m[0;30;47m [0m[0;30;47m [0m[0;30;47m [0m[0;30;47m [0m[0;30;47m [0m[0;30;47m [0m[0;30;47m [0m[0;30;47m [0m[0;30;47m [0m[0;30;47m [0m[0;34;46m~[0m
[0;34;46m~[0m[0;30;47m [0m[0;30;47m [0m[0;30;47m [0m[0;30;47m [0m[0;30;47m [0m[0;30;47m [0m[0;30;47m [0m[0;30;47m [0m[0;30;47m [0m[0;30;47m [0m[0;30;47m [0m[0;30;47m [0m[0;30;47m [0m[0;30;47m [0m[0;30;47m [0m[0;30;47m [0m[0;30;47m [0m[0;30;47m [0m[0;30;47m [0m[0;30;47m [0m[0;30;47m [0m[0;30;47m [0m[0;30;47m [0m[0;30;47m [0m[0;30;47m [0m[0;30;47m [0m[0;30;47m [0m[0;30;47m [0m[0;30;47m [0m[0;30;47m [0m[0;30;47m [0m[0;30;47m [0m[0;30;47m [0m[0;30;47m [0m[0;30;47m [0m[0;30;47m [0m[0;30;47m [0m[0;30;47m [0m[0;30;47m [0m[0;30;47m [0m[0;30;47m [0m[0;30;47m [0m[0;30;47m [0m[0;30;47m [0m[0;30;47m [0m[0;30;47m [0m[0;30;47m [0m[0;30;47m [0m[0;30;47m [0m[0;30;47m [0m[0;30;47m [0m[0;30;47m [0m[0;30;47m [0m[0;30;47m [0m[0;30;47m [0m[0;30;47m [0m[0;30;47m [0m[0;30;47m [0m[0;30;47m [0m[0;30;47m [0m[0;30;47m [0m[0;30;47m [0m[0;34;46m~[0m[0;30;47m [0m[0;30;47m [0m[0;30;47m [0m[0;30;47m [0m[0;30;47m [0m[0;30;47m [0m[0;30;47m [0m[0;30;47m [0m[0;30;47m [0m[0;30;47m [0m[0;30;47m [0m[0;30;47m [0m[0;30;47m [0m[0;30;47m [0m[0;30;47m [0m[0;30;47m [0m[0;30;47m [0m[0;30;47m [0m[0;30;47m [0m[0;30;47m [0m[0;30;47m [0m[0;30;47m [0m[0;30;47m [0m[0;30;47m [0m[0;30;47m [0m[0;30;47m [0m[0;30;47m [0m[0;30;47m [0m[0;30;47m [0m[0;30;47m [0m[0;30;47m [0m[0;30;47m [0m[0;30;47m [0m[0;30;47m [0m[0;30;47m [0m[0;30;47m [0m[0;30;47m [0m[0;30;47m [0m[0;30;47m [0m[0;30;47m [0m[0;30;47m [0m[0;30;47m [0m[0;30;47m [0m[0;30;47m [0m[0;30;47m [0m[0;34;46m~[0m
[0;34;46m~[0m[0;34;46m~[0m[0;34;46m~[0m[0;34;46m~[0m[0;34;46m~[0m[0;34;46m~[0m[0;34;46m~[0m[0;34;46m~[0m[0;34;46m~[0m[0;34;46m~[0m[0;34;46m~[0m[0;34;46m~[0m[0;34;46m~[0m[0;34;46m~[0m[0;34;46m~[0m[0;34;46m~[0m[0;34;46m~[0m[0;34;46m~[0m[0;34;46m~[0m[0;34;46m~[0m[0;34;46m~[0m[0;34;46m~[0m[0;34;46m~[0m[0;34;46m~[0m[0;34;46m~[0m[0;34;46m~[0m[0;34;46m~[0m[0;34;46m~[0m[0;34;46m~[0m[0;34;46m~[0m[0;34;46m~[0m[0;34;46m~[0m[0;34;46m~[0m[0;34;46m~[0m[0;34;46m~[0m[0;34;46m~[0m[0;34;46m~[0m[0;34;46m~[0m[0;34;46m~[0m[0;34;46m~[0m[0;34;46m~[0m[0;34;46m~[0m[0;34;46m~[0m[0;34;46m~[0m[0;34;46m~[0m[0;34;46m~[0m[0;34;46m~[0m[0;34;46m~[0m[0;34;46m~[0m[0;34;46m~[0m[0;34;46m~[0m[0;34;46m~[0m[0;34;46m~[0m[0;34;46m~[0m[0;34;46m~[0m[0;34;46m~[0m[0;34;46m~[0m[0;34;46m~[0m[0;34;46m~[0m[0;34;46m~[0m[0;34;46m~[0m[0;34;46m~[0m[0;34;46m~[0m[0;34;46m~[0m[0;34;46m~[0m[0;34;46m~[0m[0;34;46m~[0m[0;34;46m~[0m[0;34;46m~[0m[0;34;46m~[0m[0;34;46m~[0m[0;34;46m~[0m[0;34;46m~[0m[0;34;46m~[0m[0;34;46m~[0m[0;34;46m~[0m[0;34;46m~[0m[0;34;46m~[0m[0;34;46m~[0m[0;34;46m~[0m[0;34;46m~[0m[0;34;46m~[0m[0;34;46m~[0m[0;34;46m~[0m[0;34;46m~[0m[0;34;46m~[0m[0;34;46m~[0m[0;34;46m~[0m[0;34;46m~[0m[0;34;46m~[0m[0;34;46m~[0m[0;34;46m~[0m[0;34;46m~[0m[0;34;46m~[0m[0;34;46m~[0m[0;34;46m~[0m[0;34;46m~[0m[0;34;46m~[0m[0;34;46m~[0m[0;34;46m~[0m[0;34;46m~[0m[0;34;46m~[0m[0;34;46m~[0m[0;34;46m~[0m[0;34;46m~[0m[0;34;46m~[0m[0;34;46m~[0m[0;34;46m~[0m[0;34;46m~[0m[0;34;46m~[0m
[0;34;46m~[0m[0;30;47m [0m[0;30;47m [0m[0;30;47m [0m[0;30;47m [0m[0;30;47m [0m[0;30;47m [0m[0;30;47m [0m[0;30;47m [0m[0;30;47m [0m[0;30;47m [0m[0;30;47m [0m[0;30;47m [0m[0;30;47m [0m[0;30;47m [0m[0;30;47m [0m[0;30;47m [0m[0;30;47m [0m[0;30;47m [0m[0;30;47m [0m[0;30;47m [0m[0;30;47m [0m[0;30;47m [0m[0;30;47m [0m[0;30;47m [0m[0;30;47m [0m[0;30;47m [0m[0;30;47m [0m[0;30;47m [0m[0;30;47m [0m[0;30;47m [0m[0;30;47m [0m[0;30;47m [0m[0;30;47m [0m[0;30;47m [0m[0;30;47m [0m[0;30;47m [0m[0;30;47m [0m[0;30;47m [0m[0;30;47m [0m[0;30;47m [0m[0;30;47m [0m[0;30;47m [0m[0;30;47m [0m[0;30;47m [0m[0;30;47m [0m[0;30;47mT[0m[0;30;47mH[0m[0;30;47mE[0m[0;30;47m [0m[0;30;47mH[0m[0;30;47mA[0m[0;30;47mU[0m[0;30;47mN[0m[0;30;47mT[0m[0;30;47mE[0m[0;30;47mD[0m[0;30;47m [0m[0;30;47mC[0m[0;30;47mA[0m[0;30;47mS[0m[0;30;47mT[0m[0;30;47mL[0m[0;30;47mE[0m[0;30;47m [0m[0;30;47m [0m[0;30;47m [0m[0;30;47m [0m[0;30;47m [0m[0;30;47m [0m[0;30;47m [0m[0;30;47m [0m[0;30;47m [0m[0;30;47m [0m[0;30;47m [0m[0;30;47m [0m[0;30;47m [0m[0;30;47m [0m[0;30;47m [0m[0;30;47m [0m[0;30;47m [0m[0;30;47m [0m[0;30;47m [0m[0;30;47m [0m[0;30;47m [0m[0;30;47m [0m[0;30;47m [0m[0;30;47m [0m[0;30;47m [0m[0;30;47m [0m[0;30;47m [0m[0;30;47m [0m[0;30;47m [0m[0;30;47m [0m[0;30;47m [0m[0;30;47m [0m[0;30;47m [0m[0;30;47m [0m[0;30;47m [0m[0;30;47m [0m[0;30;47m [0m[0;30;47m [0m[0;30;47m [0m[0;30;47m [0m[0;30;47m [0m[0;30;47m [0m[0;30;47m [0m[0;30;47m [0m[0;30;47m [0m[0;34;46m~[0m
[0;34;46m~[0m[0;34;46m~[0m[0;34;46m~[0m[0;34;46m~[0m[0;34;46m~[0m[0;34;46m~[0m[0;34;46m~[0m[0;34;46m~[0m[0;34;46m~[0m[0;34;46m~[0m[0;34;46m~[0m[0;34;46m~[0m[0;34;46m~[0m[0;34;46m~[0m[0;34;46m~[0m[0;34;46m~[0m[0;34;46m~[0m[0;34;46m~[0m[0;34;46m~[0m[0;34;46m~[0m[0;34;46m~[0m[0;34;46m~[0m[0;34;46m~[0m[0;34;46m~[0m[0;34;46m~[0m[0;34;46m~[0m[0;34;46m~[0m[0;34;46m~[0m[0;34;46m~[0m[0;34;46m~[0m[0;34;46m~[0m[0;34;46m~[0m[0;34;46m~[0m[0;34;46m~[0m[0;34;46m~[0m[0;34;46m~[0m[0;34;46m~[0m[0;34;46m~[0m[0;34;46m~[0m[0;34;46m~[0m[0;34;46m~[0m[0;34;46m~[0m[0;34;46m~[0m[0;34;46m~[0m[0;34;46m~[0m[0;34;46m~[0m[0;34;46m~[0m[0;34;46m~[0m[0;34;46m~[0m[0;34;46m~[0m[0;34;46m~[0m[0;34;46m~[0m[0;34;46m~[0m[0;34;46m~[0m[0;34;46m~[0m[0;34;46m~[0m[0;34;46m~[0m[0;34;46m~[0m[0;34;46m~[0m[0;34;46m~[0m[0;34;46m~[0m[0;34;46m~[0m[0;34;46m~[0m[0;34;46m~[0m[0;34;46m~[0m[0;34;46m~[0m[0;34;46m~[0m[0;34;46m~[0m[0;34;46m~[0m[0;34;46m~[0m[0;34;46m~[0m[0;34;46m~[0m[0;34;46m~[0m[0;34;46m~[0m[0;34;46m~[0m[0;34;46m~[0m[0;34;46m~[0m[0;34;46m~[0m[0;34;46m~[0m[0;34;46m~[0m[0;34;46m~[0m[0;34;46m~[0m[0;34;46m~[0m[0;34;46m~[0m[0;34;46m~[0m[0;34;46m~[0m[0;34;46m~[0m[0;34;46m~[0m[0;34;46m~[0m[0;34;46m~[0m[0;34;46m~[0m[0;34;46m~[0m[0;34;46m~[0m[0;34;46m~[0m[0;34;46m~[0m[0;34;46m~[0m[0;34;46m~[0m[0;34;46m~[0m[0;34;46m~[0m[0;34;46m~[0m[0;34;46m~[0m[0;34;46m~[0m[0;34;46m~[0m[0;34;46m~[0m[0;34;46m~[0m[0;34;46m~[0m[0;34;46m~[0m[0;34;46m~[0m[0;34;46m~[0m[0;34;46m~[0m
[0;34;46m~[0m[0;30;47m [0m[0;30;47m [0m[0;30;47mC[0m[0;30;47mo[0m[0;30;47mm[0m[0;30;47mm[0m[0;30;47ma[0m[0;30;47mn[0m[0;30;47md[0m[0;30;47ms[0m[0;30;47m:[0m[0;30;47m [0m[0;30;47mm[0m[0;30;47mo[0m[0;30;47mv[0m[0;30;47me[0m[0;30;47m([0m[0;30;47mm[0m[0;30;47m)[0m[0;30;47m [0m[0;30;47m[[0m[0;30;47md[0m[0;30;47mi[0m[0;30;47mr[0m[0;30;47m][0m[0;30;47m [0m[0;30;47m|[0m[0;30;47m [0m[0;30;47mt[0m[0;30;47ma[0m[0;30;47mk[0m[0;30;47me[0m[0;30;47m([0m[0;30;47mt[0m[0;30;47m)[0m[0;30;47m [0m[0;30;47m[[0m[0;30;47mo[0m[0;30;47mb[0m[0;30;47mj[0m[0;30;47m][0m[0;30;47m [0m[0;30;47m|[0m[0;30;47m [0m[0;30;47md[0m[0;30;47mr[0m[0;30;47mo[0m[0;30;47mp[0m[0;30;47m([0m[0;30;47md[0m[0;30;47m)[0m[0;30;47m [0m[0;30;47m[[0m[0;30;47mo[0m[0;30;47mb[0m[0;30;47mj[0m[0;30;47m][0m[0;30;47m [0m[0;30;47m|[0m[0;30;47m [0m[0;30;47ma[0m[0;30;47mt[0m[0;30;47mt[0m[0;30;47ma[0m[0;30;47mc[0m[0;30;47mk[0m[0;30;47m([0m[0;30;47ma[0m[0;30;47m)[0m[0;30;47m [0m[0;30;47m|[0m[0;30;47m [0m[0;30;47mc[0m[0;30;47mh[0m[0;30;47ma[0m[0;30;47mt[0m[0;30;47m([0m[0;30;47mc[0m[0;30;47m)[0m[0;30;47m [0m[0;30;47m|[0m[0;30;47m [0m[0;30;47mr[0m[0;30;47me[0m[0;30;47mc[0m[0;30;47mr[0m[0;30;47mu[0m[0;30;47mi[0m[0;30;47mt[0m[0;30;47m([0m[0;30;47mr[0m[0;30;47m)[0m[0;30;47m [0m[0;30;47m[[0m[0;30;47mc[0m[0;30;47mh[0m[0;30;47ma[0m[0;30;47mr[0m[0;30;47m][0m[0;30;47m [0m[0;30;47m [0m[0;30;47m [0m[0;30;47m [0m[0;30;47m [0m[0;30;47m [0m[0;30;47m [0m[0;30;47m [0m[0;30;47m [0m[0;34;46m~[0m
[0;34;46m~[0m[0;30;47m [0m[0;30;47m [0m[0;30;47mi[0m[0;30;47mn[0m[0;30;47ms[0m[0;30;47mp[0m[0;30;47me[0m[0;30;47mc[0m[0;30;47mt[0m[0;30;47m([0m[0;30;47mi[0m[0;30;47m)[0m[0;30;47m [0m[0;30;47m[[0m[0;30;47mo[0m[0;30;47mb[0m[0;30;47mj[0m[0;30;47m][0m[0;30;47m [0m[0;30;47m|[0m[0;30;47m [0m[0;30;47mu[0m[0;30;47ms[0m[0;30;47me[0m[0;30;47m([0m[0;30;47mu[0m[0;30;47m)[0m[0;30;47m [0m[0;30;47m[[0m[0;30;47mo[0m[0;30;47mb[0m[0;30;47mj[0m[0;30;47m][0m[0;30;47m [0m[0;30;47m|[0m[0;30;47m [0m[0;30;47mo[0m[0;30;47mp[0m[0;30;47me[0m[0;30;47mn[0m[0;30;47m([0m[0;30;47mo[0m[0;30;47m)[0m[0;30;47m [0m[0;30;47m[[0m[0;30;47ml[0m[0;30;47mn[0m[0;30;47mk[0m[0;30;47m][0m[0;30;47m [0m[0;30;47mw[0m[0;30;47mi[0m[0;30;47mt[0m[0;30;47mh[0m[0;30;47m [0m[0;30;47m[[0m[0;30;47mo[0m[0;30;47mb[0m[0;30;47mj[0m[0;30;47m][0m[0;30;47m [0m[0;30;47m|[0m[0;30;47m [0m[0;30;47mt[0m[0;30;47mp[0m[0;30;47m [0m[0;30;47m[[0m[0;30;47mr[0m[0;30;47mo[0m[0;30;47mo[0m[0;30;47mm[0m[0;30;47m][0m[0;30;47m [0m[0;30;47m|[0m[0;30;47m [0m[0;30;47me[0m[0;30;47mx[0m[0;30;47mi[0m[0;30;47mt[0m[0;30;47m([0m[0;30;47me[0m[0;30;47m)[0m[0;30;47m [0m[0;30;47m|[0m[0;30;47m [0m[0;30;47ma[0m[0;30;47mb[0m[0;30;47ma[0m[0;30;47mn[0m[0;30;47md[0m[0;30;47mo[0m[0;30;47mn[0m[0;30;47m([0m[0;30;47mf[0m[0;30;47m)[0m[0;30;47m [0m[0;30;47m[[0m[0;30;47mc[0m[0;30;47mh[0m[0;30;47ma[0m[0;30;47mr[0m[0;30;47m][0m[0;30;47m [0m[0;30;47m [0m[0;30;47m [0m[0;30;47m [0m[0;30;47m [0m[0;30;47m [0m[0;34;46m~[0m
[0;34;46m~[0m[0;34;46m~[0m[0;34;46m~[0m[0;34;46m~[0m[0;34;46m~[0m[0;34;46m~[0m[0;34;46m~[0m[0;34;46m~[0m[0;34;46m~[0m[0;34;46m~[0m[0;34;46m~[0m[0;34;46m~[0m[0;34;46m~[0m[0;34;46m~[0m[0;34;46m~[0m[0;34;46m~[0m[0;34;46m~[0m[0;34;46m~[0m[0;34;46m~[0m[0;34;46m~[0m[0;34;46m~[0m[0;34;46m~[0m[0;34;46m~[0m[0;34;46m~[0m[0;34;46m~[0m[0;34;46m~[0m[0;34;46m~[0m[0;34;46m~[0m[0;34;46m~[0m[0;34;46m~[0m[0;34;46m~[0m[0;34;46m~[0m[0;34;46m~[0m[0;34;46m~[0m[0;34;46m~[0m[0;34;46m~[0m[0;34;46m~[0m[0;34;46m~[0m[0;34;46m~[0m[0;34;46m~[0m[0;34;46m~[0m[0;34;46m~[0m[0;34;46m~[0m[0;34;46m~[0m[0;34;46m~[0m[0;34;46m~[0m[0;34;46m~[0m[0;34;46m~[0m[0;34;46m~[0m[0;34;46m~[0m[0;34;46m~[0m[0;34;46m~[0m[0;34;46m~[0m[0;34;46m~[0m[0;34;46m~[0m[0;34;46m~[0m[0;34;46m~[0m[0;34;46m~[0m[0;34;46m~[0m[0;34;46m~[0m[0;34;46m~[0m[0;34;46m~[0m[0;34;46m~[0m[0;34;46m~[0m[0;34;46m~[0m[0;34;46m~[0m[0;34;46m~[0m[0;34;46m~[0m[0;34;46m~[0m[0;34;46m~[0m[0;34;46m~[0m[0;34;46m~[0m[0;34;46m~[0m[0;34;46m~[0m[0;34;46m~[0m[0;34;46m~[0m[0;34;46m~[0m[0;34;46m~[0m[0;34;46m~[0m[0;34;46m~[0m[0;34;46m~[0m[0;34;46m~[0m[0;34;46m~[0m[0;34;46m~[0m[0;34;46m~[0m[0;34;46m~[0m[0;34;46m~[0m[0;34;46m~[0m[0;34;46m~[0m[0;34;46m~[0m[0;34;46m~[0m[0;34;46m~[0m[0;34;46m~[0m[0;34;46m~[0m[0;34;46m~[0m[0;34;46m~[0m[0;34;46m~[0m[0;34;46m~[0m[0;34;46m~[0m[0;34;46m~[0m[0;34;46m~[0m[0;34;46m~[0m[0;34;46m~[0m[0;34;46m~[0m[0;34;46m~[0m[0;34;46m~[0m[0;34;46m~[0m[0;34;46m~[0m[0;34;46m~[0m[0;34;46m~[0m
[0;34;46m~[0m[0;30;47m [0m[0;30;47m [0m[0;30;47m [0m[0;30;47m [0m[0;30;47m [0m[0;30;47m [0m[0;30;47m [0m[0;30;47m [0m[0;30;47m [0m[0;30;47m [0m[0;30;47m [0m[0;30;47m [0m[0;30;47m [0m[0;30;47m [0m[0;30;47m [0m[0;30;47m [0m[0;30;47m [0m[0;30;47m [0m[0;30;47m [0m[0;30;47m [0m[0;30;47m [0m[0;30;47m [0m[0;30;47m [0m[0;30;47m [0m[0;30;47m [0m[0;30;47m [0m[0;30;47m [0m[0;30;47m [0m[0;30;47m [0m[0;30;47m [0m[0;30;47m [0m[0;30;47m [0m[0;30;47m [0m[0;30;47m [0m[0;30;47m [0m[0;30;47m [0m[0;30;47m [0m[0;30;47m [0m[0;30;47m [0m[0;30;47m [0m[0;30;47m [0m[0;30;47m [0m[0;30;47m [0m[0;30;47m [0m[0;30;47m [0m[0;30;47m [0m[0;30;47m [0m[0;30;47m [0m[0;30;47m [0m[0;30;47m [0m[0;30;47m [0m[0;30;47m [0m[0;30;47m [0m[0;30;47m [0m[0;30;47m [0m[0;30;47m [0m[0;30;47m [0m[0;30;47m [0m[0;30;47m [0m[0;30;47m [0m[0;30;47m [0m[0;30;47m [0m[0;30;47m [0m[0;30;47m [0m[0;30;47m [0m[0;30;47m [0m[0;30;47m [0m[0;30;47m [0m[0;30;47m [0m[0;30;47m [0m[0;30;47m [0m[0;30;47m [0m[0;30;47m [0m[0;30;47m [0m[0;30;47m [0m[0;30;47m [0m[0;30;47m [0m[0;30;47m [0m[0;30;47m [0m[0;30;47m [0m[0;30;47m [0m[0;30;47m [0m[0;30;47m [0m[0;30;47m [0m[0;30;47m [0m[0;30;47m [0m[0;30;47m [0m[0;30;47m [0m[0;30;47m [0m[0;30;47m [0m[0;30;47m [0m[0;30;47m [0m[0;30;47m [0m[0;30;47m [0m[0;30;47m [0m[0;30;47m [0m[0;30;47m [0m[0;30;47m [0m[0;30;47m [0m[0;30;47m [0m[0;30;47m [0m[0;30;47m [0m[0;30;47m [0m[0;30;47m [0m[0;30;47m [0m[0;30;47m [0m[0;30;47m [0m[0;30;47m [0m[0;34;46m~[0m
[0;34;46m~[0m[0;30;47m [0m[0;30;47m [0m[0;30;47m [0m[0;30;47m [0m[0;30;47m [0m[0;30;47m [0m[0;30;47m [0m[0;30;47m [0m[0;30;47m [0m[0;30;47m [0m[0;30;47m [0m[0;30;47m [0m[0;30;47m [0m[0;30;47m [0m[0;30;47m [0m[0;30;47m [0m[0;30;47m [0m[0;30;47m [0m[0;30;47m [0m[0;30;47m [0m[0;30;47m [0m[0;30;47m [0m[0;30;47m [0m[0;30;47m [0m[0;30;47m [0m[0;30;47m [0m[0;30;47m [0m[0;30;47m [0m[0;30;47m [0m[0;30;47m [0m[0;30;47m [0m[0;30;47m [0m[0;30;47m [0m[0;30;47m [0m[0;30;47m [0m[0;30;47m [0m[0;30;47m [0m[0;30;47m [0m[0;30;47m [0m[0;30;47m [0m[0;30;47m [0m[0;30;47m [0m[0;30;47m [0m[0;30;47m [0m[0;30;47m [0m[0;30;47m [0m[0;30;47m [0m[0;30;47m [0m[0;30;47m [0m[0;30;47m [0m[0;30;47m [0m[0;30;47m [0m[0;30;47m [0m[0;30;47m [0m[0;30;47m [0m[0;30;47m [0m[0;30;47m [0m[0;30;47m [0m[0;30;47m [0m[0;30;47m [0m[0;30;47m [0m[0;30;47m [0m[0;30;47m [0m[0;30;47m [0m[0;30;47m [0m[0;30;47m [0m[0;30;47m [0m[0;30;47m [0m[0;30;47m [0m[0;30;47m [0m[0;30;47m [0m[0;30;47m [0m[0;30;47m [0m[0;30;47m [0m[0;30;47m [0m[0;30;47m [0m[0;30;47m [0m[0;30;47m [0m[0;30;47m [0m[0;30;47m [0m[0;30;47m [0m[0;30;47m [0m[0;30;47m [0m[0;30;47m [0m[0;30;47m [0m[0;30;47m [0m[0;30;47m [0m[0;30;47m [0m[0;30;47m [0m[0;30;47m [0m[0;30;47m [0m[0;30;47m [0m[0;30;47m [0m[0;30;47m [0m[0;30;47m [0m[0;30;47m [0m[0;30;47m [0m[0;30;47m [0m[0;30;47m [0m[0;30;47m [0m[0;30;47m [0m[0;30;47m [0m[0;30;47m [0m[0;30;47m [0m[0;30;47m [0m[0;30;47m [0m[0;30;47m [0m[0;30;47m [0m[0;34;46m~[0m
[0;34;46m~[0m[0;30;47m [0m[0;30;47m [0m[0;30;47m [0m[0;30;47m [0m[0;30;47m [0m[0;30;47m [0m[0;30;47m [0m[0;30;47m [0m[0;30;47m [0m[0;30;47m [0m[0;30;47m [0m[0;30;47m [0m[0;30;47m [0m[0;30;47m [0m[0;30;47m [0m[0;30;47m [0m[0;30;47m [0m[0;30;47m [0m[0;30;47m [0m[0;30;47m [0m[0;30;47m [0m[0;30;47m [0m[0;30;47m [0m[0;30;47m [0m[0;30;47m [0m[0;30;47m [0m[0;30;47m [0m[0;30;47m [0m[0;30;47m [0m[0;30;47m [0m[0;30;47m [0m[0;30;47m [0m[0;30;47m [0m[0;30;47m [0m[0;30;47m [0m[0;30;47m [0m[0;30;47m [0m[0;30;47m [0m[0;30;47m [0m[0;30;47m [0m[0;30;47m [0m[0;30;47m [0m[0;30;47m [0m[0;30;47m [0m[0;30;47m [0m[0;30;47m [0m[0;30;47m [0m[0;30;47m [0m[0;30;47m [0m[0;30;47m [0m[0;30;47m [0m[0;30;47m [0m[0;30;47m [0m[0;30;47m [0m[0;30;47m [0m[0;30;47m [0m[0;30;47m [0m[0;30;47m [0m[0;30;47m [0m[0;30;47m [0m[0;30;47m [0m[0;30;47m [0m[0;30;47m [0m[0;30;47m [0m[0;30;47m [0m[0;30;47m [0m[0;30;47m [0m[0;30;47m [0m[0;30;47m [0m[0;30;47m [0m[0;30;47m [0m[0;30;47m [0m[0;30;47m [0m[0;30;47m [0m[0;30;47m [0m[0;30;47m [0m[0;30;47m [0m[0;30;47m [0m[0;30;47m [0m[0;30;47m [0m[0;30;47m [0m[0;30;47m [0m[0;30;47m [0m[0;30;47m [0m[0;30;47m [0m[0;30;47m [0m[0;30;47m [0m[0;30;47m [0m[0;30;47m [0m[0;30;47m [0m[0;30;47m [0m[0;30;47m [0m[0;30;47m [0m[0;30;47m [0m[0;30;47m [0m[0;30;47m [0m[0;30;47m [0m[0;30;47m [0m[0;30;47m [0m[0;30;47m [0m[0;30;47m [0m[0;30;47m [0m[0;30;47m [0m[0;30;47m [0m[0;30;47m [0m[0;30;47m [0m[0;30;47m [0m[0;30;47m [0m[0;34;46m~[0m
prompt:> [2J
[0;34;42m~[0m[0;34;42m~[0m[0;34;42m~[0m[0;34;42m~[0m[0;34;42m~[0m[0;34;42m~[0m[0;34;42m~[0m[0;34;42m~[0m[0;34;42m~[0m[0;34;42m~[0m[0;34;42m~[0m[0;34;42m~[0m[0;34;42m~[0m[0;34;42m~[0m[0;34;42m~[0m[0;34;42m~[0m[0;34;42m~[0m[0;34;42m~[0m[0;34;42m~[0m[0;34;42m~[0m[0;34;42m~[0m[0;34;42m~[0m[0;34;42m~[0m[0;34;42m~[0m[0;34;42m~[0m[0;34;42m~[0m[0;34;42m~[0m[0;34;42m~[0m[0;34;42m~[0m[0;34;42m~[0m[0;34;42m~[0m[0;34;42m~[0m[0;34;42m~[0m[0;34;42m~[0m[0;34;42m~[0m[0;34;42m~[0m[0;34;42m~[0m[0;34;42m~[0m[0;34;42m~[0m[0;34;42m~[0m[0;34;42m~[0m[0;34;42m~[0m[0;34;42m~[0m[0;34;42m~[0m[0;34;42m~[0m[0;34;42m~[0m[0;34;42m~[0m[0;34;42m~[0m[0;34;42m~[0m[0;34;42m~[0m[0;34;42m~[0m[0;34;42m~[0m[0;34;42m~[0m[0;34;42m~[0m[0;34;42m~[0m[0;34;42m~[0m[0;34;42m~[0m[0;34;42m~[0m[0;34;42m~[0m[0;34;42m~[0m[0;34;42m~[0m[0;34;42m~[0m[0;34;42m~[0m[0;34;42m~[0m[0;34;42m~[0m[0;34;42m~[0m[0;34;42m~[0m[0;34;42m~[0m[0;34;42m~[0m[0;34;42m~[0m[0;34;42m~[0m[0;34;42m~[0m[0;34;42m~[0m[0;34;42m~[0m[0;34;42m~[0m[0;34;42m~[0m[0;34;42m~[0m[0;34;42m~[0m[0;34;42m~[0m[0;34;42m~[0m[0;34;42m~[0m[0;34;42m~[0m[0;34;42m~[0m[0;34;42m~[0m[0;34;42m~[0m[0;34;42m~[0m[0;34;42m~[0m[0;34;42m~[0m[0;34;42m~[0m[0;34;42m~[0m[0;34;42m~[0m[0;34;42m~[0m[0;34;42m~[0m[0;34;42m~[0m[0;34;42m~[0m[0;34;42m~[0m[0;34;42m~[0m[0;34;42m~[0m[0;34;42m~[0m[0;34;42m~[0m[0;34;42m~[0m[0;34;42m~[0m[0;34;42m~[0m[0;34;42m~[0m[0;34;42m~[0m[0;34;42m~[0m[0;34;42m~[0m[0;34;42m~[0m[0;34;42m~[0m[0;34;42m~[0m
[0;34;42m~[0m[0;30;47m [0m[0;30;47m [0m[0;30;47m [0m[0;30;47m [0m[0;30;47m [0m[0;30;47m [0m[0;30;47m [0m[0;30;47m [0m[0;30;47m [0m[0;30;47m [0m[0;30;47m [0m[0;30;47m [0m[0;30;47m [0m[0;30;47m [0m[0;30;47m [0m[0;30;47m [0m[0;30;47m [0m[0;30;47m [0m[0;30;47m [0m[0;30;47m [0m[0;30;47m [0m[0;30;47m|[0m[0;30;47m [0m[0;30;47m [0m[0;30;47m [0m[0;30;47m [0m[0;30;47m#[0m[0;30;47m_[0m[0;30;47m_[0m[0;30;47m_[0m[0;30;47m#[0m[0;30;47m [0m[0;30;47m [0m[0;30;47m [0m[0;30;47m [0m[0;30;47m [0m[0;30;47m [0m[0;30;47m|[0m[0;30;47m [0m[0;30;47m [0m[0;30;47m [0m[0;30;47m [0m[0;30;47m [0m[0;30;47m [0m[0;30;47m [0m[0;30;47m [0m[0;30;47m [0m[0;30;47m [0m[0;30;47m [0m[0;30;47m [0m[0;30;47m [0m[0;30;47m [0m[0;30;47m [0m[0;30;47m [0m[0;30;47m [0m[0;30;47m [0m[0;30;47m [0m[0;30;47m [0m[0;30;47m [0m[0;30;47m [0m[0;30;47m [0m[0;30;47m [0m[0;34;42m~[0m[0;30;47m [0m[0;30;47m [0m[0;30;47m=[0m[0;30;47m=[0m[0;30;47m=[0m[0;30;47m=[0m[0;30;47m=[0m[0;30;47m=[0m[0;30;47m=[0m[0;30;47m=[0m[0;30;47m=[0m[0;30;47m=[0m[0;30;47m=[0m[0;30;47m=[0m[0;30;47m=[0m[0;30;47m=[0m[0;30;47m=[0m[0;30;47m=[0m[0;30;47m=[0m[0;30;47m=[0m[0;30;47m=[0m[0;30;47m=[0m[0;30;47m=[0m[0;30;47m=[0m[0;30;47m=[0m[0;30;47m=[0m[0;30;47m=[0m[0;30;47m=[0m[0;30;47m=[0m[0;30;47m=[0m[0;30;47m=[0m[0;30;47m=[0m[0;30;47m=[0m[0;30;47m=[0m[0;30;47m=[0m[0;30;47m=[0m[0;30;47m=[0m[0;30;47m=[0m[0;30;47m=[0m[0;30;47m=[0m[0;30;47m=[0m[0;30;47m=[0m[0;30;47m=[0m[0;30;47m [0m[0;30;47m [0m[0;34;42m~[0m
[0;34;42m~[0m[0;30;47m [0m[0;30;47m [0m[0;30;47m [0m[0;30;47m [0m[0;30;47m [0m[0;30;47m [0m[0;30;47m [0m[0;30;47m [0m[0;30;47m [0m[0;30;47m [0m[0;30;47m [0m[0;30;47m [0m[0;30;47m [0m[0;30;47m [0m[0;30;47m [0m[0;30;47m [0m[0;30;47m [0m[0;30;47m [0m[0;30;47m [0m[0;30;47m [0m[0;30;47m [0m[0;30;47m|[0m[0;30;47m [0m[0;30;47m [0m[0;30;47m [0m[0;30;47m [0m[0;30;47m#[0m[0;30;47m [0m[0;30;47m [0m[0;30;47m [0m[0;30;47m#[0m[0;30;47m [0m[0;30;47m [0m[0;30;47m [0m[0;30;47m [0m[0;30;47m [0m[0;30;47m [0m[0;30;47m|[0m[0;30;47m [0m[0;30;47m [0m[0;30;47m [0m[0;30;47m [0m[0;30;47m [0m[0;30;47m [0m[0;30;47m [0m[0;30;47m [0m[0;30;47m [0m[0;30;47m [0m[0;30;47m [0m[0;30;47m [0m[0;30;47m [0m[0;30;47m [0m[0;30;47m [0m[0;30;47m [0m[0;30;47m [0m[0;30;47m [0m[0;30;47m [0m[0;30;47m [0m[0;30;47m [0m[0;30;47m [0m[0;30;47m [0m[0;30;47m [0m[0;34;42m~[0m[0;30;47m [0m[0;30;47m [0m[0;30;47m [0m[0;30;47m [0m[0;30;47mP[0m[0;30;47mL[0m[0;30;47mA[0m[0;30;47mY[0m[0;30;47mE[0m[0;30;47mR[0m[0;30;47m [0m[0;30;47m2[0m[0;30;47m [0m[0;30;47mS[0m[0;30;47mT[0m[0;30;47mA[0m[0;30;47mT[0m[0;30;47mU[0m[0;30;47mS[0m[0;30;47m [0m[0;30;47m [0m[0;30;47m [0m[0;30;47m|[0m[0;30;47m [0m[0;30;47m [0m[0;30;47m [0m[0;30;47mH[0m[0;30;47mE[0m[0;30;47mA[0m[0;30;47mL[0m[0;30;47mT[0m[0;30;47mH[0m[0;30;47m:[0m[0;30;47m [0m[0;30;47m3[0m[0;30;47m [0m[0;30;47mp[0m[0;30;47mt[0m[0;30;47ms[0m[0;30;47m [0m[0;30;47m [0m[0;30;47m [0m[0;30;47m [0m[0;30;47m [0m[0;30;47m [0m[0;34;42m~[0m
[0;34;42m~[0m[0;30;47m [0m[0;30;47m [0m[0;30;47m [0m[0;30;47m [0m[0;30;47m [0m[0;30;47m [0m[0;30;47m [0m[0;30;47m [0m[0;30;47m [0m[0;30;47m [0m[0;30;47m [0m[0;30;47m [0m[0;30;47m [0m[0;30;47m [0m[0;30;47m [0m[0;30;47m [0m[0;30;47m [0m[0;30;47m [0m[0;30;47m [0m[0;30;47m [0m[0;30;47m [0m[0;30;47m|[0m[0;30;47ml[0m[0;30;47mi[0m[0;30;47md[0m[0;30;47m,[0m[0;30;47mc[0m[0;30;47mo[0m[0;30;47mi[0m[0;30;47mn[0m[0;30;47m [0m[0;30;47m [0m[0;30;47m [0m[0;30;47m [0m[0;30;47m [0m[0;30;47m [0m[0;30;47m [0m[0;30;47m|[0m[0;30;47m [0m[0;30;47m [0m[0;30;47m [0m[0;30;47m [0m[0;30;47m [0m[0;30;47m [0m[0;30;47m [0m[0;30;47m [0m[0;30;47m [0m[0;30;47m [0m[0;30;47m [0m[0;30;47m [0m[0;30;47m [0m[0;30;47m [0m[0;30;47m [0m[0;30;47m [0m[0;30;47m [0m[0;30;47m [0m[0;30;47m [0m[0;30;47m [0m[0;30;47m [0m[0;30;47m [0m[0;30;47m [0m[0;30;47m [0m[0;34;42m~[0m[0;30;47m [0m[0;30;47m [0m[0;30;47m=[0m[0;30;47m=[0m[0;30;47m=[0m[0;30;47m=[0m[0;30;47m=[0m[0;30;47m=[0m[0;30;47m=[0m[0;30;47m=[0m[0;30;47m=[0m[0;30;47m=[0m[0;30;47m=[0m[0;30;47m=[0m[0;30;47m=[0m[0;30;47m=[0m[0;30;47m=[0m[0;30;47m=[0m[0;30;47m=[0m[0;30;47m=[0m[0;30;47m=[0m[0;30;47m=[0m[0;30;47m=[0m[0;30;47m=[0m[0;30;47m=[0m[0;30;47m=[0m[0;30;47m=[0m[0;30;47m=[0m[0;30;47m=[0m[0;30;47m=[0m[0;30;47m=[0m[0;30;47m=[0m[0;30;47m=[0m[0;30;47m=[0m[0;30;47m=[0m[0;30;47m=[0m[0;30;47m=[0m[0;30;47m=[0m[0;30;47m=[0m[0;30;47m=[0m[0;30;47m=[0m[0;30;47m=[0m[0;30;47m=[0m[0;30;47m [0m[0;30;47m [0m[0;34;42m~[0m
[0;34;42m~[0m[0;30;47m [0m[0;30;47m [0m[0;30;47m [0m[0;30;47m [0m[0;30;47m [0m[0;30;47m [0m[0;30;47m [0m[0;30;47m [0m[0;30;47m [0m[0;30;47m [0m[0;30;47m [0m[0;30;47m [0m[0;30;47m [0m[0;30;47m [0m[0;30;47m [0m[0;30;47m [0m[0;30;47m [0m[0;30;47m [0m[0;30;47m [0m[0;30;47m [0m[0;30;47m [0m[0;30;47m+[0m[0;30;47m-[0m[0;30;47m-[0m[0;30;47m-[0m[0;30;47m-[0m[0;30;47m-[0m[0;30;47m-[0m[0;30;47m-[0m[0;30;47m-[0m[0;30;47m-[0m[0;30;47m-[0m[0;30;47m-[0m[0;30;47m-[0m[0;30;47m-[0m[0;30;47m-[0m[0;30;47m-[0m[0;30;47m+[0m[0;30;47m [0m[0;30;47m [0m[0;30;47m [0m[0;30;47m [0m[0;30;47m [0m[0;30;47m [0m[0;30;47m [0m[0;30;47m [0m[0;30;47m [0m[0;30;47m [0m[0;30;47m [0m[0;30;47m [0m[0;30;47m [0m[0;30;47m [0m[0;30;47m [0m[0;30;47m [0m[0;30;47m [0m[0;30;47m [0m[0;30;47m [0m[0;30;47m [0m[0;30;47m [0m[0;30;47m [0m[0;30;47m [0m[0;30;47m [0m[0;34;42m~[0m[0;30;47m [0m[0;30;47m [0m[0;30;47m>[0m[0;30;47m [0m[0;30;47mC[0m[0;30;47mu[0m[0;30;47mr[0m[0;30;47mr[0m[0;30;47me[0m[0;30;47mn[0m[0;30;47mt[0m[0;30;47m [0m[0;30;47mL[0m[0;30;47mo[0m[0;30;47mc[0m[0;30;47ma[0m[0;30;47mt[0m[0;30;47mi[0m[0;30;47mo[0m[0;30;47mn[0m[0;30;47m [0m[0;30;47m:[0m[0;30;47m [0m[0;30;47m1[0m[0;30;47m3[0m[0;30;47m [0m[0;30;47m([0m[0;30;47mh[0m[0;30;47ma[0m[0;30;47ml[0m[0;30;47ml[0m[0;30;47m)[0m[0;30;47m [0m[0;30;47m [0m[0;30;47m [0m[0;30;47m [0m[0;30;47m [0m[0;30;47m [0m[0;30;47m [0m[0;30;47m [0m[0;30;47m [0m[0;30;47m [0m[0;30;47m [0m[0;30;47m [0m[0;30;47m [0m[0;34;42m~[0m
[0;34;42m~[0m[0;30;47m [0m[0;30;47m [0m[0;30;47m [0m[0;30;47m [0m[0;30;47m [0m[0;30;47m [0m[0;30;47m [0m[0;30;47m [0m[0;30;47m [0m[0;30;47m [0m[0;30;47m [0m[0;30;47m [0m[0;30;47m [0m[0;30;47m [0m[0;30;47m [0m[0;30;47m [0m[0;30;47m [0m[0;30;47m [0m[0;30;47m [0m[0;30;47m [0m[0;30;47m [0m[0;30;47m [0m[0;30;47m [0m[0;30;47m [0m[0;30;47m [0m[0;30;47m [0m[0;30;47m [0m[0;30;47m [0m[0;30;47m [0m[0;30;47m^[0m[0;30;47m [0m[0;30;47m [0m[0;30;47m [0m[0;30;47m [0m[0;30;47m [0m[0;30;47m [0m[0;30;47m [0m[0;30;47m [0m[0;30;47m [0m[0;30;47m [0m[0;30;47m [0m[0;30;47m [0m[0;30;47m [0m[0;30;47m [0m[0;30;47m [0m[0;30;47m [0m[0;30;47m [0m[0;30;47m [0m[0;30;47m [0m[0;30;47m [0m[0;30;47m [0m[0;30;47m [0m[0;30;47m [0m[0;30;47m [0m[0;30;47m [0m[0;30;47m [0m[0;30;47m [0m[0;30;47m [0m[0;30;47m [0m[0;30;47m [0m[0;30;47m [0m[0;30;47m [0m[0;34;42m~[0m[0;30;47m [0m[0;30;47m [0m[0;30;47m>[0m[0;30;47m [0m[0;30;47mB[0m[0;30;47ma[0m[0;30;47mc[0m[0;30;47mk[0m[0;30;47mp[0m[0;30;47ma[0m[0;30;47mc[0m[0;30;47mk[0m[0;30;47m [0m[0;30;47m [0m[0;30;47m [0m[0;30;47m [0m[0;30;47m [0m[0;30;47m [0m[0;30;47m [0m[0;30;47m:[0m[0;30;47m [0m[0;30;47mm[0m[0;30;47ma[0m[0;30;47mp[0m[0;30;47m [0m[0;30;47m [0m[0;30;47m [0m[0;30;47m [0m[0;30;47m [0m[0;30;47m [0m[0;30;47m [0m[0;30;47m [0m[0;30;47m [0m[0;30;47m [0m[0;30;47m [0m[0;30;47m [0m[0;30;47m [0m[0;30;47m [0m[0;30;47m [0m[0;30;47m [0m[0;30;47m [0m[0;30;47m [0m[0;30;47m [0m[0;30;47m [0m[0;30;47m [0m[0;34;42m~[0m
[0;34;42m~[0m[0;30;47m [0m[0;30;47m [0m[0;30;47m [0m[0;30;47m [0m[0;30;47m [0m[0;30;47m [0m[0;30;47m [0m[0;30;47m [0m[0;30;47m [0m[0;30;47m [0m[0;30;47m [0m[0;30;47m [0m[0;30;47m [0m[0;30;47m [0m[0;30;47m [0m[0;30;47m [0m[0;30;47m [0m[0;30;47m [0m[0;30;47m [0m[0;30;47m [0m[0;30;47m [0m[0;30;47m+[0m[0;30;47m-[0m[0;30;47m-[0m[0;30;47m-[0m[0;30;47m-[0m[0;30;47m-[0m[0;30;47m-[0m[0;30;47m-[0m[0;30;47m-[0m[0;30;47m-[0m[0;30;47m-[0m[0;30;47m-[0m[0;30;47m-[0m[0;30;47m-[0m[0;30;47m-[0m[0;30;47m-[0m[0;30;47m+[0m[0;30;47m [0m[0;30;47m [0m[0;30;47m [0m[0;30;47m [0m[0;30;47m [0m[0;30;47m [0m[0;30;47m [0m[0;30;47m [0m[0;30;47m [0m[0;30;47m [0m[0;30;47m [0m[0;30;47m [0m[0;30;47m [0m[0;30;47m [0m[0;30;47m [0m[0;30;47m [0m[0;30;47m [0m[0;30;47m [0m[0;30;47m [0m[0;30;47m [0m[0;30;47m [0m[0;30;47m [0m[0;30;47m [0m[0;30;47m [0m[0;34;42m~[0m[0;30;47m [0m[0;30;47m [0m[0;30;47m-[0m[0;30;47m-[0m[0;30;47m-[0m[0;30;47m-[0m[0;30;47m-[0m[0;30;47m-[0m[0;30;47m-[0m[0;30;47m-[0m[0;30;47m-[0m[0;30;47m-[0m[0;30;47m-[0m[0;30;47m-[0m[0;30;47m-[0m[0;30;47m-[0m[0;30;47m-[0m[0;30;47m-[0m[0;30;47m-[0m[0;30;47m-[0m[0;30;47m-[0m[0;30;47m-[0m[0;30;47m-[0m[0;30;47m-[0m[0;30;47m-[0m[0;30;47m-[0m[0;30;47m-[0m[0;30;47m-[0m[0;30;47m-[0m[0;30;47m-[0m[0;30;47m-[0m[0;30;47m-[0m[0;30;47m-[0m[0;30;47m-[0m[0;30;47m-[0m[0;30;47m-[0m[0;30;47m-[0m[0;30;47m-[0m[0;30;47m-[0m[0;30;47m-[0m[0;30;47m-[0m[0;30;47m-[0m[0;30;47m-[0m[0;30;47m [0m[0;30;47m [0m[0;34;42m~[0m
[0;34;42m~[0m[0;30;47m [0m[0;30;47m [0m[0;30;47m [0m[0;30;47m [0m[0;30;47m [0m[0;30;47m [0m[0;30;47m [0m[0;30;47m [0m[0;30;47m [0m[0;30;47m [0m[0;30;47m [0m[0;30;47m [0m[0;30;47m [0m[0;30;47m [0m[0;30;47m [0m[0;30;47m [0m[0;30;47m [0m[0;30;47m [0m[0;30;47m [0m[0;30;47m [0m[0;30;47m [0m[0;30;47m|[0m[0;30;47m [0m[0;30;47m^[0m[0;30;47mK[0m[0;30;47m>[0m[0;30;47m [0m[0;30;47m [0m[0;30;47m [0m[0;30;47m [0m[0;30;47m [0m[0;30;47m [0m[0;30;47m [0m[0;30;47m [0m[0;30;47m [0m[0;30;47m1[0m[0;30;47m3[0m[0;30;47m|[0m[0;30;47m [0m[0;30;47m [0m[0;30;47m [0m[0;30;47m [0m[0;30;47m [0m[0;30;47m [0m[0;30;47m [0m[0;30;47m [0m[0;30;47m [0m[0;30;47m [0m[0;30;47m [0m[0;30;47m [0m[0;30;47m [0m[0;30;47m [0m[0;30;47m [0m[0;30;47m [0m[0;30;47m [0m[0;30;47m [0m[0;30;47m [0m[0;30;47m [0m[0;30;47m [0m[0;30;47m [0m[0;30;47m [0m[0;30;47m [0m[0;34;42m~[0m[0;30;47m [0m[0;30;47m [0m[0;30;47mV[0m[0;30;47mI[0m[0;30;47mS[0m[0;30;47mI[0m[0;30;47mB[0m[0;30;47mL[0m[0;30;47mE[0m[0;30;47m [0m[0;30;47mE[0m[0;30;47mN[0m[0;30;47mT[0m[0;30;47mI[0m[0;30;47mT[0m[0;30;47mI[0m[0;30;47mE[0m[0;30;47mS[0m[0;30;47m [0m[0;30;47m([0m[0;30;47mD[0m[0;30;47mi[0m[0;30;47ms[0m[0;30;47mc[0m[0;30;47mo[0m[0;30;47mv[0m[0;30;47me[0m[0;30;47mr[0m[0;30;47me[0m[0;30;47md[0m[0;30;47m [0m[0;30;47mS[0m[0;30;47mp[0m[0;30;47ma[0m[0;30;47mc[0m[0;30;47me[0m[0;30;47ms[0m[0;30;47m)[0m[0;30;47m:[0m[0;30;47m [0m[0;30;47m [0m[0;30;47m [0m[0;30;47m [0m[0;30;47m [0m[0;30;47m [0m[0;34;42m~[0m
[0;34;42m~[0m[0;30;47m [0m[0;30;47m [0m[0;30;47m [0m[0;30;47m [0m[0;30;47m [0m[0;30;47m [0m[0;30;47m [0m[0;30;47m [0m[0;30;47m [0m[0;30;47m [0m[0;30;47m [0m[0;30;47m [0m[0;30;47m [0m[0;30;47m [0m[0;30;47m [0m[0;30;47m [0m[0;30;47m [0m[0;30;47m [0m[0;30;47m [0m[0;30;47m [0m[0;30;47m [0m[0;30;47m|[0m[0;30;47m [0m[0;30;47m [0m[0;30;47m [0m[0;30;47m [0m[0;30;47m.[0m[0;30;47m.[0m[0;30;47m.[0m[0;30;47m.[0m[0;30;47m.[0m[0;30;47m.[0m[0;30;47m.[0m[0;30;47m [0m[0;30;47m [0m[0;30;47m [0m[0;30;47m [0m[0;30;47m|[0m[0;30;47m [0m[0;30;47m [0m[0;30;47m [0m[0;30;47m [0m[0;30;47m [0m[0;30;47m [0m[0;30;47m [0m[0;30;47m [0m[0;30;47m [0m[0;30;47m [0m[0;30;47m [0m[0;30;47m [0m[0;30;47m [0m[0;30;47m [0m[0;30;47m [0m[0;30;47m [0m[0;30;47m [0m[0;30;47m [0m[0;30;47m [0m[0;30;47m [0m[0;30;47m [0m[0;30;47m [0m[0;30;47m [0m[0;30;47m [0m[0;34;42m~[0m[0;30;47m [0m[0;30;47m [0m[0;30;47m [0m[0;30;47m[[0m[0;30;47mO[0m[0;30;47mb[0m[0;30;47mj[0m[0;30;47m][0m[0;30;47m [0m[0;30;47ml[0m[0;30;47mi[0m[0;30;47md[0m[0;30;47m [0m[0;30;47m [0m[0;30;47m [0m[0;30;47m [0m[0;30;47m [0m[0;30;47m [0m[0;30;47m [0m[0;30;47m [0m[0;30;47ma[0m[0;30;47mt[0m[0;30;47m [0m[0;30;47mS[0m[0;30;47mp[0m[0;30;47ma[0m[0;30;47mc[0m[0;30;47me[0m[0;30;47m [0m[0;30;47m1[0m[0;30;47m2[0m[0;30;47m [0m[0;30;47m([0m[0;30;47mp[0m[0;30;47ma[0m[0;30;47mt[0m[0;30;47mh[0m[0;30;47m)[0m[0;30;47m [0m[0;30;47m [0m[0;30;47m [0m[0;30;47m [0m[0;30;47m [0m[0;30;47m [0m[0;30;47m [0m[0;34;42m~[0m
[0;34;42m~[0m[0;30;47m [0m[0;30;47m [0m[0;30;47m [0m[0;30;47m [0m[0;30;47m [0m[0;30;47m [0m[0;30;47m [0m[0;30;47m [0m[0;30;47m [0m[0;30;47m [0m[0;30;47m [0m[0;30;47m [0m[0;30;47m [0m[0;30;47m [0m[0;30;47m [0m[0;30;47m [0m[0;30;47m [0m[0;30;47m [0m[0;30;47m [0m[0;30;47m [0m[0;30;47m [0m[0;30;47m|[0m[0;30;47m [0m[0;30;47m [0m[0;30;47m [0m[0;30;47m [0m[0;30;47m:[0m[0;30;47m [0m[0;30;47m_[0m[0;30;47m_[0m[0;30;47m_[0m[0;30;47m [0m[0;30;47m:[0m[0;30;47m [0m[0;30;47m [0m[0;30;47m [0m[0;30;47m [0m[0;30;47m|[0m[0;30;47m [0m[0;30;47m [0m[0;30;47m [0m[0;30;47m [0m[0;30;47m [0m[0;30;47m [0m[0;30;47m [0m[0;30;47m [0m[0;30;47m [0m[0;30;47m [0m[0;30;47m [0m[0;30;47m [0m[0;30;47m [0m[0;30;47m [0m[0;30;47m [0m[0;30;47m [0m[0;30;47m [0m[0;30;47m [0m[0;30;47m [0m[0;30;47m [0m[0;30;47m [0m[0;30;47m [0m[0;30;47m [0m[0;30;47m [0m[0;34;42m~[0m[0;30;47m [0m[0;30;47m [0m[0;30;47m [0m[0;30;47m[[0m[0;30;47mO[0m[0;30;47mb[0m[0;30;47mj[0m[0;30;47m][0m[0;30;47m [0m[0;30;47mm[0m[0;30;47ma[0m[0;30;47mi[0m[0;30;47ml[0m[0;30;47m [0m[0;30;47m [0m[0;30;47m [0m[0;30;47m [0m[0;30;47m [0m[0;30;47m [0m[0;30;47m [0m[0;30;47ma[0m[0;30;47mt[0m[0;30;47m [0m[0;30;47mS[0m[0;30;47mp[0m[0;30;47ma[0m[0;30;47mc[0m[0;30;47me[0m[0;30;47m [0m[0;30;47m1[0m[0;30;47m3[0m[0;30;47m [0m[0;30;47m([0m[0;30;47mh[0m[0;30;47ma[0m[0;30;47ml[0m[0;30;47ml[0m[0;30;47m)[0m[0;30;47m [0m[0;30;47m [0m[0;30;47m [0m[0;30;47m [0m[0;30;47m [0m[0;30;47m [0m[0;30;47m [0m[0;34;42m~[0m
[0;34;42m~[0m[0;30;47m [0m[0;30;47m [0m[0;30;47m [0m[0;30;47m [0m[0;30;47m [0m[0;30;47m [0m[0;30;47m [0m[0;30;47m [0m[0;30;47m [0m[0;30;47m [0m[0;30;47m [0m[0;30;47m [0m[0;30;47m [0m[0;30;47m [0m[0;30;47m [0m[0;30;47m [0m[0;30;47m [0m[0;30;47m [0m[0;30;47m [0m[0;30;47m [0m[0;30;47m [0m[0;30;47m|[0m[0;30;47m [0m[0;30;47m [0m[0;30;47m [0m[0;30;47m [0m[0;30;47m:[0m[0;30;47m [0m[0;30;47m[[0m[0;30;47m [0m[0;30;47m][0m[0;30;47m [0m[0;30;47m:[0m[0;30;47m [0m[0;30;47m [0m[0;30;47m [0m[0;30;47m [0m[0;30;47m|[0m[0;30;47m-[0m[0;30;47m>[0m[0;30;47m [0m[0;30;47m [0m[0;30;47m [0m[0;30;47m [0m[0;30;47m [0m[0;30;47m [0m[0;30;47m [0m[0;30;47m [0m[0;30;47m [0m[0;30;47m [0m[0;30;47m [0m[0;30;47m [0m[0;30;47m [0m[0;30;47m [0m[0;30;47m [0m[0;30;47m [0m[0;30;47m [0m[0;30;47m [0m[0;30;47m [0m[0;30;47m [0m[0;30;47m [0m[0;30;47m [0m[0;34;42m~[0m[0;30;47m [0m[0;30;47m [0m[0;30;47m [0m[0;30;47m[[0m[0;30;47mO[0m[0;30;47mb[0m[0;30;47mj[0m[0;30;47m][0m[0;30;47m [0m[0;30;47mp[0m[0;30;47mo[0m[0;30;47mr[0m[0;30;47mt[0m[0;30;47ma[0m[0;30;47ml[0m[0;30;47m [0m[0;30;47m [0m[0;30;47m [0m[0;30;47m [0m[0;30;47m [0m[0;30;47ma[0m[0;30;47mt[0m[0;30;47m [0m[0;30;47mS[0m[0;30;47mp[0m[0;30;47ma[0m[0;30;47mc[0m[0;30;47me[0m[0;30;47m [0m[0;30;47m1[0m[0;30;47m1[0m[0;30;47m [0m[0;30;47m([0m[0;30;47mp[0m[0;30;47mi[0m[0;30;47mt[0m[0;30;47m)[0m[0;30;47m [0m[0;30;47m [0m[0;30;47m [0m[0;30;47m [0m[0;30;47m [0m[0;30;47m [0m[0;30;47m [0m[0;30;47m [0m[0;34;42m~[0m
[0;34;42m~[0m[0;30;47m [0m[0;30;47m [0m[0;30;47m [0m[0;30;47m [0m[0;30;47m [0m[0;30;47m [0m[0;30;47m [0m[0;30;47m [0m[0;30;47m [0m[0;30;47m [0m[0;30;47m [0m[0;30;47m [0m[0;30;47m [0m[0;30;47m [0m[0;30;47m [0m[0;30;47m [0m[0;30;47m [0m[0;30;47m [0m[0;30;47m [0m[0;30;47m [0m[0;30;47m [0m[0;30;47m|[0m[0;30;47m [0m[0;30;47m [0m[0;30;47m [0m[0;30;47m [0m[0;30;47m:[0m[0;30;47m [0m[0;30;47m [0m[0;30;47m [0m[0;30;47m [0m[0;30;47m [0m[0;30;47m:[0m[0;30;47m [0m[0;30;47m [0m[0;30;47m [0m[0;30;47m [0m[0;30;47m|[0m[0;30;47m [0m[0;30;47m [0m[0;30;47m [0m[0;30;47m [0m[0;30;47m [0m[0;30;47m [0m[0;30;47m [0m[0;30;47m [0m[0;30;47m [0m[0;30;47m [0m[0;30;47m [0m[0;30;47m [0m[0;30;47m [0m[0;30;47m [0m[0;30;47m [0m[0;30;47m [0m[0;30;47m [0m[0;30;47m [0m[0;30;47m [0m[0;30;47m [0m[0;30;47m [0m[0;30;47m [0m[0;30;47m [0m[0;30;47m [0m[0;34;42m~[0m[0;30;47m [0m[0;30;47m [0m[0;30;47m [0m[0;30;47m[[0m[0;30;47mO[0m[0;30;47mb[0m[0;30;47mj[0m[0;30;47m][0m[0;30;47m [0m[0;30;47mc[0m[0;30;47mo[0m[0;30;47mi[0m[0;30;47mn[0m[0;30;47m [0m[0;30;47m [0m[0;30;47m [0m[0;30;47m [0m[0;30;47m [0m[0;30;47m [0m[0;30;47m [0m[0;30;47ma[0m[0;30;47mt[0m[0;30;47m [0m[0;30;47mS[0m[0;30;47mp[0m[0;30;47ma[0m[0;30;47mc[0m[0;30;47me[0m[0;30;47m [0m[0;30;47m1[0m[0;30;47m2[0m[0;30;47m [0m[0;30;47m([0m[0;30;47mp[0m[0;30;47ma[0m[0;30;47mt[0m[0;30;47mh[0m[0;30;47m)[0m[0;30;47m [0m[0;30;47m [0m[0;30;47m [0m[0;30;47m [0m[0;30;47m [0m[0;30;47m [0m[0;30;47m [0m[0;34;42m~[0m
[0;34;42m~[0m[0;30;47m [0m[0;30;47m [0m[0;30;47m [0m[0;30;47m [0m[0;30;47m [0m[0;30;47m [0m[0;30;47m [0m[0;30;47m [0m[0;30;47m [0m[0;30;47m [0m[0;30;47m [0m[0;30;47m [0m[0;30;47m [0m[0;30;47m [0m[0;30;47m [0m[0;30;47m [0m[0;30;47m [0m[0;30;47m [0m[0;30;47m [0m[0;30;47m [0m[0;30;47m [0m[0;30;47m|[0m[0;30;47m [0m[0;30;47m [0m[0;30;47m [0m[0;30;47m [0m[0;30;47m.[0m[0;30;47m.[0m[0;30;47m.[0m[0;30;47m.[0m[0;30;47m.[0m[0;30;47m.[0m[0;30;47m.[0m[0;30;47m [0m[0;30;47m [0m[0;30;47m [0m[0;30;47m [0m[0;30;47m|[0m[0;30;47m [0m[0;30;47m [0m[0;30;47m [0m[0;30;47m [0m[0;30;47m [0m[0;30;47m [0m[0;30;47m [0m[0;30;47m [0m[0;30;47m [0m[0;30;47m [0m[0;30;47m [0m[0;30;47m [0m[0;30;47m [0m[0;30;47m [0m[0;30;47m [0m[0;30;47m [0m[0;30;47m [0m[0;30;47m [0m[0;30;47m [0m[0;30;47m [0m[0;30;47m [0m[0;30;47m [0m[0;30;47m [0m[0;30;47m [0m[0;34;42m~[0m[0;30;47m [0m[0;30;47m [0m[0;30;47m [0m[0;30;47m[[0m[0;30;47mO[0m[0;30;47mb[0m[0;30;47mj[0m[0;30;47m][0m[0;30;47m [0m[0;30;47mc[0m[0;30;47mu[0m[0;30;47mp[0m[0;30;47m [0m[0;30;47m [0m[0;30;47m [0m[0;30;47m [0m[0;30;47m [0m[0;30;47m [0m[0;30;47m [0m[0;30;47m [0m[0;30;47ma[0m[0;30;47mt[0m[0;30;47m [0m[0;30;47mS[0m[0;30;47mp[0m[0;30;47ma[0m[0;30;47mc[0m[0;30;47me[0m[0;30;47m [0m[0;30;47m1[0m[0;30;47m3[0m[0;30;47m [0m[0;30;47m([0m[0;30;47mh[0m[0;30;47ma[0m[0;30;47ml[0m[0;30;47ml[0m[0;30;47m)[0m[0;30;47m [0m[0;30;47m [0m[0;30;47m [0m[0;30;47m [0m[0;30;47m [0m[0;30;47m [0m[0;30;47m [0m[0;34;42m~[0m
[0;34;42m~[0m[0;30;47m [0m[0;30;47m [0m[0;30;47m [0m[0;30;47m [0m[0;30;47m [0m[0;30;47m [0m[0;30;47m [0m[0;30;47m [0m[0;30;47m [0m[0;30;47m [0m[0;30;47m [0m[0;30;47m [0m[0;30;47m [0m[0;30;47m [0m[0;30;47m [0m[0;30;47m [0m[0;30;47m [0m[0;30;47m [0m[0;30;47m [0m[0;30;47m [0m[0;30;47m [0m[0;30;47m|[0m[0;30;47mm[0m[0;30;47ma[0m[0;30;47mi[0m[0;30;47ml[0m[0;30;47m,[0m[0;30;47mc[0m[0;30;47mu[0m[0;30;47mp[0m[0;30;47m [0m[0;30;47m [0m[0;30;47m [0m[0;30;47m [0m[0;30;47m [0m[0;30;47m [0m[0;30;47m [0m[0;30;47m|[0m[0;30;47m [0m[0;30;47m [0m[0;30;47m [0m[0;30;47m [0m[0;30;47m [0m[0;30;47m [0m[0;30;47m [0m[0;30;47m [0m[0;30;47m [0m[0;30;47m [0m[0;30;47m [0m[0;30;47m [0m[0;30;47m [0m[0;30;47m [0m[0;30;47m [0m[0;30;47m [0m[0;30;47m [0m[0;30;47m [0m[0;30;47m [0m[0;30;47m [0m[0;30;47m [0m[0;30;47m [0m[0;30;47m [0m[0;30;47m [0m[0;34;42m~[0m[0;30;47m [0m[0;30;47m [0m[0;30;47m [0m[0;30;47m[[0m[0;30;47mC[0m[0;30;47mh[0m[0;30;47mr[0m[0;30;47m][0m[0;30;47m [0m[0;30;47m [0m[0;30;47m\[0m[0;30;47mV[0m[0;30;47mo[0m[0;30;47m/[0m[0;30;47m [0m[0;30;47m [0m[0;30;47ma[0m[0;30;47mt[0m[0;30;47m [0m[0;30;47mS[0m[0;30;47mp[0m[0;30;47ma[0m[0;30;47mc[0m[0;30;47me[0m[0;30;47m [0m[0;30;47m1[0m[0;30;47m2[0m[0;30;47m [0m[0;30;47m([0m[0;30;47mp[0m[0;30;47ma[0m[0;30;47mt[0m[0;30;47mh[0m[0;30;47m)[0m[0;30;47m [0m[0;30;47m([0m[0;30;47mH[0m[0;30;47mP[0m[0;30;47m:[0m[0;30;47m5[0m[0;30;47m)[0m[0;30;47m [0m[0;30;47m [0m[0;30;47m [0m[0;30;47m [0m[0;34;42m~[0m
[0;34;42m~[0m[0;30;47m [0m[0;30;47m [0m[0;30;47m [0m[0;30;47m [0m[0;30;47m [0m[0;30;47m [0m[0;30;47m [0m[0;30;47m [0m[0;30;47m [0m[0;30;47m [0m[0;30;47m [0m[0;30;47m [0m[0;30;47m [0m[0;30;47m [0m[0;30;47m [0m[0;30;47m [0m[0;30;47m [0m[0;30;47m [0m[0;30;47m [0m[0;30;47m [0m[0;30;47m [0m[0;30;47m+[0m[0;30;47m-[0m[0;30;47m-[0m[0;30;47m-[0m[0;30;47m-[0m[0;30;47m-[0m[0;30;47m-[0m[0;30;47m-[0m[0;30;47m-[0m[0;30;47m-[0m[0;30;47m-[0m[0;30;47m-[0m[0;30;47m-[0m[0;30;47m-[0m[0;30;47m-[0m[0;30;47m-[0m[0;30;47m+[0m[0;30;47m [0m[0;30;47m [0m[0;30;47m [0m[0;30;47m [0m[0;30;47m [0m[0;30;47m [0m[0;30;47m [0m[0;30;47m [0m[0;30;47m [0m[0;30;47m [0m[0;30;47m [0m[0;30;47m [0m[0;30;47m [0m[0;30;47m [0m[0;30;47m [0m[0;30;47m [0m[0;30;47m [0m[0;30;47m [0m[0;30;47m [0m[0;30;47m [0m[0;30;47m [0m[0;30;47m [0m[0;30;47m [0m[0;30;47m [0m[0;34;42m~[0m[0;30;47m [0m[0;30;47m [0m[0;30;47m [0m[0;30;47m[[0m[0;30;47mC[0m[0;30;47mh[0m[0;30;47mr[0m[0;30;47m][0m[0;30;47m [0m[0;30;47m [0m[0;30;47m\[0m[0;30;47mS[0m[0;30;47me[0m[0;30;47m/[0m[0;30;47m [0m[0;30;47m [0m[0;30;47ma[0m[0;30;47mt[0m[0;30;47m [0m[0;30;47mS[0m[0;30;47mp[0m[0;30;47ma[0m[0;30;47mc[0m[0;30;47me[0m[0;30;47m [0m[0;30;47m1[0m[0;30;47m2[0m[0;30;47m [0m[0;30;47m([0m[0;30;47mp[0m[0;30;47ma[0m[0;30;47mt[0m[0;30;47mh[0m[0;30;47m)[0m[0;30;47m [0m[0;30;47m([0m[0;30;47mH[0m[0;30;47mP[0m[0;30;47m:[0m[0;30;47m5[0m[0;30;47m)[0m[0;30;47m [0m[0;30;47m [0m[0;30;47m [0m[0;30;47m [0m[0;34;42m~[0m
[0;34;42m~[0m[0;30;47m [0m[0;30;47m [0m[0;30;47m [0m[0;30;47m [0m[0;30;47m [0m[0;30;47m [0m[0;30;47m [0m[0;30;47m [0m[0;30;47m [0m[0;30;47m [0m[0;30;47m [0m[0;30;47m [0m[0;30;47m [0m[0;30;47m [0m[0;30;47m [0m[0;30;47m [0m[0;30;47m [0m[0;30;47m [0m[0;30;47m [0m[0;30;47m [0m[0;30;47m [0m[0;30;47m [0m[0;30;47m [0m[0;30;47m [0m[0;30;47m [0m[0;30;47m [0m[0;30;47m [0m[0;30;47m [0m[0;30;47m [0m[0;30;47mv[0m[0;30;47m [0m[0;30;47m [0m[0;30;47m [0m[0;30;47m [0m[0;30;47m [0m[0;30;47m [0m[0;30;47m [0m[0;30;47m [0m[0;30;47m [0m[0;30;47m [0m[0;30;47m [0m[0;30;47m [0m[0;30;47m [0m[0;30;47m [0m[0;30;47m [0m[0;30;47m [0m[0;30;47m [0m[0;30;47m [0m[0;30;47m [0m[0;30;47m [0m[0;30;47m [0m[0;30;47m [0m[0;30;47m [0m[0;30;47m [0m[0;30;47m [0m[0;30;47m [0m[0;30;47m [0m[0;30;47m [0m[0;30;47m [0m[0;30;47m [0m[0;30;47m [0m[0;30;47m [0m[0;34;42m~[0m[0;30;47m [0m[0;30;47m [0m[0;30;47m-[0m[0;30;47m-[0m[0;30;47m-[0m[0;30;47m-[0m[0;30;47m-[0m[0;30;47m-[0m[0;30;47m-[0m[0;30;47m-[0m[0;30;47m-[0m[0;30;47m-[0m[0;30;47m-[0m[0;30;47m-[0m[0;30;47m-[0m[0;30;47m-[0m[0;30;47m-[0m[0;30;47m-[0m[0;30;47m-[0m[0;30;47m-[0m[0;30;47m-[0m[0;30;47m-[0m[0;30;47m-[0m[0;30;47m-[0m[0;30;47m-[0m[0;30;47m-[0m[0;30;47m-[0m[0;30;47m-[0m[0;30;47m-[0m[0;30;47m-[0m[0;30;47m-[0m[0;30;47m-[0m[0;30;47m-[0m[0;30;47m-[0m[0;30;47m-[0m[0;30;47m-[0m[0;30;47m-[0m[0;30;47m-[0m[0;30;47m-[0m[0;30;47m-[0m[0;30;47m-[0m[0;30;47m-[0m[0;30;47m-[0m[0;30;47m [0m[0;30;47m [0m[0;34;42m~[0m
[0;34;42m~[0m[0;30;47m [0m[0;30;47m [0m[0;30;47m [0m[0;30;47m [0m[0;30;47m [0m[0;30;47m [0m[0;30;47m [0m[0;30;47m [0m[0;30;47m [0m[0;30;47m [0m[0;30;47m [0m[0;30;47m [0m[0;30;47m [0m[0;30;47m [0m[0;30;47m [0m[0;30;47m [0m[0;30;47m [0m[0;30;47m [0m[0;30;47m [0m[0;30;47m [0m[0;30;47m [0m[0;30;47m+[0m[0;30;47m-[0m[0;30;47m-[0m[0;30;47m-[0m[0;30;47m-[0m[0;30;47m-[0m[0;30;47m-[0m[0;30;47m-[0m[0;30;47m-[0m[0;30;47m-[0m[0;30;47m-[0m[0;30;47m-[0m[0;30;47m-[0m[0;30;47m-[0m[0;30;47m-[0m[0;30;47m-[0m[0;30;47m+[0m[0;30;47m [0m[0;30;47m [0m[0;30;47m [0m[0;30;47m [0m[0;30;47m [0m[0;30;47m [0m[0;30;47m [0m[0;30;47m [0m[0;30;47m [0m[0;30;47m [0m[0;30;47m [0m[0;30;47m [0m[0;30;47m [0m[0;30;47m [0m[0;30;47m [0m[0;30;47m [0m[0;30;47m [0m[0;30;47m [0m[0;30;47m [0m[0;30;47m [0m[0;30;47m [0m[0;30;47m [0m[0;30;47m [0m[0;30;47m [0m[0;34;42m~[0m[0;30;47m [0m[0;30;47m [0m[0;30;47m [0m[0;30;47m [0m[0;30;47m [0m[0;30;47m [0m[0;30;47m [0m[0;30;47m [0m[0;30;47m [0m[0;30;47m [0m[0;30;47m [0m[0;30;47m [0m[0;30;47m [0m[0;30;47m [0m[0;30;47m [0m[0;30;47m [0m[0;30;47m [0m[0;30;47m [0m[0;30;47m [0m[0;30;47m [0m[0;30;47m [0m[0;30;47m [0m[0;30;47m [0m[0;30;47m [0m[0;30;47m [0m[0;30;47m [0m[0;30;47m [0m[0;30;47m [0m[0;30;47m [0m[0;30;47m [0m[0;30;47m [0m[0;30;47m [0m[0;30;47m [0m[0;30;47m [0m[0;30;47m [0m[0;30;47m [0m[0;30;47m [0m[0;30;47m [0m[0;30;47m [0m[0;30;47m [0m[0;30;47m [0m[0;30;47m [0m[0;30;47m [0m[0;30;47m [0m[0;30;47m [0m[0;34;42m~[0m
[0;34;42m~[0m[0;30;47m [0m[0;30;47m [0m[0;30;47m [0m[0;30;47m [0m[0;30;47m [0m[0;30;47m [0m[0;30;47m [0m[0;30;47m [0m[0;30;47m [0m[0;30;47m [0m[0;30;47m [0m[0;30;47m [0m[0;30;47m [0m[0;30;47m [0m[0;30;47m [0m[0;30;47m [0m[0;30;47m [0m[0;30;47m [0m[0;30;47m [0m[0;30;47m [0m[0;30;47m [0m[0;30;47m|[0m[0;30;47m [0m[0;30;47m [0m[0;30;47m [0m[0;30;47m [0m[0;30;47m [0m[0;30;47m [0m[0;30;47m [0m[0;30;47m [0m[0;30;47m [0m[0;30;47m [0m[0;30;47m [0m[0;30;47m [0m[0;30;47m [0m[0;30;47m1[0m[0;30;47m4[0m[0;30;47m|[0m[0;30;47m [0m[0;30;47m [0m[0;30;47m [0m[0;30;47m [0m[0;30;47m [0m[0;30;47m [0m[0;30;47m [0m[0;30;47m [0m[0;30;47m [0m[0;30;47m [0m[0;30;47m [0m[0;30;47m [0m[0;30;47m [0m[0;30;47m [0m[0;30;47m [0m[0;30;47m [0m[0;30;47m [0m[0;30;47m [0m[0;30;47m [0m[0;30;47m [0m[0;30;47m [0m[0;30;47m [0m[0;30;47m [0m[0;30;47m [0m[0;34;42m~[0m[0;30;47m [0m[0;30;47m [0m[0;30;47m [0m[0;30;47m [0m[0;30;47m [0m[0;30;47m [0m[0;30;47m [0m[0;30;47m [0m[0;30;47m [0m[0;30;47m [0m[0;30;47m [0m[0;30;47m [0m[0;30;47m [0m[0;30;47m [0m[0;30;47m [0m[0;30;47m [0m[0;30;47m [0m[0;30;47m [0m[0;30;47m [0m[0;30;47m [0m[0;30;47m [0m[0;30;47m [0m[0;30;47m [0m[0;30;47m [0m[0;30;47m [0m[0;30;47m [0m[0;30;47m [0m[0;30;47m [0m[0;30;47m [0m[0;30;47m [0m[0;30;47m [0m[0;30;47m [0m[0;30;47m [0m[0;30;47m [0m[0;30;47m [0m[0;30;47m [0m[0;30;47m [0m[0;30;47m [0m[0;30;47m [0m[0;30;47m [0m[0;30;47m [0m[0;30;47m [0m[0;30;47m [0m[0;30;47m [0m[0;30;47m [0m[0;34;42m~[0m
[0;34;42m~[0m[0;30;47m [0m[0;30;47m [0m[0;30;47m [0m[0;30;47m [0m[0;30;47m [0m[0;30;47m [0m[0;30;47m [0m[0;30;47m [0m[0;30;47m [0m[0;30;47m [0m[0;30;47m [0m[0;30;47m [0m[0;30;47m [0m[0;30;47m [0m[0;30;47m [0m[0;30;47m [0m[0;30;47m [0m[0;30;47m [0m[0;30;47m [0m[0;30;47m [0m[0;30;47m [0m[0;30;47m|[0m[0;30;47m [0m[0;30;47m [0m[0;30;47m [0m[0;30;47m [0m[0;30;47m [0m[0;30;47m [0m[0;30;47m [0m[0;30;47m [0m[0;30;47m [0m[0;30;47m [0m[0;30;47m [0m[0;30;47m [0m[0;30;47m [0m[0;30;47m [0m[0;30;47m [0m[0;30;47m|[0m[0;30;47m [0m[0;30;47m [0m[0;30;47m [0m[0;30;47m [0m[0;30;47m [0m[0;30;47m [0m[0;30;47m [0m[0;30;47m [0m[0;30;47m [0m[0;30;47m [0m[0;30;47m [0m[0;30;47m [0m[0;30;47m [0m[0;30;47m [0m[0;30;47m [0m[0;30;47m [0m[0;30;47m [0m[0;30;47m [0m[0;30;47m [0m[0;30;47m [0m[0;30;47m [0m[0;30;47m [0m[0;30;47m [0m[0;30;47m [0m[0;34;42m~[0m[0;30;47m [0m[0;30;47m [0m[0;30;47m [0m[0;30;47m [0m[0;30;47m [0m[0;30;47m [0m[0;30;47m [0m[0;30;47m [0m[0;30;47m [0m[0;30;47m [0m[0;30;47m [0m[0;30;47m [0m[0;30;47m [0m[0;30;47m [0m[0;30;47m [0m[0;30;47m [0m[0;30;47m [0m[0;30;47m [0m[0;30;47m [0m[0;30;47m [0m[0;30;47m [0m[0;30;47m [0m[0;30;47m [0m[0;30;47m [0m[0;30;47m [0m[0;30;47m [0m[0;30;47m [0m[0;30;47m [0m[0;30;47m [0m[0;30;47m [0m[0;30;47m [0m[0;30;47m [0m[0;30;47m [0m[0;30;47m [0m[0;30;47m [0m[0;30;47m [0m[0;30;47m [0m[0;30;47m [0m[0;30;47m [0m[0;30;47m [0m[0;30;47m [0m[0;30;47m [0m[0;30;47m [0m[0;30;47m [0m[0;30;47m [0m[0;34;42m~[0m
[0;34;42m~[0m[0;30;47m [0m[0;30;47m [0m[0;30;47m [0m[0;30;47m [0m[0;30;47m [0m[0;30;47m [0m[0;30;47m [0m[0;30;47m [0m[0;30;47m [0m[0;30;47m [0m[0;30;47m [0m[0;30;47m [0m[0;30;47m [0m[0;30;47m [0m[0;30;47m [0m[0;30;47m [0m[0;30;47m [0m[0;30;47m [0m[0;30;47m [0m[0;30;47m [0m[0;30;47m [0m[0;30;47m|[0m[0;30;47m [0m[0;30;47m [0m[0;30;47m [0m[0;30;47m [0m[0;30;47m [0m[0;30;47m [0m[0;30;47m [0m[0;30;47m [0m[0;30;47m [0m[0;30;47m [0m[0;30;47m [0m[0;30;47m [0m[0;30;47m [0m[0;30;47m [0m[0;30;47m [0m[0;30;47m|[0m[0;30;47m [0m[0;30;47m [0m[0;30;47m [0m[0;30;47m [0m[0;30;47m [0m[0;30;47m [0m[0;30;47m [0m[0;30;47m [0m[0;30;47m [0m[0;30;47m [0m[0;30;47m [0m[0;30;47m [0m[0;30;47m [0m[0;30;47m [0m[0;30;47m [0m[0;30;47m [0m[0;30;47m [0m[0;30;47m [0m[0;30;47m [0m[0;30;47m [0m[0;30;47m [0m[0;30;47m [0m[0;30;47m [0m[0;30;47m [0m[0;34;42m~[0m[0;30;47m [0m[0;30;47m [0m[0;30;47m [0m[0;30;47m [0m[0;30;47m [0m[0;30;47m [0m[0;30;47m [0m[0;30;47m [0m[0;30;47m [0m[0;30;47m [0m[0;30;47m [0m[0;30;47m [0m[0;30;47m [0m[0;30;47m [0m[0;30;47m [0m[0;30;47m [0m[0;30;47m [0m[0;30;47m [0m[0;30;47m [0m[0;30;47m [0m[0;30;47m [0m[0;30;47m [0m[0;30;47m [0m[0;30;47m [0m[0;30;47m [0m[0;30;47m [0m[0;30;47m [0m[0;30;47m [0m[0;30;47m [0m[0;30;47m [0m[0;30;47m [0m[0;30;47m [0m[0;30;47m [0m[0;30;47m [0m[0;30;47m [0m[0;30;47m [0m[0;30;47m [0m[0;30;47m [0m[0;30;47m [0m[0;30;47m [0m[0;30;47m [0m[0;30;47m [0m[0;30;47m [0m[0;30;47m [0m[0;30;47m [0m[0;34;42m~[0m
[0;34;42m~[0m[0;30;47m [0m[0;30;47m [0m[0;30;47m [0m[0;30;47m [0m[0;30;47m [0m[0;30;47m [0m[0;30;47m [0m[0;30;47m [0m[0;30;47m [0m[0;30;47m [0m[0;30;47m [0m[0;30;47m [0m[0;30;47m [0m[0;30;47m [0m[0;30;47m [0m[0;30;47m [0m[0;30;47m [0m[0;30;47m [0m[0;30;47m [0m[0;30;47m [0m[0;30;47m [0m[0;30;47m|[0m[0;30;47m [0m[0;30;47m [0m[0;30;47m [0m[0;30;47m [0m[0;30;47m [0m[0;30;47m?[0m[0;30;47m?[0m[0;30;47m?[0m[0;30;47m [0m[0;30;47m [0m[0;30;47m [0m[0;30;47m [0m[0;30;47m [0m[0;30;47m [0m[0;30;47m [0m[0;30;47m|[0m[0;30;47m [0m[0;30;47m [0m[0;30;47m [0m[0;30;47m [0m[0;30;47m [0m[0;30;47m [0m[0;30;47m [0m[0;30;47m [0m[0;30;47m [0m[0;30;47m [0m[0;30;47m [0m[0;30;47m [0m[0;30;47m [0m[0;30;47m [0m[0;30;47m [0m[0;30;47m [0m[0;30;47m [0m[0;30;47m [0m[0;30;47m [0m[0;30;47m [0m[0;30;47m [0m[0;30;47m [0m[0;30;47m [0m[0;30;47m [0m[0;34;42m~[0m[0;30;47m [0m[0;30;47m [0m[0;30;47m [0m[0;30;47m [0m[0;30;47m [0m[0;30;47m [0m[0;30;47m [0m[0;30;47m [0m[0;30;47m [0m[0;30;47m [0m[0;30;47m [0m[0;30;47m [0m[0;30;47m [0m[0;30;47m [0m[0;30;47m [0m[0;30;47m [0m[0;30;47m [0m[0;30;47m [0m[0;30;47m [0m[0;30;47m [0m[0;30;47m [0m[0;30;47m [0m[0;30;47m [0m[0;30;47m [0m[0;30;47m [0m[0;30;47m [0m[0;30;47m [0m[0;30;47m [0m[0;30;47m [0m[0;30;47m [0m[0;30;47m [0m[0;30;47m [0m[0;30;47m [0m[0;30;47m [0m[0;30;47m [0m[0;30;47m [0m[0;30;47m [0m[0;30;47m [0m[0;30;47m [0m[0;30;47m [0m[0;30;47m [0m[0;30;47m [0m[0;30;47m [0m[0;30;47m [0m[0;30;47m [0m[0;34;42m~[0m
[0;34;42m~[0m[0;30;47m [0m[0;30;47m [0m[0;30;47m [0m[0;30;47m [0m[0;30;47m [0m[0;30;47m [0m[0;30;47m [0m[0;30;47m [0m[0;30;47m [0m[0;30;47m [0m[0;30;47m [0m[0;30;47m [0m[0;30;47m [0m[0;30;47m [0m[0;30;47m [0m[0;30;47m [0m[0;30;47m [0m[0;30;47m [0m[0;30;47m [0m[0;30;47m [0m[0;30;47m [0m[0;30;47m|[0m[0;30;47m [0m[0;30;47m [0m[0;30;47m [0m[0;30;47m [0m[0;30;47m [0m[0;30;47m [0m[0;30;47m [0m[0;30;47m [0m[0;30;47m [0m[0;30;47m [0m[0;30;47m [0m[0;30;47m [0m[0;30;47m [0m[0;30;47m [0m[0;30;47m [0m[0;30;47m|[0m[0;30;47m [0m[0;30;47m [0m[0;30;47m [0m[0;30;47m [0m[0;30;47m [0m[0;30;47m [0m[0;30;47m [0m[0;30;47m [0m[0;30;47m [0m[0;30;47m [0m[0;30;47m [0m[0;30;47m [0m[0;30;47m [0m[0;30;47m [0m[0;30;47m [0m[0;30;47m [0m[0;30;47m [0m[0;30;47m [0m[0;30;47m [0m[0;30;47m [0m[0;30;47m [0m[0;30;47m [0m[0;30;47m [0m[0;30;47m [0m[0;34;42m~[0m[0;30;47m [0m[0;30;47m [0m[0;30;47m [0m[0;30;47m [0m[0;30;47m [0m[0;30;47m [0m[0;30;47m [0m[0;30;47m [0m[0;30;47m [0m[0;30;47m [0m[0;30;47m [0m[0;30;47m [0m[0;30;47m [0m[0;30;47m [0m[0;30;47m [0m[0;30;47m [0m[0;30;47m [0m[0;30;47m [0m[0;30;47m [0m[0;30;47m [0m[0;30;47m [0m[0;30;47m [0m[0;30;47m [0m[0;30;47m [0m[0;30;47m [0m[0;30;47m [0m[0;30;47m [0m[0;30;47m [0m[0;30;47m [0m[0;30;47m [0m[0;30;47m [0m[0;30;47m [0m[0;30;47m [0m[0;30;47m [0m[0;30;47m [0m[0;30;47m [0m[0;30;47m [0m[0;30;47m [0m[0;30;47m [0m[0;30;47m [0m[0;30;47m [0m[0;30;47m [0m[0;30;47m [0m[0;30;47m [0m[0;30;47m [0m[0;34;42m~[0m
[0;34;42m~[0m[0;30;47m [0m[0;30;47m [0m[0;30;47m [0m[0;30;47m [0m[0;30;47m [0m[0;30;47m [0m[0;30;47m [0m[0;30;47m [0m[0;30;47m [0m[0;30;47m [0m[0;30;47m [0m[0;30;47m [0m[0;30;47m [0m[0;30;47m [0m[0;30;47m [0m[0;30;47m [0m[0;30;47m [0m[0;30;47m [0m[0;30;47m [0m[0;30;47m [0m[0;30;47m [0m[0;30;47m|[0m[0;30;47m [0m[0;30;47m [0m[0;30;47m [0m[0;30;47m [0m[0;30;47m [0m[0;30;47m [0m[0;30;47m [0m[0;30;47m [0m[0;30;47m [0m[0;30;47m [0m[0;30;47m [0m[0;30;47m [0m[0;30;47m [0m[0;30;47m [0m[0;30;47m [0m[0;30;47m|[0m[0;30;47m [0m[0;30;47m [0m[0;30;47m [0m[0;30;47m [0m[0;30;47m [0m[0;30;47m [0m[0;30;47m [0m[0;30;47m [0m[0;30;47m [0m[0;30;47m [0m[0;30;47m [0m[0;30;47m [0m[0;30;47m [0m[0;30;47m [0m[0;30;47m [0m[0;30;47m [0m[0;30;47m [0m[0;30;47m [0m[0;30;47m [0m[0;30;47m [0m[0;30;47m [0m[0;30;47m [0m[0;30;47m [0m[0;30;47m [0m[0;34;42m~[0m[0;30;47m [0m[0;30;47m [0m[0;30;47m [0m[0;30;47m [0m[0;30;47m [0m[0;30;47m [0m[0;30;47m [0m[0;30;47m [0m[0;30;47m [0m[0;30;47m [0m[0;30;47m [0m[0;30;47m [0m[0;30;47m [0m[0;30;47m [0m[0;30;47m [0m[0;30;47m [0m[0;30;47m [0m[0;30;47m [0m[0;30;47m [0m[0;30;47m [0m[0;30;47m [0m[0;30;47m [0m[0;30;47m [0m[0;30;47m [0m[0;30;47m [0m[0;30;47m [0m[0;30;47m [0m[0;30;47m [0m[0;30;47m [0m[0;30;47m [0m[0;30;47m [0m[0;30;47m [0m[0;30;47m [0m[0;30;47m [0m[0;30;47m [0m[0;30;47m [0m[0;30;47m [0m[0;30;47m [0m[0;30;47m [0m[0;30;47m [0m[0;30;47m [0m[0;30;47m [0m[0;30;47m [0m[0;30;47m [0m[0;30;47m [0m[0;34;42m~[0m
[0;34;42m~[0m[0;30;47m [0m[0;30;47m [0m[0;30;47m [0m[0;30;47m [0m[0;30;47m [0m[0;30;47m [0m[0;30;47m [0m[0;30;47m [0m[0;30;47m [0m[0;30;47m [0m[0;30;47m [0m[0;30;47m [0m[0;30;47m [0m[0;30;47m [0m[0;30;47m [0m[0;30;47m [0m[0;30;47m [0m[0;30;47m [0m[0;30;47m [0m[0;30;47m [0m[0;30;47m [0m[0;30;47m|[0m[0;30;47m [0m[0;30;47m [0m[0;30;47m [0m[0;30;47m [0m[0;30;47m [0m[0;30;47m [0m[0;30;47m [0m[0;30;47m [0m[0;30;47m [0m[0;30;47m [0m[0;30;47m [0m[0;30;47m [0m[0;30;47m [0m[0;30;47m [0m[0;30;47m [0m[0;30;47m|[0m[0;30;47m [0m[0;30;47m [0m[0;30;47m [0m[0;30;47m [0m[0;30;47m [0m[0;30;47m [0m[0;30;47m [0m[0;30;47m [0m[0;30;47m [0m[0;30;47m [0m[0;30;47m [0m[0;30;47m [0m[0;30;47m [0m[0;30;47m [0m[0;30;47m [0m[0;30;47m [0m[0;30;47m [0m[0;30;47m [0m[0;30;47m [0m[0;30;47m [0m[0;30;47m [0m[0;30;47m [0m[0;30;47m [0m[0;30;47m [0m[0;34;42m~[0m[0;30;47m [0m[0;30;47m [0m[0;30;47m [0m[0;30;47m [0m[0;30;47m [0m[0;30;47m [0m[0;30;47m [0m[0;30;47m [0m[0;30;47m [0m[0;30;47m [0m[0;30;47m [0m[0;30;47m [0m[0;30;47m [0m[0;30;47m [0m[0;30;47m [0m[0;30;47m [0m[0;30;47m [0m[0;30;47m [0m[0;30;47m [0m[0;30;47m [0m[0;30;47m [0m[0;30;47m [0m[0;30;47m [0m[0;30;47m [0m[0;30;47m [0m[0;30;47m [0m[0;30;47m [0m[0;30;47m [0m[0;30;47m [0m[0;30;47m [0m[0;30;47m [0m[0;30;47m [0m[0;30;47m [0m[0;30;47m [0m[0;30;47m [0m[0;30;47m [0m[0;30;47m [0m[0;30;47m [0m[0;30;47m [0m[0;30;47m [0m[0;30;47m [0m[0;30;47m [0m[0;30;47m [0m[0;30;47m [0m[0;30;47m [0m[0;34;42m~[0m
[0;34;42m~[0m[0;30;47m [0m[0;30;47m [0m[0;30;47m [0m[0;30;47m [0m[0;30;47m [0m[0;30;47m [0m[0;30;47m [0m[0;30;47m [0m[0;30;47m [0m[0;30;47m [0m[0;30;47m [0m[0;30;47m [0m[0;30;47m [0m[0;30;47m [0m[0;30;47m [0m[0;30;47m [0m[0;30;47m [0m[0;30;47m [0m[0;30;47m [0m[0;30;47m [0m[0;30;47m [0m[0;30;47m+[0m[0;30;47m-[0m[0;30;47m-[0m[0;30;47m-[0m[0;30;47m-[0m[0;30;47m-[0m[0;30;47m-[0m[0;30;47m-[0m[0;30;47m-[0m[0;30;47m-[0m[0;30;47m-[0m[0;30;47m-[0m[0;30;47m-[0m[0;30;47m-[0m[0;30;47m-[0m[0;30;47m-[0m[0;30;47m+[0m[0;30;47m [0m[0;30;47m [0m[0;30;47m [0m[0;30;47m [0m[0;30;47m [0m[0;30;47m [0m[0;30;47m [0m[0;30;47m [0m[0;30;47m [0m[0;30;47m [0m[0;30;47m [0m[0;30;47m [0m[0;30;47m [0m[0;30;47m [0m[0;30;47m [0m[0;30;47m [0m[0;30;47m [0m[0;30;47m [0m[0;30;47m [0m[0;30;47m [0m[0;30;47m [0m[0;30;47m [0m[0;30;47m [0m[0;30;47m [0m[0;34;42m~[0m[0;30;47m [0m[0;30;47m [0m[0;30;47m [0m[0;30;47m [0m[0;30;47m [0m[0;30;47m [0m[0;30;47m [0m[0;30;47m [0m[0;30;47m [0m[0;30;47m [0m[0;30;47m [0m[0;30;47m [0m[0;30;47m [0m[0;30;47m [0m[0;30;47m [0m[0;30;47m [0m[0;30;47m [0m[0;30;47m [0m[0;30;47m [0m[0;30;47m [0m[0;30;47m [0m[0;30;47m [0m[0;30;47m [0m[0;30;47m [0m[0;30;47m [0m[0;30;47m [0m[0;30;47m [0m[0;30;47m [0m[0;30;47m [0m[0;30;47m [0m[0;30;47m [0m[0;30;47m [0m[0;30;47m [0m[0;30;47m [0m[0;30;47m [0m[0;30;47m [0m[0;30;47m [0m[0;30;47m [0m[0;30;47m [0m[0;30;47m [0m[0;30;47m [0m[0;30;47m [0m[0;30;47m [0m[0;30;47m [0m[0;30;47m [0m[0;34;42m~[0m
[0;34;42m~[0m[0;34;42m~[0m[0;34;42m~[0m[0;34;42m~[0m[0;34;42m~[0m[0;34;42m~[0m[0;34;42m~[0m[0;34;42m~[0m[0;34;42m~[0m[0;34;42m~[0m[0;34;42m~[0m[0;34;42m~[0m[0;34;42m~[0m[0;34;42m~[0m[0;34;42m~[0m[0;34;42m~[0m[0;34;42m~[0m[0;34;42m~[0m[0;34;42m~[0m[0;34;42m~[0m[0;34;42m~[0m[0;34;42m~[0m[0;34;42m~[0m[0;34;42m~[0m[0;34;42m~[0m[0;34;42m~[0m[0;34;42m~[0m[0;34;42m~[0m[0;34;42m~[0m[0;34;42m~[0m[0;34;42m~[0m[0;34;42m~[0m[0;34;42m~[0m[0;34;42m~[0m[0;34;42m~[0m[0;34;42m~[0m[0;34;42m~[0m[0;34;42m~[0m[0;34;42m~[0m[0;34;42m~[0m[0;34;42m~[0m[0;34;42m~[0m[0;34;42m~[0m[0;34;42m~[0m[0;34;42m~[0m[0;34;42m~[0m[0;34;42m~[0m[0;34;42m~[0m[0;34;42m~[0m[0;34;42m~[0m[0;34;42m~[0m[0;34;42m~[0m[0;34;42m~[0m[0;34;42m~[0m[0;34;42m~[0m[0;34;42m~[0m[0;34;42m~[0m[0;34;42m~[0m[0;34;42m~[0m[0;34;42m~[0m[0;34;42m~[0m[0;34;42m~[0m[0;34;42m~[0m[0;34;42m~[0m[0;34;42m~[0m[0;34;42m~[0m[0;34;42m~[0m[0;34;42m~[0m[0;34;42m~[0m[0;34;42m~[0m[0;34;42m~[0m[0;34;42m~[0m[0;34;42m~[0m[0;34;42m~[0m[0;34;42m~[0m[0;34;42m~[0m[0;34;42m~[0m[0;34;42m~[0m[0;34;42m~[0m[0;34;42m~[0m[0;34;42m~[0m[0;34;42m~[0m[0;34;42m~[0m[0;34;42m~[0m[0;34;42m~[0m[0;34;42m~[0m[0;34;42m~[0m[0;34;42m~[0m[0;34;42m~[0m[0;34;42m~[0m[0;34;42m~[0m[0;34;42m~[0m[0;34;42m~[0m[0;34;42m~[0m[0;34;42m~[0m[0;34;42m~[0m[0;34;42m~[0m[0;34;42m~[0m[0;34;42m~[0m[0;34;42m~[0m[0;34;42m~[0m[0;34;42m~[0m[0;34;42m~[0m[0;34;42m~[0m[0;34;42m~[0m[0;34;42m~[0m[0;34;42m~[0m[0;34;42m~[0m[0;34;42m~[0m[0;34;42m~[0m
[0;34;42m~[0m[0;30;47m [0m[0;30;47m [0m[0;30;47m [0m[0;30;47m [0m[0;30;47m [0m[0;30;47m [0m[0;30;47m [0m[0;30;47m [0m[0;30;47m [0m[0;30;47m [0m[0;30;47m [0m[0;30;47m [0m[0;30;47m [0m[0;30;47m [0m[0;30;47m [0m[0;30;47m [0m[0;30;47m [0m[0;30;47m [0m[0;30;47m [0m[0;30;47m [0m[0;30;47m [0m[0;30;47m [0m[0;30;47m [0m[0;30;47m [0m[0;30;47m [0m[0;30;47m [0m[0;30;47m [0m[0;30;47m [0m[0;30;47m [0m[0;30;47m [0m[0;30;47m [0m[0;30;47m [0m[0;30;47m [0m[0;30;47m [0m[0;30;47m [0m[0;30;47m [0m[0;30;47m [0m[0;30;47m [0m[0;30;47m [0m[0;30;47m [0m[0;30;47m [0m[0;30;47m [0m[0;30;47m [0m[0;30;47m [0m[0;30;47m [0m[0;30;47mT[0m[0;30;47mH[0m[0;30;47mE[0m[0;30;47m [0m[0;30;47mH[0m[0;30;47mA[0m[0;30;47mU[0m[0;30;47mN[0m[0;30;47mT[0m[0;30;47mE[0m[0;30;47mD[0m[0;30;47m [0m[0;30;47mC[0m[0;30;47mA[0m[0;30;47mS[0m[0;30;47mT[0m[0;30;47mL[0m[0;30;47mE[0m[0;30;47m [0m[0;30;47m [0m[0;30;47m [0m[0;30;47m [0m[0;30;47m [0m[0;30;47m [0m[0;30;47m [0m[0;30;47m [0m[0;30;47m [0m[0;30;47m [0m[0;30;47m [0m[0;30;47m [0m[0;30;47m [0m[0;30;47m [0m[0;30;47m [0m[0;30;47m [0m[0;30;47m [0m[0;30;47m [0m[0;30;47m [0m[0;30;47m [0m[0;30;47m [0m[0;30;47m [0m[0;30;47m [0m[0;30;47m [0m[0;30;47m [0m[0;30;47m [0m[0;30;47m [0m[0;30;47m [0m[0;30;47m [0m[0;30;47m [0m[0;30;47m [0m[0;30;47m [0m[0;30;47m [0m[0;30;47m [0m[0;30;47m [0m[0;30;47m [0m[0;30;47m [0m[0;30;47m [0m[0;30;47m [0m[0;30;47m [0m[0;30;47m [0m[0;30;47m [0m[0;30;47m [0m[0;30;47m [0m[0;30;47m [0m[0;34;42m~[0m
[0;34;42m~[0m[0;34;42m~[0m[0;34;42m~[0m[0;34;42m~[0m[0;34;42m~[0m[0;34;42m~[0m[0;34;42m~[0m[0;34;42m~[0m[0;34;42m~[0m[0;34;42m~[0m[0;34;42m~[0m[0;34;42m~[0m[0;34;42m~[0m[0;34;42m~[0m[0;34;42m~[0m[0;34;42m~[0m[0;34;42m~[0m[0;34;42m~[0m[0;34;42m~[0m[0;34;42m~[0m[0;34;42m~[0m[0;34;42m~[0m[0;34;42m~[0m[0;34;42m~[0m[0;34;42m~[0m[0;34;42m~[0m[0;34;42m~[0m[0;34;42m~[0m[0;34;42m~[0m[0;34;42m~[0m[0;34;42m~[0m[0;34;42m~[0m[0;34;42m~[0m[0;34;42m~[0m[0;34;42m~[0m[0;34;42m~[0m[0;34;42m~[0m[0;34;42m~[0m[0;34;42m~[0m[0;34;42m~[0m[0;34;42m~[0m[0;34;42m~[0m[0;34;42m~[0m[0;34;42m~[0m[0;34;42m~[0m[0;34;42m~[0m[0;34;42m~[0m[0;34;42m~[0m[0;34;42m~[0m[0;34;42m~[0m[0;34;42m~[0m[0;34;42m~[0m[0;34;42m~[0m[0;34;42m~[0m[0;34;42m~[0m[0;34;42m~[0m[0;34;42m~[0m[0;34;42m~[0m[0;34;42m~[0m[0;34;42m~[0m[0;34;42m~[0m[0;34;42m~[0m[0;34;42m~[0m[0;34;42m~[0m[0;34;42m~[0m[0;34;42m~[0m[0;34;42m~[0m[0;34;42m~[0m[0;34;42m~[0m[0;34;42m~[0m[0;34;42m~[0m[0;34;42m~[0m[0;34;42m~[0m[0;34;42m~[0m[0;34;42m~[0m[0;34;42m~[0m[0;34;42m~[0m[0;34;42m~[0m[0;34;42m~[0m[0;34;42m~[0m[0;34;42m~[0m[0;34;42m~[0m[0;34;42m~[0m[0;34;42m~[0m[0;34;42m~[0m[0;34;42m~[0m[0;34;42m~[0m[0;34;42m~[0m[0;34;42m~[0m[0;34;42m~[0m[0;34;42m~[0m[0;34;42m~[0m[0;34;42m~[0m[0;34;42m~[0m[0;34;42m~[0m[0;34;42m~[0m[0;34;42m~[0m[0;34;42m~[0m[0;34;42m~[0m[0;34;42m~[0m[0;34;42m~[0m[0;34;42m~[0m[0;34;42m~[0m[0;34;42m~[0m[0;34;42m~[0m[0;34;42m~[0m[0;34;42m~[0m[0;34;42m~[0m[0;34;42m~[0m[0;34;42m~[0m
[0;34;42m~[0m[0;30;47m [0m[0;30;47m [0m[0;30;47mC[0m[0;30;47mo[0m[0;30;47mm[0m[0;30;47mm[0m[0;30;47ma[0m[0;30;47mn[0m[0;30;47md[0m[0;30;47ms[0m[0;30;47m:[0m[0;30;47m [0m[0;30;47mm[0m[0;30;47mo[0m[0;30;47mv[0m[0;30;47me[0m[0;30;47m([0m[0;30;47mm[0m[0;30;47m)[0m[0;30;47m [0m[0;30;47m[[0m[0;30;47md[0m[0;30;47mi[0m[0;30;47mr[0m[0;30;47m][0m[0;30;47m [0m[0;30;47m|[0m[0;30;47m [0m[0;30;47mt[0m[0;30;47ma[0m[0;30;47mk[0m[0;30;47me[0m[0;30;47m([0m[0;30;47mt[0m[0;30;47m)[0m[0;30;47m [0m[0;30;47m[[0m[0;30;47mo[0m[0;30;47mb[0m[0;30;47mj[0m[0;30;47m][0m[0;30;47m [0m[0;30;47m|[0m[0;30;47m [0m[0;30;47md[0m[0;30;47mr[0m[0;30;47mo[0m[0;30;47mp[0m[0;30;47m([0m[0;30;47md[0m[0;30;47m)[0m[0;30;47m [0m[0;30;47m[[0m[0;30;47mo[0m[0;30;47mb[0m[0;30;47mj[0m[0;30;47m][0m[0;30;47m [0m[0;30;47m|[0m[0;30;47m [0m[0;30;47ma[0m[0;30;47mt[0m[0;30;47mt[0m[0;30;47ma[0m[0;30;47mc[0m[0;30;47mk[0m[0;30;47m([0m[0;30;47ma[0m[0;30;47m)[0m[0;30;47m [0m[0;30;47m|[0m[0;30;47m [0m[0;30;47mc[0m[0;30;47mh[0m[0;30;47ma[0m[0;30;47mt[0m[0;30;47m([0m[0;30;47mc[0m[0;30;47m)[0m[0;30;47m [0m[0;30;47m|[0m[0;30;47m [0m[0;30;47mr[0m[0;30;47me[0m[0;30;47mc[0m[0;30;47mr[0m[0;30;47mu[0m[0;30;47mi[0m[0;30;47mt[0m[0;30;47m([0m[0;30;47mr[0m[0;30;47m)[0m[0;30;47m [0m[0;30;47m[[0m[0;30;47mc[0m[0;30;47mh[0m[0;30;47ma[0m[0;30;47mr[0m[0;30;47m][0m[0;30;47m [0m[0;30;47m [0m[0;30;47m [0m[0;30;47m [0m[0;30;47m [0m[0;30;47m [0m[0;30;47m [0m[0;30;47m [0m[0;30;47m [0m[0;34;42m~[0m
[0;34;42m~[0m[0;30;47m [0m[0;30;47m [0m[0;30;47mi[0m[0;30;47mn[0m[0;30;47ms[0m[0;30;47mp[0m[0;30;47me[0m[0;30;47mc[0m[0;30;47mt[0m[0;30;47m([0m[0;30;47mi[0m[0;30;47m)[0m[0;30;47m [0m[0;30;47m[[0m[0;30;47mo[0m[0;30;47mb[0m[0;30;47mj[0m[0;30;47m][0m[0;30;47m [0m[0;30;47m|[0m[0;30;47m [0m[0;30;47mu[0m[0;30;47ms[0m[0;30;47me[0m[0;30;47m([0m[0;30;47mu[0m[0;30;47m)[0m[0;30;47m [0m[0;30;47m[[0m[0;30;47mo[0m[0;30;47mb[0m[0;30;47mj[0m[0;30;47m][0m[0;30;47m [0m[0;30;47m|[0m[0;30;47m [0m[0;30;47mo[0m[0;30;47mp[0m[0;30;47me[0m[0;30;47mn[0m[0;30;47m([0m[0;30;47mo[0m[0;30;47m)[0m[0;30;47m [0m[0;30;47m[[0m[0;30;47ml[0m[0;30;47mn[0m[0;30;47mk[0m[0;30;47m][0m[0;30;47m [0m[0;30;47mw[0m[0;30;47mi[0m[0;30;47mt[0m[0;30;47mh[0m[0;30;47m [0m[0;30;47m[[0m[0;30;47mo[0m[0;30;47mb[0m[0;30;47mj[0m[0;30;47m][0m[0;30;47m [0m[0;30;47m|[0m[0;30;47m [0m[0;30;47mt[0m[0;30;47mp[0m[0;30;47m [0m[0;30;47m[[0m[0;30;47mr[0m[0;30;47mo[0m[0;30;47mo[0m[0;30;47mm[0m[0;30;47m][0m[0;30;47m [0m[0;30;47m|[0m[0;30;47m [0m[0;30;47me[0m[0;30;47mx[0m[0;30;47mi[0m[0;30;47mt[0m[0;30;47m([0m[0;30;47me[0m[0;30;47m)[0m[0;30;47m [0m[0;30;47m|[0m[0;30;47m [0m[0;30;47ma[0m[0;30;47mb[0m[0;30;47ma[0m[0;30;47mn[0m[0;30;47md[0m[0;30;47mo[0m[0;30;47mn[0m[0;30;47m([0m[0;30;47mf[0m[0;30;47m)[0m[0;30;47m [0m[0;30;47m[[0m[0;30;47mc[0m[0;30;47mh[0m[0;30;47ma[0m[0;30;47mr[0m[0;30;47m][0m[0;30;47m [0m[0;30;47m [0m[0;30;47m [0m[0;30;47m [0m[0;30;47m [0m[0;30;47m [0m[0;34;42m~[0m
[0;34;42m~[0m[0;34;42m~[0m[0;34;42m~[0m[0;34;42m~[0m[0;34;42m~[0m[0;34;42m~[0m[0;34;42m~[0m[0;34;42m~[0m[0;34;42m~[0m[0;34;42m~[0m[0;34;42m~[0m[0;34;42m~[0m[0;34;42m~[0m[0;34;42m~[0m[0;34;42m~[0m[0;34;42m~[0m[0;34;42m~[0m[0;34;42m~[0m[0;34;42m~[0m[0;34;42m~[0m[0;34;42m~[0m[0;34;42m~[0m[0;34;42m~[0m[0;34;42m~[0m[0;34;42m~[0m[0;34;42m~[0m[0;34;42m~[0m[0;34;42m~[0m[0;34;42m~[0m[0;34;42m~[0m[0;34;42m~[0m[0;34;42m~[0m[0;34;42m~[0m[0;34;42m~[0m[0;34;42m~[0m[0;34;42m~[0m[0;34;42m~[0m[0;34;42m~[0m[0;34;42m~[0m[0;34;42m~[0m[0;34;42m~[0m[0;34;42m~[0m[0;34;42m~[0m[0;34;42m~[0m[0;34;42m~[0m[0;34;42m~[0m[0;34;42m~[0m[0;34;42m~[0m[0;34;42m~[0m[0;34;42m~[0m[0;34;42m~[0m[0;34;42m~[0m[0;34;42m~[0m[0;34;42m~[0m[0;34;42m~[0m[0;34;42m~[0m[0;34;42m~[0m[0;34;42m~[0m[0;34;42m~[0m[0;34;42m~[0m[0;34;42m~[0m[0;34;42m~[0m[0;34;42m~[0m[0;34;42m~[0m[0;34;42m~[0m[0;34;42m~[0m[0;34;42m~[0m[0;34;42m~[0m[0;34;42m~[0m[0;34;42m~[0m[0;34;42m~[0m[0;34;42m~[0m[0;34;42m~[0m[0;34;42m~[0m[0;34;42m~[0m[0;34;42m~[0m[0;34;42m~[0m[0;34;42m~[0m[0;34;42m~[0m[0;34;42m~[0m[0;34;42m~[0m[0;34;42m~[0m[0;34;42m~[0m[0;34;42m~[0m[0;34;42m~[0m[0;34;42m~[0m[0;34;42m~[0m[0;34;42m~[0m[0;34;42m~[0m[0;34;42m~[0m[0;34;42m~[0m[0;34;42m~[0m[0;34;42m~[0m[0;34;42m~[0m[0;34;42m~[0m[0;34;42m~[0m[0;34;42m~[0m[0;34;42m~[0m[0;34;42m~[0m[0;34;42m~[0m[0;34;42m~[0m[0;34;42m~[0m[0;34;42m~[0m[0;34;42m~[0m[0;34;42m~[0m[0;34;42m~[0m[0;34;42m~[0m[0;34;42m~[0m[0;34;42m~[0m[0;34;42m~[0m
[0;34;42m~[0m[0;30;47m [0m[0;30;47m [0m[0;30;47m [0m[0;30;47m [0m[0;30;47m [0m[0;30;47m [0m[0;30;47m [0m[0;30;47m [0m[0;30;47m [0m[0;30;47m [0m[0;30;47m [0m[0;30;47m [0m[0;30;47m [0m[0;30;47m [0m[0;30;47m [0m[0;30;47m [0m[0;30;47m [0m[0;30;47m [0m[0;30;47m [0m[0;30;47m [0m[0;30;47m [0m[0;30;47m [0m[0;30;47m [0m[0;30;47m [0m[0;30;47m [0m[0;30;47m [0m[0;30;47m [0m[0;30;47m [0m[0;30;47m [0m[0;30;47m [0m[0;30;47m [0m[0;30;47m [0m[0;30;47m [0m[0;30;47m [0m[0;30;47m [0m[0;30;47m [0m[0;30;47m [0m[0;30;47m [0m[0;30;47m [0m[0;30;47m [0m[0;30;47m [0m[0;30;47m [0m[0;30;47m [0m[0;30;47m [0m[0;30;47m [0m[0;30;47m [0m[0;30;47m [0m[0;30;47m [0m[0;30;47m [0m[0;30;47m [0m[0;30;47m [0m[0;30;47m [0m[0;30;47m [0m[0;30;47m [0m[0;30;47m [0m[0;30;47m [0m[0;30;47m [0m[0;30;47m [0m[0;30;47m [0m[0;30;47m [0m[0;30;47m [0m[0;30;47m [0m[0;30;47m [0m[0;30;47m [0m[0;30;47m [0m[0;30;47m [0m[0;30;47m [0m[0;30;47m [0m[0;30;47m [0m[0;30;47m [0m[0;30;47m [0m[0;30;47m [0m[0;30;47m [0m[0;30;47m [0m[0;30;47m [0m[0;30;47m [0m[0;30;47m [0m[0;30;47m [0m[0;30;47m [0m[0;30;47m [0m[0;30;47m [0m[0;30;47m [0m[0;30;47m [0m[0;30;47m [0m[0;30;47m [0m[0;30;47m [0m[0;30;47m [0m[0;30;47m [0m[0;30;47m [0m[0;30;47m [0m[0;30;47m [0m[0;30;47m [0m[0;30;47m [0m[0;30;47m [0m[0;30;47m [0m[0;30;47m [0m[0;30;47m [0m[0;30;47m [0m[0;30;47m [0m[0;30;47m [0m[0;30;47m [0m[0;30;47m [0m[0;30;47m [0m[0;30;47m [0m[0;30;47m [0m[0;30;47m [0m[0;30;47m [0m[0;30;47m [0m[0;34;42m~[0m
[0;34;42m~[0m[0;30;47m [0m[0;30;47m [0m[0;30;47m [0m[0;30;47m [0m[0;30;47m [0m[0;30;47m [0m[0;30;47m [0m[0;30;47m [0m[0;30;47m [0m[0;30;47m [0m[0;30;47m [0m[0;30;47m [0m[0;30;47m [0m[0;30;47m [0m[0;30;47m [0m[0;30;47m [0m[0;30;47m [0m[0;30;47m [0m[0;30;47m [0m[0;30;47m [0m[0;30;47m [0m[0;30;47m [0m[0;30;47m [0m[0;30;47m [0m[0;30;47m [0m[0;30;47m [0m[0;30;47m [0m[0;30;47m [0m[0;30;47m [0m[0;30;47m [0m[0;30;47m [0m[0;30;47m [0m[0;30;47m [0m[0;30;47m [0m[0;30;47m [0m[0;30;47m [0m[0;30;47m [0m[0;30;47m [0m[0;30;47m [0m[0;30;47m [0m[0;30;47m [0m[0;30;47m [0m[0;30;47m [0m[0;30;47m [0m[0;30;47m [0m[0;30;47m [0m[0;30;47m [0m[0;30;47m [0m[0;30;47m [0m[0;30;47m [0m[0;30;47m [0m[0;30;47m [0m[0;30;47m [0m[0;30;47m [0m[0;30;47m [0m[0;30;47m [0m[0;30;47m [0m[0;30;47m [0m[0;30;47m [0m[0;30;47m [0m[0;30;47m [0m[0;30;47m [0m[0;30;47m [0m[0;30;47m [0m[0;30;47m [0m[0;30;47m [0m[0;30;47m [0m[0;30;47m [0m[0;30;47m [0m[0;30;47m [0m[0;30;47m [0m[0;30;47m [0m[0;30;47m [0m[0;30;47m [0m[0;30;47m [0m[0;30;47m [0m[0;30;47m [0m[0;30;47m [0m[0;30;47m [0m[0;30;47m [0m[0;30;47m [0m[0;30;47m [0m[0;30;47m [0m[0;30;47m [0m[0;30;47m [0m[0;30;47m [0m[0;30;47m [0m[0;30;47m [0m[0;30;47m [0m[0;30;47m [0m[0;30;47m [0m[0;30;47m [0m[0;30;47m [0m[0;30;47m [0m[0;30;47m [0m[0;30;47m [0m[0;30;47m [0m[0;30;47m [0m[0;30;47m [0m[0;30;47m [0m[0;30;47m [0m[0;30;47m [0m[0;30;47m [0m[0;30;47m [0m[0;30;47m [0m[0;30;47m [0m[0;30;47m [0m[0;30;47m [0m[0;34;42m~[0m
[0;34;42m~[0m[0;30;47m [0m[0;30;47m [0m[0;30;47m [0m[0;30;47m [0m[0;30;47m [0m[0;30;47m [0m[0;30;47m [0m[0;30;47m [0m[0;30;47m [0m[0;30;47m [0m[0;30;47m [0m[0;30;47m [0m[0;30;47m [0m[0;30;47m [0m[0;30;47m [0m[0;30;47m [0m[0;30;47m [0m[0;30;47m [0m[0;30;47m [0m[0;30;47m [0m[0;30;47m [0m[0;30;47m [0m[0;30;47m [0m[0;30;47m [0m[0;30;47m [0m[0;30;47m [0m[0;30;47m [0m[0;30;47m [0m[0;30;47m [0m[0;30;47m [0m[0;30;47m [0m[0;30;47m [0m[0;30;47m [0m[0;30;47m [0m[0;30;47m [0m[0;30;47m [0m[0;30;47m [0m[0;30;47m [0m[0;30;47m [0m[0;30;47m [0m[0;30;47m [0m[0;30;47m [0m[0;30;47m [0m[0;30;47m [0m[0;30;47m [0m[0;30;47m [0m[0;30;47m [0m[0;30;47m [0m[0;30;47m [0m[0;30;47m [0m[0;30;47m [0m[0;30;47m [0m[0;30;47m [0m[0;30;47m [0m[0;30;47m [0m[0;30;47m [0m[0;30;47m [0m[0;30;47m [0m[0;30;47m [0m[0;30;47m [0m[0;30;47m [0m[0;30;47m [0m[0;30;47m [0m[0;30;47m [0m[0;30;47m [0m[0;30;47m [0m[0;30;47m [0m[0;30;47m [0m[0;30;47m [0m[0;30;47m [0m[0;30;47m [0m[0;30;47m [0m[0;30;47m [0m[0;30;47m [0m[0;30;47m [0m[0;30;47m [0m[0;30;47m [0m[0;30;47m [0m[0;30;47m [0m[0;30;47m [0m[0;30;47m [0m[0;30;47m [0m[0;30;47m [0m[0;30;47m [0m[0;30;47m [0m[0;30;47m [0m[0;30;47m [0m[0;30;47m [0m[0;30;47m [0m[0;30;47m [0m[0;30;47m [0m[0;30;47m [0m[0;30;47m [0m[0;30;47m [0m[0;30;47m [0m[0;30;47m [0m[0;30;47m [0m[0;30;47m [0m[0;30;47m [0m[0;30;47m [0m[0;30;47m [0m[0;30;47m [0m[0;30;47m [0m[0;30;47m [0m[0;30;47m [0m[0;30;47m [0m[0;30;47m [0m[0;30;47m [0m[0;34;42m~[0m
prompt:> [2J
[0;34;42m~[0m[0;34;42m~[0m[0;34;42m~[0m[0;34;42m~[0m[0;34;42m~[0m[0;34;42m~[0m[0;34;42m~[0m[0;34;42m~[0m[0;34;42m~[0m[0;34;42m~[0m[0;34;42m~[0m[0;34;42m~[0m[0;34;42m~[0m[0;34;42m~[0m[0;34;42m~[0m[0;34;42m~[0m[0;34;42m~[0m[0;34;42m~[0m[0;34;42m~[0m[0;34;42m~[0m[0;34;42m~[0m[0;34;42m~[0m[0;34;42m~[0m[0;34;42m~[0m[0;34;42m~[0m[0;34;42m~[0m[0;34;42m~[0m[0;34;42m~[0m[0;34;42m~[0m[0;34;42m~[0m[0;34;42m~[0m[0;34;42m~[0m[0;34;42m~[0m[0;34;42m~[0m[0;34;42m~[0m[0;34;42m~[0m[0;34;42m~[0m[0;34;42m~[0m[0;34;42m~[0m[0;34;42m~[0m[0;34;42m~[0m[0;34;42m~[0m[0;34;42m~[0m[0;34;42m~[0m[0;34;42m~[0m[0;34;42m~[0m[0;34;42m~[0m[0;34;42m~[0m[0;34;42m~[0m[0;34;42m~[0m[0;34;42m~[0m[0;34;42m~[0m[0;34;42m~[0m[0;34;42m~[0m[0;34;42m~[0m[0;34;42m~[0m[0;34;42m~[0m[0;34;42m~[0m[0;34;42m~[0m[0;34;42m~[0m[0;34;42m~[0m[0;34;42m~[0m[0;34;42m~[0m[0;34;42m~[0m[0;34;42m~[0m[0;34;42m~[0m[0;34;42m~[0m[0;34;42m~[0m[0;34;42m~[0m[0;34;42m~[0m[0;34;42m~[0m[0;34;42m~[0m[0;34;42m~[0m[0;34;42m~[0m[0;34;42m~[0m[0;34;42m~[0m[0;34;42m~[0m[0;34;42m~[0m[0;34;42m~[0m[0;34;42m~[0m[0;34;42m~[0m[0;34;42m~[0m[0;34;42m~[0m[0;34;42m~[0m[0;34;42m~[0m[0;34;42m~[0m[0;34;42m~[0m[0;34;42m~[0m[0;34;42m~[0m[0;34;42m~[0m[0;34;42m~[0m[0;34;42m~[0m[0;34;42m~[0m[0;34;42m~[0m[0;34;42m~[0m[0;34;42m~[0m[0;34;42m~[0m[0;34;42m~[0m[0;34;42m~[0m[0;34;42m~[0m[0;34;42m~[0m[0;34;42m~[0m[0;34;42m~[0m[0;34;42m~[0m[0;34;42m~[0m[0;34;42m~[0m[0;34;42m~[0m[0;34;42m~[0m[0;34;42m~[0m[0;34;42m~[0m
[0;34;42m~[0m[0;30;47m [0m[0;30;47m [0m[0;30;47m [0m[0;30;47m [0m[0;30;47m [0m[0;30;47m [0m[0;30;47m [0m[0;30;47m [0m[0;30;47m [0m[0;30;47m [0m[0;30;47m [0m[0;30;47m [0m[0;30;47m [0m[0;30;47m [0m[0;30;47m [0m[0;30;47m [0m[0;30;47m [0m[0;30;47m [0m[0;30;47m [0m[0;30;47m [0m[0;30;47m [0m[0;30;47m|[0m[0;30;47m [0m[0;30;47m [0m[0;30;47m [0m[0;30;47m [0m[0;30;47m#[0m[0;30;47m_[0m[0;30;47m_[0m[0;30;47m_[0m[0;30;47m#[0m[0;30;47m [0m[0;30;47m [0m[0;30;47m [0m[0;30;47m [0m[0;30;47m [0m[0;30;47m [0m[0;30;47m|[0m[0;30;47m [0m[0;30;47m [0m[0;30;47m [0m[0;30;47m [0m[0;30;47m [0m[0;30;47m [0m[0;30;47m [0m[0;30;47m [0m[0;30;47m [0m[0;30;47m [0m[0;30;47m [0m[0;30;47m [0m[0;30;47m [0m[0;30;47m [0m[0;30;47m [0m[0;30;47m [0m[0;30;47m [0m[0;30;47m [0m[0;30;47m [0m[0;30;47m [0m[0;30;47m [0m[0;30;47m [0m[0;30;47m [0m[0;30;47m [0m[0;34;42m~[0m[0;30;47m [0m[0;30;47m [0m[0;30;47m=[0m[0;30;47m=[0m[0;30;47m=[0m[0;30;47m=[0m[0;30;47m=[0m[0;30;47m=[0m[0;30;47m=[0m[0;30;47m=[0m[0;30;47m=[0m[0;30;47m=[0m[0;30;47m=[0m[0;30;47m=[0m[0;30;47m=[0m[0;30;47m=[0m[0;30;47m=[0m[0;30;47m=[0m[0;30;47m=[0m[0;30;47m=[0m[0;30;47m=[0m[0;30;47m=[0m[0;30;47m=[0m[0;30;47m=[0m[0;30;47m=[0m[0;30;47m=[0m[0;30;47m=[0m[0;30;47m=[0m[0;30;47m=[0m[0;30;47m=[0m[0;30;47m=[0m[0;30;47m=[0m[0;30;47m=[0m[0;30;47m=[0m[0;30;47m=[0m[0;30;47m=[0m[0;30;47m=[0m[0;30;47m=[0m[0;30;47m=[0m[0;30;47m=[0m[0;30;47m=[0m[0;30;47m=[0m[0;30;47m=[0m[0;30;47m [0m[0;30;47m [0m[0;34;42m~[0m
[0;34;42m~[0m[0;30;47m [0m[0;30;47m [0m[0;30;47m [0m[0;30;47m [0m[0;30;47m [0m[0;30;47m [0m[0;30;47m [0m[0;30;47m [0m[0;30;47m [0m[0;30;47m [0m[0;30;47m [0m[0;30;47m [0m[0;30;47m [0m[0;30;47m [0m[0;30;47m [0m[0;30;47m [0m[0;30;47m [0m[0;30;47m [0m[0;30;47m [0m[0;30;47m [0m[0;30;47m [0m[0;30;47m|[0m[0;30;47m [0m[0;30;47m [0m[0;30;47m [0m[0;30;47m [0m[0;30;47m#[0m[0;30;47m [0m[0;30;47m [0m[0;30;47m [0m[0;30;47m#[0m[0;30;47m [0m[0;30;47m [0m[0;30;47m [0m[0;30;47m [0m[0;30;47m [0m[0;30;47m [0m[0;30;47m|[0m[0;30;47m [0m[0;30;47m [0m[0;30;47m [0m[0;30;47m [0m[0;30;47m [0m[0;30;47m [0m[0;30;47m [0m[0;30;47m [0m[0;30;47m [0m[0;30;47m [0m[0;30;47m [0m[0;30;47m [0m[0;30;47m [0m[0;30;47m [0m[0;30;47m [0m[0;30;47m [0m[0;30;47m [0m[0;30;47m [0m[0;30;47m [0m[0;30;47m [0m[0;30;47m [0m[0;30;47m [0m[0;30;47m [0m[0;30;47m [0m[0;34;42m~[0m[0;30;47m [0m[0;30;47m [0m[0;30;47m [0m[0;30;47m [0m[0;30;47mP[0m[0;30;47mL[0m[0;30;47mA[0m[0;30;47mY[0m[0;30;47mE[0m[0;30;47mR[0m[0;30;47m [0m[0;30;47m2[0m[0;30;47m [0m[0;30;47mS[0m[0;30;47mT[0m[0;30;47mA[0m[0;30;47mT[0m[0;30;47mU[0m[0;30;47mS[0m[0;30;47m [0m[0;30;47m [0m[0;30;47m [0m[0;30;47m|[0m[0;30;47m [0m[0;30;47m [0m[0;30;47m [0m[0;30;47mH[0m[0;30;47mE[0m[0;30;47mA[0m[0;30;47mL[0m[0;30;47mT[0m[0;30;47mH[0m[0;30;47m:[0m[0;30;47m [0m[0;30;47m3[0m[0;30;47m [0m[0;30;47mp[0m[0;30;47mt[0m[0;30;47ms[0m[0;30;47m [0m[0;30;47m [0m[0;30;47m [0m[0;30;47m [0m[0;30;47m [0m[0;30;47m [0m[0;34;42m~[0m
[0;34;42m~[0m[0;30;47m [0m[0;30;47m [0m[0;30;47m [0m[0;30;47m [0m[0;30;47m [0m[0;30;47m [0m[0;30;47m [0m[0;30;47m [0m[0;30;47m [0m[0;30;47m [0m[0;30;47m [0m[0;30;47m [0m[0;30;47m [0m[0;30;47m [0m[0;30;47m [0m[0;30;47m [0m[0;30;47m [0m[0;30;47m [0m[0;30;47m [0m[0;30;47m [0m[0;30;47m [0m[0;30;47m|[0m[0;30;47ml[0m[0;30;47mi[0m[0;30;47md[0m[0;30;47m,[0m[0;30;47mc[0m[0;30;47mo[0m[0;30;47mi[0m[0;30;47mn[0m[0;30;47m [0m[0;30;47m [0m[0;30;47m [0m[0;30;47m [0m[0;30;47m [0m[0;30;47m [0m[0;30;47m [0m[0;30;47m|[0m[0;30;47m [0m[0;30;47m [0m[0;30;47m [0m[0;30;47m [0m[0;30;47m [0m[0;30;47m [0m[0;30;47m [0m[0;30;47m [0m[0;30;47m [0m[0;30;47m [0m[0;30;47m [0m[0;30;47m [0m[0;30;47m [0m[0;30;47m [0m[0;30;47m [0m[0;30;47m [0m[0;30;47m [0m[0;30;47m [0m[0;30;47m [0m[0;30;47m [0m[0;30;47m [0m[0;30;47m [0m[0;30;47m [0m[0;30;47m [0m[0;34;42m~[0m[0;30;47m [0m[0;30;47m [0m[0;30;47m=[0m[0;30;47m=[0m[0;30;47m=[0m[0;30;47m=[0m[0;30;47m=[0m[0;30;47m=[0m[0;30;47m=[0m[0;30;47m=[0m[0;30;47m=[0m[0;30;47m=[0m[0;30;47m=[0m[0;30;47m=[0m[0;30;47m=[0m[0;30;47m=[0m[0;30;47m=[0m[0;30;47m=[0m[0;30;47m=[0m[0;30;47m=[0m[0;30;47m=[0m[0;30;47m=[0m[0;30;47m=[0m[0;30;47m=[0m[0;30;47m=[0m[0;30;47m=[0m[0;30;47m=[0m[0;30;47m=[0m[0;30;47m=[0m[0;30;47m=[0m[0;30;47m=[0m[0;30;47m=[0m[0;30;47m=[0m[0;30;47m=[0m[0;30;47m=[0m[0;30;47m=[0m[0;30;47m=[0m[0;30;47m=[0m[0;30;47m=[0m[0;30;47m=[0m[0;30;47m=[0m[0;30;47m=[0m[0;30;47m=[0m[0;30;47m [0m[0;30;47m [0m[0;34;42m~[0m
[0;34;42m~[0m[0;30;47m [0m[0;30;47m [0m[0;30;47m [0m[0;30;47m [0m[0;30;47m [0m[0;30;47m [0m[0;30;47m [0m[0;30;47m [0m[0;30;47m [0m[0;30;47m [0m[0;30;47m [0m[0;30;47m [0m[0;30;47m [0m[0;30;47m [0m[0;30;47m [0m[0;30;47m [0m[0;30;47m [0m[0;30;47m [0m[0;30;47m [0m[0;30;47m [0m[0;30;47m [0m[0;30;47m+[0m[0;30;47m-[0m[0;30;47m-[0m[0;30;47m-[0m[0;30;47m-[0m[0;30;47m-[0m[0;30;47m-[0m[0;30;47m-[0m[0;30;47m-[0m[0;30;47m-[0m[0;30;47m-[0m[0;30;47m-[0m[0;30;47m-[0m[0;30;47m-[0m[0;30;47m-[0m[0;30;47m-[0m[0;30;47m+[0m[0;30;47m [0m[0;30;47m [0m[0;30;47m [0m[0;30;47m [0m[0;30;47m [0m[0;30;47m [0m[0;30;47m [0m[0;30;47m [0m[0;30;47m [0m[0;30;47m [0m[0;30;47m [0m[0;30;47m [0m[0;30;47m [0m[0;30;47m [0m[0;30;47m [0m[0;30;47m [0m[0;30;47m [0m[0;30;47m [0m[0;30;47m [0m[0;30;47m [0m[0;30;47m [0m[0;30;47m [0m[0;30;47m [0m[0;30;47m [0m[0;34;42m~[0m[0;30;47m [0m[0;30;47m [0m[0;30;47m>[0m[0;30;47m [0m[0;30;47mC[0m[0;30;47mu[0m[0;30;47mr[0m[0;30;47mr[0m[0;30;47me[0m[0;30;47mn[0m[0;30;47mt[0m[0;30;47m [0m[0;30;47mL[0m[0;30;47mo[0m[0;30;47mc[0m[0;30;47ma[0m[0;30;47mt[0m[0;30;47mi[0m[0;30;47mo[0m[0;30;47mn[0m[0;30;47m [0m[0;30;47m:[0m[0;30;47m [0m[0;30;47m1[0m[0;30;47m3[0m[0;30;47m [0m[0;30;47m([0m[0;30;47mh[0m[0;30;47ma[0m[0;30;47ml[0m[0;30;47ml[0m[0;30;47m)[0m[0;30;47m [0m[0;30;47m [0m[0;30;47m [0m[0;30;47m [0m[0;30;47m [0m[0;30;47m [0m[0;30;47m [0m[0;30;47m [0m[0;30;47m [0m[0;30;47m [0m[0;30;47m [0m[0;30;47m [0m[0;30;47m [0m[0;34;42m~[0m
[0;34;42m~[0m[0;30;47m [0m[0;30;47m [0m[0;30;47m [0m[0;30;47m [0m[0;30;47m [0m[0;30;47m [0m[0;30;47m [0m[0;30;47m [0m[0;30;47m [0m[0;30;47m [0m[0;30;47m [0m[0;30;47m [0m[0;30;47m [0m[0;30;47m [0m[0;30;47m [0m[0;30;47m [0m[0;30;47m [0m[0;30;47m [0m[0;30;47m [0m[0;30;47m [0m[0;30;47m [0m[0;30;47m [0m[0;30;47m [0m[0;30;47m [0m[0;30;47m [0m[0;30;47m [0m[0;30;47m [0m[0;30;47m [0m[0;30;47m [0m[0;30;47m^[0m[0;30;47m [0m[0;30;47m [0m[0;30;47m [0m[0;30;47m [0m[0;30;47m [0m[0;30;47m [0m[0;30;47m [0m[0;30;47m [0m[0;30;47m [0m[0;30;47m [0m[0;30;47m [0m[0;30;47m [0m[0;30;47m [0m[0;30;47m [0m[0;30;47m [0m[0;30;47m [0m[0;30;47m [0m[0;30;47m [0m[0;30;47m [0m[0;30;47m [0m[0;30;47m [0m[0;30;47m [0m[0;30;47m [0m[0;30;47m [0m[0;30;47m [0m[0;30;47m [0m[0;30;47m [0m[0;30;47m [0m[0;30;47m [0m[0;30;47m [0m[0;30;47m [0m[0;30;47m [0m[0;34;42m~[0m[0;30;47m [0m[0;30;47m [0m[0;30;47m>[0m[0;30;47m [0m[0;30;47mB[0m[0;30;47ma[0m[0;30;47mc[0m[0;30;47mk[0m[0;30;47mp[0m[0;30;47ma[0m[0;30;47mc[0m[0;30;47mk[0m[0;30;47m [0m[0;30;47m [0m[0;30;47m [0m[0;30;47m [0m[0;30;47m [0m[0;30;47m [0m[0;30;47m [0m[0;30;47m:[0m[0;30;47m [0m[0;30;47mm[0m[0;30;47ma[0m[0;30;47mp[0m[0;30;47m [0m[0;30;47m [0m[0;30;47m [0m[0;30;47m [0m[0;30;47m [0m[0;30;47m [0m[0;30;47m [0m[0;30;47m [0m[0;30;47m [0m[0;30;47m [0m[0;30;47m [0m[0;30;47m [0m[0;30;47m [0m[0;30;47m [0m[0;30;47m [0m[0;30;47m [0m[0;30;47m [0m[0;30;47m [0m[0;30;47m [0m[0;30;47m [0m[0;30;47m [0m[0;34;42m~[0m
[0;34;42m~[0m[0;30;47m [0m[0;30;47m [0m[0;30;47m [0m[0;30;47m [0m[0;30;47m [0m[0;30;47m [0m[0;30;47m [0m[0;30;47m [0m[0;30;47m [0m[0;30;47m [0m[0;30;47m [0m[0;30;47m [0m[0;30;47m [0m[0;30;47m [0m[0;30;47m [0m[0;30;47m [0m[0;30;47m [0m[0;30;47m [0m[0;30;47m [0m[0;30;47m [0m[0;30;47m [0m[0;30;47m+[0m[0;30;47m-[0m[0;30;47m-[0m[0;30;47m-[0m[0;30;47m-[0m[0;30;47m-[0m[0;30;47m-[0m[0;30;47m-[0m[0;30;47m-[0m[0;30;47m-[0m[0;30;47m-[0m[0;30;47m-[0m[0;30;47m-[0m[0;30;47m-[0m[0;30;47m-[0m[0;30;47m-[0m[0;30;47m+[0m[0;30;47m [0m[0;30;47m [0m[0;30;47m [0m[0;30;47m [0m[0;30;47m [0m[0;30;47m [0m[0;30;47m [0m[0;30;47m [0m[0;30;47m [0m[0;30;47m [0m[0;30;47m [0m[0;30;47m [0m[0;30;47m [0m[0;30;47m [0m[0;30;47m [0m[0;30;47m [0m[0;30;47m [0m[0;30;47m [0m[0;30;47m [0m[0;30;47m [0m[0;30;47m [0m[0;30;47m [0m[0;30;47m [0m[0;30;47m [0m[0;34;42m~[0m[0;30;47m [0m[0;30;47m [0m[0;30;47m-[0m[0;30;47m-[0m[0;30;47m-[0m[0;30;47m-[0m[0;30;47m-[0m[0;30;47m-[0m[0;30;47m-[0m[0;30;47m-[0m[0;30;47m-[0m[0;30;47m-[0m[0;30;47m-[0m[0;30;47m-[0m[0;30;47m-[0m[0;30;47m-[0m[0;30;47m-[0m[0;30;47m-[0m[0;30;47m-[0m[0;30;47m-[0m[0;30;47m-[0m[0;30;47m-[0m[0;30;47m-[0m[0;30;47m-[0m[0;30;47m-[0m[0;30;47m-[0m[0;30;47m-[0m[0;30;47m-[0m[0;30;47m-[0m[0;30;47m-[0m[0;30;47m-[0m[0;30;47m-[0m[0;30;47m-[0m[0;30;47m-[0m[0;30;47m-[0m[0;30;47m-[0m[0;30;47m-[0m[0;30;47m-[0m[0;30;47m-[0m[0;30;47m-[0m[0;30;47m-[0m[0;30;47m-[0m[0;30;47m-[0m[0;30;47m [0m[0;30;47m [0m[0;34;42m~[0m
[0;34;42m~[0m[0;30;47m [0m[0;30;47m [0m[0;30;47m [0m[0;30;47m [0m[0;30;47m [0m[0;30;47m [0m[0;30;47m [0m[0;30;47m [0m[0;30;47m [0m[0;30;47m [0m[0;30;47m [0m[0;30;47m [0m[0;30;47m [0m[0;30;47m [0m[0;30;47m [0m[0;30;47m [0m[0;30;47m [0m[0;30;47m [0m[0;30;47m [0m[0;30;47m [0m[0;30;47m [0m[0;30;47m|[0m[0;30;47m [0m[0;30;47m^[0m[0;30;47mK[0m[0;30;47m>[0m[0;30;47m [0m[0;30;47m [0m[0;30;47m [0m[0;30;47m [0m[0;30;47m [0m[0;30;47m [0m[0;30;47m [0m[0;30;47m [0m[0;30;47m [0m[0;30;47m1[0m[0;30;47m3[0m[0;30;47m|[0m[0;30;47m [0m[0;30;47m [0m[0;30;47m [0m[0;30;47m [0m[0;30;47m [0m[0;30;47m [0m[0;30;47m [0m[0;30;47m [0m[0;30;47m [0m[0;30;47m [0m[0;30;47m [0m[0;30;47m [0m[0;30;47m [0m[0;30;47m [0m[0;30;47m [0m[0;30;47m [0m[0;30;47m [0m[0;30;47m [0m[0;30;47m [0m[0;30;47m [0m[0;30;47m [0m[0;30;47m [0m[0;30;47m [0m[0;30;47m [0m[0;34;42m~[0m[0;30;47m [0m[0;30;47m [0m[0;30;47mV[0m[0;30;47mI[0m[0;30;47mS[0m[0;30;47mI[0m[0;30;47mB[0m[0;30;47mL[0m[0;30;47mE[0m[0;30;47m [0m[0;30;47mE[0m[0;30;47mN[0m[0;30;47mT[0m[0;30;47mI[0m[0;30;47mT[0m[0;30;47mI[0m[0;30;47mE[0m[0;30;47mS[0m[0;30;47m [0m[0;30;47m([0m[0;30;47mD[0m[0;30;47mi[0m[0;30;47ms[0m[0;30;47mc[0m[0;30;47mo[0m[0;30;47mv[0m[0;30;47me[0m[0;30;47mr[0m[0;30;47me[0m[0;30;47md[0m[0;30;47m [0m[0;30;47mS[0m[0;30;47mp[0m[0;30;47ma[0m[0;30;47mc[0m[0;30;47me[0m[0;30;47ms[0m[0;30;47m)[0m[0;30;47m:[0m[0;30;47m [0m[0;30;47m [0m[0;30;47m [0m[0;30;47m [0m[0;30;47m [0m[0;30;47m [0m[0;34;42m~[0m
[0;34;42m~[0m[0;30;47m [0m[0;30;47m [0m[0;30;47m [0m[0;30;47m [0m[0;30;47m [0m[0;30;47m [0m[0;30;47m [0m[0;30;47m [0m[0;30;47m [0m[0;30;47m [0m[0;30;47m [0m[0;30;47m [0m[0;30;47m [0m[0;30;47m [0m[0;30;47m [0m[0;30;47m [0m[0;30;47m [0m[0;30;47m [0m[0;30;47m [0m[0;30;47m [0m[0;30;47m [0m[0;30;47m|[0m[0;30;47m [0m[0;30;47m [0m[0;30;47m [0m[0;30;47m [0m[0;30;47m.[0m[0;30;47m.[0m[0;30;47m.[0m[0;30;47m.[0m[0;30;47m.[0m[0;30;47m.[0m[0;30;47m.[0m[0;30;47m [0m[0;30;47m [0m[0;30;47m [0m[0;30;47m [0m[0;30;47m|[0m[0;30;47m [0m[0;30;47m [0m[0;30;47m [0m[0;30;47m [0m[0;30;47m [0m[0;30;47m [0m[0;30;47m [0m[0;30;47m [0m[0;30;47m [0m[0;30;47m [0m[0;30;47m [0m[0;30;47m [0m[0;30;47m [0m[0;30;47m [0m[0;30;47m [0m[0;30;47m [0m[0;30;47m [0m[0;30;47m [0m[0;30;47m [0m[0;30;47m [0m[0;30;47m [0m[0;30;47m [0m[0;30;47m [0m[0;30;47m [0m[0;34;42m~[0m[0;30;47m [0m[0;30;47m [0m[0;30;47m [0m[0;30;47m[[0m[0;30;47mO[0m[0;30;47mb[0m[0;30;47mj[0m[0;30;47m][0m[0;30;47m [0m[0;30;47ml[0m[0;30;47mi[0m[0;30;47md[0m[0;30;47m [0m[0;30;47m [0m[0;30;47m [0m[0;30;47m [0m[0;30;47m [0m[0;30;47m [0m[0;30;47m [0m[0;30;47m [0m[0;30;47ma[0m[0;30;47mt[0m[0;30;47m [0m[0;30;47mS[0m[0;30;47mp[0m[0;30;47ma[0m[0;30;47mc[0m[0;30;47me[0m[0;30;47m [0m[0;30;47m1[0m[0;30;47m2[0m[0;30;47m [0m[0;30;47m([0m[0;30;47mp[0m[0;30;47ma[0m[0;30;47mt[0m[0;30;47mh[0m[0;30;47m)[0m[0;30;47m [0m[0;30;47m [0m[0;30;47m [0m[0;30;47m [0m[0;30;47m [0m[0;30;47m [0m[0;30;47m [0m[0;34;42m~[0m
[0;34;42m~[0m[0;30;47m [0m[0;30;47m [0m[0;30;47m [0m[0;30;47m [0m[0;30;47m [0m[0;30;47m [0m[0;30;47m [0m[0;30;47m [0m[0;30;47m [0m[0;30;47m [0m[0;30;47m [0m[0;30;47m [0m[0;30;47m [0m[0;30;47m [0m[0;30;47m [0m[0;30;47m [0m[0;30;47m [0m[0;30;47m [0m[0;30;47m [0m[0;30;47m [0m[0;30;47m [0m[0;30;47m|[0m[0;30;47m [0m[0;30;47m [0m[0;30;47m [0m[0;30;47m [0m[0;30;47m:[0m[0;30;47m [0m[0;30;47m_[0m[0;30;47m_[0m[0;30;47m_[0m[0;30;47m [0m[0;30;47m:[0m[0;30;47m [0m[0;30;47m [0m[0;30;47m [0m[0;30;47m [0m[0;30;47m|[0m[0;30;47m [0m[0;30;47m [0m[0;30;47m [0m[0;30;47m [0m[0;30;47m [0m[0;30;47m [0m[0;30;47m [0m[0;30;47m [0m[0;30;47m [0m[0;30;47m [0m[0;30;47m [0m[0;30;47m [0m[0;30;47m [0m[0;30;47m [0m[0;30;47m [0m[0;30;47m [0m[0;30;47m [0m[0;30;47m [0m[0;30;47m [0m[0;30;47m [0m[0;30;47m [0m[0;30;47m [0m[0;30;47m [0m[0;30;47m [0m[0;34;42m~[0m[0;30;47m [0m[0;30;47m [0m[0;30;47m [0m[0;30;47m[[0m[0;30;47mO[0m[0;30;47mb[0m[0;30;47mj[0m[0;30;47m][0m[0;30;47m [0m[0;30;47mm[0m[0;30;47ma[0m[0;30;47mi[0m[0;30;47ml[0m[0;30;47m [0m[0;30;47m [0m[0;30;47m [0m[0;30;47m [0m[0;30;47m [0m[0;30;47m [0m[0;30;47m [0m[0;30;47ma[0m[0;30;47mt[0m[0;30;47m [0m[0;30;47mS[0m[0;30;47mp[0m[0;30;47ma[0m[0;30;47mc[0m[0;30;47me[0m[0;30;47m [0m[0;30;47m1[0m[0;30;47m3[0m[0;30;47m [0m[0;30;47m([0m[0;30;47mh[0m[0;30;47ma[0m[0;30;47ml[0m[0;30;47ml[0m[0;30;47m)[0m[0;30;47m [0m[0;30;47m [0m[0;30;47m [0m[0;30;47m [0m[0;30;47m [0m[0;30;47m [0m[0;30;47m [0m[0;34;42m~[0m
[0;34;42m~[0m[0;30;47m [0m[0;30;47m [0m[0;30;47m [0m[0;30;47m [0m[0;30;47m [0m[0;30;47m [0m[0;30;47m [0m[0;30;47m [0m[0;30;47m [0m[0;30;47m [0m[0;30;47m [0m[0;30;47m [0m[0;30;47m [0m[0;30;47m [0m[0;30;47m [0m[0;30;47m [0m[0;30;47m [0m[0;30;47m [0m[0;30;47m [0m[0;30;47m [0m[0;30;47m [0m[0;30;47m|[0m[0;30;47m [0m[0;30;47m [0m[0;30;47m [0m[0;30;47m [0m[0;30;47m:[0m[0;30;47m [0m[0;30;47m[[0m[0;30;47m [0m[0;30;47m][0m[0;30;47m [0m[0;30;47m:[0m[0;30;47m [0m[0;30;47m [0m[0;30;47m [0m[0;30;47m [0m[0;30;47m|[0m[0;30;47m-[0m[0;30;47m>[0m[0;30;47m [0m[0;30;47m [0m[0;30;47m [0m[0;30;47m [0m[0;30;47m [0m[0;30;47m [0m[0;30;47m [0m[0;30;47m [0m[0;30;47m [0m[0;30;47m [0m[0;30;47m [0m[0;30;47m [0m[0;30;47m [0m[0;30;47m [0m[0;30;47m [0m[0;30;47m [0m[0;30;47m [0m[0;30;47m [0m[0;30;47m [0m[0;30;47m [0m[0;30;47m [0m[0;30;47m [0m[0;34;42m~[0m[0;30;47m [0m[0;30;47m [0m[0;30;47m [0m[0;30;47m[[0m[0;30;47mO[0m[0;30;47mb[0m[0;30;47mj[0m[0;30;47m][0m[0;30;47m [0m[0;30;47mp[0m[0;30;47mo[0m[0;30;47mr[0m[0;30;47mt[0m[0;30;47ma[0m[0;30;47ml[0m[0;30;47m [0m[0;30;47m [0m[0;30;47m [0m[0;30;47m [0m[0;30;47m [0m[0;30;47ma[0m[0;30;47mt[0m[0;30;47m [0m[0;30;47mS[0m[0;30;47mp[0m[0;30;47ma[0m[0;30;47mc[0m[0;30;47me[0m[0;30;47m [0m[0;30;47m1[0m[0;30;47m1[0m[0;30;47m [0m[0;30;47m([0m[0;30;47mp[0m[0;30;47mi[0m[0;30;47mt[0m[0;30;47m)[0m[0;30;47m [0m[0;30;47m [0m[0;30;47m [0m[0;30;47m [0m[0;30;47m [0m[0;30;47m [0m[0;30;47m [0m[0;30;47m [0m[0;34;42m~[0m
[0;34;42m~[0m[0;30;47m [0m[0;30;47m [0m[0;30;47m [0m[0;30;47m [0m[0;30;47m [0m[0;30;47m [0m[0;30;47m [0m[0;30;47m [0m[0;30;47m [0m[0;30;47m [0m[0;30;47m [0m[0;30;47m [0m[0;30;47m [0m[0;30;47m [0m[0;30;47m [0m[0;30;47m [0m[0;30;47m [0m[0;30;47m [0m[0;30;47m [0m[0;30;47m [0m[0;30;47m [0m[0;30;47m|[0m[0;30;47m [0m[0;30;47m [0m[0;30;47m [0m[0;30;47m [0m[0;30;47m:[0m[0;30;47m [0m[0;30;47m [0m[0;30;47m [0m[0;30;47m [0m[0;30;47m [0m[0;30;47m:[0m[0;30;47m [0m[0;30;47m [0m[0;30;47m [0m[0;30;47m [0m[0;30;47m|[0m[0;30;47m [0m[0;30;47m [0m[0;30;47m [0m[0;30;47m [0m[0;30;47m [0m[0;30;47m [0m[0;30;47m [0m[0;30;47m [0m[0;30;47m [0m[0;30;47m [0m[0;30;47m [0m[0;30;47m [0m[0;30;47m [0m[0;30;47m [0m[0;30;47m [0m[0;30;47m [0m[0;30;47m [0m[0;30;47m [0m[0;30;47m [0m[0;30;47m [0m[0;30;47m [0m[0;30;47m [0m[0;30;47m [0m[0;30;47m [0m[0;34;42m~[0m[0;30;47m [0m[0;30;47m [0m[0;30;47m [0m[0;30;47m[[0m[0;30;47mO[0m[0;30;47mb[0m[0;30;47mj[0m[0;30;47m][0m[0;30;47m [0m[0;30;47mc[0m[0;30;47mo[0m[0;30;47mi[0m[0;30;47mn[0m[0;30;47m [0m[0;30;47m [0m[0;30;47m [0m[0;30;47m [0m[0;30;47m [0m[0;30;47m [0m[0;30;47m [0m[0;30;47ma[0m[0;30;47mt[0m[0;30;47m [0m[0;30;47mS[0m[0;30;47mp[0m[0;30;47ma[0m[0;30;47mc[0m[0;30;47me[0m[0;30;47m [0m[0;30;47m1[0m[0;30;47m2[0m[0;30;47m [0m[0;30;47m([0m[0;30;47mp[0m[0;30;47ma[0m[0;30;47mt[0m[0;30;47mh[0m[0;30;47m)[0m[0;30;47m [0m[0;30;47m [0m[0;30;47m [0m[0;30;47m [0m[0;30;47m [0m[0;30;47m [0m[0;30;47m [0m[0;34;42m~[0m
[0;34;42m~[0m[0;30;47m [0m[0;30;47m [0m[0;30;47m [0m[0;30;47m [0m[0;30;47m [0m[0;30;47m [0m[0;30;47m [0m[0;30;47m [0m[0;30;47m [0m[0;30;47m [0m[0;30;47m [0m[0;30;47m [0m[0;30;47m [0m[0;30;47m [0m[0;30;47m [0m[0;30;47m [0m[0;30;47m [0m[0;30;47m [0m[0;30;47m [0m[0;30;47m [0m[0;30;47m [0m[0;30;47m|[0m[0;30;47m [0m[0;30;47m [0m[0;30;47m [0m[0;30;47m [0m[0;30;47m.[0m[0;30;47m.[0m[0;30;47m.[0m[0;30;47m.[0m[0;30;47m.[0m[0;30;47m.[0m[0;30;47m.[0m[0;30;47m [0m[0;30;47m [0m[0;30;47m [0m[0;30;47m [0m[0;30;47m|[0m[0;30;47m [0m[0;30;47m [0m[0;30;47m [0m[0;30;47m [0m[0;30;47m [0m[0;30;47m [0m[0;30;47m [0m[0;30;47m [0m[0;30;47m [0m[0;30;47m [0m[0;30;47m [0m[0;30;47m [0m[0;30;47m [0m[0;30;47m [0m[0;30;47m [0m[0;30;47m [0m[0;30;47m [0m[0;30;47m [0m[0;30;47m [0m[0;30;47m [0m[0;30;47m [0m[0;30;47m [0m[0;30;47m [0m[0;30;47m [0m[0;34;42m~[0m[0;30;47m [0m[0;30;47m [0m[0;30;47m [0m[0;30;47m[[0m[0;30;47mO[0m[0;30;47mb[0m[0;30;47mj[0m[0;30;47m][0m[0;30;47m [0m[0;30;47mc[0m[0;30;47mu[0m[0;30;47mp[0m[0;30;47m [0m[0;30;47m [0m[0;30;47m [0m[0;30;47m [0m[0;30;47m [0m[0;30;47m [0m[0;30;47m [0m[0;30;47m [0m[0;30;47ma[0m[0;30;47mt[0m[0;30;47m [0m[0;30;47mS[0m[0;30;47mp[0m[0;30;47ma[0m[0;30;47mc[0m[0;30;47me[0m[0;30;47m [0m[0;30;47m1[0m[0;30;47m3[0m[0;30;47m [0m[0;30;47m([0m[0;30;47mh[0m[0;30;47ma[0m[0;30;47ml[0m[0;30;47ml[0m[0;30;47m)[0m[0;30;47m [0m[0;30;47m [0m[0;30;47m [0m[0;30;47m [0m[0;30;47m [0m[0;30;47m [0m[0;30;47m [0m[0;34;42m~[0m
[0;34;42m~[0m[0;30;47m [0m[0;30;47m [0m[0;30;47m [0m[0;30;47m [0m[0;30;47m [0m[0;30;47m [0m[0;30;47m [0m[0;30;47m [0m[0;30;47m [0m[0;30;47m [0m[0;30;47m [0m[0;30;47m [0m[0;30;47m [0m[0;30;47m [0m[0;30;47m [0m[0;30;47m [0m[0;30;47m [0m[0;30;47m [0m[0;30;47m [0m[0;30;47m [0m[0;30;47m [0m[0;30;47m|[0m[0;30;47mm[0m[0;30;47ma[0m[0;30;47mi[0m[0;30;47ml[0m[0;30;47m,[0m[0;30;47mc[0m[0;30;47mu[0m[0;30;47mp[0m[0;30;47m [0m[0;30;47m [0m[0;30;47m [0m[0;30;47m [0m[0;30;47m [0m[0;30;47m [0m[0;30;47m [0m[0;30;47m|[0m[0;30;47m [0m[0;30;47m [0m[0;30;47m [0m[0;30;47m [0m[0;30;47m [0m[0;30;47m [0m[0;30;47m [0m[0;30;47m [0m[0;30;47m [0m[0;30;47m [0m[0;30;47m [0m[0;30;47m [0m[0;30;47m [0m[0;30;47m [0m[0;30;47m [0m[0;30;47m [0m[0;30;47m [0m[0;30;47m [0m[0;30;47m [0m[0;30;47m [0m[0;30;47m [0m[0;30;47m [0m[0;30;47m [0m[0;30;47m [0m[0;34;42m~[0m[0;30;47m [0m[0;30;47m [0m[0;30;47m [0m[0;30;47m[[0m[0;30;47mC[0m[0;30;47mh[0m[0;30;47mr[0m[0;30;47m][0m[0;30;47m [0m[0;30;47m [0m[0;30;47m\[0m[0;30;47mV[0m[0;30;47mo[0m[0;30;47m/[0m[0;30;47m [0m[0;30;47m [0m[0;30;47ma[0m[0;30;47mt[0m[0;30;47m [0m[0;30;47mS[0m[0;30;47mp[0m[0;30;47ma[0m[0;30;47mc[0m[0;30;47me[0m[0;30;47m [0m[0;30;47m1[0m[0;30;47m2[0m[0;30;47m [0m[0;30;47m([0m[0;30;47mp[0m[0;30;47ma[0m[0;30;47mt[0m[0;30;47mh[0m[0;30;47m)[0m[0;30;47m [0m[0;30;47m([0m[0;30;47mH[0m[0;30;47mP[0m[0;30;47m:[0m[0;30;47m5[0m[0;30;47m)[0m[0;30;47m [0m[0;30;47m [0m[0;30;47m [0m[0;30;47m [0m[0;34;42m~[0m
[0;34;42m~[0m[0;30;47m [0m[0;30;47m [0m[0;30;47m [0m[0;30;47m [0m[0;30;47m [0m[0;30;47m [0m[0;30;47m [0m[0;30;47m [0m[0;30;47m [0m[0;30;47m [0m[0;30;47m [0m[0;30;47m [0m[0;30;47m [0m[0;30;47m [0m[0;30;47m [0m[0;30;47m [0m[0;30;47m [0m[0;30;47m [0m[0;30;47m [0m[0;30;47m [0m[0;30;47m [0m[0;30;47m+[0m[0;30;47m-[0m[0;30;47m-[0m[0;30;47m-[0m[0;30;47m-[0m[0;30;47m-[0m[0;30;47m-[0m[0;30;47m-[0m[0;30;47m-[0m[0;30;47m-[0m[0;30;47m-[0m[0;30;47m-[0m[0;30;47m-[0m[0;30;47m-[0m[0;30;47m-[0m[0;30;47m-[0m[0;30;47m+[0m[0;30;47m [0m[0;30;47m [0m[0;30;47m [0m[0;30;47m [0m[0;30;47m [0m[0;30;47m [0m[0;30;47m [0m[0;30;47m [0m[0;30;47m [0m[0;30;47m [0m[0;30;47m [0m[0;30;47m [0m[0;30;47m [0m[0;30;47m [0m[0;30;47m [0m[0;30;47m [0m[0;30;47m [0m[0;30;47m [0m[0;30;47m [0m[0;30;47m [0m[0;30;47m [0m[0;30;47m [0m[0;30;47m [0m[0;30;47m [0m[0;34;42m~[0m[0;30;47m [0m[0;30;47m [0m[0;30;47m [0m[0;30;47m[[0m[0;30;47mC[0m[0;30;47mh[0m[0;30;47mr[0m[0;30;47m][0m[0;30;47m [0m[0;30;47m [0m[0;30;47m\[0m[0;30;47mS[0m[0;30;47me[0m[0;30;47m/[0m[0;30;47m [0m[0;30;47m [0m[0;30;47ma[0m[0;30;47mt[0m[0;30;47m [0m[0;30;47mS[0m[0;30;47mp[0m[0;30;47ma[0m[0;30;47mc[0m[0;30;47me[0m[0;30;47m [0m[0;30;47m1[0m[0;30;47m2[0m[0;30;47m [0m[0;30;47m([0m[0;30;47mp[0m[0;30;47ma[0m[0;30;47mt[0m[0;30;47mh[0m[0;30;47m)[0m[0;30;47m [0m[0;30;47m([0m[0;30;47mH[0m[0;30;47mP[0m[0;30;47m:[0m[0;30;47m5[0m[0;30;47m)[0m[0;30;47m [0m[0;30;47m [0m[0;30;47m [0m[0;30;47m [0m[0;34;42m~[0m
[0;34;42m~[0m[0;30;47m [0m[0;30;47m [0m[0;30;47m [0m[0;30;47m [0m[0;30;47m [0m[0;30;47m [0m[0;30;47m [0m[0;30;47m [0m[0;30;47m [0m[0;30;47m [0m[0;30;47m [0m[0;30;47m [0m[0;30;47m [0m[0;30;47m [0m[0;30;47m [0m[0;30;47m [0m[0;30;47m [0m[0;30;47m [0m[0;30;47m [0m[0;30;47m [0m[0;30;47m [0m[0;30;47m [0m[0;30;47m [0m[0;30;47m [0m[0;30;47m [0m[0;30;47m [0m[0;30;47m [0m[0;30;47m [0m[0;30;47m [0m[0;30;47mv[0m[0;30;47m [0m[0;30;47m [0m[0;30;47m [0m[0;30;47m [0m[0;30;47m [0m[0;30;47m [0m[0;30;47m [0m[0;30;47m [0m[0;30;47m [0m[0;30;47m [0m[0;30;47m [0m[0;30;47m [0m[0;30;47m [0m[0;30;47m [0m[0;30;47m [0m[0;30;47m [0m[0;30;47m [0m[0;30;47m [0m[0;30;47m [0m[0;30;47m [0m[0;30;47m [0m[0;30;47m [0m[0;30;47m [0m[0;30;47m [0m[0;30;47m [0m[0;30;47m [0m[0;30;47m [0m[0;30;47m [0m[0;30;47m [0m[0;30;47m [0m[0;30;47m [0m[0;30;47m [0m[0;34;42m~[0m[0;30;47m [0m[0;30;47m [0m[0;30;47m-[0m[0;30;47m-[0m[0;30;47m-[0m[0;30;47m-[0m[0;30;47m-[0m[0;30;47m-[0m[0;30;47m-[0m[0;30;47m-[0m[0;30;47m-[0m[0;30;47m-[0m[0;30;47m-[0m[0;30;47m-[0m[0;30;47m-[0m[0;30;47m-[0m[0;30;47m-[0m[0;30;47m-[0m[0;30;47m-[0m[0;30;47m-[0m[0;30;47m-[0m[0;30;47m-[0m[0;30;47m-[0m[0;30;47m-[0m[0;30;47m-[0m[0;30;47m-[0m[0;30;47m-[0m[0;30;47m-[0m[0;30;47m-[0m[0;30;47m-[0m[0;30;47m-[0m[0;30;47m-[0m[0;30;47m-[0m[0;30;47m-[0m[0;30;47m-[0m[0;30;47m-[0m[0;30;47m-[0m[0;30;47m-[0m[0;30;47m-[0m[0;30;47m-[0m[0;30;47m-[0m[0;30;47m-[0m[0;30;47m-[0m[0;30;47m [0m[0;30;47m [0m[0;34;42m~[0m
[0;34;42m~[0m[0;30;47m [0m[0;30;47m [0m[0;30;47m [0m[0;30;47m [0m[0;30;47m [0m[0;30;47m [0m[0;30;47m [0m[0;30;47m [0m[0;30;47m [0m[0;30;47m [0m[0;30;47m [0m[0;30;47m [0m[0;30;47m [0m[0;30;47m [0m[0;30;47m [0m[0;30;47m [0m[0;30;47m [0m[0;30;47m [0m[0;30;47m [0m[0;30;47m [0m[0;30;47m [0m[0;30;47m+[0m[0;30;47m-[0m[0;30;47m-[0m[0;30;47m-[0m[0;30;47m-[0m[0;30;47m-[0m[0;30;47m-[0m[0;30;47m-[0m[0;30;47m-[0m[0;30;47m-[0m[0;30;47m-[0m[0;30;47m-[0m[0;30;47m-[0m[0;30;47m-[0m[0;30;47m-[0m[0;30;47m-[0m[0;30;47m+[0m[0;30;47m [0m[0;30;47m [0m[0;30;47m [0m[0;30;47m [0m[0;30;47m [0m[0;30;47m [0m[0;30;47m [0m[0;30;47m [0m[0;30;47m [0m[0;30;47m [0m[0;30;47m [0m[0;30;47m [0m[0;30;47m [0m[0;30;47m [0m[0;30;47m [0m[0;30;47m [0m[0;30;47m [0m[0;30;47m [0m[0;30;47m [0m[0;30;47m [0m[0;30;47m [0m[0;30;47m [0m[0;30;47m [0m[0;30;47m [0m[0;34;42m~[0m[0;30;47m [0m[0;30;47m [0m[0;30;47m [0m[0;30;47m [0m[0;30;47m [0m[0;30;47m [0m[0;30;47m [0m[0;30;47m [0m[0;30;47m [0m[0;30;47m [0m[0;30;47m [0m[0;30;47m [0m[0;30;47m [0m[0;30;47m [0m[0;30;47m [0m[0;30;47m [0m[0;30;47m [0m[0;30;47m [0m[0;30;47m [0m[0;30;47m [0m[0;30;47m [0m[0;30;47m [0m[0;30;47m [0m[0;30;47m [0m[0;30;47m [0m[0;30;47m [0m[0;30;47m [0m[0;30;47m [0m[0;30;47m [0m[0;30;47m [0m[0;30;47m [0m[0;30;47m [0m[0;30;47m [0m[0;30;47m [0m[0;30;47m [0m[0;30;47m [0m[0;30;47m [0m[0;30;47m [0m[0;30;47m [0m[0;30;47m [0m[0;30;47m [0m[0;30;47m [0m[0;30;47m [0m[0;30;47m [0m[0;30;47m [0m[0;34;42m~[0m
[0;34;42m~[0m[0;30;47m [0m[0;30;47m [0m[0;30;47m [0m[0;30;47m [0m[0;30;47m [0m[0;30;47m [0m[0;30;47m [0m[0;30;47m [0m[0;30;47m [0m[0;30;47m [0m[0;30;47m [0m[0;30;47m [0m[0;30;47m [0m[0;30;47m [0m[0;30;47m [0m[0;30;47m [0m[0;30;47m [0m[0;30;47m [0m[0;30;47m [0m[0;30;47m [0m[0;30;47m [0m[0;30;47m|[0m[0;30;47m [0m[0;30;47m [0m[0;30;47m [0m[0;30;47m [0m[0;30;47m [0m[0;30;47m [0m[0;30;47m [0m[0;30;47m [0m[0;30;47m [0m[0;30;47m [0m[0;30;47m [0m[0;30;47m [0m[0;30;47m [0m[0;30;47m1[0m[0;30;47m4[0m[0;30;47m|[0m[0;30;47m [0m[0;30;47m [0m[0;30;47m [0m[0;30;47m [0m[0;30;47m [0m[0;30;47m [0m[0;30;47m [0m[0;30;47m [0m[0;30;47m [0m[0;30;47m [0m[0;30;47m [0m[0;30;47m [0m[0;30;47m [0m[0;30;47m [0m[0;30;47m [0m[0;30;47m [0m[0;30;47m [0m[0;30;47m [0m[0;30;47m [0m[0;30;47m [0m[0;30;47m [0m[0;30;47m [0m[0;30;47m [0m[0;30;47m [0m[0;34;42m~[0m[0;30;47m [0m[0;30;47m [0m[0;30;47m [0m[0;30;47m [0m[0;30;47m [0m[0;30;47m [0m[0;30;47m [0m[0;30;47m [0m[0;30;47m [0m[0;30;47m [0m[0;30;47m [0m[0;30;47m [0m[0;30;47m [0m[0;30;47m [0m[0;30;47m [0m[0;30;47m [0m[0;30;47m [0m[0;30;47m [0m[0;30;47m [0m[0;30;47m [0m[0;30;47m [0m[0;30;47m [0m[0;30;47m [0m[0;30;47m [0m[0;30;47m [0m[0;30;47m [0m[0;30;47m [0m[0;30;47m [0m[0;30;47m [0m[0;30;47m [0m[0;30;47m [0m[0;30;47m [0m[0;30;47m [0m[0;30;47m [0m[0;30;47m [0m[0;30;47m [0m[0;30;47m [0m[0;30;47m [0m[0;30;47m [0m[0;30;47m [0m[0;30;47m [0m[0;30;47m [0m[0;30;47m [0m[0;30;47m [0m[0;30;47m [0m[0;34;42m~[0m
[0;34;42m~[0m[0;30;47m [0m[0;30;47m [0m[0;30;47m [0m[0;30;47m [0m[0;30;47m [0m[0;30;47m [0m[0;30;47m [0m[0;30;47m [0m[0;30;47m [0m[0;30;47m [0m[0;30;47m [0m[0;30;47m [0m[0;30;47m [0m[0;30;47m [0m[0;30;47m [0m[0;30;47m [0m[0;30;47m [0m[0;30;47m [0m[0;30;47m [0m[0;30;47m [0m[0;30;47m [0m[0;30;47m|[0m[0;30;47m [0m[0;30;47m [0m[0;30;47m [0m[0;30;47m [0m[0;30;47m [0m[0;30;47m [0m[0;30;47m [0m[0;30;47m [0m[0;30;47m [0m[0;30;47m [0m[0;30;47m [0m[0;30;47m [0m[0;30;47m [0m[0;30;47m [0m[0;30;47m [0m[0;30;47m|[0m[0;30;47m [0m[0;30;47m [0m[0;30;47m [0m[0;30;47m [0m[0;30;47m [0m[0;30;47m [0m[0;30;47m [0m[0;30;47m [0m[0;30;47m [0m[0;30;47m [0m[0;30;47m [0m[0;30;47m [0m[0;30;47m [0m[0;30;47m [0m[0;30;47m [0m[0;30;47m [0m[0;30;47m [0m[0;30;47m [0m[0;30;47m [0m[0;30;47m [0m[0;30;47m [0m[0;30;47m [0m[0;30;47m [0m[0;30;47m [0m[0;34;42m~[0m[0;30;47m [0m[0;30;47m [0m[0;30;47m [0m[0;30;47m [0m[0;30;47m [0m[0;30;47m [0m[0;30;47m [0m[0;30;47m [0m[0;30;47m [0m[0;30;47m [0m[0;30;47m [0m[0;30;47m [0m[0;30;47m [0m[0;30;47m [0m[0;30;47m [0m[0;30;47m [0m[0;30;47m [0m[0;30;47m [0m[0;30;47m [0m[0;30;47m [0m[0;30;47m [0m[0;30;47m [0m[0;30;47m [0m[0;30;47m [0m[0;30;47m [0m[0;30;47m [0m[0;30;47m [0m[0;30;47m [0m[0;30;47m [0m[0;30;47m [0m[0;30;47m [0m[0;30;47m [0m[0;30;47m [0m[0;30;47m [0m[0;30;47m [0m[0;30;47m [0m[0;30;47m [0m[0;30;47m [0m[0;30;47m [0m[0;30;47m [0m[0;30;47m [0m[0;30;47m [0m[0;30;47m [0m[0;30;47m [0m[0;30;47m [0m[0;34;42m~[0m
[0;34;42m~[0m[0;30;47m [0m[0;30;47m [0m[0;30;47m [0m[0;30;47m [0m[0;30;47m [0m[0;30;47m [0m[0;30;47m [0m[0;30;47m [0m[0;30;47m [0m[0;30;47m [0m[0;30;47m [0m[0;30;47m [0m[0;30;47m [0m[0;30;47m [0m[0;30;47m [0m[0;30;47m [0m[0;30;47m [0m[0;30;47m [0m[0;30;47m [0m[0;30;47m [0m[0;30;47m [0m[0;30;47m|[0m[0;30;47m [0m[0;30;47m [0m[0;30;47m [0m[0;30;47m [0m[0;30;47m [0m[0;30;47m [0m[0;30;47m [0m[0;30;47m [0m[0;30;47m [0m[0;30;47m [0m[0;30;47m [0m[0;30;47m [0m[0;30;47m [0m[0;30;47m [0m[0;30;47m [0m[0;30;47m|[0m[0;30;47m [0m[0;30;47m [0m[0;30;47m [0m[0;30;47m [0m[0;30;47m [0m[0;30;47m [0m[0;30;47m [0m[0;30;47m [0m[0;30;47m [0m[0;30;47m [0m[0;30;47m [0m[0;30;47m [0m[0;30;47m [0m[0;30;47m [0m[0;30;47m [0m[0;30;47m [0m[0;30;47m [0m[0;30;47m [0m[0;30;47m [0m[0;30;47m [0m[0;30;47m [0m[0;30;47m [0m[0;30;47m [0m[0;30;47m [0m[0;34;42m~[0m[0;30;47m [0m[0;30;47m [0m[0;30;47m [0m[0;30;47m [0m[0;30;47m [0m[0;30;47m [0m[0;30;47m [0m[0;30;47m [0m[0;30;47m [0m[0;30;47m [0m[0;30;47m [0m[0;30;47m [0m[0;30;47m [0m[0;30;47m [0m[0;30;47m [0m[0;30;47m [0m[0;30;47m [0m[0;30;47m [0m[0;30;47m [0m[0;30;47m [0m[0;30;47m [0m[0;30;47m [0m[0;30;47m [0m[0;30;47m [0m[0;30;47m [0m[0;30;47m [0m[0;30;47m [0m[0;30;47m [0m[0;30;47m [0m[0;30;47m [0m[0;30;47m [0m[0;30;47m [0m[0;30;47m [0m[0;30;47m [0m[0;30;47m [0m[0;30;47m [0m[0;30;47m [0m[0;30;47m [0m[0;30;47m [0m[0;30;47m [0m[0;30;47m [0m[0;30;47m [0m[0;30;47m [0m[0;30;47m [0m[0;30;47m [0m[0;34;42m~[0m
[0;34;42m~[0m[0;30;47m [0m[0;30;47m [0m[0;30;47m [0m[0;30;47m [0m[0;30;47m [0m[0;30;47m [0m[0;30;47m [0m[0;30;47m [0m[0;30;47m [0m[0;30;47m [0m[0;30;47m [0m[0;30;47m [0m[0;30;47m [0m[0;30;47m [0m[0;30;47m [0m[0;30;47m [0m[0;30;47m [0m[0;30;47m [0m[0;30;47m [0m[0;30;47m [0m[0;30;47m [0m[0;30;47m|[0m[0;30;47m [0m[0;30;47m [0m[0;30;47m [0m[0;30;47m [0m[0;30;47m [0m[0;30;47m?[0m[0;30;47m?[0m[0;30;47m?[0m[0;30;47m [0m[0;30;47m [0m[0;30;47m [0m[0;30;47m [0m[0;30;47m [0m[0;30;47m [0m[0;30;47m [0m[0;30;47m|[0m[0;30;47m [0m[0;30;47m [0m[0;30;47m [0m[0;30;47m [0m[0;30;47m [0m[0;30;47m [0m[0;30;47m [0m[0;30;47m [0m[0;30;47m [0m[0;30;47m [0m[0;30;47m [0m[0;30;47m [0m[0;30;47m [0m[0;30;47m [0m[0;30;47m [0m[0;30;47m [0m[0;30;47m [0m[0;30;47m [0m[0;30;47m [0m[0;30;47m [0m[0;30;47m [0m[0;30;47m [0m[0;30;47m [0m[0;30;47m [0m[0;34;42m~[0m[0;30;47m [0m[0;30;47m [0m[0;30;47m [0m[0;30;47m [0m[0;30;47m [0m[0;30;47m [0m[0;30;47m [0m[0;30;47m [0m[0;30;47m [0m[0;30;47m [0m[0;30;47m [0m[0;30;47m [0m[0;30;47m [0m[0;30;47m [0m[0;30;47m [0m[0;30;47m [0m[0;30;47m [0m[0;30;47m [0m[0;30;47m [0m[0;30;47m [0m[0;30;47m [0m[0;30;47m [0m[0;30;47m [0m[0;30;47m [0m[0;30;47m [0m[0;30;47m [0m[0;30;47m [0m[0;30;47m [0m[0;30;47m [0m[0;30;47m [0m[0;30;47m [0m[0;30;47m [0m[0;30;47m [0m[0;30;47m [0m[0;30;47m [0m[0;30;47m [0m[0;30;47m [0m[0;30;47m [0m[0;30;47m [0m[0;30;47m [0m[0;30;47m [0m[0;30;47m [0m[0;30;47m [0m[0;30;47m [0m[0;30;47m [0m[0;34;42m~[0m
[0;34;42m~[0m[0;30;47m [0m[0;30;47m [0m[0;30;47m [0m[0;30;47m [0m[0;30;47m [0m[0;30;47m [0m[0;30;47m [0m[0;30;47m [0m[0;30;47m [0m[0;30;47m [0m[0;30;47m [0m[0;30;47m [0m[0;30;47m [0m[0;30;47m [0m[0;30;47m [0m[0;30;47m [0m[0;30;47m [0m[0;30;47m [0m[0;30;47m [0m[0;30;47m [0m[0;30;47m [0m[0;30;47m|[0m[0;30;47m [0m[0;30;47m [0m[0;30;47m [0m[0;30;47m [0m[0;30;47m [0m[0;30;47m [0m[0;30;47m [0m[0;30;47m [0m[0;30;47m [0m[0;30;47m [0m[0;30;47m [0m[0;30;47m [0m[0;30;47m [0m[0;30;47m [0m[0;30;47m [0m[0;30;47m|[0m[0;30;47m [0m[0;30;47m [0m[0;30;47m [0m[0;30;47m [0m[0;30;47m [0m[0;30;47m [0m[0;30;47m [0m[0;30;47m [0m[0;30;47m [0m[0;30;47m [0m[0;30;47m [0m[0;30;47m [0m[0;30;47m [0m[0;30;47m [0m[0;30;47m [0m[0;30;47m [0m[0;30;47m [0m[0;30;47m [0m[0;30;47m [0m[0;30;47m [0m[0;30;47m [0m[0;30;47m [0m[0;30;47m [0m[0;30;47m [0m[0;34;42m~[0m[0;30;47m [0m[0;30;47m [0m[0;30;47m [0m[0;30;47m [0m[0;30;47m [0m[0;30;47m [0m[0;30;47m [0m[0;30;47m [0m[0;30;47m [0m[0;30;47m [0m[0;30;47m [0m[0;30;47m [0m[0;30;47m [0m[0;30;47m [0m[0;30;47m [0m[0;30;47m [0m[0;30;47m [0m[0;30;47m [0m[0;30;47m [0m[0;30;47m [0m[0;30;47m [0m[0;30;47m [0m[0;30;47m [0m[0;30;47m [0m[0;30;47m [0m[0;30;47m [0m[0;30;47m [0m[0;30;47m [0m[0;30;47m [0m[0;30;47m [0m[0;30;47m [0m[0;30;47m [0m[0;30;47m [0m[0;30;47m [0m[0;30;47m [0m[0;30;47m [0m[0;30;47m [0m[0;30;47m [0m[0;30;47m [0m[0;30;47m [0m[0;30;47m [0m[0;30;47m [0m[0;30;47m [0m[0;30;47m [0m[0;30;47m [0m[0;34;42m~[0m
[0;34;42m~[0m[0;30;47m [0m[0;30;47m [0m[0;30;47m [0m[0;30;47m [0m[0;30;47m [0m[0;30;47m [0m[0;30;47m [0m[0;30;47m [0m[0;30;47m [0m[0;30;47m [0m[0;30;47m [0m[0;30;47m [0m[0;30;47m [0m[0;30;47m [0m[0;30;47m [0m[0;30;47m [0m[0;30;47m [0m[0;30;47m [0m[0;30;47m [0m[0;30;47m [0m[0;30;47m [0m[0;30;47m|[0m[0;30;47m [0m[0;30;47m [0m[0;30;47m [0m[0;30;47m [0m[0;30;47m [0m[0;30;47m [0m[0;30;47m [0m[0;30;47m [0m[0;30;47m [0m[0;30;47m [0m[0;30;47m [0m[0;30;47m [0m[0;30;47m [0m[0;30;47m [0m[0;30;47m [0m[0;30;47m|[0m[0;30;47m [0m[0;30;47m [0m[0;30;47m [0m[0;30;47m [0m[0;30;47m [0m[0;30;47m [0m[0;30;47m [0m[0;30;47m [0m[0;30;47m [0m[0;30;47m [0m[0;30;47m [0m[0;30;47m [0m[0;30;47m [0m[0;30;47m [0m[0;30;47m [0m[0;30;47m [0m[0;30;47m [0m[0;30;47m [0m[0;30;47m [0m[0;30;47m [0m[0;30;47m [0m[0;30;47m [0m[0;30;47m [0m[0;30;47m [0m[0;34;42m~[0m[0;30;47m [0m[0;30;47m [0m[0;30;47m [0m[0;30;47m [0m[0;30;47m [0m[0;30;47m [0m[0;30;47m [0m[0;30;47m [0m[0;30;47m [0m[0;30;47m [0m[0;30;47m [0m[0;30;47m [0m[0;30;47m [0m[0;30;47m [0m[0;30;47m [0m[0;30;47m [0m[0;30;47m [0m[0;30;47m [0m[0;30;47m [0m[0;30;47m [0m[0;30;47m [0m[0;30;47m [0m[0;30;47m [0m[0;30;47m [0m[0;30;47m [0m[0;30;47m [0m[0;30;47m [0m[0;30;47m [0m[0;30;47m [0m[0;30;47m [0m[0;30;47m [0m[0;30;47m [0m[0;30;47m [0m[0;30;47m [0m[0;30;47m [0m[0;30;47m [0m[0;30;47m [0m[0;30;47m [0m[0;30;47m [0m[0;30;47m [0m[0;30;47m [0m[0;30;47m [0m[0;30;47m [0m[0;30;47m [0m[0;30;47m [0m[0;34;42m~[0m
[0;34;42m~[0m[0;30;47m [0m[0;30;47m [0m[0;30;47m [0m[0;30;47m [0m[0;30;47m [0m[0;30;47m [0m[0;30;47m [0m[0;30;47m [0m[0;30;47m [0m[0;30;47m [0m[0;30;47m [0m[0;30;47m [0m[0;30;47m [0m[0;30;47m [0m[0;30;47m [0m[0;30;47m [0m[0;30;47m [0m[0;30;47m [0m[0;30;47m [0m[0;30;47m [0m[0;30;47m [0m[0;30;47m|[0m[0;30;47m [0m[0;30;47m [0m[0;30;47m [0m[0;30;47m [0m[0;30;47m [0m[0;30;47m [0m[0;30;47m [0m[0;30;47m [0m[0;30;47m [0m[0;30;47m [0m[0;30;47m [0m[0;30;47m [0m[0;30;47m [0m[0;30;47m [0m[0;30;47m [0m[0;30;47m|[0m[0;30;47m [0m[0;30;47m [0m[0;30;47m [0m[0;30;47m [0m[0;30;47m [0m[0;30;47m [0m[0;30;47m [0m[0;30;47m [0m[0;30;47m [0m[0;30;47m [0m[0;30;47m [0m[0;30;47m [0m[0;30;47m [0m[0;30;47m [0m[0;30;47m [0m[0;30;47m [0m[0;30;47m [0m[0;30;47m [0m[0;30;47m [0m[0;30;47m [0m[0;30;47m [0m[0;30;47m [0m[0;30;47m [0m[0;30;47m [0m[0;34;42m~[0m[0;30;47m [0m[0;30;47m [0m[0;30;47m [0m[0;30;47m [0m[0;30;47m [0m[0;30;47m [0m[0;30;47m [0m[0;30;47m [0m[0;30;47m [0m[0;30;47m [0m[0;30;47m [0m[0;30;47m [0m[0;30;47m [0m[0;30;47m [0m[0;30;47m [0m[0;30;47m [0m[0;30;47m [0m[0;30;47m [0m[0;30;47m [0m[0;30;47m [0m[0;30;47m [0m[0;30;47m [0m[0;30;47m [0m[0;30;47m [0m[0;30;47m [0m[0;30;47m [0m[0;30;47m [0m[0;30;47m [0m[0;30;47m [0m[0;30;47m [0m[0;30;47m [0m[0;30;47m [0m[0;30;47m [0m[0;30;47m [0m[0;30;47m [0m[0;30;47m [0m[0;30;47m [0m[0;30;47m [0m[0;30;47m [0m[0;30;47m [0m[0;30;47m [0m[0;30;47m [0m[0;30;47m [0m[0;30;47m [0m[0;30;47m [0m[0;34;42m~[0m
[0;34;42m~[0m[0;30;47m [0m[0;30;47m [0m[0;30;47m [0m[0;30;47m [0m[0;30;47m [0m[0;30;47m [0m[0;30;47m [0m[0;30;47m [0m[0;30;47m [0m[0;30;47m [0m[0;30;47m [0m[0;30;47m [0m[0;30;47m [0m[0;30;47m [0m[0;30;47m [0m[0;30;47m [0m[0;30;47m [0m[0;30;47m [0m[0;30;47m [0m[0;30;47m [0m[0;30;47m [0m[0;30;47m+[0m[0;30;47m-[0m[0;30;47m-[0m[0;30;47m-[0m[0;30;47m-[0m[0;30;47m-[0m[0;30;47m-[0m[0;30;47m-[0m[0;30;47m-[0m[0;30;47m-[0m[0;30;47m-[0m[0;30;47m-[0m[0;30;47m-[0m[0;30;47m-[0m[0;30;47m-[0m[0;30;47m-[0m[0;30;47m+[0m[0;30;47m [0m[0;30;47m [0m[0;30;47m [0m[0;30;47m [0m[0;30;47m [0m[0;30;47m [0m[0;30;47m [0m[0;30;47m [0m[0;30;47m [0m[0;30;47m [0m[0;30;47m [0m[0;30;47m [0m[0;30;47m [0m[0;30;47m [0m[0;30;47m [0m[0;30;47m [0m[0;30;47m [0m[0;30;47m [0m[0;30;47m [0m[0;30;47m [0m[0;30;47m [0m[0;30;47m [0m[0;30;47m [0m[0;30;47m [0m[0;34;42m~[0m[0;30;47m [0m[0;30;47m [0m[0;30;47m [0m[0;30;47m [0m[0;30;47m [0m[0;30;47m [0m[0;30;47m [0m[0;30;47m [0m[0;30;47m [0m[0;30;47m [0m[0;30;47m [0m[0;30;47m [0m[0;30;47m [0m[0;30;47m [0m[0;30;47m [0m[0;30;47m [0m[0;30;47m [0m[0;30;47m [0m[0;30;47m [0m[0;30;47m [0m[0;30;47m [0m[0;30;47m [0m[0;30;47m [0m[0;30;47m [0m[0;30;47m [0m[0;30;47m [0m[0;30;47m [0m[0;30;47m [0m[0;30;47m [0m[0;30;47m [0m[0;30;47m [0m[0;30;47m [0m[0;30;47m [0m[0;30;47m [0m[0;30;47m [0m[0;30;47m [0m[0;30;47m [0m[0;30;47m [0m[0;30;47m [0m[0;30;47m [0m[0;30;47m [0m[0;30;47m [0m[0;30;47m [0m[0;30;47m [0m[0;30;47m [0m[0;34;42m~[0m
[0;34;42m~[0m[0;34;42m~[0m[0;34;42m~[0m[0;34;42m~[0m[0;34;42m~[0m[0;34;42m~[0m[0;34;42m~[0m[0;34;42m~[0m[0;34;42m~[0m[0;34;42m~[0m[0;34;42m~[0m[0;34;42m~[0m[0;34;42m~[0m[0;34;42m~[0m[0;34;42m~[0m[0;34;42m~[0m[0;34;42m~[0m[0;34;42m~[0m[0;34;42m~[0m[0;34;42m~[0m[0;34;42m~[0m[0;34;42m~[0m[0;34;42m~[0m[0;34;42m~[0m[0;34;42m~[0m[0;34;42m~[0m[0;34;42m~[0m[0;34;42m~[0m[0;34;42m~[0m[0;34;42m~[0m[0;34;42m~[0m[0;34;42m~[0m[0;34;42m~[0m[0;34;42m~[0m[0;34;42m~[0m[0;34;42m~[0m[0;34;42m~[0m[0;34;42m~[0m[0;34;42m~[0m[0;34;42m~[0m[0;34;42m~[0m[0;34;42m~[0m[0;34;42m~[0m[0;34;42m~[0m[0;34;42m~[0m[0;34;42m~[0m[0;34;42m~[0m[0;34;42m~[0m[0;34;42m~[0m[0;34;42m~[0m[0;34;42m~[0m[0;34;42m~[0m[0;34;42m~[0m[0;34;42m~[0m[0;34;42m~[0m[0;34;42m~[0m[0;34;42m~[0m[0;34;42m~[0m[0;34;42m~[0m[0;34;42m~[0m[0;34;42m~[0m[0;34;42m~[0m[0;34;42m~[0m[0;34;42m~[0m[0;34;42m~[0m[0;34;42m~[0m[0;34;42m~[0m[0;34;42m~[0m[0;34;42m~[0m[0;34;42m~[0m[0;34;42m~[0m[0;34;42m~[0m[0;34;42m~[0m[0;34;42m~[0m[0;34;42m~[0m[0;34;42m~[0m[0;34;42m~[0m[0;34;42m~[0m[0;34;42m~[0m[0;34;42m~[0m[0;34;42m~[0m[0;34;42m~[0m[0;34;42m~[0m[0;34;42m~[0m[0;34;42m~[0m[0;34;42m~[0m[0;34;42m~[0m[0;34;42m~[0m[0;34;42m~[0m[0;34;42m~[0m[0;34;42m~[0m[0;34;42m~[0m[0;34;42m~[0m[0;34;42m~[0m[0;34;42m~[0m[0;34;42m~[0m[0;34;42m~[0m[0;34;42m~[0m[0;34;42m~[0m[0;34;42m~[0m[0;34;42m~[0m[0;34;42m~[0m[0;34;42m~[0m[0;34;42m~[0m[0;34;42m~[0m[0;34;42m~[0m[0;34;42m~[0m[0;34;42m~[0m[0;34;42m~[0m[0;34;42m~[0m
[0;34;42m~[0m[0;30;47m [0m[0;30;47m [0m[0;30;47m [0m[0;30;47m [0m[0;30;47m [0m[0;30;47m [0m[0;30;47m [0m[0;30;47m [0m[0;30;47m [0m[0;30;47m [0m[0;30;47m [0m[0;30;47m [0m[0;30;47m [0m[0;30;47m [0m[0;30;47m [0m[0;30;47m [0m[0;30;47m [0m[0;30;47m [0m[0;30;47m [0m[0;30;47m [0m[0;30;47m [0m[0;30;47m [0m[0;30;47m [0m[0;30;47m [0m[0;30;47m [0m[0;30;47m [0m[0;30;47m [0m[0;30;47m [0m[0;30;47m [0m[0;30;47m [0m[0;30;47m [0m[0;30;47m [0m[0;30;47m [0m[0;30;47m [0m[0;30;47m [0m[0;30;47m [0m[0;30;47m [0m[0;30;47m [0m[0;30;47m [0m[0;30;47m [0m[0;30;47m [0m[0;30;47m [0m[0;30;47m [0m[0;30;47m [0m[0;30;47m [0m[0;30;47mT[0m[0;30;47mH[0m[0;30;47mE[0m[0;30;47m [0m[0;30;47mH[0m[0;30;47mA[0m[0;30;47mU[0m[0;30;47mN[0m[0;30;47mT[0m[0;30;47mE[0m[0;30;47mD[0m[0;30;47m [0m[0;30;47mC[0m[0;30;47mA[0m[0;30;47mS[0m[0;30;47mT[0m[0;30;47mL[0m[0;30;47mE[0m[0;30;47m [0m[0;30;47m [0m[0;30;47m [0m[0;30;47m [0m[0;30;47m [0m[0;30;47m [0m[0;30;47m [0m[0;30;47m [0m[0;30;47m [0m[0;30;47m [0m[0;30;47m [0m[0;30;47m [0m[0;30;47m [0m[0;30;47m [0m[0;30;47m [0m[0;30;47m [0m[0;30;47m [0m[0;30;47m [0m[0;30;47m [0m[0;30;47m [0m[0;30;47m [0m[0;30;47m [0m[0;30;47m [0m[0;30;47m [0m[0;30;47m [0m[0;30;47m [0m[0;30;47m [0m[0;30;47m [0m[0;30;47m [0m[0;30;47m [0m[0;30;47m [0m[0;30;47m [0m[0;30;47m [0m[0;30;47m [0m[0;30;47m [0m[0;30;47m [0m[0;30;47m [0m[0;30;47m [0m[0;30;47m [0m[0;30;47m [0m[0;30;47m [0m[0;30;47m [0m[0;30;47m [0m[0;30;47m [0m[0;30;47m [0m[0;34;42m~[0m
[0;34;42m~[0m[0;34;42m~[0m[0;34;42m~[0m[0;34;42m~[0m[0;34;42m~[0m[0;34;42m~[0m[0;34;42m~[0m[0;34;42m~[0m[0;34;42m~[0m[0;34;42m~[0m[0;34;42m~[0m[0;34;42m~[0m[0;34;42m~[0m[0;34;42m~[0m[0;34;42m~[0m[0;34;42m~[0m[0;34;42m~[0m[0;34;42m~[0m[0;34;42m~[0m[0;34;42m~[0m[0;34;42m~[0m[0;34;42m~[0m[0;34;42m~[0m[0;34;42m~[0m[0;34;42m~[0m[0;34;42m~[0m[0;34;42m~[0m[0;34;42m~[0m[0;34;42m~[0m[0;34;42m~[0m[0;34;42m~[0m[0;34;42m~[0m[0;34;42m~[0m[0;34;42m~[0m[0;34;42m~[0m[0;34;42m~[0m[0;34;42m~[0m[0;34;42m~[0m[0;34;42m~[0m[0;34;42m~[0m[0;34;42m~[0m[0;34;42m~[0m[0;34;42m~[0m[0;34;42m~[0m[0;34;42m~[0m[0;34;42m~[0m[0;34;42m~[0m[0;34;42m~[0m[0;34;42m~[0m[0;34;42m~[0m[0;34;42m~[0m[0;34;42m~[0m[0;34;42m~[0m[0;34;42m~[0m[0;34;42m~[0m[0;34;42m~[0m[0;34;42m~[0m[0;34;42m~[0m[0;34;42m~[0m[0;34;42m~[0m[0;34;42m~[0m[0;34;42m~[0m[0;34;42m~[0m[0;34;42m~[0m[0;34;42m~[0m[0;34;42m~[0m[0;34;42m~[0m[0;34;42m~[0m[0;34;42m~[0m[0;34;42m~[0m[0;34;42m~[0m[0;34;42m~[0m[0;34;42m~[0m[0;34;42m~[0m[0;34;42m~[0m[0;34;42m~[0m[0;34;42m~[0m[0;34;42m~[0m[0;34;42m~[0m[0;34;42m~[0m[0;34;42m~[0m[0;34;42m~[0m[0;34;42m~[0m[0;34;42m~[0m[0;34;42m~[0m[0;34;42m~[0m[0;34;42m~[0m[0;34;42m~[0m[0;34;42m~[0m[0;34;42m~[0m[0;34;42m~[0m[0;34;42m~[0m[0;34;42m~[0m[0;34;42m~[0m[0;34;42m~[0m[0;34;42m~[0m[0;34;42m~[0m[0;34;42m~[0m[0;34;42m~[0m[0;34;42m~[0m[0;34;42m~[0m[0;34;42m~[0m[0;34;42m~[0m[0;34;42m~[0m[0;34;42m~[0m[0;34;42m~[0m[0;34;42m~[0m[0;34;42m~[0m[0;34;42m~[0m[0;34;42m~[0m
[0;34;42m~[0m[0;30;47m [0m[0;30;47m [0m[0;30;47mC[0m[0;30;47mo[0m[0;30;47mm[0m[0;30;47mm[0m[0;30;47ma[0m[0;30;47mn[0m[0;30;47md[0m[0;30;47ms[0m[0;30;47m:[0m[0;30;47m [0m[0;30;47mm[0m[0;30;47mo[0m[0;30;47mv[0m[0;30;47me[0m[0;30;47m([0m[0;30;47mm[0m[0;30;47m)[0m[0;30;47m [0m[0;30;47m[[0m[0;30;47md[0m[0;30;47mi[0m[0;30;47mr[0m[0;30;47m][0m[0;30;47m [0m[0;30;47m|[0m[0;30;47m [0m[0;30;47mt[0m[0;30;47ma[0m[0;30;47mk[0m[0;30;47me[0m[0;30;47m([0m[0;30;47mt[0m[0;30;47m)[0m[0;30;47m [0m[0;30;47m[[0m[0;30;47mo[0m[0;30;47mb[0m[0;30;47mj[0m[0;30;47m][0m[0;30;47m [0m[0;30;47m|[0m[0;30;47m [0m[0;30;47md[0m[0;30;47mr[0m[0;30;47mo[0m[0;30;47mp[0m[0;30;47m([0m[0;30;47md[0m[0;30;47m)[0m[0;30;47m [0m[0;30;47m[[0m[0;30;47mo[0m[0;30;47mb[0m[0;30;47mj[0m[0;30;47m][0m[0;30;47m [0m[0;30;47m|[0m[0;30;47m [0m[0;30;47ma[0m[0;30;47mt[0m[0;30;47mt[0m[0;30;47ma[0m[0;30;47mc[0m[0;30;47mk[0m[0;30;47m([0m[0;30;47ma[0m[0;30;47m)[0m[0;30;47m [0m[0;30;47m|[0m[0;30;47m [0m[0;30;47mc[0m[0;30;47mh[0m[0;30;47ma[0m[0;30;47mt[0m[0;30;47m([0m[0;30;47mc[0m[0;30;47m)[0m[0;30;47m [0m[0;30;47m|[0m[0;30;47m [0m[0;30;47mr[0m[0;30;47me[0m[0;30;47mc[0m[0;30;47mr[0m[0;30;47mu[0m[0;30;47mi[0m[0;30;47mt[0m[0;30;47m([0m[0;30;47mr[0m[0;30;47m)[0m[0;30;47m [0m[0;30;47m[[0m[0;30;47mc[0m[0;30;47mh[0m[0;30;47ma[0m[0;30;47mr[0m[0;30;47m][0m[0;30;47m [0m[0;30;47m [0m[0;30;47m [0m[0;30;47m [0m[0;30;47m [0m[0;30;47m [0m[0;30;47m [0m[0;30;47m [0m[0;30;47m [0m[0;34;42m~[0m
[0;34;42m~[0m[0;30;47m [0m[0;30;47m [0m[0;30;47mi[0m[0;30;47mn[0m[0;30;47ms[0m[0;30;47mp[0m[0;30;47me[0m[0;30;47mc[0m[0;30;47mt[0m[0;30;47m([0m[0;30;47mi[0m[0;30;47m)[0m[0;30;47m [0m[0;30;47m[[0m[0;30;47mo[0m[0;30;47mb[0m[0;30;47mj[0m[0;30;47m][0m[0;30;47m [0m[0;30;47m|[0m[0;30;47m [0m[0;30;47mu[0m[0;30;47ms[0m[0;30;47me[0m[0;30;47m([0m[0;30;47mu[0m[0;30;47m)[0m[0;30;47m [0m[0;30;47m[[0m[0;30;47mo[0m[0;30;47mb[0m[0;30;47mj[0m[0;30;47m][0m[0;30;47m [0m[0;30;47m|[0m[0;30;47m [0m[0;30;47mo[0m[0;30;47mp[0m[0;30;47me[0m[0;30;47mn[0m[0;30;47m([0m[0;30;47mo[0m[0;30;47m)[0m[0;30;47m [0m[0;30;47m[[0m[0;30;47ml[0m[0;30;47mn[0m[0;30;47mk[0m[0;30;47m][0m[0;30;47m [0m[0;30;47mw[0m[0;30;47mi[0m[0;30;47mt[0m[0;30;47mh[0m[0;30;47m [0m[0;30;47m[[0m[0;30;47mo[0m[0;30;47mb[0m[0;30;47mj[0m[0;30;47m][0m[0;30;47m [0m[0;30;47m|[0m[0;30;47m [0m[0;30;47mt[0m[0;30;47mp[0m[0;30;47m [0m[0;30;47m[[0m[0;30;47mr[0m[0;30;47mo[0m[0;30;47mo[0m[0;30;47mm[0m[0;30;47m][0m[0;30;47m [0m[0;30;47m|[0m[0;30;47m [0m[0;30;47me[0m[0;30;47mx[0m[0;30;47mi[0m[0;30;47mt[0m[0;30;47m([0m[0;30;47me[0m[0;30;47m)[0m[0;30;47m [0m[0;30;47m|[0m[0;30;47m [0m[0;30;47ma[0m[0;30;47mb[0m[0;30;47ma[0m[0;30;47mn[0m[0;30;47md[0m[0;30;47mo[0m[0;30;47mn[0m[0;30;47m([0m[0;30;47mf[0m[0;30;47m)[0m[0;30;47m [0m[0;30;47m[[0m[0;30;47mc[0m[0;30;47mh[0m[0;30;47ma[0m[0;30;47mr[0m[0;30;47m][0m[0;30;47m [0m[0;30;47m [0m[0;30;47m [0m[0;30;47m [0m[0;30;47m [0m[0;30;47m [0m[0;34;42m~[0m
[0;34;42m~[0m[0;34;42m~[0m[0;34;42m~[0m[0;34;42m~[0m[0;34;42m~[0m[0;34;42m~[0m[0;34;42m~[0m[0;34;42m~[0m[0;34;42m~[0m[0;34;42m~[0m[0;34;42m~[0m[0;34;42m~[0m[0;34;42m~[0m[0;34;42m~[0m[0;34;42m~[0m[0;34;42m~[0m[0;34;42m~[0m[0;34;42m~[0m[0;34;42m~[0m[0;34;42m~[0m[0;34;42m~[0m[0;34;42m~[0m[0;34;42m~[0m[0;34;42m~[0m[0;34;42m~[0m[0;34;42m~[0m[0;34;42m~[0m[0;34;42m~[0m[0;34;42m~[0m[0;34;42m~[0m[0;34;42m~[0m[0;34;42m~[0m[0;34;42m~[0m[0;34;42m~[0m[0;34;42m~[0m[0;34;42m~[0m[0;34;42m~[0m[0;34;42m~[0m[0;34;42m~[0m[0;34;42m~[0m[0;34;42m~[0m[0;34;42m~[0m[0;34;42m~[0m[0;34;42m~[0m[0;34;42m~[0m[0;34;42m~[0m[0;34;42m~[0m[0;34;42m~[0m[0;34;42m~[0m[0;34;42m~[0m[0;34;42m~[0m[0;34;42m~[0m[0;34;42m~[0m[0;34;42m~[0m[0;34;42m~[0m[0;34;42m~[0m[0;34;42m~[0m[0;34;42m~[0m[0;34;42m~[0m[0;34;42m~[0m[0;34;42m~[0m[0;34;42m~[0m[0;34;42m~[0m[0;34;42m~[0m[0;34;42m~[0m[0;34;42m~[0m[0;34;42m~[0m[0;34;42m~[0m[0;34;42m~[0m[0;34;42m~[0m[0;34;42m~[0m[0;34;42m~[0m[0;34;42m~[0m[0;34;42m~[0m[0;34;42m~[0m[0;34;42m~[0m[0;34;42m~[0m[0;34;42m~[0m[0;34;42m~[0m[0;34;42m~[0m[0;34;42m~[0m[0;34;42m~[0m[0;34;42m~[0m[0;34;42m~[0m[0;34;42m~[0m[0;34;42m~[0m[0;34;42m~[0m[0;34;42m~[0m[0;34;42m~[0m[0;34;42m~[0m[0;34;42m~[0m[0;34;42m~[0m[0;34;42m~[0m[0;34;42m~[0m[0;34;42m~[0m[0;34;42m~[0m[0;34;42m~[0m[0;34;42m~[0m[0;34;42m~[0m[0;34;42m~[0m[0;34;42m~[0m[0;34;42m~[0m[0;34;42m~[0m[0;34;42m~[0m[0;34;42m~[0m[0;34;42m~[0m[0;34;42m~[0m[0;34;42m~[0m[0;34;42m~[0m[0;34;42m~[0m
[0;34;42m~[0m[0;30;47m [0m[0;30;47m [0m[0;30;47m [0m[0;30;47m [0m[0;30;47m [0m[0;30;47m [0m[0;30;47m [0m[0;30;47m [0m[0;30;47m [0m[0;30;47m [0m[0;30;47m [0m[0;30;47m [0m[0;30;47m [0m[0;30;47m [0m[0;30;47m [0m[0;30;47m [0m[0;30;47m [0m[0;30;47m [0m[0;30;47m [0m[0;30;47m [0m[0;30;47m [0m[0;30;47m [0m[0;30;47m [0m[0;30;47m [0m[0;30;47m [0m[0;30;47m [0m[0;30;47m [0m[0;30;47m [0m[0;30;47m [0m[0;30;47m [0m[0;30;47m [0m[0;30;47m [0m[0;30;47m [0m[0;30;47m [0m[0;30;47m [0m[0;30;47m [0m[0;30;47m [0m[0;30;47m [0m[0;30;47m [0m[0;30;47m [0m[0;30;47m [0m[0;30;47m [0m[0;30;47m [0m[0;30;47m [0m[0;30;47m [0m[0;30;47m [0m[0;30;47m [0m[0;30;47m [0m[0;30;47m [0m[0;30;47m [0m[0;30;47m [0m[0;30;47m [0m[0;30;47m [0m[0;30;47m [0m[0;30;47m [0m[0;30;47m [0m[0;30;47m [0m[0;30;47m [0m[0;30;47m [0m[0;30;47m [0m[0;30;47m [0m[0;30;47m [0m[0;30;47m [0m[0;30;47m [0m[0;30;47m [0m[0;30;47m [0m[0;30;47m [0m[0;30;47m [0m[0;30;47m [0m[0;30;47m [0m[0;30;47m [0m[0;30;47m [0m[0;30;47m [0m[0;30;47m [0m[0;30;47m [0m[0;30;47m [0m[0;30;47m [0m[0;30;47m [0m[0;30;47m [0m[0;30;47m [0m[0;30;47m [0m[0;30;47m [0m[0;30;47m [0m[0;30;47m [0m[0;30;47m [0m[0;30;47m [0m[0;30;47m [0m[0;30;47m [0m[0;30;47m [0m[0;30;47m [0m[0;30;47m [0m[0;30;47m [0m[0;30;47m [0m[0;30;47m [0m[0;30;47m [0m[0;30;47m [0m[0;30;47m [0m[0;30;47m [0m[0;30;47m [0m[0;30;47m [0m[0;30;47m [0m[0;30;47m [0m[0;30;47m [0m[0;30;47m [0m[0;30;47m [0m[0;30;47m [0m[0;30;47m [0m[0;30;47m [0m[0;34;42m~[0m
[0;34;42m~[0m[0;30;47m [0m[0;30;47m [0m[0;30;47m [0m[0;30;47m [0m[0;30;47m [0m[0;30;47m [0m[0;30;47m [0m[0;30;47m [0m[0;30;47m [0m[0;30;47m [0m[0;30;47m [0m[0;30;47m [0m[0;30;47m [0m[0;30;47m [0m[0;30;47m [0m[0;30;47m [0m[0;30;47m [0m[0;30;47m [0m[0;30;47m [0m[0;30;47m [0m[0;30;47m [0m[0;30;47m [0m[0;30;47m [0m[0;30;47m [0m[0;30;47m [0m[0;30;47m [0m[0;30;47m [0m[0;30;47m [0m[0;30;47m [0m[0;30;47m [0m[0;30;47m [0m[0;30;47m [0m[0;30;47m [0m[0;30;47m [0m[0;30;47m [0m[0;30;47m [0m[0;30;47m [0m[0;30;47m [0m[0;30;47m [0m[0;30;47m [0m[0;30;47m [0m[0;30;47m [0m[0;30;47m [0m[0;30;47m [0m[0;30;47m [0m[0;30;47m [0m[0;30;47m [0m[0;30;47m [0m[0;30;47m [0m[0;30;47m [0m[0;30;47m [0m[0;30;47m [0m[0;30;47m [0m[0;30;47m [0m[0;30;47m [0m[0;30;47m [0m[0;30;47m [0m[0;30;47m [0m[0;30;47m [0m[0;30;47m [0m[0;30;47m [0m[0;30;47m [0m[0;30;47m [0m[0;30;47m [0m[0;30;47m [0m[0;30;47m [0m[0;30;47m [0m[0;30;47m [0m[0;30;47m [0m[0;30;47m [0m[0;30;47m [0m[0;30;47m [0m[0;30;47m [0m[0;30;47m [0m[0;30;47m [0m[0;30;47m [0m[0;30;47m [0m[0;30;47m [0m[0;30;47m [0m[0;30;47m [0m[0;30;47m [0m[0;30;47m [0m[0;30;47m [0m[0;30;47m [0m[0;30;47m [0m[0;30;47m [0m[0;30;47m [0m[0;30;47m [0m[0;30;47m [0m[0;30;47m [0m[0;30;47m [0m[0;30;47m [0m[0;30;47m [0m[0;30;47m [0m[0;30;47m [0m[0;30;47m [0m[0;30;47m [0m[0;30;47m [0m[0;30;47m [0m[0;30;47m [0m[0;30;47m [0m[0;30;47m [0m[0;30;47m [0m[0;30;47m [0m[0;30;47m [0m[0;30;47m [0m[0;30;47m [0m[0;30;47m [0m[0;34;42m~[0m
[0;34;42m~[0m[0;30;47m [0m[0;30;47m [0m[0;30;47m [0m[0;30;47m [0m[0;30;47m [0m[0;30;47m [0m[0;30;47m [0m[0;30;47m [0m[0;30;47m [0m[0;30;47m [0m[0;30;47m [0m[0;30;47m [0m[0;30;47m [0m[0;30;47m [0m[0;30;47m [0m[0;30;47m [0m[0;30;47m [0m[0;30;47m [0m[0;30;47m [0m[0;30;47m [0m[0;30;47m [0m[0;30;47m [0m[0;30;47m [0m[0;30;47m [0m[0;30;47m [0m[0;30;47m [0m[0;30;47m [0m[0;30;47m [0m[0;30;47m [0m[0;30;47m [0m[0;30;47m [0m[0;30;47m [0m[0;30;47m [0m[0;30;47m [0m[0;30;47m [0m[0;30;47m [0m[0;30;47m [0m[0;30;47m [0m[0;30;47m [0m[0;30;47m [0m[0;30;47m [0m[0;30;47m [0m[0;30;47m [0m[0;30;47m [0m[0;30;47m [0m[0;30;47m [0m[0;30;47m [0m[0;30;47m [0m[0;30;47m [0m[0;30;47m [0m[0;30;47m [0m[0;30;47m [0m[0;30;47m [0m[0;30;47m [0m[0;30;47m [0m[0;30;47m [0m[0;30;47m [0m[0;30;47m [0m[0;30;47m [0m[0;30;47m [0m[0;30;47m [0m[0;30;47m [0m[0;30;47m [0m[0;30;47m [0m[0;30;47m [0m[0;30;47m [0m[0;30;47m [0m[0;30;47m [0m[0;30;47m [0m[0;30;47m [0m[0;30;47m [0m[0;30;47m [0m[0;30;47m [0m[0;30;47m [0m[0;30;47m [0m[0;30;47m [0m[0;30;47m [0m[0;30;47m [0m[0;30;47m [0m[0;30;47m [0m[0;30;47m [0m[0;30;47m [0m[0;30;47m [0m[0;30;47m [0m[0;30;47m [0m[0;30;47m [0m[0;30;47m [0m[0;30;47m [0m[0;30;47m [0m[0;30;47m [0m[0;30;47m [0m[0;30;47m [0m[0;30;47m [0m[0;30;47m [0m[0;30;47m [0m[0;30;47m [0m[0;30;47m [0m[0;30;47m [0m[0;30;47m [0m[0;30;47m [0m[0;30;47m [0m[0;30;47m [0m[0;30;47m [0m[0;30;47m [0m[0;30;47m [0m[0;30;47m [0m[0;30;47m [0m[0;30;47m [0m[0;34;42m~[0m
prompt:> [2J
[0;34;42m~[0m[0;34;42m~[0m[0;34;42m~[0m[0;34;42m~[0m[0;34;42m~[0m[0;34;42m~[0m[0;34;42m~[0m[0;34;42m~[0m[0;34;42m~[0m[0;34;42m~[0m[0;34;42m~[0m[0;34;42m~[0m[0;34;42m~[0m[0;34;42m~[0m[0;34;42m~[0m[0;34;42m~[0m[0;34;42m~[0m[0;34;42m~[0m[0;34;42m~[0m[0;34;42m~[0m[0;34;42m~[0m[0;34;42m~[0m[0;34;42m~[0m[0;34;42m~[0m[0;34;42m~[0m[0;34;42m~[0m[0;34;42m~[0m[0;34;42m~[0m[0;34;42m~[0m[0;34;42m~[0m[0;34;42m~[0m[0;34;42m~[0m[0;34;42m~[0m[0;34;42m~[0m[0;34;42m~[0m[0;34;42m~[0m[0;34;42m~[0m[0;34;42m~[0m[0;34;42m~[0m[0;34;42m~[0m[0;34;42m~[0m[0;34;42m~[0m[0;34;42m~[0m[0;34;42m~[0m[0;34;42m~[0m[0;34;42m~[0m[0;34;42m~[0m[0;34;42m~[0m[0;34;42m~[0m[0;34;42m~[0m[0;34;42m~[0m[0;34;42m~[0m[0;34;42m~[0m[0;34;42m~[0m[0;34;42m~[0m[0;34;42m~[0m[0;34;42m~[0m[0;34;42m~[0m[0;34;42m~[0m[0;34;42m~[0m[0;34;42m~[0m[0;34;42m~[0m[0;34;42m~[0m[0;34;42m~[0m[0;34;42m~[0m[0;34;42m~[0m[0;34;42m~[0m[0;34;42m~[0m[0;34;42m~[0m[0;34;42m~[0m[0;34;42m~[0m[0;34;42m~[0m[0;34;42m~[0m[0;34;42m~[0m[0;34;42m~[0m[0;34;42m~[0m[0;34;42m~[0m[0;34;42m~[0m[0;34;42m~[0m[0;34;42m~[0m[0;34;42m~[0m[0;34;42m~[0m[0;34;42m~[0m[0;34;42m~[0m[0;34;42m~[0m[0;34;42m~[0m[0;34;42m~[0m[0;34;42m~[0m[0;34;42m~[0m[0;34;42m~[0m[0;34;42m~[0m[0;34;42m~[0m[0;34;42m~[0m[0;34;42m~[0m[0;34;42m~[0m[0;34;42m~[0m[0;34;42m~[0m[0;34;42m~[0m[0;34;42m~[0m[0;34;42m~[0m[0;34;42m~[0m[0;34;42m~[0m[0;34;42m~[0m[0;34;42m~[0m[0;34;42m~[0m[0;34;42m~[0m[0;34;42m~[0m[0;34;42m~[0m[0;34;42m~[0m[0;34;42m~[0m
[0;34;42m~[0m[0;30;47m [0m[0;30;47m [0m[0;30;47m [0m[0;30;47m [0m[0;30;47m [0m[0;30;47m [0m[0;30;47m [0m[0;30;47m [0m[0;30;47m [0m[0;30;47m [0m[0;30;47m [0m[0;30;47m [0m[0;30;47m [0m[0;30;47m [0m[0;30;47m [0m[0;30;47m [0m[0;30;47m [0m[0;30;47m [0m[0;30;47m [0m[0;30;47m [0m[0;30;47m [0m[0;30;47m|[0m[0;30;47m [0m[0;30;47m [0m[0;30;47m [0m[0;30;47m [0m[0;30;47m#[0m[0;30;47m_[0m[0;30;47m_[0m[0;30;47m_[0m[0;30;47m#[0m[0;30;47m [0m[0;30;47m [0m[0;30;47m [0m[0;30;47m [0m[0;30;47m [0m[0;30;47m [0m[0;30;47m|[0m[0;30;47m [0m[0;30;47m [0m[0;30;47m [0m[0;30;47m [0m[0;30;47m [0m[0;30;47m [0m[0;30;47m [0m[0;30;47m [0m[0;30;47m [0m[0;30;47m [0m[0;30;47m [0m[0;30;47m [0m[0;30;47m [0m[0;30;47m [0m[0;30;47m [0m[0;30;47m [0m[0;30;47m [0m[0;30;47m [0m[0;30;47m [0m[0;30;47m [0m[0;30;47m [0m[0;30;47m [0m[0;30;47m [0m[0;30;47m [0m[0;34;42m~[0m[0;30;47m [0m[0;30;47m [0m[0;30;47m=[0m[0;30;47m=[0m[0;30;47m=[0m[0;30;47m=[0m[0;30;47m=[0m[0;30;47m=[0m[0;30;47m=[0m[0;30;47m=[0m[0;30;47m=[0m[0;30;47m=[0m[0;30;47m=[0m[0;30;47m=[0m[0;30;47m=[0m[0;30;47m=[0m[0;30;47m=[0m[0;30;47m=[0m[0;30;47m=[0m[0;30;47m=[0m[0;30;47m=[0m[0;30;47m=[0m[0;30;47m=[0m[0;30;47m=[0m[0;30;47m=[0m[0;30;47m=[0m[0;30;47m=[0m[0;30;47m=[0m[0;30;47m=[0m[0;30;47m=[0m[0;30;47m=[0m[0;30;47m=[0m[0;30;47m=[0m[0;30;47m=[0m[0;30;47m=[0m[0;30;47m=[0m[0;30;47m=[0m[0;30;47m=[0m[0;30;47m=[0m[0;30;47m=[0m[0;30;47m=[0m[0;30;47m=[0m[0;30;47m=[0m[0;30;47m [0m[0;30;47m [0m[0;34;42m~[0m
[0;34;42m~[0m[0;30;47m [0m[0;30;47m [0m[0;30;47m [0m[0;30;47m [0m[0;30;47m [0m[0;30;47m [0m[0;30;47m [0m[0;30;47m [0m[0;30;47m [0m[0;30;47m [0m[0;30;47m [0m[0;30;47m [0m[0;30;47m [0m[0;30;47m [0m[0;30;47m [0m[0;30;47m [0m[0;30;47m [0m[0;30;47m [0m[0;30;47m [0m[0;30;47m [0m[0;30;47m [0m[0;30;47m|[0m[0;30;47m [0m[0;30;47m [0m[0;30;47m [0m[0;30;47m [0m[0;30;47m#[0m[0;30;47m [0m[0;30;47m [0m[0;30;47m [0m[0;30;47m#[0m[0;30;47m [0m[0;30;47m [0m[0;30;47m [0m[0;30;47m [0m[0;30;47m [0m[0;30;47m [0m[0;30;47m|[0m[0;30;47m [0m[0;30;47m [0m[0;30;47m [0m[0;30;47m [0m[0;30;47m [0m[0;30;47m [0m[0;30;47m [0m[0;30;47m [0m[0;30;47m [0m[0;30;47m [0m[0;30;47m [0m[0;30;47m [0m[0;30;47m [0m[0;30;47m [0m[0;30;47m [0m[0;30;47m [0m[0;30;47m [0m[0;30;47m [0m[0;30;47m [0m[0;30;47m [0m[0;30;47m [0m[0;30;47m [0m[0;30;47m [0m[0;30;47m [0m[0;34;42m~[0m[0;30;47m [0m[0;30;47m [0m[0;30;47m [0m[0;30;47m [0m[0;30;47mP[0m[0;30;47mL[0m[0;30;47mA[0m[0;30;47mY[0m[0;30;47mE[0m[0;30;47mR[0m[0;30;47m [0m[0;30;47m2[0m[0;30;47m [0m[0;30;47mS[0m[0;30;47mT[0m[0;30;47mA[0m[0;30;47mT[0m[0;30;47mU[0m[0;30;47mS[0m[0;30;47m [0m[0;30;47m [0m[0;30;47m [0m[0;30;47m|[0m[0;30;47m [0m[0;30;47m [0m[0;30;47m [0m[0;30;47mH[0m[0;30;47mE[0m[0;30;47mA[0m[0;30;47mL[0m[0;30;47mT[0m[0;30;47mH[0m[0;30;47m:[0m[0;30;47m [0m[0;30;47m3[0m[0;30;47m [0m[0;30;47mp[0m[0;30;47mt[0m[0;30;47ms[0m[0;30;47m [0m[0;30;47m [0m[0;30;47m [0m[0;30;47m [0m[0;30;47m [0m[0;30;47m [0m[0;34;42m~[0m
[0;34;42m~[0m[0;30;47m [0m[0;30;47m [0m[0;30;47m [0m[0;30;47m [0m[0;30;47m [0m[0;30;47m [0m[0;30;47m [0m[0;30;47m [0m[0;30;47m [0m[0;30;47m [0m[0;30;47m [0m[0;30;47m [0m[0;30;47m [0m[0;30;47m [0m[0;30;47m [0m[0;30;47m [0m[0;30;47m [0m[0;30;47m [0m[0;30;47m [0m[0;30;47m [0m[0;30;47m [0m[0;30;47m|[0m[0;30;47ml[0m[0;30;47mi[0m[0;30;47md[0m[0;30;47m,[0m[0;30;47mc[0m[0;30;47mo[0m[0;30;47mi[0m[0;30;47mn[0m[0;30;47m [0m[0;30;47m [0m[0;30;47m [0m[0;30;47m [0m[0;30;47m [0m[0;30;47m [0m[0;30;47m [0m[0;30;47m|[0m[0;30;47m [0m[0;30;47m [0m[0;30;47m [0m[0;30;47m [0m[0;30;47m [0m[0;30;47m [0m[0;30;47m [0m[0;30;47m [0m[0;30;47m [0m[0;30;47m [0m[0;30;47m [0m[0;30;47m [0m[0;30;47m [0m[0;30;47m [0m[0;30;47m [0m[0;30;47m [0m[0;30;47m [0m[0;30;47m [0m[0;30;47m [0m[0;30;47m [0m[0;30;47m [0m[0;30;47m [0m[0;30;47m [0m[0;30;47m [0m[0;34;42m~[0m[0;30;47m [0m[0;30;47m [0m[0;30;47m=[0m[0;30;47m=[0m[0;30;47m=[0m[0;30;47m=[0m[0;30;47m=[0m[0;30;47m=[0m[0;30;47m=[0m[0;30;47m=[0m[0;30;47m=[0m[0;30;47m=[0m[0;30;47m=[0m[0;30;47m=[0m[0;30;47m=[0m[0;30;47m=[0m[0;30;47m=[0m[0;30;47m=[0m[0;30;47m=[0m[0;30;47m=[0m[0;30;47m=[0m[0;30;47m=[0m[0;30;47m=[0m[0;30;47m=[0m[0;30;47m=[0m[0;30;47m=[0m[0;30;47m=[0m[0;30;47m=[0m[0;30;47m=[0m[0;30;47m=[0m[0;30;47m=[0m[0;30;47m=[0m[0;30;47m=[0m[0;30;47m=[0m[0;30;47m=[0m[0;30;47m=[0m[0;30;47m=[0m[0;30;47m=[0m[0;30;47m=[0m[0;30;47m=[0m[0;30;47m=[0m[0;30;47m=[0m[0;30;47m=[0m[0;30;47m [0m[0;30;47m [0m[0;34;42m~[0m
[0;34;42m~[0m[0;30;47m [0m[0;30;47m [0m[0;30;47m [0m[0;30;47m [0m[0;30;47m [0m[0;30;47m [0m[0;30;47m [0m[0;30;47m [0m[0;30;47m [0m[0;30;47m [0m[0;30;47m [0m[0;30;47m [0m[0;30;47m [0m[0;30;47m [0m[0;30;47m [0m[0;30;47m [0m[0;30;47m [0m[0;30;47m [0m[0;30;47m [0m[0;30;47m [0m[0;30;47m [0m[0;30;47m+[0m[0;30;47m-[0m[0;30;47m-[0m[0;30;47m-[0m[0;30;47m-[0m[0;30;47m-[0m[0;30;47m-[0m[0;30;47m-[0m[0;30;47m-[0m[0;30;47m-[0m[0;30;47m-[0m[0;30;47m-[0m[0;30;47m-[0m[0;30;47m-[0m[0;30;47m-[0m[0;30;47m-[0m[0;30;47m+[0m[0;30;47m [0m[0;30;47m [0m[0;30;47m [0m[0;30;47m [0m[0;30;47m [0m[0;30;47m [0m[0;30;47m [0m[0;30;47m [0m[0;30;47m [0m[0;30;47m [0m[0;30;47m [0m[0;30;47m [0m[0;30;47m [0m[0;30;47m [0m[0;30;47m [0m[0;30;47m [0m[0;30;47m [0m[0;30;47m [0m[0;30;47m [0m[0;30;47m [0m[0;30;47m [0m[0;30;47m [0m[0;30;47m [0m[0;30;47m [0m[0;34;42m~[0m[0;30;47m [0m[0;30;47m [0m[0;30;47m>[0m[0;30;47m [0m[0;30;47mC[0m[0;30;47mu[0m[0;30;47mr[0m[0;30;47mr[0m[0;30;47me[0m[0;30;47mn[0m[0;30;47mt[0m[0;30;47m [0m[0;30;47mL[0m[0;30;47mo[0m[0;30;47mc[0m[0;30;47ma[0m[0;30;47mt[0m[0;30;47mi[0m[0;30;47mo[0m[0;30;47mn[0m[0;30;47m [0m[0;30;47m:[0m[0;30;47m [0m[0;30;47m1[0m[0;30;47m3[0m[0;30;47m [0m[0;30;47m([0m[0;30;47mh[0m[0;30;47ma[0m[0;30;47ml[0m[0;30;47ml[0m[0;30;47m)[0m[0;30;47m [0m[0;30;47m [0m[0;30;47m [0m[0;30;47m [0m[0;30;47m [0m[0;30;47m [0m[0;30;47m [0m[0;30;47m [0m[0;30;47m [0m[0;30;47m [0m[0;30;47m [0m[0;30;47m [0m[0;30;47m [0m[0;34;42m~[0m
[0;34;42m~[0m[0;30;47m [0m[0;30;47m [0m[0;30;47m [0m[0;30;47m [0m[0;30;47m [0m[0;30;47m [0m[0;30;47m [0m[0;30;47m [0m[0;30;47m [0m[0;30;47m [0m[0;30;47m [0m[0;30;47m [0m[0;30;47m [0m[0;30;47m [0m[0;30;47m [0m[0;30;47m [0m[0;30;47m [0m[0;30;47m [0m[0;30;47m [0m[0;30;47m [0m[0;30;47m [0m[0;30;47m [0m[0;30;47m [0m[0;30;47m [0m[0;30;47m [0m[0;30;47m [0m[0;30;47m [0m[0;30;47m [0m[0;30;47m [0m[0;30;47m^[0m[0;30;47m [0m[0;30;47m [0m[0;30;47m [0m[0;30;47m [0m[0;30;47m [0m[0;30;47m [0m[0;30;47m [0m[0;30;47m [0m[0;30;47m [0m[0;30;47m [0m[0;30;47m [0m[0;30;47m [0m[0;30;47m [0m[0;30;47m [0m[0;30;47m [0m[0;30;47m [0m[0;30;47m [0m[0;30;47m [0m[0;30;47m [0m[0;30;47m [0m[0;30;47m [0m[0;30;47m [0m[0;30;47m [0m[0;30;47m [0m[0;30;47m [0m[0;30;47m [0m[0;30;47m [0m[0;30;47m [0m[0;30;47m [0m[0;30;47m [0m[0;30;47m [0m[0;30;47m [0m[0;34;42m~[0m[0;30;47m [0m[0;30;47m [0m[0;30;47m>[0m[0;30;47m [0m[0;30;47mB[0m[0;30;47ma[0m[0;30;47mc[0m[0;30;47mk[0m[0;30;47mp[0m[0;30;47ma[0m[0;30;47mc[0m[0;30;47mk[0m[0;30;47m [0m[0;30;47m [0m[0;30;47m [0m[0;30;47m [0m[0;30;47m [0m[0;30;47m [0m[0;30;47m [0m[0;30;47m:[0m[0;30;47m [0m[0;30;47mm[0m[0;30;47ma[0m[0;30;47mp[0m[0;30;47m [0m[0;30;47m [0m[0;30;47m [0m[0;30;47m [0m[0;30;47m [0m[0;30;47m [0m[0;30;47m [0m[0;30;47m [0m[0;30;47m [0m[0;30;47m [0m[0;30;47m [0m[0;30;47m [0m[0;30;47m [0m[0;30;47m [0m[0;30;47m [0m[0;30;47m [0m[0;30;47m [0m[0;30;47m [0m[0;30;47m [0m[0;30;47m [0m[0;30;47m [0m[0;34;42m~[0m
[0;34;42m~[0m[0;30;47m [0m[0;30;47m [0m[0;30;47m [0m[0;30;47m [0m[0;30;47m [0m[0;30;47m [0m[0;30;47m [0m[0;30;47m [0m[0;30;47m [0m[0;30;47m [0m[0;30;47m [0m[0;30;47m [0m[0;30;47m [0m[0;30;47m [0m[0;30;47m [0m[0;30;47m [0m[0;30;47m [0m[0;30;47m [0m[0;30;47m [0m[0;30;47m [0m[0;30;47m [0m[0;30;47m+[0m[0;30;47m-[0m[0;30;47m-[0m[0;30;47m-[0m[0;30;47m-[0m[0;30;47m-[0m[0;30;47m-[0m[0;30;47m-[0m[0;30;47m-[0m[0;30;47m-[0m[0;30;47m-[0m[0;30;47m-[0m[0;30;47m-[0m[0;30;47m-[0m[0;30;47m-[0m[0;30;47m-[0m[0;30;47m+[0m[0;30;47m [0m[0;30;47m [0m[0;30;47m [0m[0;30;47m [0m[0;30;47m [0m[0;30;47m [0m[0;30;47m [0m[0;30;47m [0m[0;30;47m [0m[0;30;47m [0m[0;30;47m [0m[0;30;47m [0m[0;30;47m [0m[0;30;47m [0m[0;30;47m [0m[0;30;47m [0m[0;30;47m [0m[0;30;47m [0m[0;30;47m [0m[0;30;47m [0m[0;30;47m [0m[0;30;47m [0m[0;30;47m [0m[0;30;47m [0m[0;34;42m~[0m[0;30;47m [0m[0;30;47m [0m[0;30;47m-[0m[0;30;47m-[0m[0;30;47m-[0m[0;30;47m-[0m[0;30;47m-[0m[0;30;47m-[0m[0;30;47m-[0m[0;30;47m-[0m[0;30;47m-[0m[0;30;47m-[0m[0;30;47m-[0m[0;30;47m-[0m[0;30;47m-[0m[0;30;47m-[0m[0;30;47m-[0m[0;30;47m-[0m[0;30;47m-[0m[0;30;47m-[0m[0;30;47m-[0m[0;30;47m-[0m[0;30;47m-[0m[0;30;47m-[0m[0;30;47m-[0m[0;30;47m-[0m[0;30;47m-[0m[0;30;47m-[0m[0;30;47m-[0m[0;30;47m-[0m[0;30;47m-[0m[0;30;47m-[0m[0;30;47m-[0m[0;30;47m-[0m[0;30;47m-[0m[0;30;47m-[0m[0;30;47m-[0m[0;30;47m-[0m[0;30;47m-[0m[0;30;47m-[0m[0;30;47m-[0m[0;30;47m-[0m[0;30;47m-[0m[0;30;47m [0m[0;30;47m [0m[0;34;42m~[0m
[0;34;42m~[0m[0;30;47m [0m[0;30;47m [0m[0;30;47m [0m[0;30;47m [0m[0;30;47m [0m[0;30;47m [0m[0;30;47m [0m[0;30;47m [0m[0;30;47m [0m[0;30;47m [0m[0;30;47m [0m[0;30;47m [0m[0;30;47m [0m[0;30;47m [0m[0;30;47m [0m[0;30;47m [0m[0;30;47m [0m[0;30;47m [0m[0;30;47m [0m[0;30;47m [0m[0;30;47m [0m[0;30;47m|[0m[0;30;47m [0m[0;30;47m^[0m[0;30;47mK[0m[0;30;47m>[0m[0;30;47m [0m[0;30;47m [0m[0;30;47m [0m[0;30;47m [0m[0;30;47m [0m[0;30;47m [0m[0;30;47m [0m[0;30;47m [0m[0;30;47m [0m[0;30;47m1[0m[0;30;47m3[0m[0;30;47m|[0m[0;30;47m [0m[0;30;47m [0m[0;30;47m [0m[0;30;47m [0m[0;30;47m [0m[0;30;47m [0m[0;30;47m [0m[0;30;47m [0m[0;30;47m [0m[0;30;47m [0m[0;30;47m [0m[0;30;47m [0m[0;30;47m [0m[0;30;47m [0m[0;30;47m [0m[0;30;47m [0m[0;30;47m [0m[0;30;47m [0m[0;30;47m [0m[0;30;47m [0m[0;30;47m [0m[0;30;47m [0m[0;30;47m [0m[0;30;47m [0m[0;34;42m~[0m[0;30;47m [0m[0;30;47m [0m[0;30;47mV[0m[0;30;47mI[0m[0;30;47mS[0m[0;30;47mI[0m[0;30;47mB[0m[0;30;47mL[0m[0;30;47mE[0m[0;30;47m [0m[0;30;47mE[0m[0;30;47mN[0m[0;30;47mT[0m[0;30;47mI[0m[0;30;47mT[0m[0;30;47mI[0m[0;30;47mE[0m[0;30;47mS[0m[0;30;47m [0m[0;30;47m([0m[0;30;47mD[0m[0;30;47mi[0m[0;30;47ms[0m[0;30;47mc[0m[0;30;47mo[0m[0;30;47mv[0m[0;30;47me[0m[0;30;47mr[0m[0;30;47me[0m[0;30;47md[0m[0;30;47m [0m[0;30;47mS[0m[0;30;47mp[0m[0;30;47ma[0m[0;30;47mc[0m[0;30;47me[0m[0;30;47ms[0m[0;30;47m)[0m[0;30;47m:[0m[0;30;47m [0m[0;30;47m [0m[0;30;47m [0m[0;30;47m [0m[0;30;47m [0m[0;30;47m [0m[0;34;42m~[0m
[0;34;42m~[0m[0;30;47m [0m[0;30;47m [0m[0;30;47m [0m[0;30;47m [0m[0;30;47m [0m[0;30;47m [0m[0;30;47m [0m[0;30;47m [0m[0;30;47m [0m[0;30;47m [0m[0;30;47m [0m[0;30;47m [0m[0;30;47m [0m[0;30;47m [0m[0;30;47m [0m[0;30;47m [0m[0;30;47m [0m[0;30;47m [0m[0;30;47m [0m[0;30;47m [0m[0;30;47m [0m[0;30;47m|[0m[0;30;47m [0m[0;30;47m [0m[0;30;47m [0m[0;30;47m [0m[0;30;47m.[0m[0;30;47m.[0m[0;30;47m.[0m[0;30;47m.[0m[0;30;47m.[0m[0;30;47m.[0m[0;30;47m.[0m[0;30;47m [0m[0;30;47m [0m[0;30;47m [0m[0;30;47m [0m[0;30;47m|[0m[0;30;47m [0m[0;30;47m [0m[0;30;47m [0m[0;30;47m [0m[0;30;47m [0m[0;30;47m [0m[0;30;47m [0m[0;30;47m [0m[0;30;47m [0m[0;30;47m [0m[0;30;47m [0m[0;30;47m [0m[0;30;47m [0m[0;30;47m [0m[0;30;47m [0m[0;30;47m [0m[0;30;47m [0m[0;30;47m [0m[0;30;47m [0m[0;30;47m [0m[0;30;47m [0m[0;30;47m [0m[0;30;47m [0m[0;30;47m [0m[0;34;42m~[0m[0;30;47m [0m[0;30;47m [0m[0;30;47m [0m[0;30;47m[[0m[0;30;47mO[0m[0;30;47mb[0m[0;30;47mj[0m[0;30;47m][0m[0;30;47m [0m[0;30;47ml[0m[0;30;47mi[0m[0;30;47md[0m[0;30;47m [0m[0;30;47m [0m[0;30;47m [0m[0;30;47m [0m[0;30;47m [0m[0;30;47m [0m[0;30;47m [0m[0;30;47m [0m[0;30;47ma[0m[0;30;47mt[0m[0;30;47m [0m[0;30;47mS[0m[0;30;47mp[0m[0;30;47ma[0m[0;30;47mc[0m[0;30;47me[0m[0;30;47m [0m[0;30;47m1[0m[0;30;47m2[0m[0;30;47m [0m[0;30;47m([0m[0;30;47mp[0m[0;30;47ma[0m[0;30;47mt[0m[0;30;47mh[0m[0;30;47m)[0m[0;30;47m [0m[0;30;47m [0m[0;30;47m [0m[0;30;47m [0m[0;30;47m [0m[0;30;47m [0m[0;30;47m [0m[0;34;42m~[0m
[0;34;42m~[0m[0;30;47m [0m[0;30;47m [0m[0;30;47m [0m[0;30;47m [0m[0;30;47m [0m[0;30;47m [0m[0;30;47m [0m[0;30;47m [0m[0;30;47m [0m[0;30;47m [0m[0;30;47m [0m[0;30;47m [0m[0;30;47m [0m[0;30;47m [0m[0;30;47m [0m[0;30;47m [0m[0;30;47m [0m[0;30;47m [0m[0;30;47m [0m[0;30;47m [0m[0;30;47m [0m[0;30;47m|[0m[0;30;47m [0m[0;30;47m [0m[0;30;47m [0m[0;30;47m [0m[0;30;47m:[0m[0;30;47m [0m[0;30;47m_[0m[0;30;47m_[0m[0;30;47m_[0m[0;30;47m [0m[0;30;47m:[0m[0;30;47m [0m[0;30;47m [0m[0;30;47m [0m[0;30;47m [0m[0;30;47m|[0m[0;30;47m [0m[0;30;47m [0m[0;30;47m [0m[0;30;47m [0m[0;30;47m [0m[0;30;47m [0m[0;30;47m [0m[0;30;47m [0m[0;30;47m [0m[0;30;47m [0m[0;30;47m [0m[0;30;47m [0m[0;30;47m [0m[0;30;47m [0m[0;30;47m [0m[0;30;47m [0m[0;30;47m [0m[0;30;47m [0m[0;30;47m [0m[0;30;47m [0m[0;30;47m [0m[0;30;47m [0m[0;30;47m [0m[0;30;47m [0m[0;34;42m~[0m[0;30;47m [0m[0;30;47m [0m[0;30;47m [0m[0;30;47m[[0m[0;30;47mO[0m[0;30;47mb[0m[0;30;47mj[0m[0;30;47m][0m[0;30;47m [0m[0;30;47mm[0m[0;30;47ma[0m[0;30;47mi[0m[0;30;47ml[0m[0;30;47m [0m[0;30;47m [0m[0;30;47m [0m[0;30;47m [0m[0;30;47m [0m[0;30;47m [0m[0;30;47m [0m[0;30;47ma[0m[0;30;47mt[0m[0;30;47m [0m[0;30;47mS[0m[0;30;47mp[0m[0;30;47ma[0m[0;30;47mc[0m[0;30;47me[0m[0;30;47m [0m[0;30;47m1[0m[0;30;47m3[0m[0;30;47m [0m[0;30;47m([0m[0;30;47mh[0m[0;30;47ma[0m[0;30;47ml[0m[0;30;47ml[0m[0;30;47m)[0m[0;30;47m [0m[0;30;47m [0m[0;30;47m [0m[0;30;47m [0m[0;30;47m [0m[0;30;47m [0m[0;30;47m [0m[0;34;42m~[0m
[0;34;42m~[0m[0;30;47m [0m[0;30;47m [0m[0;30;47m [0m[0;30;47m [0m[0;30;47m [0m[0;30;47m [0m[0;30;47m [0m[0;30;47m [0m[0;30;47m [0m[0;30;47m [0m[0;30;47m [0m[0;30;47m [0m[0;30;47m [0m[0;30;47m [0m[0;30;47m [0m[0;30;47m [0m[0;30;47m [0m[0;30;47m [0m[0;30;47m [0m[0;30;47m [0m[0;30;47m [0m[0;30;47m|[0m[0;30;47m [0m[0;30;47m [0m[0;30;47m [0m[0;30;47m [0m[0;30;47m:[0m[0;30;47m [0m[0;30;47m[[0m[0;30;47m [0m[0;30;47m][0m[0;30;47m [0m[0;30;47m:[0m[0;30;47m [0m[0;30;47m [0m[0;30;47m [0m[0;30;47m [0m[0;30;47m|[0m[0;30;47m-[0m[0;30;47m>[0m[0;30;47m [0m[0;30;47m [0m[0;30;47m [0m[0;30;47m [0m[0;30;47m [0m[0;30;47m [0m[0;30;47m [0m[0;30;47m [0m[0;30;47m [0m[0;30;47m [0m[0;30;47m [0m[0;30;47m [0m[0;30;47m [0m[0;30;47m [0m[0;30;47m [0m[0;30;47m [0m[0;30;47m [0m[0;30;47m [0m[0;30;47m [0m[0;30;47m [0m[0;30;47m [0m[0;30;47m [0m[0;34;42m~[0m[0;30;47m [0m[0;30;47m [0m[0;30;47m [0m[0;30;47m[[0m[0;30;47mO[0m[0;30;47mb[0m[0;30;47mj[0m[0;30;47m][0m[0;30;47m [0m[0;30;47mp[0m[0;30;47mo[0m[0;30;47mr[0m[0;30;47mt[0m[0;30;47ma[0m[0;30;47ml[0m[0;30;47m [0m[0;30;47m [0m[0;30;47m [0m[0;30;47m [0m[0;30;47m [0m[0;30;47ma[0m[0;30;47mt[0m[0;30;47m [0m[0;30;47mS[0m[0;30;47mp[0m[0;30;47ma[0m[0;30;47mc[0m[0;30;47me[0m[0;30;47m [0m[0;30;47m1[0m[0;30;47m1[0m[0;30;47m [0m[0;30;47m([0m[0;30;47mp[0m[0;30;47mi[0m[0;30;47mt[0m[0;30;47m)[0m[0;30;47m [0m[0;30;47m [0m[0;30;47m [0m[0;30;47m [0m[0;30;47m [0m[0;30;47m [0m[0;30;47m [0m[0;30;47m [0m[0;34;42m~[0m
[0;34;42m~[0m[0;30;47m [0m[0;30;47m [0m[0;30;47m [0m[0;30;47m [0m[0;30;47m [0m[0;30;47m [0m[0;30;47m [0m[0;30;47m [0m[0;30;47m [0m[0;30;47m [0m[0;30;47m [0m[0;30;47m [0m[0;30;47m [0m[0;30;47m [0m[0;30;47m [0m[0;30;47m [0m[0;30;47m [0m[0;30;47m [0m[0;30;47m [0m[0;30;47m [0m[0;30;47m [0m[0;30;47m|[0m[0;30;47m [0m[0;30;47m [0m[0;30;47m [0m[0;30;47m [0m[0;30;47m:[0m[0;30;47m [0m[0;30;47m [0m[0;30;47m [0m[0;30;47m [0m[0;30;47m [0m[0;30;47m:[0m[0;30;47m [0m[0;30;47m [0m[0;30;47m [0m[0;30;47m [0m[0;30;47m|[0m[0;30;47m [0m[0;30;47m [0m[0;30;47m [0m[0;30;47m [0m[0;30;47m [0m[0;30;47m [0m[0;30;47m [0m[0;30;47m [0m[0;30;47m [0m[0;30;47m [0m[0;30;47m [0m[0;30;47m [0m[0;30;47m [0m[0;30;47m [0m[0;30;47m [0m[0;30;47m [0m[0;30;47m [0m[0;30;47m [0m[0;30;47m [0m[0;30;47m [0m[0;30;47m [0m[0;30;47m [0m[0;30;47m [0m[0;30;47m [0m[0;34;42m~[0m[0;30;47m [0m[0;30;47m [0m[0;30;47m [0m[0;30;47m[[0m[0;30;47mO[0m[0;30;47mb[0m[0;30;47mj[0m[0;30;47m][0m[0;30;47m [0m[0;30;47mc[0m[0;30;47mo[0m[0;30;47mi[0m[0;30;47mn[0m[0;30;47m [0m[0;30;47m [0m[0;30;47m [0m[0;30;47m [0m[0;30;47m [0m[0;30;47m [0m[0;30;47m [0m[0;30;47ma[0m[0;30;47mt[0m[0;30;47m [0m[0;30;47mS[0m[0;30;47mp[0m[0;30;47ma[0m[0;30;47mc[0m[0;30;47me[0m[0;30;47m [0m[0;30;47m1[0m[0;30;47m2[0m[0;30;47m [0m[0;30;47m([0m[0;30;47mp[0m[0;30;47ma[0m[0;30;47mt[0m[0;30;47mh[0m[0;30;47m)[0m[0;30;47m [0m[0;30;47m [0m[0;30;47m [0m[0;30;47m [0m[0;30;47m [0m[0;30;47m [0m[0;30;47m [0m[0;34;42m~[0m
[0;34;42m~[0m[0;30;47m [0m[0;30;47m [0m[0;30;47m [0m[0;30;47m [0m[0;30;47m [0m[0;30;47m [0m[0;30;47m [0m[0;30;47m [0m[0;30;47m [0m[0;30;47m [0m[0;30;47m [0m[0;30;47m [0m[0;30;47m [0m[0;30;47m [0m[0;30;47m [0m[0;30;47m [0m[0;30;47m [0m[0;30;47m [0m[0;30;47m [0m[0;30;47m [0m[0;30;47m [0m[0;30;47m|[0m[0;30;47m [0m[0;30;47m [0m[0;30;47m [0m[0;30;47m [0m[0;30;47m.[0m[0;30;47m.[0m[0;30;47m.[0m[0;30;47m.[0m[0;30;47m.[0m[0;30;47m.[0m[0;30;47m.[0m[0;30;47m [0m[0;30;47m [0m[0;30;47m [0m[0;30;47m [0m[0;30;47m|[0m[0;30;47m [0m[0;30;47m [0m[0;30;47m [0m[0;30;47m [0m[0;30;47m [0m[0;30;47m [0m[0;30;47m [0m[0;30;47m [0m[0;30;47m [0m[0;30;47m [0m[0;30;47m [0m[0;30;47m [0m[0;30;47m [0m[0;30;47m [0m[0;30;47m [0m[0;30;47m [0m[0;30;47m [0m[0;30;47m [0m[0;30;47m [0m[0;30;47m [0m[0;30;47m [0m[0;30;47m [0m[0;30;47m [0m[0;30;47m [0m[0;34;42m~[0m[0;30;47m [0m[0;30;47m [0m[0;30;47m [0m[0;30;47m[[0m[0;30;47mO[0m[0;30;47mb[0m[0;30;47mj[0m[0;30;47m][0m[0;30;47m [0m[0;30;47mc[0m[0;30;47mu[0m[0;30;47mp[0m[0;30;47m [0m[0;30;47m [0m[0;30;47m [0m[0;30;47m [0m[0;30;47m [0m[0;30;47m [0m[0;30;47m [0m[0;30;47m [0m[0;30;47ma[0m[0;30;47mt[0m[0;30;47m [0m[0;30;47mS[0m[0;30;47mp[0m[0;30;47ma[0m[0;30;47mc[0m[0;30;47me[0m[0;30;47m [0m[0;30;47m1[0m[0;30;47m3[0m[0;30;47m [0m[0;30;47m([0m[0;30;47mh[0m[0;30;47ma[0m[0;30;47ml[0m[0;30;47ml[0m[0;30;47m)[0m[0;30;47m [0m[0;30;47m [0m[0;30;47m [0m[0;30;47m [0m[0;30;47m [0m[0;30;47m [0m[0;30;47m [0m[0;34;42m~[0m
[0;34;42m~[0m[0;30;47m [0m[0;30;47m [0m[0;30;47m [0m[0;30;47m [0m[0;30;47m [0m[0;30;47m [0m[0;30;47m [0m[0;30;47m [0m[0;30;47m [0m[0;30;47m [0m[0;30;47m [0m[0;30;47m [0m[0;30;47m [0m[0;30;47m [0m[0;30;47m [0m[0;30;47m [0m[0;30;47m [0m[0;30;47m [0m[0;30;47m [0m[0;30;47m [0m[0;30;47m [0m[0;30;47m|[0m[0;30;47mm[0m[0;30;47ma[0m[0;30;47mi[0m[0;30;47ml[0m[0;30;47m,[0m[0;30;47mc[0m[0;30;47mu[0m[0;30;47mp[0m[0;30;47m [0m[0;30;47m [0m[0;30;47m [0m[0;30;47m [0m[0;30;47m [0m[0;30;47m [0m[0;30;47m [0m[0;30;47m|[0m[0;30;47m [0m[0;30;47m [0m[0;30;47m [0m[0;30;47m [0m[0;30;47m [0m[0;30;47m [0m[0;30;47m [0m[0;30;47m [0m[0;30;47m [0m[0;30;47m [0m[0;30;47m [0m[0;30;47m [0m[0;30;47m [0m[0;30;47m [0m[0;30;47m [0m[0;30;47m [0m[0;30;47m [0m[0;30;47m [0m[0;30;47m [0m[0;30;47m [0m[0;30;47m [0m[0;30;47m [0m[0;30;47m [0m[0;30;47m [0m[0;34;42m~[0m[0;30;47m [0m[0;30;47m [0m[0;30;47m [0m[0;30;47m[[0m[0;30;47mC[0m[0;30;47mh[0m[0;30;47mr[0m[0;30;47m][0m[0;30;47m [0m[0;30;47m [0m[0;30;47m\[0m[0;30;47mV[0m[0;30;47mo[0m[0;30;47m/[0m[0;30;47m [0m[0;30;47m [0m[0;30;47ma[0m[0;30;47mt[0m[0;30;47m [0m[0;30;47mS[0m[0;30;47mp[0m[0;30;47ma[0m[0;30;47mc[0m[0;30;47me[0m[0;30;47m [0m[0;30;47m1[0m[0;30;47m2[0m[0;30;47m [0m[0;30;47m([0m[0;30;47mp[0m[0;30;47ma[0m[0;30;47mt[0m[0;30;47mh[0m[0;30;47m)[0m[0;30;47m [0m[0;30;47m([0m[0;30;47mH[0m[0;30;47mP[0m[0;30;47m:[0m[0;30;47m5[0m[0;30;47m)[0m[0;30;47m [0m[0;30;47m [0m[0;30;47m [0m[0;30;47m [0m[0;34;42m~[0m
[0;34;42m~[0m[0;30;47m [0m[0;30;47m [0m[0;30;47m [0m[0;30;47m [0m[0;30;47m [0m[0;30;47m [0m[0;30;47m [0m[0;30;47m [0m[0;30;47m [0m[0;30;47m [0m[0;30;47m [0m[0;30;47m [0m[0;30;47m [0m[0;30;47m [0m[0;30;47m [0m[0;30;47m [0m[0;30;47m [0m[0;30;47m [0m[0;30;47m [0m[0;30;47m [0m[0;30;47m [0m[0;30;47m+[0m[0;30;47m-[0m[0;30;47m-[0m[0;30;47m-[0m[0;30;47m-[0m[0;30;47m-[0m[0;30;47m-[0m[0;30;47m-[0m[0;30;47m-[0m[0;30;47m-[0m[0;30;47m-[0m[0;30;47m-[0m[0;30;47m-[0m[0;30;47m-[0m[0;30;47m-[0m[0;30;47m-[0m[0;30;47m+[0m[0;30;47m [0m[0;30;47m [0m[0;30;47m [0m[0;30;47m [0m[0;30;47m [0m[0;30;47m [0m[0;30;47m [0m[0;30;47m [0m[0;30;47m [0m[0;30;47m [0m[0;30;47m [0m[0;30;47m [0m[0;30;47m [0m[0;30;47m [0m[0;30;47m [0m[0;30;47m [0m[0;30;47m [0m[0;30;47m [0m[0;30;47m [0m[0;30;47m [0m[0;30;47m [0m[0;30;47m [0m[0;30;47m [0m[0;30;47m [0m[0;34;42m~[0m[0;30;47m [0m[0;30;47m [0m[0;30;47m [0m[0;30;47m[[0m[0;30;47mC[0m[0;30;47mh[0m[0;30;47mr[0m[0;30;47m][0m[0;30;47m [0m[0;30;47m [0m[0;30;47m\[0m[0;30;47mS[0m[0;30;47me[0m[0;30;47m/[0m[0;30;47m [0m[0;30;47m [0m[0;30;47ma[0m[0;30;47mt[0m[0;30;47m [0m[0;30;47mS[0m[0;30;47mp[0m[0;30;47ma[0m[0;30;47mc[0m[0;30;47me[0m[0;30;47m [0m[0;30;47m1[0m[0;30;47m2[0m[0;30;47m [0m[0;30;47m([0m[0;30;47mp[0m[0;30;47ma[0m[0;30;47mt[0m[0;30;47mh[0m[0;30;47m)[0m[0;30;47m [0m[0;30;47m([0m[0;30;47mH[0m[0;30;47mP[0m[0;30;47m:[0m[0;30;47m5[0m[0;30;47m)[0m[0;30;47m [0m[0;30;47m [0m[0;30;47m [0m[0;30;47m [0m[0;34;42m~[0m
[0;34;42m~[0m[0;30;47m [0m[0;30;47m [0m[0;30;47m [0m[0;30;47m [0m[0;30;47m [0m[0;30;47m [0m[0;30;47m [0m[0;30;47m [0m[0;30;47m [0m[0;30;47m [0m[0;30;47m [0m[0;30;47m [0m[0;30;47m [0m[0;30;47m [0m[0;30;47m [0m[0;30;47m [0m[0;30;47m [0m[0;30;47m [0m[0;30;47m [0m[0;30;47m [0m[0;30;47m [0m[0;30;47m [0m[0;30;47m [0m[0;30;47m [0m[0;30;47m [0m[0;30;47m [0m[0;30;47m [0m[0;30;47m [0m[0;30;47m [0m[0;30;47mv[0m[0;30;47m [0m[0;30;47m [0m[0;30;47m [0m[0;30;47m [0m[0;30;47m [0m[0;30;47m [0m[0;30;47m [0m[0;30;47m [0m[0;30;47m [0m[0;30;47m [0m[0;30;47m [0m[0;30;47m [0m[0;30;47m [0m[0;30;47m [0m[0;30;47m [0m[0;30;47m [0m[0;30;47m [0m[0;30;47m [0m[0;30;47m [0m[0;30;47m [0m[0;30;47m [0m[0;30;47m [0m[0;30;47m [0m[0;30;47m [0m[0;30;47m [0m[0;30;47m [0m[0;30;47m [0m[0;30;47m [0m[0;30;47m [0m[0;30;47m [0m[0;30;47m [0m[0;30;47m [0m[0;34;42m~[0m[0;30;47m [0m[0;30;47m [0m[0;30;47m-[0m[0;30;47m-[0m[0;30;47m-[0m[0;30;47m-[0m[0;30;47m-[0m[0;30;47m-[0m[0;30;47m-[0m[0;30;47m-[0m[0;30;47m-[0m[0;30;47m-[0m[0;30;47m-[0m[0;30;47m-[0m[0;30;47m-[0m[0;30;47m-[0m[0;30;47m-[0m[0;30;47m-[0m[0;30;47m-[0m[0;30;47m-[0m[0;30;47m-[0m[0;30;47m-[0m[0;30;47m-[0m[0;30;47m-[0m[0;30;47m-[0m[0;30;47m-[0m[0;30;47m-[0m[0;30;47m-[0m[0;30;47m-[0m[0;30;47m-[0m[0;30;47m-[0m[0;30;47m-[0m[0;30;47m-[0m[0;30;47m-[0m[0;30;47m-[0m[0;30;47m-[0m[0;30;47m-[0m[0;30;47m-[0m[0;30;47m-[0m[0;30;47m-[0m[0;30;47m-[0m[0;30;47m-[0m[0;30;47m-[0m[0;30;47m [0m[0;30;47m [0m[0;34;42m~[0m
[0;34;42m~[0m[0;30;47m [0m[0;30;47m [0m[0;30;47m [0m[0;30;47m [0m[0;30;47m [0m[0;30;47m [0m[0;30;47m [0m[0;30;47m [0m[0;30;47m [0m[0;30;47m [0m[0;30;47m [0m[0;30;47m [0m[0;30;47m [0m[0;30;47m [0m[0;30;47m [0m[0;30;47m [0m[0;30;47m [0m[0;30;47m [0m[0;30;47m [0m[0;30;47m [0m[0;30;47m [0m[0;30;47m+[0m[0;30;47m-[0m[0;30;47m-[0m[0;30;47m-[0m[0;30;47m-[0m[0;30;47m-[0m[0;30;47m-[0m[0;30;47m-[0m[0;30;47m-[0m[0;30;47m-[0m[0;30;47m-[0m[0;30;47m-[0m[0;30;47m-[0m[0;30;47m-[0m[0;30;47m-[0m[0;30;47m-[0m[0;30;47m+[0m[0;30;47m [0m[0;30;47m [0m[0;30;47m [0m[0;30;47m [0m[0;30;47m [0m[0;30;47m [0m[0;30;47m [0m[0;30;47m [0m[0;30;47m [0m[0;30;47m [0m[0;30;47m [0m[0;30;47m [0m[0;30;47m [0m[0;30;47m [0m[0;30;47m [0m[0;30;47m [0m[0;30;47m [0m[0;30;47m [0m[0;30;47m [0m[0;30;47m [0m[0;30;47m [0m[0;30;47m [0m[0;30;47m [0m[0;30;47m [0m[0;34;42m~[0m[0;30;47m [0m[0;30;47m [0m[0;30;47m [0m[0;30;47m [0m[0;30;47m [0m[0;30;47m [0m[0;30;47m [0m[0;30;47m [0m[0;30;47m [0m[0;30;47m [0m[0;30;47m [0m[0;30;47m [0m[0;30;47m [0m[0;30;47m [0m[0;30;47m [0m[0;30;47m [0m[0;30;47m [0m[0;30;47m [0m[0;30;47m [0m[0;30;47m [0m[0;30;47m [0m[0;30;47m [0m[0;30;47m [0m[0;30;47m [0m[0;30;47m [0m[0;30;47m [0m[0;30;47m [0m[0;30;47m [0m[0;30;47m [0m[0;30;47m [0m[0;30;47m [0m[0;30;47m [0m[0;30;47m [0m[0;30;47m [0m[0;30;47m [0m[0;30;47m [0m[0;30;47m [0m[0;30;47m [0m[0;30;47m [0m[0;30;47m [0m[0;30;47m [0m[0;30;47m [0m[0;30;47m [0m[0;30;47m [0m[0;30;47m [0m[0;34;42m~[0m
[0;34;42m~[0m[0;30;47m [0m[0;30;47m [0m[0;30;47m [0m[0;30;47m [0m[0;30;47m [0m[0;30;47m [0m[0;30;47m [0m[0;30;47m [0m[0;30;47m [0m[0;30;47m [0m[0;30;47m [0m[0;30;47m [0m[0;30;47m [0m[0;30;47m [0m[0;30;47m [0m[0;30;47m [0m[0;30;47m [0m[0;30;47m [0m[0;30;47m [0m[0;30;47m [0m[0;30;47m [0m[0;30;47m|[0m[0;30;47m [0m[0;30;47m [0m[0;30;47m [0m[0;30;47m [0m[0;30;47m [0m[0;30;47m [0m[0;30;47m [0m[0;30;47m [0m[0;30;47m [0m[0;30;47m [0m[0;30;47m [0m[0;30;47m [0m[0;30;47m [0m[0;30;47m1[0m[0;30;47m4[0m[0;30;47m|[0m[0;30;47m [0m[0;30;47m [0m[0;30;47m [0m[0;30;47m [0m[0;30;47m [0m[0;30;47m [0m[0;30;47m [0m[0;30;47m [0m[0;30;47m [0m[0;30;47m [0m[0;30;47m [0m[0;30;47m [0m[0;30;47m [0m[0;30;47m [0m[0;30;47m [0m[0;30;47m [0m[0;30;47m [0m[0;30;47m [0m[0;30;47m [0m[0;30;47m [0m[0;30;47m [0m[0;30;47m [0m[0;30;47m [0m[0;30;47m [0m[0;34;42m~[0m[0;30;47m [0m[0;30;47m [0m[0;30;47m [0m[0;30;47m [0m[0;30;47m [0m[0;30;47m [0m[0;30;47m [0m[0;30;47m [0m[0;30;47m [0m[0;30;47m [0m[0;30;47m [0m[0;30;47m [0m[0;30;47m [0m[0;30;47m [0m[0;30;47m [0m[0;30;47m [0m[0;30;47m [0m[0;30;47m [0m[0;30;47m [0m[0;30;47m [0m[0;30;47m [0m[0;30;47m [0m[0;30;47m [0m[0;30;47m [0m[0;30;47m [0m[0;30;47m [0m[0;30;47m [0m[0;30;47m [0m[0;30;47m [0m[0;30;47m [0m[0;30;47m [0m[0;30;47m [0m[0;30;47m [0m[0;30;47m [0m[0;30;47m [0m[0;30;47m [0m[0;30;47m [0m[0;30;47m [0m[0;30;47m [0m[0;30;47m [0m[0;30;47m [0m[0;30;47m [0m[0;30;47m [0m[0;30;47m [0m[0;30;47m [0m[0;34;42m~[0m
[0;34;42m~[0m[0;30;47m [0m[0;30;47m [0m[0;30;47m [0m[0;30;47m [0m[0;30;47m [0m[0;30;47m [0m[0;30;47m [0m[0;30;47m [0m[0;30;47m [0m[0;30;47m [0m[0;30;47m [0m[0;30;47m [0m[0;30;47m [0m[0;30;47m [0m[0;30;47m [0m[0;30;47m [0m[0;30;47m [0m[0;30;47m [0m[0;30;47m [0m[0;30;47m [0m[0;30;47m [0m[0;30;47m|[0m[0;30;47m [0m[0;30;47m [0m[0;30;47m [0m[0;30;47m [0m[0;30;47m [0m[0;30;47m [0m[0;30;47m [0m[0;30;47m [0m[0;30;47m [0m[0;30;47m [0m[0;30;47m [0m[0;30;47m [0m[0;30;47m [0m[0;30;47m [0m[0;30;47m [0m[0;30;47m|[0m[0;30;47m [0m[0;30;47m [0m[0;30;47m [0m[0;30;47m [0m[0;30;47m [0m[0;30;47m [0m[0;30;47m [0m[0;30;47m [0m[0;30;47m [0m[0;30;47m [0m[0;30;47m [0m[0;30;47m [0m[0;30;47m [0m[0;30;47m [0m[0;30;47m [0m[0;30;47m [0m[0;30;47m [0m[0;30;47m [0m[0;30;47m [0m[0;30;47m [0m[0;30;47m [0m[0;30;47m [0m[0;30;47m [0m[0;30;47m [0m[0;34;42m~[0m[0;30;47m [0m[0;30;47m [0m[0;30;47m [0m[0;30;47m [0m[0;30;47m [0m[0;30;47m [0m[0;30;47m [0m[0;30;47m [0m[0;30;47m [0m[0;30;47m [0m[0;30;47m [0m[0;30;47m [0m[0;30;47m [0m[0;30;47m [0m[0;30;47m [0m[0;30;47m [0m[0;30;47m [0m[0;30;47m [0m[0;30;47m [0m[0;30;47m [0m[0;30;47m [0m[0;30;47m [0m[0;30;47m [0m[0;30;47m [0m[0;30;47m [0m[0;30;47m [0m[0;30;47m [0m[0;30;47m [0m[0;30;47m [0m[0;30;47m [0m[0;30;47m [0m[0;30;47m [0m[0;30;47m [0m[0;30;47m [0m[0;30;47m [0m[0;30;47m [0m[0;30;47m [0m[0;30;47m [0m[0;30;47m [0m[0;30;47m [0m[0;30;47m [0m[0;30;47m [0m[0;30;47m [0m[0;30;47m [0m[0;30;47m [0m[0;34;42m~[0m
[0;34;42m~[0m[0;30;47m [0m[0;30;47m [0m[0;30;47m [0m[0;30;47m [0m[0;30;47m [0m[0;30;47m [0m[0;30;47m [0m[0;30;47m [0m[0;30;47m [0m[0;30;47m [0m[0;30;47m [0m[0;30;47m [0m[0;30;47m [0m[0;30;47m [0m[0;30;47m [0m[0;30;47m [0m[0;30;47m [0m[0;30;47m [0m[0;30;47m [0m[0;30;47m [0m[0;30;47m [0m[0;30;47m|[0m[0;30;47m [0m[0;30;47m [0m[0;30;47m [0m[0;30;47m [0m[0;30;47m [0m[0;30;47m [0m[0;30;47m [0m[0;30;47m [0m[0;30;47m [0m[0;30;47m [0m[0;30;47m [0m[0;30;47m [0m[0;30;47m [0m[0;30;47m [0m[0;30;47m [0m[0;30;47m|[0m[0;30;47m [0m[0;30;47m [0m[0;30;47m [0m[0;30;47m [0m[0;30;47m [0m[0;30;47m [0m[0;30;47m [0m[0;30;47m [0m[0;30;47m [0m[0;30;47m [0m[0;30;47m [0m[0;30;47m [0m[0;30;47m [0m[0;30;47m [0m[0;30;47m [0m[0;30;47m [0m[0;30;47m [0m[0;30;47m [0m[0;30;47m [0m[0;30;47m [0m[0;30;47m [0m[0;30;47m [0m[0;30;47m [0m[0;30;47m [0m[0;34;42m~[0m[0;30;47m [0m[0;30;47m [0m[0;30;47m [0m[0;30;47m [0m[0;30;47m [0m[0;30;47m [0m[0;30;47m [0m[0;30;47m [0m[0;30;47m [0m[0;30;47m [0m[0;30;47m [0m[0;30;47m [0m[0;30;47m [0m[0;30;47m [0m[0;30;47m [0m[0;30;47m [0m[0;30;47m [0m[0;30;47m [0m[0;30;47m [0m[0;30;47m [0m[0;30;47m [0m[0;30;47m [0m[0;30;47m [0m[0;30;47m [0m[0;30;47m [0m[0;30;47m [0m[0;30;47m [0m[0;30;47m [0m[0;30;47m [0m[0;30;47m [0m[0;30;47m [0m[0;30;47m [0m[0;30;47m [0m[0;30;47m [0m[0;30;47m [0m[0;30;47m [0m[0;30;47m [0m[0;30;47m [0m[0;30;47m [0m[0;30;47m [0m[0;30;47m [0m[0;30;47m [0m[0;30;47m [0m[0;30;47m [0m[0;30;47m [0m[0;34;42m~[0m
[0;34;42m~[0m[0;30;47m [0m[0;30;47m [0m[0;30;47m [0m[0;30;47m [0m[0;30;47m [0m[0;30;47m [0m[0;30;47m [0m[0;30;47m [0m[0;30;47m [0m[0;30;47m [0m[0;30;47m [0m[0;30;47m [0m[0;30;47m [0m[0;30;47m [0m[0;30;47m [0m[0;30;47m [0m[0;30;47m [0m[0;30;47m [0m[0;30;47m [0m[0;30;47m [0m[0;30;47m [0m[0;30;47m|[0m[0;30;47m [0m[0;30;47m [0m[0;30;47m [0m[0;30;47m [0m[0;30;47m [0m[0;30;47m?[0m[0;30;47m?[0m[0;30;47m?[0m[0;30;47m [0m[0;30;47m [0m[0;30;47m [0m[0;30;47m [0m[0;30;47m [0m[0;30;47m [0m[0;30;47m [0m[0;30;47m|[0m[0;30;47m [0m[0;30;47m [0m[0;30;47m [0m[0;30;47m [0m[0;30;47m [0m[0;30;47m [0m[0;30;47m [0m[0;30;47m [0m[0;30;47m [0m[0;30;47m [0m[0;30;47m [0m[0;30;47m [0m[0;30;47m [0m[0;30;47m [0m[0;30;47m [0m[0;30;47m [0m[0;30;47m [0m[0;30;47m [0m[0;30;47m [0m[0;30;47m [0m[0;30;47m [0m[0;30;47m [0m[0;30;47m [0m[0;30;47m [0m[0;34;42m~[0m[0;30;47m [0m[0;30;47m [0m[0;30;47m [0m[0;30;47m [0m[0;30;47m [0m[0;30;47m [0m[0;30;47m [0m[0;30;47m [0m[0;30;47m [0m[0;30;47m [0m[0;30;47m [0m[0;30;47m [0m[0;30;47m [0m[0;30;47m [0m[0;30;47m [0m[0;30;47m [0m[0;30;47m [0m[0;30;47m [0m[0;30;47m [0m[0;30;47m [0m[0;30;47m [0m[0;30;47m [0m[0;30;47m [0m[0;30;47m [0m[0;30;47m [0m[0;30;47m [0m[0;30;47m [0m[0;30;47m [0m[0;30;47m [0m[0;30;47m [0m[0;30;47m [0m[0;30;47m [0m[0;30;47m [0m[0;30;47m [0m[0;30;47m [0m[0;30;47m [0m[0;30;47m [0m[0;30;47m [0m[0;30;47m [0m[0;30;47m [0m[0;30;47m [0m[0;30;47m [0m[0;30;47m [0m[0;30;47m [0m[0;30;47m [0m[0;34;42m~[0m
[0;34;42m~[0m[0;30;47m [0m[0;30;47m [0m[0;30;47m [0m[0;30;47m [0m[0;30;47m [0m[0;30;47m [0m[0;30;47m [0m[0;30;47m [0m[0;30;47m [0m[0;30;47m [0m[0;30;47m [0m[0;30;47m [0m[0;30;47m [0m[0;30;47m [0m[0;30;47m [0m[0;30;47m [0m[0;30;47m [0m[0;30;47m [0m[0;30;47m [0m[0;30;47m [0m[0;30;47m [0m[0;30;47m|[0m[0;30;47m [0m[0;30;47m [0m[0;30;47m [0m[0;30;47m [0m[0;30;47m [0m[0;30;47m [0m[0;30;47m [0m[0;30;47m [0m[0;30;47m [0m[0;30;47m [0m[0;30;47m [0m[0;30;47m [0m[0;30;47m [0m[0;30;47m [0m[0;30;47m [0m[0;30;47m|[0m[0;30;47m [0m[0;30;47m [0m[0;30;47m [0m[0;30;47m [0m[0;30;47m [0m[0;30;47m [0m[0;30;47m [0m[0;30;47m [0m[0;30;47m [0m[0;30;47m [0m[0;30;47m [0m[0;30;47m [0m[0;30;47m [0m[0;30;47m [0m[0;30;47m [0m[0;30;47m [0m[0;30;47m [0m[0;30;47m [0m[0;30;47m [0m[0;30;47m [0m[0;30;47m [0m[0;30;47m [0m[0;30;47m [0m[0;30;47m [0m[0;34;42m~[0m[0;30;47m [0m[0;30;47m [0m[0;30;47m [0m[0;30;47m [0m[0;30;47m [0m[0;30;47m [0m[0;30;47m [0m[0;30;47m [0m[0;30;47m [0m[0;30;47m [0m[0;30;47m [0m[0;30;47m [0m[0;30;47m [0m[0;30;47m [0m[0;30;47m [0m[0;30;47m [0m[0;30;47m [0m[0;30;47m [0m[0;30;47m [0m[0;30;47m [0m[0;30;47m [0m[0;30;47m [0m[0;30;47m [0m[0;30;47m [0m[0;30;47m [0m[0;30;47m [0m[0;30;47m [0m[0;30;47m [0m[0;30;47m [0m[0;30;47m [0m[0;30;47m [0m[0;30;47m [0m[0;30;47m [0m[0;30;47m [0m[0;30;47m [0m[0;30;47m [0m[0;30;47m [0m[0;30;47m [0m[0;30;47m [0m[0;30;47m [0m[0;30;47m [0m[0;30;47m [0m[0;30;47m [0m[0;30;47m [0m[0;30;47m [0m[0;34;42m~[0m
[0;34;42m~[0m[0;30;47m [0m[0;30;47m [0m[0;30;47m [0m[0;30;47m [0m[0;30;47m [0m[0;30;47m [0m[0;30;47m [0m[0;30;47m [0m[0;30;47m [0m[0;30;47m [0m[0;30;47m [0m[0;30;47m [0m[0;30;47m [0m[0;30;47m [0m[0;30;47m [0m[0;30;47m [0m[0;30;47m [0m[0;30;47m [0m[0;30;47m [0m[0;30;47m [0m[0;30;47m [0m[0;30;47m|[0m[0;30;47m [0m[0;30;47m [0m[0;30;47m [0m[0;30;47m [0m[0;30;47m [0m[0;30;47m [0m[0;30;47m [0m[0;30;47m [0m[0;30;47m [0m[0;30;47m [0m[0;30;47m [0m[0;30;47m [0m[0;30;47m [0m[0;30;47m [0m[0;30;47m [0m[0;30;47m|[0m[0;30;47m [0m[0;30;47m [0m[0;30;47m [0m[0;30;47m [0m[0;30;47m [0m[0;30;47m [0m[0;30;47m [0m[0;30;47m [0m[0;30;47m [0m[0;30;47m [0m[0;30;47m [0m[0;30;47m [0m[0;30;47m [0m[0;30;47m [0m[0;30;47m [0m[0;30;47m [0m[0;30;47m [0m[0;30;47m [0m[0;30;47m [0m[0;30;47m [0m[0;30;47m [0m[0;30;47m [0m[0;30;47m [0m[0;30;47m [0m[0;34;42m~[0m[0;30;47m [0m[0;30;47m [0m[0;30;47m [0m[0;30;47m [0m[0;30;47m [0m[0;30;47m [0m[0;30;47m [0m[0;30;47m [0m[0;30;47m [0m[0;30;47m [0m[0;30;47m [0m[0;30;47m [0m[0;30;47m [0m[0;30;47m [0m[0;30;47m [0m[0;30;47m [0m[0;30;47m [0m[0;30;47m [0m[0;30;47m [0m[0;30;47m [0m[0;30;47m [0m[0;30;47m [0m[0;30;47m [0m[0;30;47m [0m[0;30;47m [0m[0;30;47m [0m[0;30;47m [0m[0;30;47m [0m[0;30;47m [0m[0;30;47m [0m[0;30;47m [0m[0;30;47m [0m[0;30;47m [0m[0;30;47m [0m[0;30;47m [0m[0;30;47m [0m[0;30;47m [0m[0;30;47m [0m[0;30;47m [0m[0;30;47m [0m[0;30;47m [0m[0;30;47m [0m[0;30;47m [0m[0;30;47m [0m[0;30;47m [0m[0;34;42m~[0m
[0;34;42m~[0m[0;30;47m [0m[0;30;47m [0m[0;30;47m [0m[0;30;47m [0m[0;30;47m [0m[0;30;47m [0m[0;30;47m [0m[0;30;47m [0m[0;30;47m [0m[0;30;47m [0m[0;30;47m [0m[0;30;47m [0m[0;30;47m [0m[0;30;47m [0m[0;30;47m [0m[0;30;47m [0m[0;30;47m [0m[0;30;47m [0m[0;30;47m [0m[0;30;47m [0m[0;30;47m [0m[0;30;47m|[0m[0;30;47m [0m[0;30;47m [0m[0;30;47m [0m[0;30;47m [0m[0;30;47m [0m[0;30;47m [0m[0;30;47m [0m[0;30;47m [0m[0;30;47m [0m[0;30;47m [0m[0;30;47m [0m[0;30;47m [0m[0;30;47m [0m[0;30;47m [0m[0;30;47m [0m[0;30;47m|[0m[0;30;47m [0m[0;30;47m [0m[0;30;47m [0m[0;30;47m [0m[0;30;47m [0m[0;30;47m [0m[0;30;47m [0m[0;30;47m [0m[0;30;47m [0m[0;30;47m [0m[0;30;47m [0m[0;30;47m [0m[0;30;47m [0m[0;30;47m [0m[0;30;47m [0m[0;30;47m [0m[0;30;47m [0m[0;30;47m [0m[0;30;47m [0m[0;30;47m [0m[0;30;47m [0m[0;30;47m [0m[0;30;47m [0m[0;30;47m [0m[0;34;42m~[0m[0;30;47m [0m[0;30;47m [0m[0;30;47m [0m[0;30;47m [0m[0;30;47m [0m[0;30;47m [0m[0;30;47m [0m[0;30;47m [0m[0;30;47m [0m[0;30;47m [0m[0;30;47m [0m[0;30;47m [0m[0;30;47m [0m[0;30;47m [0m[0;30;47m [0m[0;30;47m [0m[0;30;47m [0m[0;30;47m [0m[0;30;47m [0m[0;30;47m [0m[0;30;47m [0m[0;30;47m [0m[0;30;47m [0m[0;30;47m [0m[0;30;47m [0m[0;30;47m [0m[0;30;47m [0m[0;30;47m [0m[0;30;47m [0m[0;30;47m [0m[0;30;47m [0m[0;30;47m [0m[0;30;47m [0m[0;30;47m [0m[0;30;47m [0m[0;30;47m [0m[0;30;47m [0m[0;30;47m [0m[0;30;47m [0m[0;30;47m [0m[0;30;47m [0m[0;30;47m [0m[0;30;47m [0m[0;30;47m [0m[0;30;47m [0m[0;34;42m~[0m
[0;34;42m~[0m[0;30;47m [0m[0;30;47m [0m[0;30;47m [0m[0;30;47m [0m[0;30;47m [0m[0;30;47m [0m[0;30;47m [0m[0;30;47m [0m[0;30;47m [0m[0;30;47m [0m[0;30;47m [0m[0;30;47m [0m[0;30;47m [0m[0;30;47m [0m[0;30;47m [0m[0;30;47m [0m[0;30;47m [0m[0;30;47m [0m[0;30;47m [0m[0;30;47m [0m[0;30;47m [0m[0;30;47m+[0m[0;30;47m-[0m[0;30;47m-[0m[0;30;47m-[0m[0;30;47m-[0m[0;30;47m-[0m[0;30;47m-[0m[0;30;47m-[0m[0;30;47m-[0m[0;30;47m-[0m[0;30;47m-[0m[0;30;47m-[0m[0;30;47m-[0m[0;30;47m-[0m[0;30;47m-[0m[0;30;47m-[0m[0;30;47m+[0m[0;30;47m [0m[0;30;47m [0m[0;30;47m [0m[0;30;47m [0m[0;30;47m [0m[0;30;47m [0m[0;30;47m [0m[0;30;47m [0m[0;30;47m [0m[0;30;47m [0m[0;30;47m [0m[0;30;47m [0m[0;30;47m [0m[0;30;47m [0m[0;30;47m [0m[0;30;47m [0m[0;30;47m [0m[0;30;47m [0m[0;30;47m [0m[0;30;47m [0m[0;30;47m [0m[0;30;47m [0m[0;30;47m [0m[0;30;47m [0m[0;34;42m~[0m[0;30;47m [0m[0;30;47m [0m[0;30;47m [0m[0;30;47m [0m[0;30;47m [0m[0;30;47m [0m[0;30;47m [0m[0;30;47m [0m[0;30;47m [0m[0;30;47m [0m[0;30;47m [0m[0;30;47m [0m[0;30;47m [0m[0;30;47m [0m[0;30;47m [0m[0;30;47m [0m[0;30;47m [0m[0;30;47m [0m[0;30;47m [0m[0;30;47m [0m[0;30;47m [0m[0;30;47m [0m[0;30;47m [0m[0;30;47m [0m[0;30;47m [0m[0;30;47m [0m[0;30;47m [0m[0;30;47m [0m[0;30;47m [0m[0;30;47m [0m[0;30;47m [0m[0;30;47m [0m[0;30;47m [0m[0;30;47m [0m[0;30;47m [0m[0;30;47m [0m[0;30;47m [0m[0;30;47m [0m[0;30;47m [0m[0;30;47m [0m[0;30;47m [0m[0;30;47m [0m[0;30;47m [0m[0;30;47m [0m[0;30;47m [0m[0;34;42m~[0m
[0;34;42m~[0m[0;34;42m~[0m[0;34;42m~[0m[0;34;42m~[0m[0;34;42m~[0m[0;34;42m~[0m[0;34;42m~[0m[0;34;42m~[0m[0;34;42m~[0m[0;34;42m~[0m[0;34;42m~[0m[0;34;42m~[0m[0;34;42m~[0m[0;34;42m~[0m[0;34;42m~[0m[0;34;42m~[0m[0;34;42m~[0m[0;34;42m~[0m[0;34;42m~[0m[0;34;42m~[0m[0;34;42m~[0m[0;34;42m~[0m[0;34;42m~[0m[0;34;42m~[0m[0;34;42m~[0m[0;34;42m~[0m[0;34;42m~[0m[0;34;42m~[0m[0;34;42m~[0m[0;34;42m~[0m[0;34;42m~[0m[0;34;42m~[0m[0;34;42m~[0m[0;34;42m~[0m[0;34;42m~[0m[0;34;42m~[0m[0;34;42m~[0m[0;34;42m~[0m[0;34;42m~[0m[0;34;42m~[0m[0;34;42m~[0m[0;34;42m~[0m[0;34;42m~[0m[0;34;42m~[0m[0;34;42m~[0m[0;34;42m~[0m[0;34;42m~[0m[0;34;42m~[0m[0;34;42m~[0m[0;34;42m~[0m[0;34;42m~[0m[0;34;42m~[0m[0;34;42m~[0m[0;34;42m~[0m[0;34;42m~[0m[0;34;42m~[0m[0;34;42m~[0m[0;34;42m~[0m[0;34;42m~[0m[0;34;42m~[0m[0;34;42m~[0m[0;34;42m~[0m[0;34;42m~[0m[0;34;42m~[0m[0;34;42m~[0m[0;34;42m~[0m[0;34;42m~[0m[0;34;42m~[0m[0;34;42m~[0m[0;34;42m~[0m[0;34;42m~[0m[0;34;42m~[0m[0;34;42m~[0m[0;34;42m~[0m[0;34;42m~[0m[0;34;42m~[0m[0;34;42m~[0m[0;34;42m~[0m[0;34;42m~[0m[0;34;42m~[0m[0;34;42m~[0m[0;34;42m~[0m[0;34;42m~[0m[0;34;42m~[0m[0;34;42m~[0m[0;34;42m~[0m[0;34;42m~[0m[0;34;42m~[0m[0;34;42m~[0m[0;34;42m~[0m[0;34;42m~[0m[0;34;42m~[0m[0;34;42m~[0m[0;34;42m~[0m[0;34;42m~[0m[0;34;42m~[0m[0;34;42m~[0m[0;34;42m~[0m[0;34;42m~[0m[0;34;42m~[0m[0;34;42m~[0m[0;34;42m~[0m[0;34;42m~[0m[0;34;42m~[0m[0;34;42m~[0m[0;34;42m~[0m[0;34;42m~[0m[0;34;42m~[0m[0;34;42m~[0m[0;34;42m~[0m
[0;34;42m~[0m[0;30;47m [0m[0;30;47m [0m[0;30;47m [0m[0;30;47m [0m[0;30;47m [0m[0;30;47m [0m[0;30;47m [0m[0;30;47m [0m[0;30;47m [0m[0;30;47m [0m[0;30;47m [0m[0;30;47m [0m[0;30;47m [0m[0;30;47m [0m[0;30;47m [0m[0;30;47m [0m[0;30;47m [0m[0;30;47m [0m[0;30;47m [0m[0;30;47m [0m[0;30;47m [0m[0;30;47m [0m[0;30;47m [0m[0;30;47m [0m[0;30;47m [0m[0;30;47m [0m[0;30;47m [0m[0;30;47m [0m[0;30;47m [0m[0;30;47m [0m[0;30;47m [0m[0;30;47m [0m[0;30;47m [0m[0;30;47m [0m[0;30;47m [0m[0;30;47m [0m[0;30;47m [0m[0;30;47m [0m[0;30;47m [0m[0;30;47m [0m[0;30;47m [0m[0;30;47m [0m[0;30;47m [0m[0;30;47m [0m[0;30;47m [0m[0;30;47mT[0m[0;30;47mH[0m[0;30;47mE[0m[0;30;47m [0m[0;30;47mH[0m[0;30;47mA[0m[0;30;47mU[0m[0;30;47mN[0m[0;30;47mT[0m[0;30;47mE[0m[0;30;47mD[0m[0;30;47m [0m[0;30;47mC[0m[0;30;47mA[0m[0;30;47mS[0m[0;30;47mT[0m[0;30;47mL[0m[0;30;47mE[0m[0;30;47m [0m[0;30;47m [0m[0;30;47m [0m[0;30;47m [0m[0;30;47m [0m[0;30;47m [0m[0;30;47m [0m[0;30;47m [0m[0;30;47m [0m[0;30;47m [0m[0;30;47m [0m[0;30;47m [0m[0;30;47m [0m[0;30;47m [0m[0;30;47m [0m[0;30;47m [0m[0;30;47m [0m[0;30;47m [0m[0;30;47m [0m[0;30;47m [0m[0;30;47m [0m[0;30;47m [0m[0;30;47m [0m[0;30;47m [0m[0;30;47m [0m[0;30;47m [0m[0;30;47m [0m[0;30;47m [0m[0;30;47m [0m[0;30;47m [0m[0;30;47m [0m[0;30;47m [0m[0;30;47m [0m[0;30;47m [0m[0;30;47m [0m[0;30;47m [0m[0;30;47m [0m[0;30;47m [0m[0;30;47m [0m[0;30;47m [0m[0;30;47m [0m[0;30;47m [0m[0;30;47m [0m[0;30;47m [0m[0;30;47m [0m[0;34;42m~[0m
[0;34;42m~[0m[0;34;42m~[0m[0;34;42m~[0m[0;34;42m~[0m[0;34;42m~[0m[0;34;42m~[0m[0;34;42m~[0m[0;34;42m~[0m[0;34;42m~[0m[0;34;42m~[0m[0;34;42m~[0m[0;34;42m~[0m[0;34;42m~[0m[0;34;42m~[0m[0;34;42m~[0m[0;34;42m~[0m[0;34;42m~[0m[0;34;42m~[0m[0;34;42m~[0m[0;34;42m~[0m[0;34;42m~[0m[0;34;42m~[0m[0;34;42m~[0m[0;34;42m~[0m[0;34;42m~[0m[0;34;42m~[0m[0;34;42m~[0m[0;34;42m~[0m[0;34;42m~[0m[0;34;42m~[0m[0;34;42m~[0m[0;34;42m~[0m[0;34;42m~[0m[0;34;42m~[0m[0;34;42m~[0m[0;34;42m~[0m[0;34;42m~[0m[0;34;42m~[0m[0;34;42m~[0m[0;34;42m~[0m[0;34;42m~[0m[0;34;42m~[0m[0;34;42m~[0m[0;34;42m~[0m[0;34;42m~[0m[0;34;42m~[0m[0;34;42m~[0m[0;34;42m~[0m[0;34;42m~[0m[0;34;42m~[0m[0;34;42m~[0m[0;34;42m~[0m[0;34;42m~[0m[0;34;42m~[0m[0;34;42m~[0m[0;34;42m~[0m[0;34;42m~[0m[0;34;42m~[0m[0;34;42m~[0m[0;34;42m~[0m[0;34;42m~[0m[0;34;42m~[0m[0;34;42m~[0m[0;34;42m~[0m[0;34;42m~[0m[0;34;42m~[0m[0;34;42m~[0m[0;34;42m~[0m[0;34;42m~[0m[0;34;42m~[0m[0;34;42m~[0m[0;34;42m~[0m[0;34;42m~[0m[0;34;42m~[0m[0;34;42m~[0m[0;34;42m~[0m[0;34;42m~[0m[0;34;42m~[0m[0;34;42m~[0m[0;34;42m~[0m[0;34;42m~[0m[0;34;42m~[0m[0;34;42m~[0m[0;34;42m~[0m[0;34;42m~[0m[0;34;42m~[0m[0;34;42m~[0m[0;34;42m~[0m[0;34;42m~[0m[0;34;42m~[0m[0;34;42m~[0m[0;34;42m~[0m[0;34;42m~[0m[0;34;42m~[0m[0;34;42m~[0m[0;34;42m~[0m[0;34;42m~[0m[0;34;42m~[0m[0;34;42m~[0m[0;34;42m~[0m[0;34;42m~[0m[0;34;42m~[0m[0;34;42m~[0m[0;34;42m~[0m[0;34;42m~[0m[0;34;42m~[0m[0;34;42m~[0m[0;34;42m~[0m[0;34;42m~[0m[0;34;42m~[0m
[0;34;42m~[0m[0;30;47m [0m[0;30;47m [0m[0;30;47mC[0m[0;30;47mo[0m[0;30;47mm[0m[0;30;47mm[0m[0;30;47ma[0m[0;30;47mn[0m[0;30;47md[0m[0;30;47ms[0m[0;30;47m:[0m[0;30;47m [0m[0;30;47mm[0m[0;30;47mo[0m[0;30;47mv[0m[0;30;47me[0m[0;30;47m([0m[0;30;47mm[0m[0;30;47m)[0m[0;30;47m [0m[0;30;47m[[0m[0;30;47md[0m[0;30;47mi[0m[0;30;47mr[0m[0;30;47m][0m[0;30;47m [0m[0;30;47m|[0m[0;30;47m [0m[0;30;47mt[0m[0;30;47ma[0m[0;30;47mk[0m[0;30;47me[0m[0;30;47m([0m[0;30;47mt[0m[0;30;47m)[0m[0;30;47m [0m[0;30;47m[[0m[0;30;47mo[0m[0;30;47mb[0m[0;30;47mj[0m[0;30;47m][0m[0;30;47m [0m[0;30;47m|[0m[0;30;47m [0m[0;30;47md[0m[0;30;47mr[0m[0;30;47mo[0m[0;30;47mp[0m[0;30;47m([0m[0;30;47md[0m[0;30;47m)[0m[0;30;47m [0m[0;30;47m[[0m[0;30;47mo[0m[0;30;47mb[0m[0;30;47mj[0m[0;30;47m][0m[0;30;47m [0m[0;30;47m|[0m[0;30;47m [0m[0;30;47ma[0m[0;30;47mt[0m[0;30;47mt[0m[0;30;47ma[0m[0;30;47mc[0m[0;30;47mk[0m[0;30;47m([0m[0;30;47ma[0m[0;30;47m)[0m[0;30;47m [0m[0;30;47m|[0m[0;30;47m [0m[0;30;47mc[0m[0;30;47mh[0m[0;30;47ma[0m[0;30;47mt[0m[0;30;47m([0m[0;30;47mc[0m[0;30;47m)[0m[0;30;47m [0m[0;30;47m|[0m[0;30;47m [0m[0;30;47mr[0m[0;30;47me[0m[0;30;47mc[0m[0;30;47mr[0m[0;30;47mu[0m[0;30;47mi[0m[0;30;47mt[0m[0;30;47m([0m[0;30;47mr[0m[0;30;47m)[0m[0;30;47m [0m[0;30;47m[[0m[0;30;47mc[0m[0;30;47mh[0m[0;30;47ma[0m[0;30;47mr[0m[0;30;47m][0m[0;30;47m [0m[0;30;47m [0m[0;30;47m [0m[0;30;47m [0m[0;30;47m [0m[0;30;47m [0m[0;30;47m [0m[0;30;47m [0m[0;30;47m [0m[0;34;42m~[0m
[0;34;42m~[0m[0;30;47m [0m[0;30;47m [0m[0;30;47mi[0m[0;30;47mn[0m[0;30;47ms[0m[0;30;47mp[0m[0;30;47me[0m[0;30;47mc[0m[0;30;47mt[0m[0;30;47m([0m[0;30;47mi[0m[0;30;47m)[0m[0;30;47m [0m[0;30;47m[[0m[0;30;47mo[0m[0;30;47mb[0m[0;30;47mj[0m[0;30;47m][0m[0;30;47m [0m[0;30;47m|[0m[0;30;47m [0m[0;30;47mu[0m[0;30;47ms[0m[0;30;47me[0m[0;30;47m([0m[0;30;47mu[0m[0;30;47m)[0m[0;30;47m [0m[0;30;47m[[0m[0;30;47mo[0m[0;30;47mb[0m[0;30;47mj[0m[0;30;47m][0m[0;30;47m [0m[0;30;47m|[0m[0;30;47m [0m[0;30;47mo[0m[0;30;47mp[0m[0;30;47me[0m[0;30;47mn[0m[0;30;47m([0m[0;30;47mo[0m[0;30;47m)[0m[0;30;47m [0m[0;30;47m[[0m[0;30;47ml[0m[0;30;47mn[0m[0;30;47mk[0m[0;30;47m][0m[0;30;47m [0m[0;30;47mw[0m[0;30;47mi[0m[0;30;47mt[0m[0;30;47mh[0m[0;30;47m [0m[0;30;47m[[0m[0;30;47mo[0m[0;30;47mb[0m[0;30;47mj[0m[0;30;47m][0m[0;30;47m [0m[0;30;47m|[0m[0;30;47m [0m[0;30;47mt[0m[0;30;47mp[0m[0;30;47m [0m[0;30;47m[[0m[0;30;47mr[0m[0;30;47mo[0m[0;30;47mo[0m[0;30;47mm[0m[0;30;47m][0m[0;30;47m [0m[0;30;47m|[0m[0;30;47m [0m[0;30;47me[0m[0;30;47mx[0m[0;30;47mi[0m[0;30;47mt[0m[0;30;47m([0m[0;30;47me[0m[0;30;47m)[0m[0;30;47m [0m[0;30;47m|[0m[0;30;47m [0m[0;30;47ma[0m[0;30;47mb[0m[0;30;47ma[0m[0;30;47mn[0m[0;30;47md[0m[0;30;47mo[0m[0;30;47mn[0m[0;30;47m([0m[0;30;47mf[0m[0;30;47m)[0m[0;30;47m [0m[0;30;47m[[0m[0;30;47mc[0m[0;30;47mh[0m[0;30;47ma[0m[0;30;47mr[0m[0;30;47m][0m[0;30;47m [0m[0;30;47m [0m[0;30;47m [0m[0;30;47m [0m[0;30;47m [0m[0;30;47m [0m[0;34;42m~[0m
[0;34;42m~[0m[0;34;42m~[0m[0;34;42m~[0m[0;34;42m~[0m[0;34;42m~[0m[0;34;42m~[0m[0;34;42m~[0m[0;34;42m~[0m[0;34;42m~[0m[0;34;42m~[0m[0;34;42m~[0m[0;34;42m~[0m[0;34;42m~[0m[0;34;42m~[0m[0;34;42m~[0m[0;34;42m~[0m[0;34;42m~[0m[0;34;42m~[0m[0;34;42m~[0m[0;34;42m~[0m[0;34;42m~[0m[0;34;42m~[0m[0;34;42m~[0m[0;34;42m~[0m[0;34;42m~[0m[0;34;42m~[0m[0;34;42m~[0m[0;34;42m~[0m[0;34;42m~[0m[0;34;42m~[0m[0;34;42m~[0m[0;34;42m~[0m[0;34;42m~[0m[0;34;42m~[0m[0;34;42m~[0m[0;34;42m~[0m[0;34;42m~[0m[0;34;42m~[0m[0;34;42m~[0m[0;34;42m~[0m[0;34;42m~[0m[0;34;42m~[0m[0;34;42m~[0m[0;34;42m~[0m[0;34;42m~[0m[0;34;42m~[0m[0;34;42m~[0m[0;34;42m~[0m[0;34;42m~[0m[0;34;42m~[0m[0;34;42m~[0m[0;34;42m~[0m[0;34;42m~[0m[0;34;42m~[0m[0;34;42m~[0m[0;34;42m~[0m[0;34;42m~[0m[0;34;42m~[0m[0;34;42m~[0m[0;34;42m~[0m[0;34;42m~[0m[0;34;42m~[0m[0;34;42m~[0m[0;34;42m~[0m[0;34;42m~[0m[0;34;42m~[0m[0;34;42m~[0m[0;34;42m~[0m[0;34;42m~[0m[0;34;42m~[0m[0;34;42m~[0m[0;34;42m~[0m[0;34;42m~[0m[0;34;42m~[0m[0;34;42m~[0m[0;34;42m~[0m[0;34;42m~[0m[0;34;42m~[0m[0;34;42m~[0m[0;34;42m~[0m[0;34;42m~[0m[0;34;42m~[0m[0;34;42m~[0m[0;34;42m~[0m[0;34;42m~[0m[0;34;42m~[0m[0;34;42m~[0m[0;34;42m~[0m[0;34;42m~[0m[0;34;42m~[0m[0;34;42m~[0m[0;34;42m~[0m[0;34;42m~[0m[0;34;42m~[0m[0;34;42m~[0m[0;34;42m~[0m[0;34;42m~[0m[0;34;42m~[0m[0;34;42m~[0m[0;34;42m~[0m[0;34;42m~[0m[0;34;42m~[0m[0;34;42m~[0m[0;34;42m~[0m[0;34;42m~[0m[0;34;42m~[0m[0;34;42m~[0m[0;34;42m~[0m[0;34;42m~[0m[0;34;42m~[0m
[0;34;42m~[0m[0;30;47m [0m[0;30;47m [0m[0;30;47m [0m[0;30;47m [0m[0;30;47m [0m[0;30;47m [0m[0;30;47m [0m[0;30;47m [0m[0;30;47m [0m[0;30;47m [0m[0;30;47m [0m[0;30;47m [0m[0;30;47m [0m[0;30;47m [0m[0;30;47m [0m[0;30;47m [0m[0;30;47m [0m[0;30;47m [0m[0;30;47m [0m[0;30;47m [0m[0;30;47m [0m[0;30;47m [0m[0;30;47m [0m[0;30;47m [0m[0;30;47m [0m[0;30;47m [0m[0;30;47m [0m[0;30;47m [0m[0;30;47m [0m[0;30;47m [0m[0;30;47m [0m[0;30;47m [0m[0;30;47m [0m[0;30;47m [0m[0;30;47m [0m[0;30;47m [0m[0;30;47m [0m[0;30;47m [0m[0;30;47m [0m[0;30;47m [0m[0;30;47m [0m[0;30;47m [0m[0;30;47m [0m[0;30;47m [0m[0;30;47m [0m[0;30;47m [0m[0;30;47m [0m[0;30;47m [0m[0;30;47m [0m[0;30;47m [0m[0;30;47m [0m[0;30;47m [0m[0;30;47m [0m[0;30;47m [0m[0;30;47m [0m[0;30;47m [0m[0;30;47m [0m[0;30;47m [0m[0;30;47m [0m[0;30;47m [0m[0;30;47m [0m[0;30;47m [0m[0;30;47m [0m[0;30;47m [0m[0;30;47m [0m[0;30;47m [0m[0;30;47m [0m[0;30;47m [0m[0;30;47m [0m[0;30;47m [0m[0;30;47m [0m[0;30;47m [0m[0;30;47m [0m[0;30;47m [0m[0;30;47m [0m[0;30;47m [0m[0;30;47m [0m[0;30;47m [0m[0;30;47m [0m[0;30;47m [0m[0;30;47m [0m[0;30;47m [0m[0;30;47m [0m[0;30;47m [0m[0;30;47m [0m[0;30;47m [0m[0;30;47m [0m[0;30;47m [0m[0;30;47m [0m[0;30;47m [0m[0;30;47m [0m[0;30;47m [0m[0;30;47m [0m[0;30;47m [0m[0;30;47m [0m[0;30;47m [0m[0;30;47m [0m[0;30;47m [0m[0;30;47m [0m[0;30;47m [0m[0;30;47m [0m[0;30;47m [0m[0;30;47m [0m[0;30;47m [0m[0;30;47m [0m[0;30;47m [0m[0;30;47m [0m[0;30;47m [0m[0;34;42m~[0m
[0;34;42m~[0m[0;30;47m [0m[0;30;47m [0m[0;30;47m [0m[0;30;47m [0m[0;30;47m [0m[0;30;47m [0m[0;30;47m [0m[0;30;47m [0m[0;30;47m [0m[0;30;47m [0m[0;30;47m [0m[0;30;47m [0m[0;30;47m [0m[0;30;47m [0m[0;30;47m [0m[0;30;47m [0m[0;30;47m [0m[0;30;47m [0m[0;30;47m [0m[0;30;47m [0m[0;30;47m [0m[0;30;47m [0m[0;30;47m [0m[0;30;47m [0m[0;30;47m [0m[0;30;47m [0m[0;30;47m [0m[0;30;47m [0m[0;30;47m [0m[0;30;47m [0m[0;30;47m [0m[0;30;47m [0m[0;30;47m [0m[0;30;47m [0m[0;30;47m [0m[0;30;47m [0m[0;30;47m [0m[0;30;47m [0m[0;30;47m [0m[0;30;47m [0m[0;30;47m [0m[0;30;47m [0m[0;30;47m [0m[0;30;47m [0m[0;30;47m [0m[0;30;47m [0m[0;30;47m [0m[0;30;47m [0m[0;30;47m [0m[0;30;47m [0m[0;30;47m [0m[0;30;47m [0m[0;30;47m [0m[0;30;47m [0m[0;30;47m [0m[0;30;47m [0m[0;30;47m [0m[0;30;47m [0m[0;30;47m [0m[0;30;47m [0m[0;30;47m [0m[0;30;47m [0m[0;30;47m [0m[0;30;47m [0m[0;30;47m [0m[0;30;47m [0m[0;30;47m [0m[0;30;47m [0m[0;30;47m [0m[0;30;47m [0m[0;30;47m [0m[0;30;47m [0m[0;30;47m [0m[0;30;47m [0m[0;30;47m [0m[0;30;47m [0m[0;30;47m [0m[0;30;47m [0m[0;30;47m [0m[0;30;47m [0m[0;30;47m [0m[0;30;47m [0m[0;30;47m [0m[0;30;47m [0m[0;30;47m [0m[0;30;47m [0m[0;30;47m [0m[0;30;47m [0m[0;30;47m [0m[0;30;47m [0m[0;30;47m [0m[0;30;47m [0m[0;30;47m [0m[0;30;47m [0m[0;30;47m [0m[0;30;47m [0m[0;30;47m [0m[0;30;47m [0m[0;30;47m [0m[0;30;47m [0m[0;30;47m [0m[0;30;47m [0m[0;30;47m [0m[0;30;47m [0m[0;30;47m [0m[0;30;47m [0m[0;30;47m [0m[0;30;47m [0m[0;34;42m~[0m
[0;34;42m~[0m[0;30;47m [0m[0;30;47m [0m[0;30;47m [0m[0;30;47m [0m[0;30;47m [0m[0;30;47m [0m[0;30;47m [0m[0;30;47m [0m[0;30;47m [0m[0;30;47m [0m[0;30;47m [0m[0;30;47m [0m[0;30;47m [0m[0;30;47m [0m[0;30;47m [0m[0;30;47m [0m[0;30;47m [0m[0;30;47m [0m[0;30;47m [0m[0;30;47m [0m[0;30;47m [0m[0;30;47m [0m[0;30;47m [0m[0;30;47m [0m[0;30;47m [0m[0;30;47m [0m[0;30;47m [0m[0;30;47m [0m[0;30;47m [0m[0;30;47m [0m[0;30;47m [0m[0;30;47m [0m[0;30;47m [0m[0;30;47m [0m[0;30;47m [0m[0;30;47m [0m[0;30;47m [0m[0;30;47m [0m[0;30;47m [0m[0;30;47m [0m[0;30;47m [0m[0;30;47m [0m[0;30;47m [0m[0;30;47m [0m[0;30;47m [0m[0;30;47m [0m[0;30;47m [0m[0;30;47m [0m[0;30;47m [0m[0;30;47m [0m[0;30;47m [0m[0;30;47m [0m[0;30;47m [0m[0;30;47m [0m[0;30;47m [0m[0;30;47m [0m[0;30;47m [0m[0;30;47m [0m[0;30;47m [0m[0;30;47m [0m[0;30;47m [0m[0;30;47m [0m[0;30;47m [0m[0;30;47m [0m[0;30;47m [0m[0;30;47m [0m[0;30;47m [0m[0;30;47m [0m[0;30;47m [0m[0;30;47m [0m[0;30;47m [0m[0;30;47m [0m[0;30;47m [0m[0;30;47m [0m[0;30;47m [0m[0;30;47m [0m[0;30;47m [0m[0;30;47m [0m[0;30;47m [0m[0;30;47m [0m[0;30;47m [0m[0;30;47m [0m[0;30;47m [0m[0;30;47m [0m[0;30;47m [0m[0;30;47m [0m[0;30;47m [0m[0;30;47m [0m[0;30;47m [0m[0;30;47m [0m[0;30;47m [0m[0;30;47m [0m[0;30;47m [0m[0;30;47m [0m[0;30;47m [0m[0;30;47m [0m[0;30;47m [0m[0;30;47m [0m[0;30;47m [0m[0;30;47m [0m[0;30;47m [0m[0;30;47m [0m[0;30;47m [0m[0;30;47m [0m[0;30;47m [0m[0;30;47m [0m[0;30;47m [0m[0;30;47m [0m[0;34;42m~[0m
prompt:> [2J
[0;34;46m~[0m[0;34;46m~[0m[0;34;46m~[0m[0;34;46m~[0m[0;34;46m~[0m[0;34;46m~[0m[0;34;46m~[0m[0;34;46m~[0m[0;34;46m~[0m[0;34;46m~[0m[0;34;46m~[0m[0;34;46m~[0m[0;34;46m~[0m[0;34;46m~[0m[0;34;46m~[0m[0;34;46m~[0m[0;34;46m~[0m[0;34;46m~[0m[0;34;46m~[0m[0;34;46m~[0m[0;34;46m~[0m[0;34;46m~[0m[0;34;46m~[0m[0;34;46m~[0m[0;34;46m~[0m[0;34;46m~[0m[0;34;46m~[0m[0;34;46m~[0m[0;34;46m~[0m[0;34;46m~[0m[0;34;46m~[0m[0;34;46m~[0m[0;34;46m~[0m[0;34;46m~[0m[0;34;46m~[0m[0;34;46m~[0m[0;34;46m~[0m[0;34;46m~[0m[0;34;46m~[0m[0;34;46m~[0m[0;34;46m~[0m[0;34;46m~[0m[0;34;46m~[0m[0;34;46m~[0m[0;34;46m~[0m[0;34;46m~[0m[0;34;46m~[0m[0;34;46m~[0m[0;34;46m~[0m[0;34;46m~[0m[0;34;46m~[0m[0;34;46m~[0m[0;34;46m~[0m[0;34;46m~[0m[0;34;46m~[0m[0;34;46m~[0m[0;34;46m~[0m[0;34;46m~[0m[0;34;46m~[0m[0;34;46m~[0m[0;34;46m~[0m[0;34;46m~[0m[0;34;46m~[0m[0;34;46m~[0m[0;34;46m~[0m[0;34;46m~[0m[0;34;46m~[0m[0;34;46m~[0m[0;34;46m~[0m[0;34;46m~[0m[0;34;46m~[0m[0;34;46m~[0m[0;34;46m~[0m[0;34;46m~[0m[0;34;46m~[0m[0;34;46m~[0m[0;34;46m~[0m[0;34;46m~[0m[0;34;46m~[0m[0;34;46m~[0m[0;34;46m~[0m[0;34;46m~[0m[0;34;46m~[0m[0;34;46m~[0m[0;34;46m~[0m[0;34;46m~[0m[0;34;46m~[0m[0;34;46m~[0m[0;34;46m~[0m[0;34;46m~[0m[0;34;46m~[0m[0;34;46m~[0m[0;34;46m~[0m[0;34;46m~[0m[0;34;46m~[0m[0;34;46m~[0m[0;34;46m~[0m[0;34;46m~[0m[0;34;46m~[0m[0;34;46m~[0m[0;34;46m~[0m[0;34;46m~[0m[0;34;46m~[0m[0;34;46m~[0m[0;34;46m~[0m[0;34;46m~[0m[0;34;46m~[0m[0;34;46m~[0m[0;34;46m~[0m[0;34;46m~[0m
[0;34;46m~[0m[0;30;47m [0m[0;30;47m [0m[0;30;47m [0m[0;30;47m [0m[0;30;47m [0m[0;30;47m [0m[0;30;47m [0m[0;30;47m [0m[0;30;47m [0m[0;30;47m [0m[0;30;47m [0m[0;30;47m [0m[0;30;47m [0m[0;30;47m [0m[0;30;47m [0m[0;30;47m [0m[0;30;47m [0m[0;30;47m [0m[0;30;47m [0m[0;30;47m [0m[0;30;47m [0m[0;30;47m|[0m[0;30;47m [0m[0;30;47m [0m[0;30;47m [0m[0;30;47m [0m[0;30;47m[[0m[0;30;47m [0m[0;30;47m [0m[0;30;47m [0m[0;30;47m][0m[0;30;47m [0m[0;30;47m [0m[0;30;47m [0m[0;30;47m [0m[0;30;47m [0m[0;30;47m [0m[0;30;47m|[0m[0;30;47m [0m[0;30;47m [0m[0;30;47m [0m[0;30;47m [0m[0;30;47m [0m[0;30;47m [0m[0;30;47m [0m[0;30;47m [0m[0;30;47m [0m[0;30;47m [0m[0;30;47m [0m[0;30;47m [0m[0;30;47m [0m[0;30;47m [0m[0;30;47m [0m[0;30;47m [0m[0;30;47m [0m[0;30;47m [0m[0;30;47m [0m[0;30;47m [0m[0;30;47m [0m[0;30;47m [0m[0;30;47m [0m[0;30;47m [0m[0;34;46m~[0m[0;30;47m [0m[0;30;47m [0m[0;30;47m=[0m[0;30;47m=[0m[0;30;47m=[0m[0;30;47m=[0m[0;30;47m=[0m[0;30;47m=[0m[0;30;47m=[0m[0;30;47m=[0m[0;30;47m=[0m[0;30;47m=[0m[0;30;47m=[0m[0;30;47m=[0m[0;30;47m=[0m[0;30;47m=[0m[0;30;47m=[0m[0;30;47m=[0m[0;30;47m=[0m[0;30;47m=[0m[0;30;47m=[0m[0;30;47m=[0m[0;30;47m=[0m[0;30;47m=[0m[0;30;47m=[0m[0;30;47m=[0m[0;30;47m=[0m[0;30;47m=[0m[0;30;47m=[0m[0;30;47m=[0m[0;30;47m=[0m[0;30;47m=[0m[0;30;47m=[0m[0;30;47m=[0m[0;30;47m=[0m[0;30;47m=[0m[0;30;47m=[0m[0;30;47m=[0m[0;30;47m=[0m[0;30;47m=[0m[0;30;47m=[0m[0;30;47m=[0m[0;30;47m=[0m[0;30;47m [0m[0;30;47m [0m[0;34;46m~[0m
[0;34;46m~[0m[0;30;47m [0m[0;30;47m [0m[0;30;47m [0m[0;30;47m [0m[0;30;47m [0m[0;30;47m [0m[0;30;47m [0m[0;30;47m [0m[0;30;47m [0m[0;30;47m [0m[0;30;47m [0m[0;30;47m [0m[0;30;47m [0m[0;30;47m [0m[0;30;47m [0m[0;30;47m [0m[0;30;47m [0m[0;30;47m [0m[0;30;47m [0m[0;30;47m [0m[0;30;47m [0m[0;30;47m|[0m[0;30;47m [0m[0;30;47m [0m[0;30;47m [0m[0;30;47m [0m[0;30;47m'[0m[0;30;47m=[0m[0;30;47m=[0m[0;30;47m=[0m[0;30;47m'[0m[0;30;47m [0m[0;30;47m [0m[0;30;47m [0m[0;30;47m [0m[0;30;47m [0m[0;30;47m [0m[0;30;47m|[0m[0;30;47m [0m[0;30;47m [0m[0;30;47m [0m[0;30;47m [0m[0;30;47m [0m[0;30;47m [0m[0;30;47m [0m[0;30;47m [0m[0;30;47m [0m[0;30;47m [0m[0;30;47m [0m[0;30;47m [0m[0;30;47m [0m[0;30;47m [0m[0;30;47m [0m[0;30;47m [0m[0;30;47m [0m[0;30;47m [0m[0;30;47m [0m[0;30;47m [0m[0;30;47m [0m[0;30;47m [0m[0;30;47m [0m[0;30;47m [0m[0;34;46m~[0m[0;30;47m [0m[0;30;47m [0m[0;30;47m [0m[0;30;47m [0m[0;30;47mP[0m[0;30;47mL[0m[0;30;47mA[0m[0;30;47mY[0m[0;30;47mE[0m[0;30;47mR[0m[0;30;47m [0m[0;30;47m1[0m[0;30;47m [0m[0;30;47mS[0m[0;30;47mT[0m[0;30;47mA[0m[0;30;47mT[0m[0;30;47mU[0m[0;30;47mS[0m[0;30;47m [0m[0;30;47m [0m[0;30;47m [0m[0;30;47m|[0m[0;30;47m [0m[0;30;47m [0m[0;30;47m [0m[0;30;47mH[0m[0;30;47mE[0m[0;30;47mA[0m[0;30;47mL[0m[0;30;47mT[0m[0;30;47mH[0m[0;30;47m:[0m[0;30;47m [0m[0;30;47m5[0m[0;30;47m [0m[0;30;47mp[0m[0;30;47mt[0m[0;30;47ms[0m[0;30;47m [0m[0;30;47m [0m[0;30;47m [0m[0;30;47m [0m[0;30;47m [0m[0;30;47m [0m[0;34;46m~[0m
[0;34;46m~[0m[0;30;47m [0m[0;30;47m [0m[0;30;47m [0m[0;30;47m [0m[0;30;47m [0m[0;30;47m [0m[0;30;47m [0m[0;30;47m [0m[0;30;47m [0m[0;30;47m [0m[0;30;47m [0m[0;30;47m [0m[0;30;47m [0m[0;30;47m [0m[0;30;47m [0m[0;30;47m [0m[0;30;47m [0m[0;30;47m [0m[0;30;47m [0m[0;30;47m [0m[0;30;47m [0m[0;30;47m|[0m[0;30;47mp[0m[0;30;47mo[0m[0;30;47mr[0m[0;30;47mt[0m[0;30;47ma[0m[0;30;47ml[0m[0;30;47m [0m[0;30;47m [0m[0;30;47m [0m[0;30;47m [0m[0;30;47m [0m[0;30;47m [0m[0;30;47m [0m[0;30;47m [0m[0;30;47m [0m[0;30;47m|[0m[0;30;47m [0m[0;30;47m [0m[0;30;47m [0m[0;30;47m [0m[0;30;47m [0m[0;30;47m [0m[0;30;47m [0m[0;30;47m [0m[0;30;47m [0m[0;30;47m [0m[0;30;47m [0m[0;30;47m [0m[0;30;47m [0m[0;30;47m [0m[0;30;47m [0m[0;30;47m [0m[0;30;47m [0m[0;30;47m [0m[0;30;47m [0m[0;30;47m [0m[0;30;47m [0m[0;30;47m [0m[0;30;47m [0m[0;30;47m [0m[0;34;46m~[0m[0;30;47m [0m[0;30;47m [0m[0;30;47m=[0m[0;30;47m=[0m[0;30;47m=[0m[0;30;47m=[0m[0;30;47m=[0m[0;30;47m=[0m[0;30;47m=[0m[0;30;47m=[0m[0;30;47m=[0m[0;30;47m=[0m[0;30;47m=[0m[0;30;47m=[0m[0;30;47m=[0m[0;30;47m=[0m[0;30;47m=[0m[0;30;47m=[0m[0;30;47m=[0m[0;30;47m=[0m[0;30;47m=[0m[0;30;47m=[0m[0;30;47m=[0m[0;30;47m=[0m[0;30;47m=[0m[0;30;47m=[0m[0;30;47m=[0m[0;30;47m=[0m[0;30;47m=[0m[0;30;47m=[0m[0;30;47m=[0m[0;30;47m=[0m[0;30;47m=[0m[0;30;47m=[0m[0;30;47m=[0m[0;30;47m=[0m[0;30;47m=[0m[0;30;47m=[0m[0;30;47m=[0m[0;30;47m=[0m[0;30;47m=[0m[0;30;47m=[0m[0;30;47m=[0m[0;30;47m [0m[0;30;47m [0m[0;34;46m~[0m
[0;34;46m~[0m[0;30;47m [0m[0;30;47m [0m[0;30;47m [0m[0;30;47m [0m[0;30;47m [0m[0;30;47m [0m[0;30;47m [0m[0;30;47m [0m[0;30;47m [0m[0;30;47m [0m[0;30;47m [0m[0;30;47m [0m[0;30;47m [0m[0;30;47m [0m[0;30;47m [0m[0;30;47m [0m[0;30;47m [0m[0;30;47m [0m[0;30;47m [0m[0;30;47m [0m[0;30;47m [0m[0;30;47m+[0m[0;30;47m-[0m[0;30;47m-[0m[0;30;47m-[0m[0;30;47m-[0m[0;30;47m-[0m[0;30;47m-[0m[0;30;47m-[0m[0;30;47m-[0m[0;30;47m-[0m[0;30;47m-[0m[0;30;47m-[0m[0;30;47m-[0m[0;30;47m-[0m[0;30;47m-[0m[0;30;47m-[0m[0;30;47m+[0m[0;30;47m [0m[0;30;47m [0m[0;30;47m [0m[0;30;47m [0m[0;30;47m [0m[0;30;47m [0m[0;30;47m [0m[0;30;47m [0m[0;30;47m [0m[0;30;47m [0m[0;30;47m [0m[0;30;47m [0m[0;30;47m [0m[0;30;47m [0m[0;30;47m [0m[0;30;47m [0m[0;30;47m [0m[0;30;47m [0m[0;30;47m [0m[0;30;47m [0m[0;30;47m [0m[0;30;47m [0m[0;30;47m [0m[0;30;47m [0m[0;34;46m~[0m[0;30;47m [0m[0;30;47m [0m[0;30;47m>[0m[0;30;47m [0m[0;30;47mC[0m[0;30;47mu[0m[0;30;47mr[0m[0;30;47mr[0m[0;30;47me[0m[0;30;47mn[0m[0;30;47mt[0m[0;30;47m [0m[0;30;47mL[0m[0;30;47mo[0m[0;30;47mc[0m[0;30;47ma[0m[0;30;47mt[0m[0;30;47mi[0m[0;30;47mo[0m[0;30;47mn[0m[0;30;47m [0m[0;30;47m:[0m[0;30;47m [0m[0;30;47m1[0m[0;30;47m2[0m[0;30;47m [0m[0;30;47m([0m[0;30;47mp[0m[0;30;47ma[0m[0;30;47mt[0m[0;30;47mh[0m[0;30;47m)[0m[0;30;47m [0m[0;30;47m [0m[0;30;47m [0m[0;30;47m [0m[0;30;47m [0m[0;30;47m [0m[0;30;47m [0m[0;30;47m [0m[0;30;47m [0m[0;30;47m [0m[0;30;47m [0m[0;30;47m [0m[0;30;47m [0m[0;34;46m~[0m
[0;34;46m~[0m[0;30;47m [0m[0;30;47m [0m[0;30;47m [0m[0;30;47m [0m[0;30;47m [0m[0;30;47m [0m[0;30;47m [0m[0;30;47m [0m[0;30;47m [0m[0;30;47m [0m[0;30;47m [0m[0;30;47m [0m[0;30;47m [0m[0;30;47m [0m[0;30;47m [0m[0;30;47m [0m[0;30;47m [0m[0;30;47m [0m[0;30;47m [0m[0;30;47m [0m[0;30;47m [0m[0;30;47m [0m[0;30;47m [0m[0;30;47m [0m[0;30;47m [0m[0;30;47m [0m[0;30;47m [0m[0;30;47m [0m[0;30;47m [0m[0;30;47m^[0m[0;30;47m [0m[0;30;47m [0m[0;30;47m [0m[0;30;47m [0m[0;30;47m [0m[0;30;47m [0m[0;30;47m [0m[0;30;47m [0m[0;30;47m [0m[0;30;47m [0m[0;30;47m [0m[0;30;47m [0m[0;30;47m [0m[0;30;47m [0m[0;30;47m [0m[0;30;47m [0m[0;30;47m [0m[0;30;47m [0m[0;30;47m [0m[0;30;47m [0m[0;30;47m [0m[0;30;47m [0m[0;30;47m [0m[0;30;47m [0m[0;30;47m [0m[0;30;47m [0m[0;30;47m [0m[0;30;47m [0m[0;30;47m [0m[0;30;47m [0m[0;30;47m [0m[0;30;47m [0m[0;34;46m~[0m[0;30;47m [0m[0;30;47m [0m[0;30;47m>[0m[0;30;47m [0m[0;30;47mB[0m[0;30;47ma[0m[0;30;47mc[0m[0;30;47mk[0m[0;30;47mp[0m[0;30;47ma[0m[0;30;47mc[0m[0;30;47mk[0m[0;30;47m [0m[0;30;47m [0m[0;30;47m [0m[0;30;47m [0m[0;30;47m [0m[0;30;47m [0m[0;30;47m [0m[0;30;47m:[0m[0;30;47m [0m[0;30;47md[0m[0;30;47mi[0m[0;30;47mr[0m[0;30;47mk[0m[0;30;47m [0m[0;30;47m [0m[0;30;47m [0m[0;30;47m [0m[0;30;47m [0m[0;30;47m [0m[0;30;47m [0m[0;30;47m [0m[0;30;47m [0m[0;30;47m [0m[0;30;47m [0m[0;30;47m [0m[0;30;47m [0m[0;30;47m [0m[0;30;47m [0m[0;30;47m [0m[0;30;47m [0m[0;30;47m [0m[0;30;47m [0m[0;30;47m [0m[0;34;46m~[0m
[0;34;46m~[0m[0;30;47m [0m[0;30;47m [0m[0;30;47m [0m[0;30;47m [0m[0;30;47m [0m[0;30;47m [0m[0;30;47m [0m[0;30;47m [0m[0;30;47m [0m[0;30;47m [0m[0;30;47m [0m[0;30;47m [0m[0;30;47m [0m[0;30;47m [0m[0;30;47m [0m[0;30;47m [0m[0;30;47m [0m[0;30;47m [0m[0;30;47m [0m[0;30;47m [0m[0;30;47m [0m[0;30;47m+[0m[0;30;47m-[0m[0;30;47m-[0m[0;30;47m-[0m[0;30;47m-[0m[0;30;47m-[0m[0;30;47m-[0m[0;30;47m-[0m[0;30;47m-[0m[0;30;47m-[0m[0;30;47m-[0m[0;30;47m-[0m[0;30;47m-[0m[0;30;47m-[0m[0;30;47m-[0m[0;30;47m-[0m[0;30;47m+[0m[0;30;47m [0m[0;30;47m [0m[0;30;47m [0m[0;30;47m [0m[0;30;47m [0m[0;30;47m [0m[0;30;47m [0m[0;30;47m [0m[0;30;47m [0m[0;30;47m [0m[0;30;47m [0m[0;30;47m [0m[0;30;47m [0m[0;30;47m [0m[0;30;47m [0m[0;30;47m [0m[0;30;47m [0m[0;30;47m [0m[0;30;47m [0m[0;30;47m [0m[0;30;47m [0m[0;30;47m [0m[0;30;47m [0m[0;30;47m [0m[0;34;46m~[0m[0;30;47m [0m[0;30;47m [0m[0;30;47m-[0m[0;30;47m-[0m[0;30;47m-[0m[0;30;47m-[0m[0;30;47m-[0m[0;30;47m-[0m[0;30;47m-[0m[0;30;47m-[0m[0;30;47m-[0m[0;30;47m-[0m[0;30;47m-[0m[0;30;47m-[0m[0;30;47m-[0m[0;30;47m-[0m[0;30;47m-[0m[0;30;47m-[0m[0;30;47m-[0m[0;30;47m-[0m[0;30;47m-[0m[0;30;47m-[0m[0;30;47m-[0m[0;30;47m-[0m[0;30;47m-[0m[0;30;47m-[0m[0;30;47m-[0m[0;30;47m-[0m[0;30;47m-[0m[0;30;47m-[0m[0;30;47m-[0m[0;30;47m-[0m[0;30;47m-[0m[0;30;47m-[0m[0;30;47m-[0m[0;30;47m-[0m[0;30;47m-[0m[0;30;47m-[0m[0;30;47m-[0m[0;30;47m-[0m[0;30;47m-[0m[0;30;47m-[0m[0;30;47m-[0m[0;30;47m [0m[0;30;47m [0m[0;34;46m~[0m
[0;34;46m~[0m[0;30;47m [0m[0;30;47m [0m[0;30;47m [0m[0;30;47m [0m[0;30;47m [0m[0;30;47m [0m[0;30;47m [0m[0;30;47m [0m[0;30;47m [0m[0;30;47m [0m[0;30;47m [0m[0;30;47m [0m[0;30;47m [0m[0;30;47m [0m[0;30;47m [0m[0;30;47m [0m[0;30;47m [0m[0;30;47m [0m[0;30;47m [0m[0;30;47m [0m[0;30;47m [0m[0;30;47m|[0m[0;30;47m [0m[0;30;47m^[0m[0;30;47mE[0m[0;30;47m>[0m[0;30;47m [0m[0;30;47m [0m[0;30;47m\[0m[0;30;47mV[0m[0;30;47mo[0m[0;30;47m/[0m[0;30;47m [0m[0;30;47m [0m[0;30;47m [0m[0;30;47m1[0m[0;30;47m2[0m[0;30;47m|[0m[0;30;47m [0m[0;30;47m [0m[0;30;47m [0m[0;30;47m [0m[0;30;47m [0m[0;30;47m [0m[0;30;47m [0m[0;30;47m [0m[0;30;47m [0m[0;30;47m [0m[0;30;47m [0m[0;30;47m [0m[0;30;47m [0m[0;30;47m [0m[0;30;47m [0m[0;30;47m [0m[0;30;47m [0m[0;30;47m [0m[0;30;47m [0m[0;30;47m [0m[0;30;47m [0m[0;30;47m [0m[0;30;47m [0m[0;30;47m [0m[0;34;46m~[0m[0;30;47m [0m[0;30;47m [0m[0;30;47mV[0m[0;30;47mI[0m[0;30;47mS[0m[0;30;47mI[0m[0;30;47mB[0m[0;30;47mL[0m[0;30;47mE[0m[0;30;47m [0m[0;30;47mE[0m[0;30;47mN[0m[0;30;47mT[0m[0;30;47mI[0m[0;30;47mT[0m[0;30;47mI[0m[0;30;47mE[0m[0;30;47mS[0m[0;30;47m [0m[0;30;47m([0m[0;30;47mD[0m[0;30;47mi[0m[0;30;47ms[0m[0;30;47mc[0m[0;30;47mo[0m[0;30;47mv[0m[0;30;47me[0m[0;30;47mr[0m[0;30;47me[0m[0;30;47md[0m[0;30;47m [0m[0;30;47mS[0m[0;30;47mp[0m[0;30;47ma[0m[0;30;47mc[0m[0;30;47me[0m[0;30;47ms[0m[0;30;47m)[0m[0;30;47m:[0m[0;30;47m [0m[0;30;47m [0m[0;30;47m [0m[0;30;47m [0m[0;30;47m [0m[0;30;47m [0m[0;34;46m~[0m
[0;34;46m~[0m[0;30;47m [0m[0;30;47m [0m[0;30;47m [0m[0;30;47m [0m[0;30;47m [0m[0;30;47m [0m[0;30;47m [0m[0;30;47m [0m[0;30;47m [0m[0;30;47m [0m[0;30;47m [0m[0;30;47m [0m[0;30;47m [0m[0;30;47m [0m[0;30;47m [0m[0;30;47m [0m[0;30;47m [0m[0;30;47m [0m[0;30;47m [0m[0;30;47m [0m[0;30;47m [0m[0;30;47m|[0m[0;30;47m [0m[0;30;47m [0m[0;30;47m [0m[0;30;47m [0m[0;30;47m#[0m[0;30;47m_[0m[0;30;47m_[0m[0;30;47m_[0m[0;30;47m#[0m[0;30;47m [0m[0;30;47m [0m[0;30;47m [0m[0;30;47m [0m[0;30;47m [0m[0;30;47m [0m[0;30;47m|[0m[0;30;47m [0m[0;30;47m [0m[0;30;47m [0m[0;30;47m [0m[0;30;47m [0m[0;30;47m [0m[0;30;47m [0m[0;30;47m [0m[0;30;47m [0m[0;30;47m [0m[0;30;47m [0m[0;30;47m [0m[0;30;47m [0m[0;30;47m [0m[0;30;47m [0m[0;30;47m [0m[0;30;47m [0m[0;30;47m [0m[0;30;47m [0m[0;30;47m [0m[0;30;47m [0m[0;30;47m [0m[0;30;47m [0m[0;30;47m [0m[0;34;46m~[0m[0;30;47m [0m[0;30;47m [0m[0;30;47m [0m[0;30;47m[[0m[0;30;47mO[0m[0;30;47mb[0m[0;30;47mj[0m[0;30;47m][0m[0;30;47m [0m[0;30;47ml[0m[0;30;47mi[0m[0;30;47md[0m[0;30;47m [0m[0;30;47m [0m[0;30;47m [0m[0;30;47m [0m[0;30;47m [0m[0;30;47m [0m[0;30;47m [0m[0;30;47m [0m[0;30;47ma[0m[0;30;47mt[0m[0;30;47m [0m[0;30;47mS[0m[0;30;47mp[0m[0;30;47ma[0m[0;30;47mc[0m[0;30;47me[0m[0;30;47m [0m[0;30;47m1[0m[0;30;47m2[0m[0;30;47m [0m[0;30;47m([0m[0;30;47mp[0m[0;30;47ma[0m[0;30;47mt[0m[0;30;47mh[0m[0;30;47m)[0m[0;30;47m [0m[0;30;47m [0m[0;30;47m [0m[0;30;47m [0m[0;30;47m [0m[0;30;47m [0m[0;30;47m [0m[0;34;46m~[0m
[0;34;46m~[0m[0;30;47m [0m[0;30;47m [0m[0;30;47m [0m[0;30;47m [0m[0;30;47m [0m[0;30;47m [0m[0;30;47m [0m[0;30;47m [0m[0;30;47m [0m[0;30;47m [0m[0;30;47m [0m[0;30;47m [0m[0;30;47m [0m[0;30;47m [0m[0;30;47m [0m[0;30;47m [0m[0;30;47m [0m[0;30;47m [0m[0;30;47m [0m[0;30;47m [0m[0;30;47m [0m[0;30;47m|[0m[0;30;47m [0m[0;30;47m [0m[0;30;47m [0m[0;30;47m [0m[0;30;47m#[0m[0;30;47m_[0m[0;30;47m_[0m[0;30;47m_[0m[0;30;47m#[0m[0;30;47m [0m[0;30;47m [0m[0;30;47m [0m[0;30;47m [0m[0;30;47m [0m[0;30;47m [0m[0;30;47m|[0m[0;30;47m [0m[0;30;47m [0m[0;30;47m [0m[0;30;47m [0m[0;30;47m [0m[0;30;47m [0m[0;30;47m [0m[0;30;47m [0m[0;30;47m [0m[0;30;47m [0m[0;30;47m [0m[0;30;47m [0m[0;30;47m [0m[0;30;47m [0m[0;30;47m [0m[0;30;47m [0m[0;30;47m [0m[0;30;47m [0m[0;30;47m [0m[0;30;47m [0m[0;30;47m [0m[0;30;47m [0m[0;30;47m [0m[0;30;47m [0m[0;34;46m~[0m[0;30;47m [0m[0;30;47m [0m[0;30;47m [0m[0;30;47m[[0m[0;30;47mO[0m[0;30;47mb[0m[0;30;47mj[0m[0;30;47m][0m[0;30;47m [0m[0;30;47mm[0m[0;30;47ma[0m[0;30;47mi[0m[0;30;47ml[0m[0;30;47m [0m[0;30;47m [0m[0;30;47m [0m[0;30;47m [0m[0;30;47m [0m[0;30;47m [0m[0;30;47m [0m[0;30;47ma[0m[0;30;47mt[0m[0;30;47m [0m[0;30;47mS[0m[0;30;47mp[0m[0;30;47ma[0m[0;30;47mc[0m[0;30;47me[0m[0;30;47m [0m[0;30;47m1[0m[0;30;47m3[0m[0;30;47m [0m[0;30;47m([0m[0;30;47mh[0m[0;30;47ma[0m[0;30;47ml[0m[0;30;47ml[0m[0;30;47m)[0m[0;30;47m [0m[0;30;47m [0m[0;30;47m [0m[0;30;47m [0m[0;30;47m [0m[0;30;47m [0m[0;30;47m [0m[0;34;46m~[0m
[0;34;46m~[0m[0;30;47m [0m[0;30;47m [0m[0;30;47m [0m[0;30;47m [0m[0;30;47m [0m[0;30;47m [0m[0;30;47m [0m[0;30;47m [0m[0;30;47m [0m[0;30;47m [0m[0;30;47m [0m[0;30;47m [0m[0;30;47m [0m[0;30;47m [0m[0;30;47m [0m[0;30;47m [0m[0;30;47m [0m[0;30;47m [0m[0;30;47m [0m[0;30;47m<[0m[0;30;47m-[0m[0;30;47m|[0m[0;30;47m [0m[0;30;47m [0m[0;30;47m [0m[0;30;47m [0m[0;30;47m#[0m[0;30;47m_[0m[0;30;47m_[0m[0;30;47m_[0m[0;30;47m#[0m[0;30;47m [0m[0;30;47m [0m[0;30;47m [0m[0;30;47m [0m[0;30;47m [0m[0;30;47m [0m[0;30;47m|[0m[0;30;47m [0m[0;30;47m [0m[0;30;47m [0m[0;30;47m [0m[0;30;47m [0m[0;30;47m [0m[0;30;47m [0m[0;30;47m [0m[0;30;47m [0m[0;30;47m [0m[0;30;47m [0m[0;30;47m [0m[0;30;47m [0m[0;30;47m [0m[0;30;47m [0m[0;30;47m [0m[0;30;47m [0m[0;30;47m [0m[0;30;47m [0m[0;30;47m [0m[0;30;47m [0m[0;30;47m [0m[0;30;47m [0m[0;30;47m [0m[0;34;46m~[0m[0;30;47m [0m[0;30;47m [0m[0;30;47m [0m[0;30;47m[[0m[0;30;47mO[0m[0;30;47mb[0m[0;30;47mj[0m[0;30;47m][0m[0;30;47m [0m[0;30;47mb[0m[0;30;47mo[0m[0;30;47mw[0m[0;30;47m [0m[0;30;47m [0m[0;30;47m [0m[0;30;47m [0m[0;30;47m [0m[0;30;47m [0m[0;30;47m [0m[0;30;47m [0m[0;30;47ma[0m[0;30;47mt[0m[0;30;47m [0m[0;30;47mS[0m[0;30;47mp[0m[0;30;47ma[0m[0;30;47mc[0m[0;30;47me[0m[0;30;47m [0m[0;30;47m1[0m[0;30;47m4[0m[0;30;47m [0m[0;30;47m([0m[0;30;47mf[0m[0;30;47mi[0m[0;30;47mr[0m[0;30;47me[0m[0;30;47m)[0m[0;30;47m [0m[0;30;47m [0m[0;30;47m [0m[0;30;47m [0m[0;30;47m [0m[0;30;47m [0m[0;30;47m [0m[0;34;46m~[0m
[0;34;46m~[0m[0;30;47m [0m[0;30;47m [0m[0;30;47m [0m[0;30;47m [0m[0;30;47m [0m[0;30;47m [0m[0;30;47m [0m[0;30;47m [0m[0;30;47m [0m[0;30;47m [0m[0;30;47m [0m[0;30;47m [0m[0;30;47m [0m[0;30;47m [0m[0;30;47m [0m[0;30;47m [0m[0;30;47m [0m[0;30;47m [0m[0;30;47m [0m[0;30;47m [0m[0;30;47m [0m[0;30;47m|[0m[0;30;47m [0m[0;30;47m [0m[0;30;47m [0m[0;30;47m [0m[0;30;47m#[0m[0;30;47m_[0m[0;30;47m_[0m[0;30;47m_[0m[0;30;47m#[0m[0;30;47m [0m[0;30;47m [0m[0;30;47m [0m[0;30;47m [0m[0;30;47m [0m[0;30;47m [0m[0;30;47m|[0m[0;30;47m [0m[0;30;47m [0m[0;30;47m [0m[0;30;47m [0m[0;30;47m [0m[0;30;47m [0m[0;30;47m [0m[0;30;47m [0m[0;30;47m [0m[0;30;47m [0m[0;30;47m [0m[0;30;47m [0m[0;30;47m [0m[0;30;47m [0m[0;30;47m [0m[0;30;47m [0m[0;30;47m [0m[0;30;47m [0m[0;30;47m [0m[0;30;47m [0m[0;30;47m [0m[0;30;47m [0m[0;30;47m [0m[0;30;47m [0m[0;34;46m~[0m[0;30;47m [0m[0;30;47m [0m[0;30;47m [0m[0;30;47m[[0m[0;30;47mO[0m[0;30;47mb[0m[0;30;47mj[0m[0;30;47m][0m[0;30;47m [0m[0;30;47mv[0m[0;30;47mi[0m[0;30;47ma[0m[0;30;47ml[0m[0;30;47m [0m[0;30;47m [0m[0;30;47m [0m[0;30;47m [0m[0;30;47m [0m[0;30;47m [0m[0;30;47m [0m[0;30;47ma[0m[0;30;47mt[0m[0;30;47m [0m[0;30;47mS[0m[0;30;47mp[0m[0;30;47ma[0m[0;30;47mc[0m[0;30;47me[0m[0;30;47m [0m[0;30;47m1[0m[0;30;47m4[0m[0;30;47m [0m[0;30;47m([0m[0;30;47mf[0m[0;30;47mi[0m[0;30;47mr[0m[0;30;47me[0m[0;30;47m)[0m[0;30;47m [0m[0;30;47m [0m[0;30;47m [0m[0;30;47m [0m[0;30;47m [0m[0;30;47m [0m[0;30;47m [0m[0;34;46m~[0m
[0;34;46m~[0m[0;30;47m [0m[0;30;47m [0m[0;30;47m [0m[0;30;47m [0m[0;30;47m [0m[0;30;47m [0m[0;30;47m [0m[0;30;47m [0m[0;30;47m [0m[0;30;47m [0m[0;30;47m [0m[0;30;47m [0m[0;30;47m [0m[0;30;47m [0m[0;30;47m [0m[0;30;47m [0m[0;30;47m [0m[0;30;47m [0m[0;30;47m [0m[0;30;47m [0m[0;30;47m [0m[0;30;47m|[0m[0;30;47m [0m[0;30;47m [0m[0;30;47m [0m[0;30;47m [0m[0;30;47m#[0m[0;30;47m [0m[0;30;47m [0m[0;30;47m [0m[0;30;47m#[0m[0;30;47m [0m[0;30;47m [0m[0;30;47m [0m[0;30;47m [0m[0;30;47m [0m[0;30;47m [0m[0;30;47m|[0m[0;30;47m [0m[0;30;47m [0m[0;30;47m [0m[0;30;47m [0m[0;30;47m [0m[0;30;47m [0m[0;30;47m [0m[0;30;47m [0m[0;30;47m [0m[0;30;47m [0m[0;30;47m [0m[0;30;47m [0m[0;30;47m [0m[0;30;47m [0m[0;30;47m [0m[0;30;47m [0m[0;30;47m [0m[0;30;47m [0m[0;30;47m [0m[0;30;47m [0m[0;30;47m [0m[0;30;47m [0m[0;30;47m [0m[0;30;47m [0m[0;34;46m~[0m[0;30;47m [0m[0;30;47m [0m[0;30;47m [0m[0;30;47m[[0m[0;30;47mO[0m[0;30;47mb[0m[0;30;47mj[0m[0;30;47m][0m[0;30;47m [0m[0;30;47mp[0m[0;30;47mo[0m[0;30;47mr[0m[0;30;47mt[0m[0;30;47ma[0m[0;30;47ml[0m[0;30;47m [0m[0;30;47m [0m[0;30;47m [0m[0;30;47m [0m[0;30;47m [0m[0;30;47ma[0m[0;30;47mt[0m[0;30;47m [0m[0;30;47mS[0m[0;30;47mp[0m[0;30;47ma[0m[0;30;47mc[0m[0;30;47me[0m[0;30;47m [0m[0;30;47m1[0m[0;30;47m1[0m[0;30;47m [0m[0;30;47m([0m[0;30;47mp[0m[0;30;47mi[0m[0;30;47mt[0m[0;30;47m)[0m[0;30;47m [0m[0;30;47m [0m[0;30;47m [0m[0;30;47m [0m[0;30;47m [0m[0;30;47m [0m[0;30;47m [0m[0;30;47m [0m[0;34;46m~[0m
[0;34;46m~[0m[0;30;47m [0m[0;30;47m [0m[0;30;47m [0m[0;30;47m [0m[0;30;47m [0m[0;30;47m [0m[0;30;47m [0m[0;30;47m [0m[0;30;47m [0m[0;30;47m [0m[0;30;47m [0m[0;30;47m [0m[0;30;47m [0m[0;30;47m [0m[0;30;47m [0m[0;30;47m [0m[0;30;47m [0m[0;30;47m [0m[0;30;47m [0m[0;30;47m [0m[0;30;47m [0m[0;30;47m|[0m[0;30;47ml[0m[0;30;47mi[0m[0;30;47md[0m[0;30;47m,[0m[0;30;47mc[0m[0;30;47mo[0m[0;30;47mi[0m[0;30;47mn[0m[0;30;47m [0m[0;30;47m [0m[0;30;47m [0m[0;30;47m [0m[0;30;47m [0m[0;30;47m [0m[0;30;47m [0m[0;30;47m|[0m[0;30;47m [0m[0;30;47m [0m[0;30;47m [0m[0;30;47m [0m[0;30;47m [0m[0;30;47m [0m[0;30;47m [0m[0;30;47m [0m[0;30;47m [0m[0;30;47m [0m[0;30;47m [0m[0;30;47m [0m[0;30;47m [0m[0;30;47m [0m[0;30;47m [0m[0;30;47m [0m[0;30;47m [0m[0;30;47m [0m[0;30;47m [0m[0;30;47m [0m[0;30;47m [0m[0;30;47m [0m[0;30;47m [0m[0;30;47m [0m[0;34;46m~[0m[0;30;47m [0m[0;30;47m [0m[0;30;47m [0m[0;30;47m[[0m[0;30;47mO[0m[0;30;47mb[0m[0;30;47mj[0m[0;30;47m][0m[0;30;47m [0m[0;30;47mw[0m[0;30;47ma[0m[0;30;47mx[0m[0;30;47m [0m[0;30;47m [0m[0;30;47m [0m[0;30;47m [0m[0;30;47m [0m[0;30;47m [0m[0;30;47m [0m[0;30;47m [0m[0;30;47ma[0m[0;30;47mt[0m[0;30;47m [0m[0;30;47mS[0m[0;30;47mp[0m[0;30;47ma[0m[0;30;47mc[0m[0;30;47me[0m[0;30;47m [0m[0;30;47m1[0m[0;30;47m4[0m[0;30;47m [0m[0;30;47m([0m[0;30;47mf[0m[0;30;47mi[0m[0;30;47mr[0m[0;30;47me[0m[0;30;47m)[0m[0;30;47m [0m[0;30;47m [0m[0;30;47m [0m[0;30;47m [0m[0;30;47m [0m[0;30;47m [0m[0;30;47m [0m[0;34;46m~[0m
[0;34;46m~[0m[0;30;47m [0m[0;30;47m [0m[0;30;47m [0m[0;30;47m [0m[0;30;47m [0m[0;30;47m [0m[0;30;47m [0m[0;30;47m [0m[0;30;47m [0m[0;30;47m [0m[0;30;47m [0m[0;30;47m [0m[0;30;47m [0m[0;30;47m [0m[0;30;47m [0m[0;30;47m [0m[0;30;47m [0m[0;30;47m [0m[0;30;47m [0m[0;30;47m [0m[0;30;47m [0m[0;30;47m+[0m[0;30;47m-[0m[0;30;47m-[0m[0;30;47m-[0m[0;30;47m-[0m[0;30;47m-[0m[0;30;47m-[0m[0;30;47m-[0m[0;30;47m-[0m[0;30;47m-[0m[0;30;47m-[0m[0;30;47m-[0m[0;30;47m-[0m[0;30;47m-[0m[0;30;47m-[0m[0;30;47m-[0m[0;30;47m+[0m[0;30;47m [0m[0;30;47m [0m[0;30;47m [0m[0;30;47m [0m[0;30;47m [0m[0;30;47m [0m[0;30;47m [0m[0;30;47m [0m[0;30;47m [0m[0;30;47m [0m[0;30;47m [0m[0;30;47m [0m[0;30;47m [0m[0;30;47m [0m[0;30;47m [0m[0;30;47m [0m[0;30;47m [0m[0;30;47m [0m[0;30;47m [0m[0;30;47m [0m[0;30;47m [0m[0;30;47m [0m[0;30;47m [0m[0;30;47m [0m[0;34;46m~[0m[0;30;47m [0m[0;30;47m [0m[0;30;47m [0m[0;30;47m[[0m[0;30;47mO[0m[0;30;47mb[0m[0;30;47mj[0m[0;30;47m][0m[0;30;47m [0m[0;30;47mf[0m[0;30;47mi[0m[0;30;47mg[0m[0;30;47m [0m[0;30;47m [0m[0;30;47m [0m[0;30;47m [0m[0;30;47m [0m[0;30;47m [0m[0;30;47m [0m[0;30;47m [0m[0;30;47ma[0m[0;30;47mt[0m[0;30;47m [0m[0;30;47mS[0m[0;30;47mp[0m[0;30;47ma[0m[0;30;47mc[0m[0;30;47me[0m[0;30;47m [0m[0;30;47m1[0m[0;30;47m4[0m[0;30;47m [0m[0;30;47m([0m[0;30;47mf[0m[0;30;47mi[0m[0;30;47mr[0m[0;30;47me[0m[0;30;47m)[0m[0;30;47m [0m[0;30;47m [0m[0;30;47m [0m[0;30;47m [0m[0;30;47m [0m[0;30;47m [0m[0;30;47m [0m[0;34;46m~[0m
[0;34;46m~[0m[0;30;47m [0m[0;30;47m [0m[0;30;47m [0m[0;30;47m [0m[0;30;47m [0m[0;30;47m [0m[0;30;47m [0m[0;30;47m [0m[0;30;47m [0m[0;30;47m [0m[0;30;47m [0m[0;30;47m [0m[0;30;47m [0m[0;30;47m [0m[0;30;47m [0m[0;30;47m [0m[0;30;47m [0m[0;30;47m [0m[0;30;47m [0m[0;30;47m [0m[0;30;47m [0m[0;30;47m [0m[0;30;47m [0m[0;30;47m [0m[0;30;47m [0m[0;30;47m [0m[0;30;47m [0m[0;30;47m [0m[0;30;47m [0m[0;30;47mv[0m[0;30;47m [0m[0;30;47m [0m[0;30;47m [0m[0;30;47m [0m[0;30;47m [0m[0;30;47m [0m[0;30;47m [0m[0;30;47m [0m[0;30;47m [0m[0;30;47m [0m[0;30;47m [0m[0;30;47m [0m[0;30;47m [0m[0;30;47m [0m[0;30;47m [0m[0;30;47m [0m[0;30;47m [0m[0;30;47m [0m[0;30;47m [0m[0;30;47m [0m[0;30;47m [0m[0;30;47m [0m[0;30;47m [0m[0;30;47m [0m[0;30;47m [0m[0;30;47m [0m[0;30;47m [0m[0;30;47m [0m[0;30;47m [0m[0;30;47m [0m[0;30;47m [0m[0;30;47m [0m[0;34;46m~[0m[0;30;47m [0m[0;30;47m [0m[0;30;47m [0m[0;30;47m[[0m[0;30;47mO[0m[0;30;47mb[0m[0;30;47mj[0m[0;30;47m][0m[0;30;47m [0m[0;30;47mc[0m[0;30;47mo[0m[0;30;47mi[0m[0;30;47mn[0m[0;30;47m [0m[0;30;47m [0m[0;30;47m [0m[0;30;47m [0m[0;30;47m [0m[0;30;47m [0m[0;30;47m [0m[0;30;47ma[0m[0;30;47mt[0m[0;30;47m [0m[0;30;47mS[0m[0;30;47mp[0m[0;30;47ma[0m[0;30;47mc[0m[0;30;47me[0m[0;30;47m [0m[0;30;47m1[0m[0;30;47m2[0m[0;30;47m [0m[0;30;47m([0m[0;30;47mp[0m[0;30;47ma[0m[0;30;47mt[0m[0;30;47mh[0m[0;30;47m)[0m[0;30;47m [0m[0;30;47m [0m[0;30;47m [0m[0;30;47m [0m[0;30;47m [0m[0;30;47m [0m[0;30;47m [0m[0;34;46m~[0m
[0;34;46m~[0m[0;30;47m [0m[0;30;47m [0m[0;30;47m [0m[0;30;47m [0m[0;30;47m [0m[0;30;47m [0m[0;30;47m [0m[0;30;47m [0m[0;30;47m [0m[0;30;47m [0m[0;30;47m [0m[0;30;47m [0m[0;30;47m [0m[0;30;47m [0m[0;30;47m [0m[0;30;47m [0m[0;30;47m [0m[0;30;47m [0m[0;30;47m [0m[0;30;47m [0m[0;30;47m [0m[0;30;47m+[0m[0;30;47m-[0m[0;30;47m-[0m[0;30;47m-[0m[0;30;47m-[0m[0;30;47m-[0m[0;30;47m-[0m[0;30;47m-[0m[0;30;47m-[0m[0;30;47m-[0m[0;30;47m-[0m[0;30;47m-[0m[0;30;47m-[0m[0;30;47m-[0m[0;30;47m-[0m[0;30;47m-[0m[0;30;47m+[0m[0;30;47m [0m[0;30;47m [0m[0;30;47m [0m[0;30;47m [0m[0;30;47m [0m[0;30;47m [0m[0;30;47m [0m[0;30;47m [0m[0;30;47m [0m[0;30;47m [0m[0;30;47m [0m[0;30;47m [0m[0;30;47m [0m[0;30;47m [0m[0;30;47m [0m[0;30;47m [0m[0;30;47m [0m[0;30;47m [0m[0;30;47m [0m[0;30;47m [0m[0;30;47m [0m[0;30;47m [0m[0;30;47m [0m[0;30;47m [0m[0;34;46m~[0m[0;30;47m [0m[0;30;47m [0m[0;30;47m [0m[0;30;47m[[0m[0;30;47mO[0m[0;30;47mb[0m[0;30;47mj[0m[0;30;47m][0m[0;30;47m [0m[0;30;47ml[0m[0;30;47mo[0m[0;30;47ma[0m[0;30;47mf[0m[0;30;47m [0m[0;30;47m [0m[0;30;47m [0m[0;30;47m [0m[0;30;47m [0m[0;30;47m [0m[0;30;47m [0m[0;30;47ma[0m[0;30;47mt[0m[0;30;47m [0m[0;30;47mS[0m[0;30;47mp[0m[0;30;47ma[0m[0;30;47mc[0m[0;30;47me[0m[0;30;47m [0m[0;30;47m1[0m[0;30;47m4[0m[0;30;47m [0m[0;30;47m([0m[0;30;47mf[0m[0;30;47mi[0m[0;30;47mr[0m[0;30;47me[0m[0;30;47m)[0m[0;30;47m [0m[0;30;47m [0m[0;30;47m [0m[0;30;47m [0m[0;30;47m [0m[0;30;47m [0m[0;30;47m [0m[0;34;46m~[0m
[0;34;46m~[0m[0;30;47m [0m[0;30;47m [0m[0;30;47m [0m[0;30;47m [0m[0;30;47m [0m[0;30;47m [0m[0;30;47m [0m[0;30;47m [0m[0;30;47m [0m[0;30;47m [0m[0;30;47m [0m[0;30;47m [0m[0;30;47m [0m[0;30;47m [0m[0;30;47m [0m[0;30;47m [0m[0;30;47m [0m[0;30;47m [0m[0;30;47m [0m[0;30;47m [0m[0;30;47m [0m[0;30;47m|[0m[0;30;47m [0m[0;30;47m [0m[0;30;47m [0m[0;30;47m [0m[0;30;47m [0m[0;30;47m [0m[0;30;47m [0m[0;30;47m [0m[0;30;47m [0m[0;30;47m [0m[0;30;47m [0m[0;30;47m [0m[0;30;47m [0m[0;30;47m1[0m[0;30;47m3[0m[0;30;47m|[0m[0;30;47m [0m[0;30;47m [0m[0;30;47m [0m[0;30;47m [0m[0;30;47m [0m[0;30;47m [0m[0;30;47m [0m[0;30;47m [0m[0;30;47m [0m[0;30;47m [0m[0;30;47m [0m[0;30;47m [0m[0;30;47m [0m[0;30;47m [0m[0;30;47m [0m[0;30;47m [0m[0;30;47m [0m[0;30;47m [0m[0;30;47m [0m[0;30;47m [0m[0;30;47m [0m[0;30;47m [0m[0;30;47m [0m[0;30;47m [0m[0;34;46m~[0m[0;30;47m [0m[0;30;47m [0m[0;30;47m [0m[0;30;47m[[0m[0;30;47mO[0m[0;30;47mb[0m[0;30;47mj[0m[0;30;47m][0m[0;30;47m [0m[0;30;47mc[0m[0;30;47mu[0m[0;30;47mp[0m[0;30;47m [0m[0;30;47m [0m[0;30;47m [0m[0;30;47m [0m[0;30;47m [0m[0;30;47m [0m[0;30;47m [0m[0;30;47m [0m[0;30;47ma[0m[0;30;47mt[0m[0;30;47m [0m[0;30;47mS[0m[0;30;47mp[0m[0;30;47ma[0m[0;30;47mc[0m[0;30;47me[0m[0;30;47m [0m[0;30;47m1[0m[0;30;47m3[0m[0;30;47m [0m[0;30;47m([0m[0;30;47mh[0m[0;30;47ma[0m[0;30;47ml[0m[0;30;47ml[0m[0;30;47m)[0m[0;30;47m [0m[0;30;47m [0m[0;30;47m [0m[0;30;47m [0m[0;30;47m [0m[0;30;47m [0m[0;30;47m [0m[0;34;46m~[0m
[0;34;46m~[0m[0;30;47m [0m[0;30;47m [0m[0;30;47m [0m[0;30;47m [0m[0;30;47m [0m[0;30;47m [0m[0;30;47m [0m[0;30;47m [0m[0;30;47m [0m[0;30;47m [0m[0;30;47m [0m[0;30;47m [0m[0;30;47m [0m[0;30;47m [0m[0;30;47m [0m[0;30;47m [0m[0;30;47m [0m[0;30;47m [0m[0;30;47m [0m[0;30;47m [0m[0;30;47m [0m[0;30;47m|[0m[0;30;47m [0m[0;30;47m [0m[0;30;47m [0m[0;30;47m [0m[0;30;47m.[0m[0;30;47m.[0m[0;30;47m.[0m[0;30;47m.[0m[0;30;47m.[0m[0;30;47m.[0m[0;30;47m.[0m[0;30;47m [0m[0;30;47m [0m[0;30;47m [0m[0;30;47m [0m[0;30;47m|[0m[0;30;47m [0m[0;30;47m [0m[0;30;47m [0m[0;30;47m [0m[0;30;47m [0m[0;30;47m [0m[0;30;47m [0m[0;30;47m [0m[0;30;47m [0m[0;30;47m [0m[0;30;47m [0m[0;30;47m [0m[0;30;47m [0m[0;30;47m [0m[0;30;47m [0m[0;30;47m [0m[0;30;47m [0m[0;30;47m [0m[0;30;47m [0m[0;30;47m [0m[0;30;47m [0m[0;30;47m [0m[0;30;47m [0m[0;30;47m [0m[0;34;46m~[0m[0;30;47m [0m[0;30;47m [0m[0;30;47m [0m[0;30;47m[[0m[0;30;47mC[0m[0;30;47mh[0m[0;30;47mr[0m[0;30;47m][0m[0;30;47m [0m[0;30;47m [0m[0;30;47m\[0m[0;30;47mV[0m[0;30;47mo[0m[0;30;47m/[0m[0;30;47m [0m[0;30;47m [0m[0;30;47ma[0m[0;30;47mt[0m[0;30;47m [0m[0;30;47mS[0m[0;30;47mp[0m[0;30;47ma[0m[0;30;47mc[0m[0;30;47me[0m[0;30;47m [0m[0;30;47m1[0m[0;30;47m2[0m[0;30;47m [0m[0;30;47m([0m[0;30;47mp[0m[0;30;47ma[0m[0;30;47mt[0m[0;30;47mh[0m[0;30;47m)[0m[0;30;47m [0m[0;30;47m([0m[0;30;47mH[0m[0;30;47mP[0m[0;30;47m:[0m[0;30;47m5[0m[0;30;47m)[0m[0;30;47m [0m[0;30;47m [0m[0;30;47m [0m[0;30;47m [0m[0;34;46m~[0m
[0;34;46m~[0m[0;30;47m [0m[0;30;47m [0m[0;30;47m [0m[0;30;47m [0m[0;30;47m [0m[0;30;47m [0m[0;30;47m [0m[0;30;47m [0m[0;30;47m [0m[0;30;47m [0m[0;30;47m [0m[0;30;47m [0m[0;30;47m [0m[0;30;47m [0m[0;30;47m [0m[0;30;47m [0m[0;30;47m [0m[0;30;47m [0m[0;30;47m [0m[0;30;47m [0m[0;30;47m [0m[0;30;47m|[0m[0;30;47m [0m[0;30;47m [0m[0;30;47m [0m[0;30;47m [0m[0;30;47m:[0m[0;30;47m [0m[0;30;47m_[0m[0;30;47m_[0m[0;30;47m_[0m[0;30;47m [0m[0;30;47m:[0m[0;30;47m [0m[0;30;47m [0m[0;30;47m [0m[0;30;47m [0m[0;30;47m|[0m[0;30;47m [0m[0;30;47m [0m[0;30;47m [0m[0;30;47m [0m[0;30;47m [0m[0;30;47m [0m[0;30;47m [0m[0;30;47m [0m[0;30;47m [0m[0;30;47m [0m[0;30;47m [0m[0;30;47m [0m[0;30;47m [0m[0;30;47m [0m[0;30;47m [0m[0;30;47m [0m[0;30;47m [0m[0;30;47m [0m[0;30;47m [0m[0;30;47m [0m[0;30;47m [0m[0;30;47m [0m[0;30;47m [0m[0;30;47m [0m[0;34;46m~[0m[0;30;47m [0m[0;30;47m [0m[0;30;47m [0m[0;30;47m[[0m[0;30;47mC[0m[0;30;47mh[0m[0;30;47mr[0m[0;30;47m][0m[0;30;47m [0m[0;30;47m [0m[0;30;47m\[0m[0;30;47mS[0m[0;30;47me[0m[0;30;47m/[0m[0;30;47m [0m[0;30;47m [0m[0;30;47ma[0m[0;30;47mt[0m[0;30;47m [0m[0;30;47mS[0m[0;30;47mp[0m[0;30;47ma[0m[0;30;47mc[0m[0;30;47me[0m[0;30;47m [0m[0;30;47m1[0m[0;30;47m2[0m[0;30;47m [0m[0;30;47m([0m[0;30;47mp[0m[0;30;47ma[0m[0;30;47mt[0m[0;30;47mh[0m[0;30;47m)[0m[0;30;47m [0m[0;30;47m([0m[0;30;47mH[0m[0;30;47mP[0m[0;30;47m:[0m[0;30;47m5[0m[0;30;47m)[0m[0;30;47m [0m[0;30;47m [0m[0;30;47m [0m[0;30;47m [0m[0;34;46m~[0m
[0;34;46m~[0m[0;30;47m [0m[0;30;47m [0m[0;30;47m [0m[0;30;47m [0m[0;30;47m [0m[0;30;47m [0m[0;30;47m [0m[0;30;47m [0m[0;30;47m [0m[0;30;47m [0m[0;30;47m [0m[0;30;47m [0m[0;30;47m [0m[0;30;47m [0m[0;30;47m [0m[0;30;47m [0m[0;30;47m [0m[0;30;47m [0m[0;30;47m [0m[0;30;47m [0m[0;30;47m [0m[0;30;47m|[0m[0;30;47m [0m[0;30;47m [0m[0;30;47m [0m[0;30;47m [0m[0;30;47m:[0m[0;30;47m [0m[0;30;47m[[0m[0;30;47m [0m[0;30;47m][0m[0;30;47m [0m[0;30;47m:[0m[0;30;47m [0m[0;30;47m [0m[0;30;47m [0m[0;30;47m [0m[0;30;47m|[0m[0;30;47m [0m[0;30;47m [0m[0;30;47m [0m[0;30;47m [0m[0;30;47m [0m[0;30;47m [0m[0;30;47m [0m[0;30;47m [0m[0;30;47m [0m[0;30;47m [0m[0;30;47m [0m[0;30;47m [0m[0;30;47m [0m[0;30;47m [0m[0;30;47m [0m[0;30;47m [0m[0;30;47m [0m[0;30;47m [0m[0;30;47m [0m[0;30;47m [0m[0;30;47m [0m[0;30;47m [0m[0;30;47m [0m[0;30;47m [0m[0;34;46m~[0m[0;30;47m [0m[0;30;47m [0m[0;30;47m-[0m[0;30;47m-[0m[0;30;47m-[0m[0;30;47m-[0m[0;30;47m-[0m[0;30;47m-[0m[0;30;47m-[0m[0;30;47m-[0m[0;30;47m-[0m[0;30;47m-[0m[0;30;47m-[0m[0;30;47m-[0m[0;30;47m-[0m[0;30;47m-[0m[0;30;47m-[0m[0;30;47m-[0m[0;30;47m-[0m[0;30;47m-[0m[0;30;47m-[0m[0;30;47m-[0m[0;30;47m-[0m[0;30;47m-[0m[0;30;47m-[0m[0;30;47m-[0m[0;30;47m-[0m[0;30;47m-[0m[0;30;47m-[0m[0;30;47m-[0m[0;30;47m-[0m[0;30;47m-[0m[0;30;47m-[0m[0;30;47m-[0m[0;30;47m-[0m[0;30;47m-[0m[0;30;47m-[0m[0;30;47m-[0m[0;30;47m-[0m[0;30;47m-[0m[0;30;47m-[0m[0;30;47m-[0m[0;30;47m-[0m[0;30;47m [0m[0;30;47m [0m[0;34;46m~[0m
[0;34;46m~[0m[0;30;47m [0m[0;30;47m [0m[0;30;47m [0m[0;30;47m [0m[0;30;47m [0m[0;30;47m [0m[0;30;47m [0m[0;30;47m [0m[0;30;47m [0m[0;30;47m [0m[0;30;47m [0m[0;30;47m [0m[0;30;47m [0m[0;30;47m [0m[0;30;47m [0m[0;30;47m [0m[0;30;47m [0m[0;30;47m [0m[0;30;47m [0m[0;30;47m [0m[0;30;47m [0m[0;30;47m|[0m[0;30;47m [0m[0;30;47m [0m[0;30;47m [0m[0;30;47m [0m[0;30;47m:[0m[0;30;47m [0m[0;30;47m [0m[0;30;47m [0m[0;30;47m [0m[0;30;47m [0m[0;30;47m:[0m[0;30;47m [0m[0;30;47m [0m[0;30;47m [0m[0;30;47m [0m[0;30;47m|[0m[0;30;47m [0m[0;30;47m [0m[0;30;47m [0m[0;30;47m [0m[0;30;47m [0m[0;30;47m [0m[0;30;47m [0m[0;30;47m [0m[0;30;47m [0m[0;30;47m [0m[0;30;47m [0m[0;30;47m [0m[0;30;47m [0m[0;30;47m [0m[0;30;47m [0m[0;30;47m [0m[0;30;47m [0m[0;30;47m [0m[0;30;47m [0m[0;30;47m [0m[0;30;47m [0m[0;30;47m [0m[0;30;47m [0m[0;30;47m [0m[0;34;46m~[0m[0;30;47m [0m[0;30;47m [0m[0;30;47m [0m[0;30;47m [0m[0;30;47m [0m[0;30;47m [0m[0;30;47m [0m[0;30;47m [0m[0;30;47m [0m[0;30;47m [0m[0;30;47m [0m[0;30;47m [0m[0;30;47m [0m[0;30;47m [0m[0;30;47m [0m[0;30;47m [0m[0;30;47m [0m[0;30;47m [0m[0;30;47m [0m[0;30;47m [0m[0;30;47m [0m[0;30;47m [0m[0;30;47m [0m[0;30;47m [0m[0;30;47m [0m[0;30;47m [0m[0;30;47m [0m[0;30;47m [0m[0;30;47m [0m[0;30;47m [0m[0;30;47m [0m[0;30;47m [0m[0;30;47m [0m[0;30;47m [0m[0;30;47m [0m[0;30;47m [0m[0;30;47m [0m[0;30;47m [0m[0;30;47m [0m[0;30;47m [0m[0;30;47m [0m[0;30;47m [0m[0;30;47m [0m[0;30;47m [0m[0;30;47m [0m[0;34;46m~[0m
[0;34;46m~[0m[0;30;47m [0m[0;30;47m [0m[0;30;47m [0m[0;30;47m [0m[0;30;47m [0m[0;30;47m [0m[0;30;47m [0m[0;30;47m [0m[0;30;47m [0m[0;30;47m [0m[0;30;47m [0m[0;30;47m [0m[0;30;47m [0m[0;30;47m [0m[0;30;47m [0m[0;30;47m [0m[0;30;47m [0m[0;30;47m [0m[0;30;47m [0m[0;30;47m [0m[0;30;47m [0m[0;30;47m|[0m[0;30;47m [0m[0;30;47m [0m[0;30;47m [0m[0;30;47m [0m[0;30;47m.[0m[0;30;47m.[0m[0;30;47m.[0m[0;30;47m.[0m[0;30;47m.[0m[0;30;47m.[0m[0;30;47m.[0m[0;30;47m [0m[0;30;47m [0m[0;30;47m [0m[0;30;47m [0m[0;30;47m|[0m[0;30;47m [0m[0;30;47m [0m[0;30;47m [0m[0;30;47m [0m[0;30;47m [0m[0;30;47m [0m[0;30;47m [0m[0;30;47m [0m[0;30;47m [0m[0;30;47m [0m[0;30;47m [0m[0;30;47m [0m[0;30;47m [0m[0;30;47m [0m[0;30;47m [0m[0;30;47m [0m[0;30;47m [0m[0;30;47m [0m[0;30;47m [0m[0;30;47m [0m[0;30;47m [0m[0;30;47m [0m[0;30;47m [0m[0;30;47m [0m[0;34;46m~[0m[0;30;47m [0m[0;30;47m [0m[0;30;47m [0m[0;30;47m [0m[0;30;47m [0m[0;30;47m [0m[0;30;47m [0m[0;30;47m [0m[0;30;47m [0m[0;30;47m [0m[0;30;47m [0m[0;30;47m [0m[0;30;47m [0m[0;30;47m [0m[0;30;47m [0m[0;30;47m [0m[0;30;47m [0m[0;30;47m [0m[0;30;47m [0m[0;30;47m [0m[0;30;47m [0m[0;30;47m [0m[0;30;47m [0m[0;30;47m [0m[0;30;47m [0m[0;30;47m [0m[0;30;47m [0m[0;30;47m [0m[0;30;47m [0m[0;30;47m [0m[0;30;47m [0m[0;30;47m [0m[0;30;47m [0m[0;30;47m [0m[0;30;47m [0m[0;30;47m [0m[0;30;47m [0m[0;30;47m [0m[0;30;47m [0m[0;30;47m [0m[0;30;47m [0m[0;30;47m [0m[0;30;47m [0m[0;30;47m [0m[0;30;47m [0m[0;34;46m~[0m
[0;34;46m~[0m[0;30;47m [0m[0;30;47m [0m[0;30;47m [0m[0;30;47m [0m[0;30;47m [0m[0;30;47m [0m[0;30;47m [0m[0;30;47m [0m[0;30;47m [0m[0;30;47m [0m[0;30;47m [0m[0;30;47m [0m[0;30;47m [0m[0;30;47m [0m[0;30;47m [0m[0;30;47m [0m[0;30;47m [0m[0;30;47m [0m[0;30;47m [0m[0;30;47m [0m[0;30;47m [0m[0;30;47m|[0m[0;30;47mm[0m[0;30;47ma[0m[0;30;47mi[0m[0;30;47ml[0m[0;30;47m,[0m[0;30;47mc[0m[0;30;47mu[0m[0;30;47mp[0m[0;30;47m [0m[0;30;47m [0m[0;30;47m [0m[0;30;47m [0m[0;30;47m [0m[0;30;47m [0m[0;30;47m [0m[0;30;47m|[0m[0;30;47m [0m[0;30;47m [0m[0;30;47m [0m[0;30;47m [0m[0;30;47m [0m[0;30;47m [0m[0;30;47m [0m[0;30;47m [0m[0;30;47m [0m[0;30;47m [0m[0;30;47m [0m[0;30;47m [0m[0;30;47m [0m[0;30;47m [0m[0;30;47m [0m[0;30;47m [0m[0;30;47m [0m[0;30;47m [0m[0;30;47m [0m[0;30;47m [0m[0;30;47m [0m[0;30;47m [0m[0;30;47m [0m[0;30;47m [0m[0;34;46m~[0m[0;30;47m [0m[0;30;47m [0m[0;30;47m [0m[0;30;47m [0m[0;30;47m [0m[0;30;47m [0m[0;30;47m [0m[0;30;47m [0m[0;30;47m [0m[0;30;47m [0m[0;30;47m [0m[0;30;47m [0m[0;30;47m [0m[0;30;47m [0m[0;30;47m [0m[0;30;47m [0m[0;30;47m [0m[0;30;47m [0m[0;30;47m [0m[0;30;47m [0m[0;30;47m [0m[0;30;47m [0m[0;30;47m [0m[0;30;47m [0m[0;30;47m [0m[0;30;47m [0m[0;30;47m [0m[0;30;47m [0m[0;30;47m [0m[0;30;47m [0m[0;30;47m [0m[0;30;47m [0m[0;30;47m [0m[0;30;47m [0m[0;30;47m [0m[0;30;47m [0m[0;30;47m [0m[0;30;47m [0m[0;30;47m [0m[0;30;47m [0m[0;30;47m [0m[0;30;47m [0m[0;30;47m [0m[0;30;47m [0m[0;30;47m [0m[0;34;46m~[0m
[0;34;46m~[0m[0;30;47m [0m[0;30;47m [0m[0;30;47m [0m[0;30;47m [0m[0;30;47m [0m[0;30;47m [0m[0;30;47m [0m[0;30;47m [0m[0;30;47m [0m[0;30;47m [0m[0;30;47m [0m[0;30;47m [0m[0;30;47m [0m[0;30;47m [0m[0;30;47m [0m[0;30;47m [0m[0;30;47m [0m[0;30;47m [0m[0;30;47m [0m[0;30;47m [0m[0;30;47m [0m[0;30;47m+[0m[0;30;47m-[0m[0;30;47m-[0m[0;30;47m-[0m[0;30;47m-[0m[0;30;47m-[0m[0;30;47m-[0m[0;30;47m-[0m[0;30;47m-[0m[0;30;47m-[0m[0;30;47m-[0m[0;30;47m-[0m[0;30;47m-[0m[0;30;47m-[0m[0;30;47m-[0m[0;30;47m-[0m[0;30;47m+[0m[0;30;47m [0m[0;30;47m [0m[0;30;47m [0m[0;30;47m [0m[0;30;47m [0m[0;30;47m [0m[0;30;47m [0m[0;30;47m [0m[0;30;47m [0m[0;30;47m [0m[0;30;47m [0m[0;30;47m [0m[0;30;47m [0m[0;30;47m [0m[0;30;47m [0m[0;30;47m [0m[0;30;47m [0m[0;30;47m [0m[0;30;47m [0m[0;30;47m [0m[0;30;47m [0m[0;30;47m [0m[0;30;47m [0m[0;30;47m [0m[0;34;46m~[0m[0;30;47m [0m[0;30;47m [0m[0;30;47m [0m[0;30;47m [0m[0;30;47m [0m[0;30;47m [0m[0;30;47m [0m[0;30;47m [0m[0;30;47m [0m[0;30;47m [0m[0;30;47m [0m[0;30;47m [0m[0;30;47m [0m[0;30;47m [0m[0;30;47m [0m[0;30;47m [0m[0;30;47m [0m[0;30;47m [0m[0;30;47m [0m[0;30;47m [0m[0;30;47m [0m[0;30;47m [0m[0;30;47m [0m[0;30;47m [0m[0;30;47m [0m[0;30;47m [0m[0;30;47m [0m[0;30;47m [0m[0;30;47m [0m[0;30;47m [0m[0;30;47m [0m[0;30;47m [0m[0;30;47m [0m[0;30;47m [0m[0;30;47m [0m[0;30;47m [0m[0;30;47m [0m[0;30;47m [0m[0;30;47m [0m[0;30;47m [0m[0;30;47m [0m[0;30;47m [0m[0;30;47m [0m[0;30;47m [0m[0;30;47m [0m[0;34;46m~[0m
[0;34;46m~[0m[0;34;46m~[0m[0;34;46m~[0m[0;34;46m~[0m[0;34;46m~[0m[0;34;46m~[0m[0;34;46m~[0m[0;34;46m~[0m[0;34;46m~[0m[0;34;46m~[0m[0;34;46m~[0m[0;34;46m~[0m[0;34;46m~[0m[0;34;46m~[0m[0;34;46m~[0m[0;34;46m~[0m[0;34;46m~[0m[0;34;46m~[0m[0;34;46m~[0m[0;34;46m~[0m[0;34;46m~[0m[0;34;46m~[0m[0;34;46m~[0m[0;34;46m~[0m[0;34;46m~[0m[0;34;46m~[0m[0;34;46m~[0m[0;34;46m~[0m[0;34;46m~[0m[0;34;46m~[0m[0;34;46m~[0m[0;34;46m~[0m[0;34;46m~[0m[0;34;46m~[0m[0;34;46m~[0m[0;34;46m~[0m[0;34;46m~[0m[0;34;46m~[0m[0;34;46m~[0m[0;34;46m~[0m[0;34;46m~[0m[0;34;46m~[0m[0;34;46m~[0m[0;34;46m~[0m[0;34;46m~[0m[0;34;46m~[0m[0;34;46m~[0m[0;34;46m~[0m[0;34;46m~[0m[0;34;46m~[0m[0;34;46m~[0m[0;34;46m~[0m[0;34;46m~[0m[0;34;46m~[0m[0;34;46m~[0m[0;34;46m~[0m[0;34;46m~[0m[0;34;46m~[0m[0;34;46m~[0m[0;34;46m~[0m[0;34;46m~[0m[0;34;46m~[0m[0;34;46m~[0m[0;34;46m~[0m[0;34;46m~[0m[0;34;46m~[0m[0;34;46m~[0m[0;34;46m~[0m[0;34;46m~[0m[0;34;46m~[0m[0;34;46m~[0m[0;34;46m~[0m[0;34;46m~[0m[0;34;46m~[0m[0;34;46m~[0m[0;34;46m~[0m[0;34;46m~[0m[0;34;46m~[0m[0;34;46m~[0m[0;34;46m~[0m[0;34;46m~[0m[0;34;46m~[0m[0;34;46m~[0m[0;34;46m~[0m[0;34;46m~[0m[0;34;46m~[0m[0;34;46m~[0m[0;34;46m~[0m[0;34;46m~[0m[0;34;46m~[0m[0;34;46m~[0m[0;34;46m~[0m[0;34;46m~[0m[0;34;46m~[0m[0;34;46m~[0m[0;34;46m~[0m[0;34;46m~[0m[0;34;46m~[0m[0;34;46m~[0m[0;34;46m~[0m[0;34;46m~[0m[0;34;46m~[0m[0;34;46m~[0m[0;34;46m~[0m[0;34;46m~[0m[0;34;46m~[0m[0;34;46m~[0m[0;34;46m~[0m[0;34;46m~[0m[0;34;46m~[0m
[0;34;46m~[0m[0;30;47m [0m[0;30;47m [0m[0;30;47m [0m[0;30;47m [0m[0;30;47m [0m[0;30;47m [0m[0;30;47m [0m[0;30;47m [0m[0;30;47m [0m[0;30;47m [0m[0;30;47m [0m[0;30;47m [0m[0;30;47m [0m[0;30;47m [0m[0;30;47m [0m[0;30;47m [0m[0;30;47m [0m[0;30;47m [0m[0;30;47m [0m[0;30;47m [0m[0;30;47m [0m[0;30;47m [0m[0;30;47m [0m[0;30;47m [0m[0;30;47m [0m[0;30;47m [0m[0;30;47m [0m[0;30;47m [0m[0;30;47m [0m[0;30;47m [0m[0;30;47m [0m[0;30;47m [0m[0;30;47m [0m[0;30;47m [0m[0;30;47m [0m[0;30;47m [0m[0;30;47m [0m[0;30;47m [0m[0;30;47m [0m[0;30;47m [0m[0;30;47m [0m[0;30;47m [0m[0;30;47m [0m[0;30;47m [0m[0;30;47m [0m[0;30;47mT[0m[0;30;47mH[0m[0;30;47mE[0m[0;30;47m [0m[0;30;47mH[0m[0;30;47mA[0m[0;30;47mU[0m[0;30;47mN[0m[0;30;47mT[0m[0;30;47mE[0m[0;30;47mD[0m[0;30;47m [0m[0;30;47mC[0m[0;30;47mA[0m[0;30;47mS[0m[0;30;47mT[0m[0;30;47mL[0m[0;30;47mE[0m[0;30;47m [0m[0;30;47m [0m[0;30;47m [0m[0;30;47m [0m[0;30;47m [0m[0;30;47m [0m[0;30;47m [0m[0;30;47m [0m[0;30;47m [0m[0;30;47m [0m[0;30;47m [0m[0;30;47m [0m[0;30;47m [0m[0;30;47m [0m[0;30;47m [0m[0;30;47m [0m[0;30;47m [0m[0;30;47m [0m[0;30;47m [0m[0;30;47m [0m[0;30;47m [0m[0;30;47m [0m[0;30;47m [0m[0;30;47m [0m[0;30;47m [0m[0;30;47m [0m[0;30;47m [0m[0;30;47m [0m[0;30;47m [0m[0;30;47m [0m[0;30;47m [0m[0;30;47m [0m[0;30;47m [0m[0;30;47m [0m[0;30;47m [0m[0;30;47m [0m[0;30;47m [0m[0;30;47m [0m[0;30;47m [0m[0;30;47m [0m[0;30;47m [0m[0;30;47m [0m[0;30;47m [0m[0;30;47m [0m[0;30;47m [0m[0;34;46m~[0m
[0;34;46m~[0m[0;34;46m~[0m[0;34;46m~[0m[0;34;46m~[0m[0;34;46m~[0m[0;34;46m~[0m[0;34;46m~[0m[0;34;46m~[0m[0;34;46m~[0m[0;34;46m~[0m[0;34;46m~[0m[0;34;46m~[0m[0;34;46m~[0m[0;34;46m~[0m[0;34;46m~[0m[0;34;46m~[0m[0;34;46m~[0m[0;34;46m~[0m[0;34;46m~[0m[0;34;46m~[0m[0;34;46m~[0m[0;34;46m~[0m[0;34;46m~[0m[0;34;46m~[0m[0;34;46m~[0m[0;34;46m~[0m[0;34;46m~[0m[0;34;46m~[0m[0;34;46m~[0m[0;34;46m~[0m[0;34;46m~[0m[0;34;46m~[0m[0;34;46m~[0m[0;34;46m~[0m[0;34;46m~[0m[0;34;46m~[0m[0;34;46m~[0m[0;34;46m~[0m[0;34;46m~[0m[0;34;46m~[0m[0;34;46m~[0m[0;34;46m~[0m[0;34;46m~[0m[0;34;46m~[0m[0;34;46m~[0m[0;34;46m~[0m[0;34;46m~[0m[0;34;46m~[0m[0;34;46m~[0m[0;34;46m~[0m[0;34;46m~[0m[0;34;46m~[0m[0;34;46m~[0m[0;34;46m~[0m[0;34;46m~[0m[0;34;46m~[0m[0;34;46m~[0m[0;34;46m~[0m[0;34;46m~[0m[0;34;46m~[0m[0;34;46m~[0m[0;34;46m~[0m[0;34;46m~[0m[0;34;46m~[0m[0;34;46m~[0m[0;34;46m~[0m[0;34;46m~[0m[0;34;46m~[0m[0;34;46m~[0m[0;34;46m~[0m[0;34;46m~[0m[0;34;46m~[0m[0;34;46m~[0m[0;34;46m~[0m[0;34;46m~[0m[0;34;46m~[0m[0;34;46m~[0m[0;34;46m~[0m[0;34;46m~[0m[0;34;46m~[0m[0;34;46m~[0m[0;34;46m~[0m[0;34;46m~[0m[0;34;46m~[0m[0;34;46m~[0m[0;34;46m~[0m[0;34;46m~[0m[0;34;46m~[0m[0;34;46m~[0m[0;34;46m~[0m[0;34;46m~[0m[0;34;46m~[0m[0;34;46m~[0m[0;34;46m~[0m[0;34;46m~[0m[0;34;46m~[0m[0;34;46m~[0m[0;34;46m~[0m[0;34;46m~[0m[0;34;46m~[0m[0;34;46m~[0m[0;34;46m~[0m[0;34;46m~[0m[0;34;46m~[0m[0;34;46m~[0m[0;34;46m~[0m[0;34;46m~[0m[0;34;46m~[0m[0;34;46m~[0m[0;34;46m~[0m
[0;34;46m~[0m[0;30;47m [0m[0;30;47m [0m[0;30;47mC[0m[0;30;47mo[0m[0;30;47mm[0m[0;30;47mm[0m[0;30;47ma[0m[0;30;47mn[0m[0;30;47md[0m[0;30;47ms[0m[0;30;47m:[0m[0;30;47m [0m[0;30;47mm[0m[0;30;47mo[0m[0;30;47mv[0m[0;30;47me[0m[0;30;47m([0m[0;30;47mm[0m[0;30;47m)[0m[0;30;47m [0m[0;30;47m[[0m[0;30;47md[0m[0;30;47mi[0m[0;30;47mr[0m[0;30;47m][0m[0;30;47m [0m[0;30;47m|[0m[0;30;47m [0m[0;30;47mt[0m[0;30;47ma[0m[0;30;47mk[0m[0;30;47me[0m[0;30;47m([0m[0;30;47mt[0m[0;30;47m)[0m[0;30;47m [0m[0;30;47m[[0m[0;30;47mo[0m[0;30;47mb[0m[0;30;47mj[0m[0;30;47m][0m[0;30;47m [0m[0;30;47m|[0m[0;30;47m [0m[0;30;47md[0m[0;30;47mr[0m[0;30;47mo[0m[0;30;47mp[0m[0;30;47m([0m[0;30;47md[0m[0;30;47m)[0m[0;30;47m [0m[0;30;47m[[0m[0;30;47mo[0m[0;30;47mb[0m[0;30;47mj[0m[0;30;47m][0m[0;30;47m [0m[0;30;47m|[0m[0;30;47m [0m[0;30;47ma[0m[0;30;47mt[0m[0;30;47mt[0m[0;30;47ma[0m[0;30;47mc[0m[0;30;47mk[0m[0;30;47m([0m[0;30;47ma[0m[0;30;47m)[0m[0;30;47m [0m[0;30;47m|[0m[0;30;47m [0m[0;30;47mc[0m[0;30;47mh[0m[0;30;47ma[0m[0;30;47mt[0m[0;30;47m([0m[0;30;47mc[0m[0;30;47m)[0m[0;30;47m [0m[0;30;47m|[0m[0;30;47m [0m[0;30;47mr[0m[0;30;47me[0m[0;30;47mc[0m[0;30;47mr[0m[0;30;47mu[0m[0;30;47mi[0m[0;30;47mt[0m[0;30;47m([0m[0;30;47mr[0m[0;30;47m)[0m[0;30;47m [0m[0;30;47m[[0m[0;30;47mc[0m[0;30;47mh[0m[0;30;47ma[0m[0;30;47mr[0m[0;30;47m][0m[0;30;47m [0m[0;30;47m [0m[0;30;47m [0m[0;30;47m [0m[0;30;47m [0m[0;30;47m [0m[0;30;47m [0m[0;30;47m [0m[0;30;47m [0m[0;34;46m~[0m
[0;34;46m~[0m[0;30;47m [0m[0;30;47m [0m[0;30;47mi[0m[0;30;47mn[0m[0;30;47ms[0m[0;30;47mp[0m[0;30;47me[0m[0;30;47mc[0m[0;30;47mt[0m[0;30;47m([0m[0;30;47mi[0m[0;30;47m)[0m[0;30;47m [0m[0;30;47m[[0m[0;30;47mo[0m[0;30;47mb[0m[0;30;47mj[0m[0;30;47m][0m[0;30;47m [0m[0;30;47m|[0m[0;30;47m [0m[0;30;47mu[0m[0;30;47ms[0m[0;30;47me[0m[0;30;47m([0m[0;30;47mu[0m[0;30;47m)[0m[0;30;47m [0m[0;30;47m[[0m[0;30;47mo[0m[0;30;47mb[0m[0;30;47mj[0m[0;30;47m][0m[0;30;47m [0m[0;30;47m|[0m[0;30;47m [0m[0;30;47mo[0m[0;30;47mp[0m[0;30;47me[0m[0;30;47mn[0m[0;30;47m([0m[0;30;47mo[0m[0;30;47m)[0m[0;30;47m [0m[0;30;47m[[0m[0;30;47ml[0m[0;30;47mn[0m[0;30;47mk[0m[0;30;47m][0m[0;30;47m [0m[0;30;47mw[0m[0;30;47mi[0m[0;30;47mt[0m[0;30;47mh[0m[0;30;47m [0m[0;30;47m[[0m[0;30;47mo[0m[0;30;47mb[0m[0;30;47mj[0m[0;30;47m][0m[0;30;47m [0m[0;30;47m|[0m[0;30;47m [0m[0;30;47mt[0m[0;30;47mp[0m[0;30;47m [0m[0;30;47m[[0m[0;30;47mr[0m[0;30;47mo[0m[0;30;47mo[0m[0;30;47mm[0m[0;30;47m][0m[0;30;47m [0m[0;30;47m|[0m[0;30;47m [0m[0;30;47me[0m[0;30;47mx[0m[0;30;47mi[0m[0;30;47mt[0m[0;30;47m([0m[0;30;47me[0m[0;30;47m)[0m[0;30;47m [0m[0;30;47m|[0m[0;30;47m [0m[0;30;47ma[0m[0;30;47mb[0m[0;30;47ma[0m[0;30;47mn[0m[0;30;47md[0m[0;30;47mo[0m[0;30;47mn[0m[0;30;47m([0m[0;30;47mf[0m[0;30;47m)[0m[0;30;47m [0m[0;30;47m[[0m[0;30;47mc[0m[0;30;47mh[0m[0;30;47ma[0m[0;30;47mr[0m[0;30;47m][0m[0;30;47m [0m[0;30;47m [0m[0;30;47m [0m[0;30;47m [0m[0;30;47m [0m[0;30;47m [0m[0;34;46m~[0m
[0;34;46m~[0m[0;34;46m~[0m[0;34;46m~[0m[0;34;46m~[0m[0;34;46m~[0m[0;34;46m~[0m[0;34;46m~[0m[0;34;46m~[0m[0;34;46m~[0m[0;34;46m~[0m[0;34;46m~[0m[0;34;46m~[0m[0;34;46m~[0m[0;34;46m~[0m[0;34;46m~[0m[0;34;46m~[0m[0;34;46m~[0m[0;34;46m~[0m[0;34;46m~[0m[0;34;46m~[0m[0;34;46m~[0m[0;34;46m~[0m[0;34;46m~[0m[0;34;46m~[0m[0;34;46m~[0m[0;34;46m~[0m[0;34;46m~[0m[0;34;46m~[0m[0;34;46m~[0m[0;34;46m~[0m[0;34;46m~[0m[0;34;46m~[0m[0;34;46m~[0m[0;34;46m~[0m[0;34;46m~[0m[0;34;46m~[0m[0;34;46m~[0m[0;34;46m~[0m[0;34;46m~[0m[0;34;46m~[0m[0;34;46m~[0m[0;34;46m~[0m[0;34;46m~[0m[0;34;46m~[0m[0;34;46m~[0m[0;34;46m~[0m[0;34;46m~[0m[0;34;46m~[0m[0;34;46m~[0m[0;34;46m~[0m[0;34;46m~[0m[0;34;46m~[0m[0;34;46m~[0m[0;34;46m~[0m[0;34;46m~[0m[0;34;46m~[0m[0;34;46m~[0m[0;34;46m~[0m[0;34;46m~[0m[0;34;46m~[0m[0;34;46m~[0m[0;34;46m~[0m[0;34;46m~[0m[0;34;46m~[0m[0;34;46m~[0m[0;34;46m~[0m[0;34;46m~[0m[0;34;46m~[0m[0;34;46m~[0m[0;34;46m~[0m[0;34;46m~[0m[0;34;46m~[0m[0;34;46m~[0m[0;34;46m~[0m[0;34;46m~[0m[0;34;46m~[0m[0;34;46m~[0m[0;34;46m~[0m[0;34;46m~[0m[0;34;46m~[0m[0;34;46m~[0m[0;34;46m~[0m[0;34;46m~[0m[0;34;46m~[0m[0;34;46m~[0m[0;34;46m~[0m[0;34;46m~[0m[0;34;46m~[0m[0;34;46m~[0m[0;34;46m~[0m[0;34;46m~[0m[0;34;46m~[0m[0;34;46m~[0m[0;34;46m~[0m[0;34;46m~[0m[0;34;46m~[0m[0;34;46m~[0m[0;34;46m~[0m[0;34;46m~[0m[0;34;46m~[0m[0;34;46m~[0m[0;34;46m~[0m[0;34;46m~[0m[0;34;46m~[0m[0;34;46m~[0m[0;34;46m~[0m[0;34;46m~[0m[0;34;46m~[0m[0;34;46m~[0m[0;34;46m~[0m
[0;34;46m~[0m[0;30;47m [0m[0;30;47m [0m[0;30;47m [0m[0;30;47m [0m[0;30;47m [0m[0;30;47m [0m[0;30;47m [0m[0;30;47m [0m[0;30;47m [0m[0;30;47m [0m[0;30;47m [0m[0;30;47m [0m[0;30;47m [0m[0;30;47m [0m[0;30;47m [0m[0;30;47m [0m[0;30;47m [0m[0;30;47m [0m[0;30;47m [0m[0;30;47m [0m[0;30;47m [0m[0;30;47m [0m[0;30;47m [0m[0;30;47m [0m[0;30;47m [0m[0;30;47m [0m[0;30;47m [0m[0;30;47m [0m[0;30;47m [0m[0;30;47m [0m[0;30;47m [0m[0;30;47m [0m[0;30;47m [0m[0;30;47m [0m[0;30;47m [0m[0;30;47m [0m[0;30;47m [0m[0;30;47m [0m[0;30;47m [0m[0;30;47m [0m[0;30;47m [0m[0;30;47m [0m[0;30;47m [0m[0;30;47m [0m[0;30;47m [0m[0;30;47m [0m[0;30;47m [0m[0;30;47m [0m[0;30;47m [0m[0;30;47m [0m[0;30;47m [0m[0;30;47m [0m[0;30;47m [0m[0;30;47m [0m[0;30;47m [0m[0;30;47m [0m[0;30;47m [0m[0;30;47m [0m[0;30;47m [0m[0;30;47m [0m[0;30;47m [0m[0;30;47m [0m[0;30;47m [0m[0;30;47m [0m[0;30;47m [0m[0;30;47m [0m[0;30;47m [0m[0;30;47m [0m[0;30;47m [0m[0;30;47m [0m[0;30;47m [0m[0;30;47m [0m[0;30;47m [0m[0;30;47m [0m[0;30;47m [0m[0;30;47m [0m[0;30;47m [0m[0;30;47m [0m[0;30;47m [0m[0;30;47m [0m[0;30;47m [0m[0;30;47m [0m[0;30;47m [0m[0;30;47m [0m[0;30;47m [0m[0;30;47m [0m[0;30;47m [0m[0;30;47m [0m[0;30;47m [0m[0;30;47m [0m[0;30;47m [0m[0;30;47m [0m[0;30;47m [0m[0;30;47m [0m[0;30;47m [0m[0;30;47m [0m[0;30;47m [0m[0;30;47m [0m[0;30;47m [0m[0;30;47m [0m[0;30;47m [0m[0;30;47m [0m[0;30;47m [0m[0;30;47m [0m[0;30;47m [0m[0;30;47m [0m[0;30;47m [0m[0;30;47m [0m[0;34;46m~[0m
[0;34;46m~[0m[0;30;47m [0m[0;30;47m [0m[0;30;47m [0m[0;30;47m [0m[0;30;47m [0m[0;30;47m [0m[0;30;47m [0m[0;30;47m [0m[0;30;47m [0m[0;30;47m [0m[0;30;47m [0m[0;30;47m [0m[0;30;47m [0m[0;30;47m [0m[0;30;47m [0m[0;30;47m [0m[0;30;47m [0m[0;30;47m [0m[0;30;47m [0m[0;30;47m [0m[0;30;47m [0m[0;30;47m [0m[0;30;47m [0m[0;30;47m [0m[0;30;47m [0m[0;30;47m [0m[0;30;47m [0m[0;30;47m [0m[0;30;47m [0m[0;30;47m [0m[0;30;47m [0m[0;30;47m [0m[0;30;47m [0m[0;30;47m [0m[0;30;47m [0m[0;30;47m [0m[0;30;47m [0m[0;30;47m [0m[0;30;47m [0m[0;30;47m [0m[0;30;47m [0m[0;30;47m [0m[0;30;47m [0m[0;30;47m [0m[0;30;47m [0m[0;30;47m [0m[0;30;47m [0m[0;30;47m [0m[0;30;47m [0m[0;30;47m [0m[0;30;47m [0m[0;30;47m [0m[0;30;47m [0m[0;30;47m [0m[0;30;47m [0m[0;30;47m [0m[0;30;47m [0m[0;30;47m [0m[0;30;47m [0m[0;30;47m [0m[0;30;47m [0m[0;30;47m [0m[0;30;47m [0m[0;30;47m [0m[0;30;47m [0m[0;30;47m [0m[0;30;47m [0m[0;30;47m [0m[0;30;47m [0m[0;30;47m [0m[0;30;47m [0m[0;30;47m [0m[0;30;47m [0m[0;30;47m [0m[0;30;47m [0m[0;30;47m [0m[0;30;47m [0m[0;30;47m [0m[0;30;47m [0m[0;30;47m [0m[0;30;47m [0m[0;30;47m [0m[0;30;47m [0m[0;30;47m [0m[0;30;47m [0m[0;30;47m [0m[0;30;47m [0m[0;30;47m [0m[0;30;47m [0m[0;30;47m [0m[0;30;47m [0m[0;30;47m [0m[0;30;47m [0m[0;30;47m [0m[0;30;47m [0m[0;30;47m [0m[0;30;47m [0m[0;30;47m [0m[0;30;47m [0m[0;30;47m [0m[0;30;47m [0m[0;30;47m [0m[0;30;47m [0m[0;30;47m [0m[0;30;47m [0m[0;30;47m [0m[0;30;47m [0m[0;30;47m [0m[0;34;46m~[0m
[0;34;46m~[0m[0;30;47m [0m[0;30;47m [0m[0;30;47m [0m[0;30;47m [0m[0;30;47m [0m[0;30;47m [0m[0;30;47m [0m[0;30;47m [0m[0;30;47m [0m[0;30;47m [0m[0;30;47m [0m[0;30;47m [0m[0;30;47m [0m[0;30;47m [0m[0;30;47m [0m[0;30;47m [0m[0;30;47m [0m[0;30;47m [0m[0;30;47m [0m[0;30;47m [0m[0;30;47m [0m[0;30;47m [0m[0;30;47m [0m[0;30;47m [0m[0;30;47m [0m[0;30;47m [0m[0;30;47m [0m[0;30;47m [0m[0;30;47m [0m[0;30;47m [0m[0;30;47m [0m[0;30;47m [0m[0;30;47m [0m[0;30;47m [0m[0;30;47m [0m[0;30;47m [0m[0;30;47m [0m[0;30;47m [0m[0;30;47m [0m[0;30;47m [0m[0;30;47m [0m[0;30;47m [0m[0;30;47m [0m[0;30;47m [0m[0;30;47m [0m[0;30;47m [0m[0;30;47m [0m[0;30;47m [0m[0;30;47m [0m[0;30;47m [0m[0;30;47m [0m[0;30;47m [0m[0;30;47m [0m[0;30;47m [0m[0;30;47m [0m[0;30;47m [0m[0;30;47m [0m[0;30;47m [0m[0;30;47m [0m[0;30;47m [0m[0;30;47m [0m[0;30;47m [0m[0;30;47m [0m[0;30;47m [0m[0;30;47m [0m[0;30;47m [0m[0;30;47m [0m[0;30;47m [0m[0;30;47m [0m[0;30;47m [0m[0;30;47m [0m[0;30;47m [0m[0;30;47m [0m[0;30;47m [0m[0;30;47m [0m[0;30;47m [0m[0;30;47m [0m[0;30;47m [0m[0;30;47m [0m[0;30;47m [0m[0;30;47m [0m[0;30;47m [0m[0;30;47m [0m[0;30;47m [0m[0;30;47m [0m[0;30;47m [0m[0;30;47m [0m[0;30;47m [0m[0;30;47m [0m[0;30;47m [0m[0;30;47m [0m[0;30;47m [0m[0;30;47m [0m[0;30;47m [0m[0;30;47m [0m[0;30;47m [0m[0;30;47m [0m[0;30;47m [0m[0;30;47m [0m[0;30;47m [0m[0;30;47m [0m[0;30;47m [0m[0;30;47m [0m[0;30;47m [0m[0;30;47m [0m[0;30;47m [0m[0;30;47m [0m[0;30;47m [0m[0;34;46m~[0m
prompt:> [2J
[0;34;46m~[0m[0;34;46m~[0m[0;34;46m~[0m[0;34;46m~[0m[0;34;46m~[0m[0;34;46m~[0m[0;34;46m~[0m[0;34;46m~[0m[0;34;46m~[0m[0;34;46m~[0m[0;34;46m~[0m[0;34;46m~[0m[0;34;46m~[0m[0;34;46m~[0m[0;34;46m~[0m[0;34;46m~[0m[0;34;46m~[0m[0;34;46m~[0m[0;34;46m~[0m[0;34;46m~[0m[0;34;46m~[0m[0;34;46m~[0m[0;34;46m~[0m[0;34;46m~[0m[0;34;46m~[0m[0;34;46m~[0m[0;34;46m~[0m[0;34;46m~[0m[0;34;46m~[0m[0;34;46m~[0m[0;34;46m~[0m[0;34;46m~[0m[0;34;46m~[0m[0;34;46m~[0m[0;34;46m~[0m[0;34;46m~[0m[0;34;46m~[0m[0;34;46m~[0m[0;34;46m~[0m[0;34;46m~[0m[0;34;46m~[0m[0;34;46m~[0m[0;34;46m~[0m[0;34;46m~[0m[0;34;46m~[0m[0;34;46m~[0m[0;34;46m~[0m[0;34;46m~[0m[0;34;46m~[0m[0;34;46m~[0m[0;34;46m~[0m[0;34;46m~[0m[0;34;46m~[0m[0;34;46m~[0m[0;34;46m~[0m[0;34;46m~[0m[0;34;46m~[0m[0;34;46m~[0m[0;34;46m~[0m[0;34;46m~[0m[0;34;46m~[0m[0;34;46m~[0m[0;34;46m~[0m[0;34;46m~[0m[0;34;46m~[0m[0;34;46m~[0m[0;34;46m~[0m[0;34;46m~[0m[0;34;46m~[0m[0;34;46m~[0m[0;34;46m~[0m[0;34;46m~[0m[0;34;46m~[0m[0;34;46m~[0m[0;34;46m~[0m[0;34;46m~[0m[0;34;46m~[0m[0;34;46m~[0m[0;34;46m~[0m[0;34;46m~[0m[0;34;46m~[0m[0;34;46m~[0m[0;34;46m~[0m[0;34;46m~[0m[0;34;46m~[0m[0;34;46m~[0m[0;34;46m~[0m[0;34;46m~[0m[0;34;46m~[0m[0;34;46m~[0m[0;34;46m~[0m[0;34;46m~[0m[0;34;46m~[0m[0;34;46m~[0m[0;34;46m~[0m[0;34;46m~[0m[0;34;46m~[0m[0;34;46m~[0m[0;34;46m~[0m[0;34;46m~[0m[0;34;46m~[0m[0;34;46m~[0m[0;34;46m~[0m[0;34;46m~[0m[0;34;46m~[0m[0;34;46m~[0m[0;34;46m~[0m[0;34;46m~[0m[0;34;46m~[0m[0;34;46m~[0m
[0;34;46m~[0m[0;30;47m [0m[0;30;47m [0m[0;30;47m [0m[0;30;47m [0m[0;30;47m [0m[0;30;47m [0m[0;30;47m [0m[0;30;47m [0m[0;30;47m [0m[0;30;47m [0m[0;30;47m [0m[0;30;47m [0m[0;30;47m [0m[0;30;47m [0m[0;30;47m [0m[0;30;47m [0m[0;30;47m [0m[0;30;47m [0m[0;30;47m [0m[0;30;47m [0m[0;30;47m [0m[0;30;47m|[0m[0;30;47m [0m[0;30;47m [0m[0;30;47m [0m[0;30;47m [0m[0;30;47m[[0m[0;30;47m [0m[0;30;47m [0m[0;30;47m [0m[0;30;47m][0m[0;30;47m [0m[0;30;47m [0m[0;30;47m [0m[0;30;47m [0m[0;30;47m [0m[0;30;47m [0m[0;30;47m|[0m[0;30;47m [0m[0;30;47m [0m[0;30;47m [0m[0;30;47m [0m[0;30;47m [0m[0;30;47m [0m[0;30;47m [0m[0;30;47m [0m[0;30;47m [0m[0;30;47m [0m[0;30;47m [0m[0;30;47m [0m[0;30;47m [0m[0;30;47m [0m[0;30;47m [0m[0;30;47m [0m[0;30;47m [0m[0;30;47m [0m[0;30;47m [0m[0;30;47m [0m[0;30;47m [0m[0;30;47m [0m[0;30;47m [0m[0;30;47m [0m[0;34;46m~[0m[0;30;47m [0m[0;30;47m [0m[0;30;47m=[0m[0;30;47m=[0m[0;30;47m=[0m[0;30;47m=[0m[0;30;47m=[0m[0;30;47m=[0m[0;30;47m=[0m[0;30;47m=[0m[0;30;47m=[0m[0;30;47m=[0m[0;30;47m=[0m[0;30;47m=[0m[0;30;47m=[0m[0;30;47m=[0m[0;30;47m=[0m[0;30;47m=[0m[0;30;47m=[0m[0;30;47m=[0m[0;30;47m=[0m[0;30;47m=[0m[0;30;47m=[0m[0;30;47m=[0m[0;30;47m=[0m[0;30;47m=[0m[0;30;47m=[0m[0;30;47m=[0m[0;30;47m=[0m[0;30;47m=[0m[0;30;47m=[0m[0;30;47m=[0m[0;30;47m=[0m[0;30;47m=[0m[0;30;47m=[0m[0;30;47m=[0m[0;30;47m=[0m[0;30;47m=[0m[0;30;47m=[0m[0;30;47m=[0m[0;30;47m=[0m[0;30;47m=[0m[0;30;47m=[0m[0;30;47m [0m[0;30;47m [0m[0;34;46m~[0m
[0;34;46m~[0m[0;30;47m [0m[0;30;47m [0m[0;30;47m [0m[0;30;47m [0m[0;30;47m [0m[0;30;47m [0m[0;30;47m [0m[0;30;47m [0m[0;30;47m [0m[0;30;47m [0m[0;30;47m [0m[0;30;47m [0m[0;30;47m [0m[0;30;47m [0m[0;30;47m [0m[0;30;47m [0m[0;30;47m [0m[0;30;47m [0m[0;30;47m [0m[0;30;47m [0m[0;30;47m [0m[0;30;47m|[0m[0;30;47m [0m[0;30;47m [0m[0;30;47m [0m[0;30;47m [0m[0;30;47m'[0m[0;30;47m=[0m[0;30;47m=[0m[0;30;47m=[0m[0;30;47m'[0m[0;30;47m [0m[0;30;47m [0m[0;30;47m [0m[0;30;47m [0m[0;30;47m [0m[0;30;47m [0m[0;30;47m|[0m[0;30;47m [0m[0;30;47m [0m[0;30;47m [0m[0;30;47m [0m[0;30;47m [0m[0;30;47m [0m[0;30;47m [0m[0;30;47m [0m[0;30;47m [0m[0;30;47m [0m[0;30;47m [0m[0;30;47m [0m[0;30;47m [0m[0;30;47m [0m[0;30;47m [0m[0;30;47m [0m[0;30;47m [0m[0;30;47m [0m[0;30;47m [0m[0;30;47m [0m[0;30;47m [0m[0;30;47m [0m[0;30;47m [0m[0;30;47m [0m[0;34;46m~[0m[0;30;47m [0m[0;30;47m [0m[0;30;47m [0m[0;30;47m [0m[0;30;47mP[0m[0;30;47mL[0m[0;30;47mA[0m[0;30;47mY[0m[0;30;47mE[0m[0;30;47mR[0m[0;30;47m [0m[0;30;47m1[0m[0;30;47m [0m[0;30;47mS[0m[0;30;47mT[0m[0;30;47mA[0m[0;30;47mT[0m[0;30;47mU[0m[0;30;47mS[0m[0;30;47m [0m[0;30;47m [0m[0;30;47m [0m[0;30;47m|[0m[0;30;47m [0m[0;30;47m [0m[0;30;47m [0m[0;30;47mH[0m[0;30;47mE[0m[0;30;47mA[0m[0;30;47mL[0m[0;30;47mT[0m[0;30;47mH[0m[0;30;47m:[0m[0;30;47m [0m[0;30;47m5[0m[0;30;47m [0m[0;30;47mp[0m[0;30;47mt[0m[0;30;47ms[0m[0;30;47m [0m[0;30;47m [0m[0;30;47m [0m[0;30;47m [0m[0;30;47m [0m[0;30;47m [0m[0;34;46m~[0m
[0;34;46m~[0m[0;30;47m [0m[0;30;47m [0m[0;30;47m [0m[0;30;47m [0m[0;30;47m [0m[0;30;47m [0m[0;30;47m [0m[0;30;47m [0m[0;30;47m [0m[0;30;47m [0m[0;30;47m [0m[0;30;47m [0m[0;30;47m [0m[0;30;47m [0m[0;30;47m [0m[0;30;47m [0m[0;30;47m [0m[0;30;47m [0m[0;30;47m [0m[0;30;47m [0m[0;30;47m [0m[0;30;47m|[0m[0;30;47mp[0m[0;30;47mo[0m[0;30;47mr[0m[0;30;47mt[0m[0;30;47ma[0m[0;30;47ml[0m[0;30;47m [0m[0;30;47m [0m[0;30;47m [0m[0;30;47m [0m[0;30;47m [0m[0;30;47m [0m[0;30;47m [0m[0;30;47m [0m[0;30;47m [0m[0;30;47m|[0m[0;30;47m [0m[0;30;47m [0m[0;30;47m [0m[0;30;47m [0m[0;30;47m [0m[0;30;47m [0m[0;30;47m [0m[0;30;47m [0m[0;30;47m [0m[0;30;47m [0m[0;30;47m [0m[0;30;47m [0m[0;30;47m [0m[0;30;47m [0m[0;30;47m [0m[0;30;47m [0m[0;30;47m [0m[0;30;47m [0m[0;30;47m [0m[0;30;47m [0m[0;30;47m [0m[0;30;47m [0m[0;30;47m [0m[0;30;47m [0m[0;34;46m~[0m[0;30;47m [0m[0;30;47m [0m[0;30;47m=[0m[0;30;47m=[0m[0;30;47m=[0m[0;30;47m=[0m[0;30;47m=[0m[0;30;47m=[0m[0;30;47m=[0m[0;30;47m=[0m[0;30;47m=[0m[0;30;47m=[0m[0;30;47m=[0m[0;30;47m=[0m[0;30;47m=[0m[0;30;47m=[0m[0;30;47m=[0m[0;30;47m=[0m[0;30;47m=[0m[0;30;47m=[0m[0;30;47m=[0m[0;30;47m=[0m[0;30;47m=[0m[0;30;47m=[0m[0;30;47m=[0m[0;30;47m=[0m[0;30;47m=[0m[0;30;47m=[0m[0;30;47m=[0m[0;30;47m=[0m[0;30;47m=[0m[0;30;47m=[0m[0;30;47m=[0m[0;30;47m=[0m[0;30;47m=[0m[0;30;47m=[0m[0;30;47m=[0m[0;30;47m=[0m[0;30;47m=[0m[0;30;47m=[0m[0;30;47m=[0m[0;30;47m=[0m[0;30;47m=[0m[0;30;47m [0m[0;30;47m [0m[0;34;46m~[0m
[0;34;46m~[0m[0;30;47m [0m[0;30;47m [0m[0;30;47m [0m[0;30;47m [0m[0;30;47m [0m[0;30;47m [0m[0;30;47m [0m[0;30;47m [0m[0;30;47m [0m[0;30;47m [0m[0;30;47m [0m[0;30;47m [0m[0;30;47m [0m[0;30;47m [0m[0;30;47m [0m[0;30;47m [0m[0;30;47m [0m[0;30;47m [0m[0;30;47m [0m[0;30;47m [0m[0;30;47m [0m[0;30;47m+[0m[0;30;47m-[0m[0;30;47m-[0m[0;30;47m-[0m[0;30;47m-[0m[0;30;47m-[0m[0;30;47m-[0m[0;30;47m-[0m[0;30;47m-[0m[0;30;47m-[0m[0;30;47m-[0m[0;30;47m-[0m[0;30;47m-[0m[0;30;47m-[0m[0;30;47m-[0m[0;30;47m-[0m[0;30;47m+[0m[0;30;47m [0m[0;30;47m [0m[0;30;47m [0m[0;30;47m [0m[0;30;47m [0m[0;30;47m [0m[0;30;47m [0m[0;30;47m [0m[0;30;47m [0m[0;30;47m [0m[0;30;47m [0m[0;30;47m [0m[0;30;47m [0m[0;30;47m [0m[0;30;47m [0m[0;30;47m [0m[0;30;47m [0m[0;30;47m [0m[0;30;47m [0m[0;30;47m [0m[0;30;47m [0m[0;30;47m [0m[0;30;47m [0m[0;30;47m [0m[0;34;46m~[0m[0;30;47m [0m[0;30;47m [0m[0;30;47m>[0m[0;30;47m [0m[0;30;47mC[0m[0;30;47mu[0m[0;30;47mr[0m[0;30;47mr[0m[0;30;47me[0m[0;30;47mn[0m[0;30;47mt[0m[0;30;47m [0m[0;30;47mL[0m[0;30;47mo[0m[0;30;47mc[0m[0;30;47ma[0m[0;30;47mt[0m[0;30;47mi[0m[0;30;47mo[0m[0;30;47mn[0m[0;30;47m [0m[0;30;47m:[0m[0;30;47m [0m[0;30;47m1[0m[0;30;47m2[0m[0;30;47m [0m[0;30;47m([0m[0;30;47mp[0m[0;30;47ma[0m[0;30;47mt[0m[0;30;47mh[0m[0;30;47m)[0m[0;30;47m [0m[0;30;47m [0m[0;30;47m [0m[0;30;47m [0m[0;30;47m [0m[0;30;47m [0m[0;30;47m [0m[0;30;47m [0m[0;30;47m [0m[0;30;47m [0m[0;30;47m [0m[0;30;47m [0m[0;30;47m [0m[0;34;46m~[0m
[0;34;46m~[0m[0;30;47m [0m[0;30;47m [0m[0;30;47m [0m[0;30;47m [0m[0;30;47m [0m[0;30;47m [0m[0;30;47m [0m[0;30;47m [0m[0;30;47m [0m[0;30;47m [0m[0;30;47m [0m[0;30;47m [0m[0;30;47m [0m[0;30;47m [0m[0;30;47m [0m[0;30;47m [0m[0;30;47m [0m[0;30;47m [0m[0;30;47m [0m[0;30;47m [0m[0;30;47m [0m[0;30;47m [0m[0;30;47m [0m[0;30;47m [0m[0;30;47m [0m[0;30;47m [0m[0;30;47m [0m[0;30;47m [0m[0;30;47m [0m[0;30;47m^[0m[0;30;47m [0m[0;30;47m [0m[0;30;47m [0m[0;30;47m [0m[0;30;47m [0m[0;30;47m [0m[0;30;47m [0m[0;30;47m [0m[0;30;47m [0m[0;30;47m [0m[0;30;47m [0m[0;30;47m [0m[0;30;47m [0m[0;30;47m [0m[0;30;47m [0m[0;30;47m [0m[0;30;47m [0m[0;30;47m [0m[0;30;47m [0m[0;30;47m [0m[0;30;47m [0m[0;30;47m [0m[0;30;47m [0m[0;30;47m [0m[0;30;47m [0m[0;30;47m [0m[0;30;47m [0m[0;30;47m [0m[0;30;47m [0m[0;30;47m [0m[0;30;47m [0m[0;30;47m [0m[0;34;46m~[0m[0;30;47m [0m[0;30;47m [0m[0;30;47m>[0m[0;30;47m [0m[0;30;47mB[0m[0;30;47ma[0m[0;30;47mc[0m[0;30;47mk[0m[0;30;47mp[0m[0;30;47ma[0m[0;30;47mc[0m[0;30;47mk[0m[0;30;47m [0m[0;30;47m [0m[0;30;47m [0m[0;30;47m [0m[0;30;47m [0m[0;30;47m [0m[0;30;47m [0m[0;30;47m:[0m[0;30;47m [0m[0;30;47md[0m[0;30;47mi[0m[0;30;47mr[0m[0;30;47mk[0m[0;30;47m [0m[0;30;47m [0m[0;30;47m [0m[0;30;47m [0m[0;30;47m [0m[0;30;47m [0m[0;30;47m [0m[0;30;47m [0m[0;30;47m [0m[0;30;47m [0m[0;30;47m [0m[0;30;47m [0m[0;30;47m [0m[0;30;47m [0m[0;30;47m [0m[0;30;47m [0m[0;30;47m [0m[0;30;47m [0m[0;30;47m [0m[0;30;47m [0m[0;34;46m~[0m
[0;34;46m~[0m[0;30;47m [0m[0;30;47m [0m[0;30;47m [0m[0;30;47m [0m[0;30;47m [0m[0;30;47m [0m[0;30;47m [0m[0;30;47m [0m[0;30;47m [0m[0;30;47m [0m[0;30;47m [0m[0;30;47m [0m[0;30;47m [0m[0;30;47m [0m[0;30;47m [0m[0;30;47m [0m[0;30;47m [0m[0;30;47m [0m[0;30;47m [0m[0;30;47m [0m[0;30;47m [0m[0;30;47m+[0m[0;30;47m-[0m[0;30;47m-[0m[0;30;47m-[0m[0;30;47m-[0m[0;30;47m-[0m[0;30;47m-[0m[0;30;47m-[0m[0;30;47m-[0m[0;30;47m-[0m[0;30;47m-[0m[0;30;47m-[0m[0;30;47m-[0m[0;30;47m-[0m[0;30;47m-[0m[0;30;47m-[0m[0;30;47m+[0m[0;30;47m [0m[0;30;47m [0m[0;30;47m [0m[0;30;47m [0m[0;30;47m [0m[0;30;47m [0m[0;30;47m [0m[0;30;47m [0m[0;30;47m [0m[0;30;47m [0m[0;30;47m [0m[0;30;47m [0m[0;30;47m [0m[0;30;47m [0m[0;30;47m [0m[0;30;47m [0m[0;30;47m [0m[0;30;47m [0m[0;30;47m [0m[0;30;47m [0m[0;30;47m [0m[0;30;47m [0m[0;30;47m [0m[0;30;47m [0m[0;34;46m~[0m[0;30;47m [0m[0;30;47m [0m[0;30;47m-[0m[0;30;47m-[0m[0;30;47m-[0m[0;30;47m-[0m[0;30;47m-[0m[0;30;47m-[0m[0;30;47m-[0m[0;30;47m-[0m[0;30;47m-[0m[0;30;47m-[0m[0;30;47m-[0m[0;30;47m-[0m[0;30;47m-[0m[0;30;47m-[0m[0;30;47m-[0m[0;30;47m-[0m[0;30;47m-[0m[0;30;47m-[0m[0;30;47m-[0m[0;30;47m-[0m[0;30;47m-[0m[0;30;47m-[0m[0;30;47m-[0m[0;30;47m-[0m[0;30;47m-[0m[0;30;47m-[0m[0;30;47m-[0m[0;30;47m-[0m[0;30;47m-[0m[0;30;47m-[0m[0;30;47m-[0m[0;30;47m-[0m[0;30;47m-[0m[0;30;47m-[0m[0;30;47m-[0m[0;30;47m-[0m[0;30;47m-[0m[0;30;47m-[0m[0;30;47m-[0m[0;30;47m-[0m[0;30;47m-[0m[0;30;47m [0m[0;30;47m [0m[0;34;46m~[0m
[0;34;46m~[0m[0;30;47m [0m[0;30;47m [0m[0;30;47m [0m[0;30;47m [0m[0;30;47m [0m[0;30;47m [0m[0;30;47m [0m[0;30;47m [0m[0;30;47m [0m[0;30;47m [0m[0;30;47m [0m[0;30;47m [0m[0;30;47m [0m[0;30;47m [0m[0;30;47m [0m[0;30;47m [0m[0;30;47m [0m[0;30;47m [0m[0;30;47m [0m[0;30;47m [0m[0;30;47m [0m[0;30;47m|[0m[0;30;47m [0m[0;30;47m^[0m[0;30;47mE[0m[0;30;47m>[0m[0;30;47m [0m[0;30;47m [0m[0;30;47m\[0m[0;30;47mV[0m[0;30;47mo[0m[0;30;47m/[0m[0;30;47m [0m[0;30;47m [0m[0;30;47m [0m[0;30;47m1[0m[0;30;47m2[0m[0;30;47m|[0m[0;30;47m [0m[0;30;47m [0m[0;30;47m [0m[0;30;47m [0m[0;30;47m [0m[0;30;47m [0m[0;30;47m [0m[0;30;47m [0m[0;30;47m [0m[0;30;47m [0m[0;30;47m [0m[0;30;47m [0m[0;30;47m [0m[0;30;47m [0m[0;30;47m [0m[0;30;47m [0m[0;30;47m [0m[0;30;47m [0m[0;30;47m [0m[0;30;47m [0m[0;30;47m [0m[0;30;47m [0m[0;30;47m [0m[0;30;47m [0m[0;34;46m~[0m[0;30;47m [0m[0;30;47m [0m[0;30;47mV[0m[0;30;47mI[0m[0;30;47mS[0m[0;30;47mI[0m[0;30;47mB[0m[0;30;47mL[0m[0;30;47mE[0m[0;30;47m [0m[0;30;47mE[0m[0;30;47mN[0m[0;30;47mT[0m[0;30;47mI[0m[0;30;47mT[0m[0;30;47mI[0m[0;30;47mE[0m[0;30;47mS[0m[0;30;47m [0m[0;30;47m([0m[0;30;47mD[0m[0;30;47mi[0m[0;30;47ms[0m[0;30;47mc[0m[0;30;47mo[0m[0;30;47mv[0m[0;30;47me[0m[0;30;47mr[0m[0;30;47me[0m[0;30;47md[0m[0;30;47m [0m[0;30;47mS[0m[0;30;47mp[0m[0;30;47ma[0m[0;30;47mc[0m[0;30;47me[0m[0;30;47ms[0m[0;30;47m)[0m[0;30;47m:[0m[0;30;47m [0m[0;30;47m [0m[0;30;47m [0m[0;30;47m [0m[0;30;47m [0m[0;30;47m [0m[0;34;46m~[0m
[0;34;46m~[0m[0;30;47m [0m[0;30;47m [0m[0;30;47m [0m[0;30;47m [0m[0;30;47m [0m[0;30;47m [0m[0;30;47m [0m[0;30;47m [0m[0;30;47m [0m[0;30;47m [0m[0;30;47m [0m[0;30;47m [0m[0;30;47m [0m[0;30;47m [0m[0;30;47m [0m[0;30;47m [0m[0;30;47m [0m[0;30;47m [0m[0;30;47m [0m[0;30;47m [0m[0;30;47m [0m[0;30;47m|[0m[0;30;47m [0m[0;30;47m [0m[0;30;47m [0m[0;30;47m [0m[0;30;47m#[0m[0;30;47m_[0m[0;30;47m_[0m[0;30;47m_[0m[0;30;47m#[0m[0;30;47m [0m[0;30;47m [0m[0;30;47m [0m[0;30;47m [0m[0;30;47m [0m[0;30;47m [0m[0;30;47m|[0m[0;30;47m [0m[0;30;47m [0m[0;30;47m [0m[0;30;47m [0m[0;30;47m [0m[0;30;47m [0m[0;30;47m [0m[0;30;47m [0m[0;30;47m [0m[0;30;47m [0m[0;30;47m [0m[0;30;47m [0m[0;30;47m [0m[0;30;47m [0m[0;30;47m [0m[0;30;47m [0m[0;30;47m [0m[0;30;47m [0m[0;30;47m [0m[0;30;47m [0m[0;30;47m [0m[0;30;47m [0m[0;30;47m [0m[0;30;47m [0m[0;34;46m~[0m[0;30;47m [0m[0;30;47m [0m[0;30;47m [0m[0;30;47m[[0m[0;30;47mO[0m[0;30;47mb[0m[0;30;47mj[0m[0;30;47m][0m[0;30;47m [0m[0;30;47ml[0m[0;30;47mi[0m[0;30;47md[0m[0;30;47m [0m[0;30;47m [0m[0;30;47m [0m[0;30;47m [0m[0;30;47m [0m[0;30;47m [0m[0;30;47m [0m[0;30;47m [0m[0;30;47ma[0m[0;30;47mt[0m[0;30;47m [0m[0;30;47mS[0m[0;30;47mp[0m[0;30;47ma[0m[0;30;47mc[0m[0;30;47me[0m[0;30;47m [0m[0;30;47m1[0m[0;30;47m2[0m[0;30;47m [0m[0;30;47m([0m[0;30;47mp[0m[0;30;47ma[0m[0;30;47mt[0m[0;30;47mh[0m[0;30;47m)[0m[0;30;47m [0m[0;30;47m [0m[0;30;47m [0m[0;30;47m [0m[0;30;47m [0m[0;30;47m [0m[0;30;47m [0m[0;34;46m~[0m
[0;34;46m~[0m[0;30;47m [0m[0;30;47m [0m[0;30;47m [0m[0;30;47m [0m[0;30;47m [0m[0;30;47m [0m[0;30;47m [0m[0;30;47m [0m[0;30;47m [0m[0;30;47m [0m[0;30;47m [0m[0;30;47m [0m[0;30;47m [0m[0;30;47m [0m[0;30;47m [0m[0;30;47m [0m[0;30;47m [0m[0;30;47m [0m[0;30;47m [0m[0;30;47m [0m[0;30;47m [0m[0;30;47m|[0m[0;30;47m [0m[0;30;47m [0m[0;30;47m [0m[0;30;47m [0m[0;30;47m#[0m[0;30;47m_[0m[0;30;47m_[0m[0;30;47m_[0m[0;30;47m#[0m[0;30;47m [0m[0;30;47m [0m[0;30;47m [0m[0;30;47m [0m[0;30;47m [0m[0;30;47m [0m[0;30;47m|[0m[0;30;47m [0m[0;30;47m [0m[0;30;47m [0m[0;30;47m [0m[0;30;47m [0m[0;30;47m [0m[0;30;47m [0m[0;30;47m [0m[0;30;47m [0m[0;30;47m [0m[0;30;47m [0m[0;30;47m [0m[0;30;47m [0m[0;30;47m [0m[0;30;47m [0m[0;30;47m [0m[0;30;47m [0m[0;30;47m [0m[0;30;47m [0m[0;30;47m [0m[0;30;47m [0m[0;30;47m [0m[0;30;47m [0m[0;30;47m [0m[0;34;46m~[0m[0;30;47m [0m[0;30;47m [0m[0;30;47m [0m[0;30;47m[[0m[0;30;47mO[0m[0;30;47mb[0m[0;30;47mj[0m[0;30;47m][0m[0;30;47m [0m[0;30;47mm[0m[0;30;47ma[0m[0;30;47mi[0m[0;30;47ml[0m[0;30;47m [0m[0;30;47m [0m[0;30;47m [0m[0;30;47m [0m[0;30;47m [0m[0;30;47m [0m[0;30;47m [0m[0;30;47ma[0m[0;30;47mt[0m[0;30;47m [0m[0;30;47mS[0m[0;30;47mp[0m[0;30;47ma[0m[0;30;47mc[0m[0;30;47me[0m[0;30;47m [0m[0;30;47m1[0m[0;30;47m3[0m[0;30;47m [0m[0;30;47m([0m[0;30;47mh[0m[0;30;47ma[0m[0;30;47ml[0m[0;30;47ml[0m[0;30;47m)[0m[0;30;47m [0m[0;30;47m [0m[0;30;47m [0m[0;30;47m [0m[0;30;47m [0m[0;30;47m [0m[0;30;47m [0m[0;34;46m~[0m
[0;34;46m~[0m[0;30;47m [0m[0;30;47m [0m[0;30;47m [0m[0;30;47m [0m[0;30;47m [0m[0;30;47m [0m[0;30;47m [0m[0;30;47m [0m[0;30;47m [0m[0;30;47m [0m[0;30;47m [0m[0;30;47m [0m[0;30;47m [0m[0;30;47m [0m[0;30;47m [0m[0;30;47m [0m[0;30;47m [0m[0;30;47m [0m[0;30;47m [0m[0;30;47m<[0m[0;30;47m-[0m[0;30;47m|[0m[0;30;47m [0m[0;30;47m [0m[0;30;47m [0m[0;30;47m [0m[0;30;47m#[0m[0;30;47m_[0m[0;30;47m_[0m[0;30;47m_[0m[0;30;47m#[0m[0;30;47m [0m[0;30;47m [0m[0;30;47m [0m[0;30;47m [0m[0;30;47m [0m[0;30;47m [0m[0;30;47m|[0m[0;30;47m [0m[0;30;47m [0m[0;30;47m [0m[0;30;47m [0m[0;30;47m [0m[0;30;47m [0m[0;30;47m [0m[0;30;47m [0m[0;30;47m [0m[0;30;47m [0m[0;30;47m [0m[0;30;47m [0m[0;30;47m [0m[0;30;47m [0m[0;30;47m [0m[0;30;47m [0m[0;30;47m [0m[0;30;47m [0m[0;30;47m [0m[0;30;47m [0m[0;30;47m [0m[0;30;47m [0m[0;30;47m [0m[0;30;47m [0m[0;34;46m~[0m[0;30;47m [0m[0;30;47m [0m[0;30;47m [0m[0;30;47m[[0m[0;30;47mO[0m[0;30;47mb[0m[0;30;47mj[0m[0;30;47m][0m[0;30;47m [0m[0;30;47mb[0m[0;30;47mo[0m[0;30;47mw[0m[0;30;47m [0m[0;30;47m [0m[0;30;47m [0m[0;30;47m [0m[0;30;47m [0m[0;30;47m [0m[0;30;47m [0m[0;30;47m [0m[0;30;47ma[0m[0;30;47mt[0m[0;30;47m [0m[0;30;47mS[0m[0;30;47mp[0m[0;30;47ma[0m[0;30;47mc[0m[0;30;47me[0m[0;30;47m [0m[0;30;47m1[0m[0;30;47m4[0m[0;30;47m [0m[0;30;47m([0m[0;30;47mf[0m[0;30;47mi[0m[0;30;47mr[0m[0;30;47me[0m[0;30;47m)[0m[0;30;47m [0m[0;30;47m [0m[0;30;47m [0m[0;30;47m [0m[0;30;47m [0m[0;30;47m [0m[0;30;47m [0m[0;34;46m~[0m
[0;34;46m~[0m[0;30;47m [0m[0;30;47m [0m[0;30;47m [0m[0;30;47m [0m[0;30;47m [0m[0;30;47m [0m[0;30;47m [0m[0;30;47m [0m[0;30;47m [0m[0;30;47m [0m[0;30;47m [0m[0;30;47m [0m[0;30;47m [0m[0;30;47m [0m[0;30;47m [0m[0;30;47m [0m[0;30;47m [0m[0;30;47m [0m[0;30;47m [0m[0;30;47m [0m[0;30;47m [0m[0;30;47m|[0m[0;30;47m [0m[0;30;47m [0m[0;30;47m [0m[0;30;47m [0m[0;30;47m#[0m[0;30;47m_[0m[0;30;47m_[0m[0;30;47m_[0m[0;30;47m#[0m[0;30;47m [0m[0;30;47m [0m[0;30;47m [0m[0;30;47m [0m[0;30;47m [0m[0;30;47m [0m[0;30;47m|[0m[0;30;47m [0m[0;30;47m [0m[0;30;47m [0m[0;30;47m [0m[0;30;47m [0m[0;30;47m [0m[0;30;47m [0m[0;30;47m [0m[0;30;47m [0m[0;30;47m [0m[0;30;47m [0m[0;30;47m [0m[0;30;47m [0m[0;30;47m [0m[0;30;47m [0m[0;30;47m [0m[0;30;47m [0m[0;30;47m [0m[0;30;47m [0m[0;30;47m [0m[0;30;47m [0m[0;30;47m [0m[0;30;47m [0m[0;30;47m [0m[0;34;46m~[0m[0;30;47m [0m[0;30;47m [0m[0;30;47m [0m[0;30;47m[[0m[0;30;47mO[0m[0;30;47mb[0m[0;30;47mj[0m[0;30;47m][0m[0;30;47m [0m[0;30;47mv[0m[0;30;47mi[0m[0;30;47ma[0m[0;30;47ml[0m[0;30;47m [0m[0;30;47m [0m[0;30;47m [0m[0;30;47m [0m[0;30;47m [0m[0;30;47m [0m[0;30;47m [0m[0;30;47ma[0m[0;30;47mt[0m[0;30;47m [0m[0;30;47mS[0m[0;30;47mp[0m[0;30;47ma[0m[0;30;47mc[0m[0;30;47me[0m[0;30;47m [0m[0;30;47m1[0m[0;30;47m4[0m[0;30;47m [0m[0;30;47m([0m[0;30;47mf[0m[0;30;47mi[0m[0;30;47mr[0m[0;30;47me[0m[0;30;47m)[0m[0;30;47m [0m[0;30;47m [0m[0;30;47m [0m[0;30;47m [0m[0;30;47m [0m[0;30;47m [0m[0;30;47m [0m[0;34;46m~[0m
[0;34;46m~[0m[0;30;47m [0m[0;30;47m [0m[0;30;47m [0m[0;30;47m [0m[0;30;47m [0m[0;30;47m [0m[0;30;47m [0m[0;30;47m [0m[0;30;47m [0m[0;30;47m [0m[0;30;47m [0m[0;30;47m [0m[0;30;47m [0m[0;30;47m [0m[0;30;47m [0m[0;30;47m [0m[0;30;47m [0m[0;30;47m [0m[0;30;47m [0m[0;30;47m [0m[0;30;47m [0m[0;30;47m|[0m[0;30;47m [0m[0;30;47m [0m[0;30;47m [0m[0;30;47m [0m[0;30;47m#[0m[0;30;47m [0m[0;30;47m [0m[0;30;47m [0m[0;30;47m#[0m[0;30;47m [0m[0;30;47m [0m[0;30;47m [0m[0;30;47m [0m[0;30;47m [0m[0;30;47m [0m[0;30;47m|[0m[0;30;47m [0m[0;30;47m [0m[0;30;47m [0m[0;30;47m [0m[0;30;47m [0m[0;30;47m [0m[0;30;47m [0m[0;30;47m [0m[0;30;47m [0m[0;30;47m [0m[0;30;47m [0m[0;30;47m [0m[0;30;47m [0m[0;30;47m [0m[0;30;47m [0m[0;30;47m [0m[0;30;47m [0m[0;30;47m [0m[0;30;47m [0m[0;30;47m [0m[0;30;47m [0m[0;30;47m [0m[0;30;47m [0m[0;30;47m [0m[0;34;46m~[0m[0;30;47m [0m[0;30;47m [0m[0;30;47m [0m[0;30;47m[[0m[0;30;47mO[0m[0;30;47mb[0m[0;30;47mj[0m[0;30;47m][0m[0;30;47m [0m[0;30;47mp[0m[0;30;47mo[0m[0;30;47mr[0m[0;30;47mt[0m[0;30;47ma[0m[0;30;47ml[0m[0;30;47m [0m[0;30;47m [0m[0;30;47m [0m[0;30;47m [0m[0;30;47m [0m[0;30;47ma[0m[0;30;47mt[0m[0;30;47m [0m[0;30;47mS[0m[0;30;47mp[0m[0;30;47ma[0m[0;30;47mc[0m[0;30;47me[0m[0;30;47m [0m[0;30;47m1[0m[0;30;47m1[0m[0;30;47m [0m[0;30;47m([0m[0;30;47mp[0m[0;30;47mi[0m[0;30;47mt[0m[0;30;47m)[0m[0;30;47m [0m[0;30;47m [0m[0;30;47m [0m[0;30;47m [0m[0;30;47m [0m[0;30;47m [0m[0;30;47m [0m[0;30;47m [0m[0;34;46m~[0m
[0;34;46m~[0m[0;30;47m [0m[0;30;47m [0m[0;30;47m [0m[0;30;47m [0m[0;30;47m [0m[0;30;47m [0m[0;30;47m [0m[0;30;47m [0m[0;30;47m [0m[0;30;47m [0m[0;30;47m [0m[0;30;47m [0m[0;30;47m [0m[0;30;47m [0m[0;30;47m [0m[0;30;47m [0m[0;30;47m [0m[0;30;47m [0m[0;30;47m [0m[0;30;47m [0m[0;30;47m [0m[0;30;47m|[0m[0;30;47ml[0m[0;30;47mi[0m[0;30;47md[0m[0;30;47m,[0m[0;30;47mc[0m[0;30;47mo[0m[0;30;47mi[0m[0;30;47mn[0m[0;30;47m [0m[0;30;47m [0m[0;30;47m [0m[0;30;47m [0m[0;30;47m [0m[0;30;47m [0m[0;30;47m [0m[0;30;47m|[0m[0;30;47m [0m[0;30;47m [0m[0;30;47m [0m[0;30;47m [0m[0;30;47m [0m[0;30;47m [0m[0;30;47m [0m[0;30;47m [0m[0;30;47m [0m[0;30;47m [0m[0;30;47m [0m[0;30;47m [0m[0;30;47m [0m[0;30;47m [0m[0;30;47m [0m[0;30;47m [0m[0;30;47m [0m[0;30;47m [0m[0;30;47m [0m[0;30;47m [0m[0;30;47m [0m[0;30;47m [0m[0;30;47m [0m[0;30;47m [0m[0;34;46m~[0m[0;30;47m [0m[0;30;47m [0m[0;30;47m [0m[0;30;47m[[0m[0;30;47mO[0m[0;30;47mb[0m[0;30;47mj[0m[0;30;47m][0m[0;30;47m [0m[0;30;47mw[0m[0;30;47ma[0m[0;30;47mx[0m[0;30;47m [0m[0;30;47m [0m[0;30;47m [0m[0;30;47m [0m[0;30;47m [0m[0;30;47m [0m[0;30;47m [0m[0;30;47m [0m[0;30;47ma[0m[0;30;47mt[0m[0;30;47m [0m[0;30;47mS[0m[0;30;47mp[0m[0;30;47ma[0m[0;30;47mc[0m[0;30;47me[0m[0;30;47m [0m[0;30;47m1[0m[0;30;47m4[0m[0;30;47m [0m[0;30;47m([0m[0;30;47mf[0m[0;30;47mi[0m[0;30;47mr[0m[0;30;47me[0m[0;30;47m)[0m[0;30;47m [0m[0;30;47m [0m[0;30;47m [0m[0;30;47m [0m[0;30;47m [0m[0;30;47m [0m[0;30;47m [0m[0;34;46m~[0m
[0;34;46m~[0m[0;30;47m [0m[0;30;47m [0m[0;30;47m [0m[0;30;47m [0m[0;30;47m [0m[0;30;47m [0m[0;30;47m [0m[0;30;47m [0m[0;30;47m [0m[0;30;47m [0m[0;30;47m [0m[0;30;47m [0m[0;30;47m [0m[0;30;47m [0m[0;30;47m [0m[0;30;47m [0m[0;30;47m [0m[0;30;47m [0m[0;30;47m [0m[0;30;47m [0m[0;30;47m [0m[0;30;47m+[0m[0;30;47m-[0m[0;30;47m-[0m[0;30;47m-[0m[0;30;47m-[0m[0;30;47m-[0m[0;30;47m-[0m[0;30;47m-[0m[0;30;47m-[0m[0;30;47m-[0m[0;30;47m-[0m[0;30;47m-[0m[0;30;47m-[0m[0;30;47m-[0m[0;30;47m-[0m[0;30;47m-[0m[0;30;47m+[0m[0;30;47m [0m[0;30;47m [0m[0;30;47m [0m[0;30;47m [0m[0;30;47m [0m[0;30;47m [0m[0;30;47m [0m[0;30;47m [0m[0;30;47m [0m[0;30;47m [0m[0;30;47m [0m[0;30;47m [0m[0;30;47m [0m[0;30;47m [0m[0;30;47m [0m[0;30;47m [0m[0;30;47m [0m[0;30;47m [0m[0;30;47m [0m[0;30;47m [0m[0;30;47m [0m[0;30;47m [0m[0;30;47m [0m[0;30;47m [0m[0;34;46m~[0m[0;30;47m [0m[0;30;47m [0m[0;30;47m [0m[0;30;47m[[0m[0;30;47mO[0m[0;30;47mb[0m[0;30;47mj[0m[0;30;47m][0m[0;30;47m [0m[0;30;47mf[0m[0;30;47mi[0m[0;30;47mg[0m[0;30;47m [0m[0;30;47m [0m[0;30;47m [0m[0;30;47m [0m[0;30;47m [0m[0;30;47m [0m[0;30;47m [0m[0;30;47m [0m[0;30;47ma[0m[0;30;47mt[0m[0;30;47m [0m[0;30;47mS[0m[0;30;47mp[0m[0;30;47ma[0m[0;30;47mc[0m[0;30;47me[0m[0;30;47m [0m[0;30;47m1[0m[0;30;47m4[0m[0;30;47m [0m[0;30;47m([0m[0;30;47mf[0m[0;30;47mi[0m[0;30;47mr[0m[0;30;47me[0m[0;30;47m)[0m[0;30;47m [0m[0;30;47m [0m[0;30;47m [0m[0;30;47m [0m[0;30;47m [0m[0;30;47m [0m[0;30;47m [0m[0;34;46m~[0m
[0;34;46m~[0m[0;30;47m [0m[0;30;47m [0m[0;30;47m [0m[0;30;47m [0m[0;30;47m [0m[0;30;47m [0m[0;30;47m [0m[0;30;47m [0m[0;30;47m [0m[0;30;47m [0m[0;30;47m [0m[0;30;47m [0m[0;30;47m [0m[0;30;47m [0m[0;30;47m [0m[0;30;47m [0m[0;30;47m [0m[0;30;47m [0m[0;30;47m [0m[0;30;47m [0m[0;30;47m [0m[0;30;47m [0m[0;30;47m [0m[0;30;47m [0m[0;30;47m [0m[0;30;47m [0m[0;30;47m [0m[0;30;47m [0m[0;30;47m [0m[0;30;47mv[0m[0;30;47m [0m[0;30;47m [0m[0;30;47m [0m[0;30;47m [0m[0;30;47m [0m[0;30;47m [0m[0;30;47m [0m[0;30;47m [0m[0;30;47m [0m[0;30;47m [0m[0;30;47m [0m[0;30;47m [0m[0;30;47m [0m[0;30;47m [0m[0;30;47m [0m[0;30;47m [0m[0;30;47m [0m[0;30;47m [0m[0;30;47m [0m[0;30;47m [0m[0;30;47m [0m[0;30;47m [0m[0;30;47m [0m[0;30;47m [0m[0;30;47m [0m[0;30;47m [0m[0;30;47m [0m[0;30;47m [0m[0;30;47m [0m[0;30;47m [0m[0;30;47m [0m[0;30;47m [0m[0;34;46m~[0m[0;30;47m [0m[0;30;47m [0m[0;30;47m [0m[0;30;47m[[0m[0;30;47mO[0m[0;30;47mb[0m[0;30;47mj[0m[0;30;47m][0m[0;30;47m [0m[0;30;47mc[0m[0;30;47mo[0m[0;30;47mi[0m[0;30;47mn[0m[0;30;47m [0m[0;30;47m [0m[0;30;47m [0m[0;30;47m [0m[0;30;47m [0m[0;30;47m [0m[0;30;47m [0m[0;30;47ma[0m[0;30;47mt[0m[0;30;47m [0m[0;30;47mS[0m[0;30;47mp[0m[0;30;47ma[0m[0;30;47mc[0m[0;30;47me[0m[0;30;47m [0m[0;30;47m1[0m[0;30;47m2[0m[0;30;47m [0m[0;30;47m([0m[0;30;47mp[0m[0;30;47ma[0m[0;30;47mt[0m[0;30;47mh[0m[0;30;47m)[0m[0;30;47m [0m[0;30;47m [0m[0;30;47m [0m[0;30;47m [0m[0;30;47m [0m[0;30;47m [0m[0;30;47m [0m[0;34;46m~[0m
[0;34;46m~[0m[0;30;47m [0m[0;30;47m [0m[0;30;47m [0m[0;30;47m [0m[0;30;47m [0m[0;30;47m [0m[0;30;47m [0m[0;30;47m [0m[0;30;47m [0m[0;30;47m [0m[0;30;47m [0m[0;30;47m [0m[0;30;47m [0m[0;30;47m [0m[0;30;47m [0m[0;30;47m [0m[0;30;47m [0m[0;30;47m [0m[0;30;47m [0m[0;30;47m [0m[0;30;47m [0m[0;30;47m+[0m[0;30;47m-[0m[0;30;47m-[0m[0;30;47m-[0m[0;30;47m-[0m[0;30;47m-[0m[0;30;47m-[0m[0;30;47m-[0m[0;30;47m-[0m[0;30;47m-[0m[0;30;47m-[0m[0;30;47m-[0m[0;30;47m-[0m[0;30;47m-[0m[0;30;47m-[0m[0;30;47m-[0m[0;30;47m+[0m[0;30;47m [0m[0;30;47m [0m[0;30;47m [0m[0;30;47m [0m[0;30;47m [0m[0;30;47m [0m[0;30;47m [0m[0;30;47m [0m[0;30;47m [0m[0;30;47m [0m[0;30;47m [0m[0;30;47m [0m[0;30;47m [0m[0;30;47m [0m[0;30;47m [0m[0;30;47m [0m[0;30;47m [0m[0;30;47m [0m[0;30;47m [0m[0;30;47m [0m[0;30;47m [0m[0;30;47m [0m[0;30;47m [0m[0;30;47m [0m[0;34;46m~[0m[0;30;47m [0m[0;30;47m [0m[0;30;47m [0m[0;30;47m[[0m[0;30;47mO[0m[0;30;47mb[0m[0;30;47mj[0m[0;30;47m][0m[0;30;47m [0m[0;30;47ml[0m[0;30;47mo[0m[0;30;47ma[0m[0;30;47mf[0m[0;30;47m [0m[0;30;47m [0m[0;30;47m [0m[0;30;47m [0m[0;30;47m [0m[0;30;47m [0m[0;30;47m [0m[0;30;47ma[0m[0;30;47mt[0m[0;30;47m [0m[0;30;47mS[0m[0;30;47mp[0m[0;30;47ma[0m[0;30;47mc[0m[0;30;47me[0m[0;30;47m [0m[0;30;47m1[0m[0;30;47m4[0m[0;30;47m [0m[0;30;47m([0m[0;30;47mf[0m[0;30;47mi[0m[0;30;47mr[0m[0;30;47me[0m[0;30;47m)[0m[0;30;47m [0m[0;30;47m [0m[0;30;47m [0m[0;30;47m [0m[0;30;47m [0m[0;30;47m [0m[0;30;47m [0m[0;34;46m~[0m
[0;34;46m~[0m[0;30;47m [0m[0;30;47m [0m[0;30;47m [0m[0;30;47m [0m[0;30;47m [0m[0;30;47m [0m[0;30;47m [0m[0;30;47m [0m[0;30;47m [0m[0;30;47m [0m[0;30;47m [0m[0;30;47m [0m[0;30;47m [0m[0;30;47m [0m[0;30;47m [0m[0;30;47m [0m[0;30;47m [0m[0;30;47m [0m[0;30;47m [0m[0;30;47m [0m[0;30;47m [0m[0;30;47m|[0m[0;30;47m [0m[0;30;47m [0m[0;30;47m [0m[0;30;47m [0m[0;30;47m [0m[0;30;47m [0m[0;30;47m [0m[0;30;47m [0m[0;30;47m [0m[0;30;47m [0m[0;30;47m [0m[0;30;47m [0m[0;30;47m [0m[0;30;47m1[0m[0;30;47m3[0m[0;30;47m|[0m[0;30;47m [0m[0;30;47m [0m[0;30;47m [0m[0;30;47m [0m[0;30;47m [0m[0;30;47m [0m[0;30;47m [0m[0;30;47m [0m[0;30;47m [0m[0;30;47m [0m[0;30;47m [0m[0;30;47m [0m[0;30;47m [0m[0;30;47m [0m[0;30;47m [0m[0;30;47m [0m[0;30;47m [0m[0;30;47m [0m[0;30;47m [0m[0;30;47m [0m[0;30;47m [0m[0;30;47m [0m[0;30;47m [0m[0;30;47m [0m[0;34;46m~[0m[0;30;47m [0m[0;30;47m [0m[0;30;47m [0m[0;30;47m[[0m[0;30;47mO[0m[0;30;47mb[0m[0;30;47mj[0m[0;30;47m][0m[0;30;47m [0m[0;30;47mc[0m[0;30;47mu[0m[0;30;47mp[0m[0;30;47m [0m[0;30;47m [0m[0;30;47m [0m[0;30;47m [0m[0;30;47m [0m[0;30;47m [0m[0;30;47m [0m[0;30;47m [0m[0;30;47ma[0m[0;30;47mt[0m[0;30;47m [0m[0;30;47mS[0m[0;30;47mp[0m[0;30;47ma[0m[0;30;47mc[0m[0;30;47me[0m[0;30;47m [0m[0;30;47m1[0m[0;30;47m3[0m[0;30;47m [0m[0;30;47m([0m[0;30;47mh[0m[0;30;47ma[0m[0;30;47ml[0m[0;30;47ml[0m[0;30;47m)[0m[0;30;47m [0m[0;30;47m [0m[0;30;47m [0m[0;30;47m [0m[0;30;47m [0m[0;30;47m [0m[0;30;47m [0m[0;34;46m~[0m
[0;34;46m~[0m[0;30;47m [0m[0;30;47m [0m[0;30;47m [0m[0;30;47m [0m[0;30;47m [0m[0;30;47m [0m[0;30;47m [0m[0;30;47m [0m[0;30;47m [0m[0;30;47m [0m[0;30;47m [0m[0;30;47m [0m[0;30;47m [0m[0;30;47m [0m[0;30;47m [0m[0;30;47m [0m[0;30;47m [0m[0;30;47m [0m[0;30;47m [0m[0;30;47m [0m[0;30;47m [0m[0;30;47m|[0m[0;30;47m [0m[0;30;47m [0m[0;30;47m [0m[0;30;47m [0m[0;30;47m.[0m[0;30;47m.[0m[0;30;47m.[0m[0;30;47m.[0m[0;30;47m.[0m[0;30;47m.[0m[0;30;47m.[0m[0;30;47m [0m[0;30;47m [0m[0;30;47m [0m[0;30;47m [0m[0;30;47m|[0m[0;30;47m [0m[0;30;47m [0m[0;30;47m [0m[0;30;47m [0m[0;30;47m [0m[0;30;47m [0m[0;30;47m [0m[0;30;47m [0m[0;30;47m [0m[0;30;47m [0m[0;30;47m [0m[0;30;47m [0m[0;30;47m [0m[0;30;47m [0m[0;30;47m [0m[0;30;47m [0m[0;30;47m [0m[0;30;47m [0m[0;30;47m [0m[0;30;47m [0m[0;30;47m [0m[0;30;47m [0m[0;30;47m [0m[0;30;47m [0m[0;34;46m~[0m[0;30;47m [0m[0;30;47m [0m[0;30;47m [0m[0;30;47m[[0m[0;30;47mC[0m[0;30;47mh[0m[0;30;47mr[0m[0;30;47m][0m[0;30;47m [0m[0;30;47m [0m[0;30;47m\[0m[0;30;47mV[0m[0;30;47mo[0m[0;30;47m/[0m[0;30;47m [0m[0;30;47m [0m[0;30;47ma[0m[0;30;47mt[0m[0;30;47m [0m[0;30;47mS[0m[0;30;47mp[0m[0;30;47ma[0m[0;30;47mc[0m[0;30;47me[0m[0;30;47m [0m[0;30;47m1[0m[0;30;47m2[0m[0;30;47m [0m[0;30;47m([0m[0;30;47mp[0m[0;30;47ma[0m[0;30;47mt[0m[0;30;47mh[0m[0;30;47m)[0m[0;30;47m [0m[0;30;47m([0m[0;30;47mH[0m[0;30;47mP[0m[0;30;47m:[0m[0;30;47m5[0m[0;30;47m)[0m[0;30;47m [0m[0;30;47m [0m[0;30;47m [0m[0;30;47m [0m[0;34;46m~[0m
[0;34;46m~[0m[0;30;47m [0m[0;30;47m [0m[0;30;47m [0m[0;30;47m [0m[0;30;47m [0m[0;30;47m [0m[0;30;47m [0m[0;30;47m [0m[0;30;47m [0m[0;30;47m [0m[0;30;47m [0m[0;30;47m [0m[0;30;47m [0m[0;30;47m [0m[0;30;47m [0m[0;30;47m [0m[0;30;47m [0m[0;30;47m [0m[0;30;47m [0m[0;30;47m [0m[0;30;47m [0m[0;30;47m|[0m[0;30;47m [0m[0;30;47m [0m[0;30;47m [0m[0;30;47m [0m[0;30;47m:[0m[0;30;47m [0m[0;30;47m_[0m[0;30;47m_[0m[0;30;47m_[0m[0;30;47m [0m[0;30;47m:[0m[0;30;47m [0m[0;30;47m [0m[0;30;47m [0m[0;30;47m [0m[0;30;47m|[0m[0;30;47m [0m[0;30;47m [0m[0;30;47m [0m[0;30;47m [0m[0;30;47m [0m[0;30;47m [0m[0;30;47m [0m[0;30;47m [0m[0;30;47m [0m[0;30;47m [0m[0;30;47m [0m[0;30;47m [0m[0;30;47m [0m[0;30;47m [0m[0;30;47m [0m[0;30;47m [0m[0;30;47m [0m[0;30;47m [0m[0;30;47m [0m[0;30;47m [0m[0;30;47m [0m[0;30;47m [0m[0;30;47m [0m[0;30;47m [0m[0;34;46m~[0m[0;30;47m [0m[0;30;47m [0m[0;30;47m [0m[0;30;47m[[0m[0;30;47mC[0m[0;30;47mh[0m[0;30;47mr[0m[0;30;47m][0m[0;30;47m [0m[0;30;47m [0m[0;30;47m\[0m[0;30;47mS[0m[0;30;47me[0m[0;30;47m/[0m[0;30;47m [0m[0;30;47m [0m[0;30;47ma[0m[0;30;47mt[0m[0;30;47m [0m[0;30;47mS[0m[0;30;47mp[0m[0;30;47ma[0m[0;30;47mc[0m[0;30;47me[0m[0;30;47m [0m[0;30;47m1[0m[0;30;47m2[0m[0;30;47m [0m[0;30;47m([0m[0;30;47mp[0m[0;30;47ma[0m[0;30;47mt[0m[0;30;47mh[0m[0;30;47m)[0m[0;30;47m [0m[0;30;47m([0m[0;30;47mH[0m[0;30;47mP[0m[0;30;47m:[0m[0;30;47m5[0m[0;30;47m)[0m[0;30;47m [0m[0;30;47m [0m[0;30;47m [0m[0;30;47m [0m[0;34;46m~[0m
[0;34;46m~[0m[0;30;47m [0m[0;30;47m [0m[0;30;47m [0m[0;30;47m [0m[0;30;47m [0m[0;30;47m [0m[0;30;47m [0m[0;30;47m [0m[0;30;47m [0m[0;30;47m [0m[0;30;47m [0m[0;30;47m [0m[0;30;47m [0m[0;30;47m [0m[0;30;47m [0m[0;30;47m [0m[0;30;47m [0m[0;30;47m [0m[0;30;47m [0m[0;30;47m [0m[0;30;47m [0m[0;30;47m|[0m[0;30;47m [0m[0;30;47m [0m[0;30;47m [0m[0;30;47m [0m[0;30;47m:[0m[0;30;47m [0m[0;30;47m[[0m[0;30;47m [0m[0;30;47m][0m[0;30;47m [0m[0;30;47m:[0m[0;30;47m [0m[0;30;47m [0m[0;30;47m [0m[0;30;47m [0m[0;30;47m|[0m[0;30;47m [0m[0;30;47m [0m[0;30;47m [0m[0;30;47m [0m[0;30;47m [0m[0;30;47m [0m[0;30;47m [0m[0;30;47m [0m[0;30;47m [0m[0;30;47m [0m[0;30;47m [0m[0;30;47m [0m[0;30;47m [0m[0;30;47m [0m[0;30;47m [0m[0;30;47m [0m[0;30;47m [0m[0;30;47m [0m[0;30;47m [0m[0;30;47m [0m[0;30;47m [0m[0;30;47m [0m[0;30;47m [0m[0;30;47m [0m[0;34;46m~[0m[0;30;47m [0m[0;30;47m [0m[0;30;47m-[0m[0;30;47m-[0m[0;30;47m-[0m[0;30;47m-[0m[0;30;47m-[0m[0;30;47m-[0m[0;30;47m-[0m[0;30;47m-[0m[0;30;47m-[0m[0;30;47m-[0m[0;30;47m-[0m[0;30;47m-[0m[0;30;47m-[0m[0;30;47m-[0m[0;30;47m-[0m[0;30;47m-[0m[0;30;47m-[0m[0;30;47m-[0m[0;30;47m-[0m[0;30;47m-[0m[0;30;47m-[0m[0;30;47m-[0m[0;30;47m-[0m[0;30;47m-[0m[0;30;47m-[0m[0;30;47m-[0m[0;30;47m-[0m[0;30;47m-[0m[0;30;47m-[0m[0;30;47m-[0m[0;30;47m-[0m[0;30;47m-[0m[0;30;47m-[0m[0;30;47m-[0m[0;30;47m-[0m[0;30;47m-[0m[0;30;47m-[0m[0;30;47m-[0m[0;30;47m-[0m[0;30;47m-[0m[0;30;47m-[0m[0;30;47m [0m[0;30;47m [0m[0;34;46m~[0m
[0;34;46m~[0m[0;30;47m [0m[0;30;47m [0m[0;30;47m [0m[0;30;47m [0m[0;30;47m [0m[0;30;47m [0m[0;30;47m [0m[0;30;47m [0m[0;30;47m [0m[0;30;47m [0m[0;30;47m [0m[0;30;47m [0m[0;30;47m [0m[0;30;47m [0m[0;30;47m [0m[0;30;47m [0m[0;30;47m [0m[0;30;47m [0m[0;30;47m [0m[0;30;47m [0m[0;30;47m [0m[0;30;47m|[0m[0;30;47m [0m[0;30;47m [0m[0;30;47m [0m[0;30;47m [0m[0;30;47m:[0m[0;30;47m [0m[0;30;47m [0m[0;30;47m [0m[0;30;47m [0m[0;30;47m [0m[0;30;47m:[0m[0;30;47m [0m[0;30;47m [0m[0;30;47m [0m[0;30;47m [0m[0;30;47m|[0m[0;30;47m [0m[0;30;47m [0m[0;30;47m [0m[0;30;47m [0m[0;30;47m [0m[0;30;47m [0m[0;30;47m [0m[0;30;47m [0m[0;30;47m [0m[0;30;47m [0m[0;30;47m [0m[0;30;47m [0m[0;30;47m [0m[0;30;47m [0m[0;30;47m [0m[0;30;47m [0m[0;30;47m [0m[0;30;47m [0m[0;30;47m [0m[0;30;47m [0m[0;30;47m [0m[0;30;47m [0m[0;30;47m [0m[0;30;47m [0m[0;34;46m~[0m[0;30;47m [0m[0;30;47m [0m[0;30;47m [0m[0;30;47m [0m[0;30;47m [0m[0;30;47m [0m[0;30;47m [0m[0;30;47m [0m[0;30;47m [0m[0;30;47m [0m[0;30;47m [0m[0;30;47m [0m[0;30;47m [0m[0;30;47m [0m[0;30;47m [0m[0;30;47m [0m[0;30;47m [0m[0;30;47m [0m[0;30;47m [0m[0;30;47m [0m[0;30;47m [0m[0;30;47m [0m[0;30;47m [0m[0;30;47m [0m[0;30;47m [0m[0;30;47m [0m[0;30;47m [0m[0;30;47m [0m[0;30;47m [0m[0;30;47m [0m[0;30;47m [0m[0;30;47m [0m[0;30;47m [0m[0;30;47m [0m[0;30;47m [0m[0;30;47m [0m[0;30;47m [0m[0;30;47m [0m[0;30;47m [0m[0;30;47m [0m[0;30;47m [0m[0;30;47m [0m[0;30;47m [0m[0;30;47m [0m[0;30;47m [0m[0;34;46m~[0m
[0;34;46m~[0m[0;30;47m [0m[0;30;47m [0m[0;30;47m [0m[0;30;47m [0m[0;30;47m [0m[0;30;47m [0m[0;30;47m [0m[0;30;47m [0m[0;30;47m [0m[0;30;47m [0m[0;30;47m [0m[0;30;47m [0m[0;30;47m [0m[0;30;47m [0m[0;30;47m [0m[0;30;47m [0m[0;30;47m [0m[0;30;47m [0m[0;30;47m [0m[0;30;47m [0m[0;30;47m [0m[0;30;47m|[0m[0;30;47m [0m[0;30;47m [0m[0;30;47m [0m[0;30;47m [0m[0;30;47m.[0m[0;30;47m.[0m[0;30;47m.[0m[0;30;47m.[0m[0;30;47m.[0m[0;30;47m.[0m[0;30;47m.[0m[0;30;47m [0m[0;30;47m [0m[0;30;47m [0m[0;30;47m [0m[0;30;47m|[0m[0;30;47m [0m[0;30;47m [0m[0;30;47m [0m[0;30;47m [0m[0;30;47m [0m[0;30;47m [0m[0;30;47m [0m[0;30;47m [0m[0;30;47m [0m[0;30;47m [0m[0;30;47m [0m[0;30;47m [0m[0;30;47m [0m[0;30;47m [0m[0;30;47m [0m[0;30;47m [0m[0;30;47m [0m[0;30;47m [0m[0;30;47m [0m[0;30;47m [0m[0;30;47m [0m[0;30;47m [0m[0;30;47m [0m[0;30;47m [0m[0;34;46m~[0m[0;30;47m [0m[0;30;47m [0m[0;30;47m [0m[0;30;47m [0m[0;30;47m [0m[0;30;47m [0m[0;30;47m [0m[0;30;47m [0m[0;30;47m [0m[0;30;47m [0m[0;30;47m [0m[0;30;47m [0m[0;30;47m [0m[0;30;47m [0m[0;30;47m [0m[0;30;47m [0m[0;30;47m [0m[0;30;47m [0m[0;30;47m [0m[0;30;47m [0m[0;30;47m [0m[0;30;47m [0m[0;30;47m [0m[0;30;47m [0m[0;30;47m [0m[0;30;47m [0m[0;30;47m [0m[0;30;47m [0m[0;30;47m [0m[0;30;47m [0m[0;30;47m [0m[0;30;47m [0m[0;30;47m [0m[0;30;47m [0m[0;30;47m [0m[0;30;47m [0m[0;30;47m [0m[0;30;47m [0m[0;30;47m [0m[0;30;47m [0m[0;30;47m [0m[0;30;47m [0m[0;30;47m [0m[0;30;47m [0m[0;30;47m [0m[0;34;46m~[0m
[0;34;46m~[0m[0;30;47m [0m[0;30;47m [0m[0;30;47m [0m[0;30;47m [0m[0;30;47m [0m[0;30;47m [0m[0;30;47m [0m[0;30;47m [0m[0;30;47m [0m[0;30;47m [0m[0;30;47m [0m[0;30;47m [0m[0;30;47m [0m[0;30;47m [0m[0;30;47m [0m[0;30;47m [0m[0;30;47m [0m[0;30;47m [0m[0;30;47m [0m[0;30;47m [0m[0;30;47m [0m[0;30;47m|[0m[0;30;47mm[0m[0;30;47ma[0m[0;30;47mi[0m[0;30;47ml[0m[0;30;47m,[0m[0;30;47mc[0m[0;30;47mu[0m[0;30;47mp[0m[0;30;47m [0m[0;30;47m [0m[0;30;47m [0m[0;30;47m [0m[0;30;47m [0m[0;30;47m [0m[0;30;47m [0m[0;30;47m|[0m[0;30;47m [0m[0;30;47m [0m[0;30;47m [0m[0;30;47m [0m[0;30;47m [0m[0;30;47m [0m[0;30;47m [0m[0;30;47m [0m[0;30;47m [0m[0;30;47m [0m[0;30;47m [0m[0;30;47m [0m[0;30;47m [0m[0;30;47m [0m[0;30;47m [0m[0;30;47m [0m[0;30;47m [0m[0;30;47m [0m[0;30;47m [0m[0;30;47m [0m[0;30;47m [0m[0;30;47m [0m[0;30;47m [0m[0;30;47m [0m[0;34;46m~[0m[0;30;47m [0m[0;30;47m [0m[0;30;47m [0m[0;30;47m [0m[0;30;47m [0m[0;30;47m [0m[0;30;47m [0m[0;30;47m [0m[0;30;47m [0m[0;30;47m [0m[0;30;47m [0m[0;30;47m [0m[0;30;47m [0m[0;30;47m [0m[0;30;47m [0m[0;30;47m [0m[0;30;47m [0m[0;30;47m [0m[0;30;47m [0m[0;30;47m [0m[0;30;47m [0m[0;30;47m [0m[0;30;47m [0m[0;30;47m [0m[0;30;47m [0m[0;30;47m [0m[0;30;47m [0m[0;30;47m [0m[0;30;47m [0m[0;30;47m [0m[0;30;47m [0m[0;30;47m [0m[0;30;47m [0m[0;30;47m [0m[0;30;47m [0m[0;30;47m [0m[0;30;47m [0m[0;30;47m [0m[0;30;47m [0m[0;30;47m [0m[0;30;47m [0m[0;30;47m [0m[0;30;47m [0m[0;30;47m [0m[0;30;47m [0m[0;34;46m~[0m
[0;34;46m~[0m[0;30;47m [0m[0;30;47m [0m[0;30;47m [0m[0;30;47m [0m[0;30;47m [0m[0;30;47m [0m[0;30;47m [0m[0;30;47m [0m[0;30;47m [0m[0;30;47m [0m[0;30;47m [0m[0;30;47m [0m[0;30;47m [0m[0;30;47m [0m[0;30;47m [0m[0;30;47m [0m[0;30;47m [0m[0;30;47m [0m[0;30;47m [0m[0;30;47m [0m[0;30;47m [0m[0;30;47m+[0m[0;30;47m-[0m[0;30;47m-[0m[0;30;47m-[0m[0;30;47m-[0m[0;30;47m-[0m[0;30;47m-[0m[0;30;47m-[0m[0;30;47m-[0m[0;30;47m-[0m[0;30;47m-[0m[0;30;47m-[0m[0;30;47m-[0m[0;30;47m-[0m[0;30;47m-[0m[0;30;47m-[0m[0;30;47m+[0m[0;30;47m [0m[0;30;47m [0m[0;30;47m [0m[0;30;47m [0m[0;30;47m [0m[0;30;47m [0m[0;30;47m [0m[0;30;47m [0m[0;30;47m [0m[0;30;47m [0m[0;30;47m [0m[0;30;47m [0m[0;30;47m [0m[0;30;47m [0m[0;30;47m [0m[0;30;47m [0m[0;30;47m [0m[0;30;47m [0m[0;30;47m [0m[0;30;47m [0m[0;30;47m [0m[0;30;47m [0m[0;30;47m [0m[0;30;47m [0m[0;34;46m~[0m[0;30;47m [0m[0;30;47m [0m[0;30;47m [0m[0;30;47m [0m[0;30;47m [0m[0;30;47m [0m[0;30;47m [0m[0;30;47m [0m[0;30;47m [0m[0;30;47m [0m[0;30;47m [0m[0;30;47m [0m[0;30;47m [0m[0;30;47m [0m[0;30;47m [0m[0;30;47m [0m[0;30;47m [0m[0;30;47m [0m[0;30;47m [0m[0;30;47m [0m[0;30;47m [0m[0;30;47m [0m[0;30;47m [0m[0;30;47m [0m[0;30;47m [0m[0;30;47m [0m[0;30;47m [0m[0;30;47m [0m[0;30;47m [0m[0;30;47m [0m[0;30;47m [0m[0;30;47m [0m[0;30;47m [0m[0;30;47m [0m[0;30;47m [0m[0;30;47m [0m[0;30;47m [0m[0;30;47m [0m[0;30;47m [0m[0;30;47m [0m[0;30;47m [0m[0;30;47m [0m[0;30;47m [0m[0;30;47m [0m[0;30;47m [0m[0;34;46m~[0m
[0;34;46m~[0m[0;34;46m~[0m[0;34;46m~[0m[0;34;46m~[0m[0;34;46m~[0m[0;34;46m~[0m[0;34;46m~[0m[0;34;46m~[0m[0;34;46m~[0m[0;34;46m~[0m[0;34;46m~[0m[0;34;46m~[0m[0;34;46m~[0m[0;34;46m~[0m[0;34;46m~[0m[0;34;46m~[0m[0;34;46m~[0m[0;34;46m~[0m[0;34;46m~[0m[0;34;46m~[0m[0;34;46m~[0m[0;34;46m~[0m[0;34;46m~[0m[0;34;46m~[0m[0;34;46m~[0m[0;34;46m~[0m[0;34;46m~[0m[0;34;46m~[0m[0;34;46m~[0m[0;34;46m~[0m[0;34;46m~[0m[0;34;46m~[0m[0;34;46m~[0m[0;34;46m~[0m[0;34;46m~[0m[0;34;46m~[0m[0;34;46m~[0m[0;34;46m~[0m[0;34;46m~[0m[0;34;46m~[0m[0;34;46m~[0m[0;34;46m~[0m[0;34;46m~[0m[0;34;46m~[0m[0;34;46m~[0m[0;34;46m~[0m[0;34;46m~[0m[0;34;46m~[0m[0;34;46m~[0m[0;34;46m~[0m[0;34;46m~[0m[0;34;46m~[0m[0;34;46m~[0m[0;34;46m~[0m[0;34;46m~[0m[0;34;46m~[0m[0;34;46m~[0m[0;34;46m~[0m[0;34;46m~[0m[0;34;46m~[0m[0;34;46m~[0m[0;34;46m~[0m[0;34;46m~[0m[0;34;46m~[0m[0;34;46m~[0m[0;34;46m~[0m[0;34;46m~[0m[0;34;46m~[0m[0;34;46m~[0m[0;34;46m~[0m[0;34;46m~[0m[0;34;46m~[0m[0;34;46m~[0m[0;34;46m~[0m[0;34;46m~[0m[0;34;46m~[0m[0;34;46m~[0m[0;34;46m~[0m[0;34;46m~[0m[0;34;46m~[0m[0;34;46m~[0m[0;34;46m~[0m[0;34;46m~[0m[0;34;46m~[0m[0;34;46m~[0m[0;34;46m~[0m[0;34;46m~[0m[0;34;46m~[0m[0;34;46m~[0m[0;34;46m~[0m[0;34;46m~[0m[0;34;46m~[0m[0;34;46m~[0m[0;34;46m~[0m[0;34;46m~[0m[0;34;46m~[0m[0;34;46m~[0m[0;34;46m~[0m[0;34;46m~[0m[0;34;46m~[0m[0;34;46m~[0m[0;34;46m~[0m[0;34;46m~[0m[0;34;46m~[0m[0;34;46m~[0m[0;34;46m~[0m[0;34;46m~[0m[0;34;46m~[0m[0;34;46m~[0m[0;34;46m~[0m
[0;34;46m~[0m[0;30;47m [0m[0;30;47m [0m[0;30;47m [0m[0;30;47m [0m[0;30;47m [0m[0;30;47m [0m[0;30;47m [0m[0;30;47m [0m[0;30;47m [0m[0;30;47m [0m[0;30;47m [0m[0;30;47m [0m[0;30;47m [0m[0;30;47m [0m[0;30;47m [0m[0;30;47m [0m[0;30;47m [0m[0;30;47m [0m[0;30;47m [0m[0;30;47m [0m[0;30;47m [0m[0;30;47m [0m[0;30;47m [0m[0;30;47m [0m[0;30;47m [0m[0;30;47m [0m[0;30;47m [0m[0;30;47m [0m[0;30;47m [0m[0;30;47m [0m[0;30;47m [0m[0;30;47m [0m[0;30;47m [0m[0;30;47m [0m[0;30;47m [0m[0;30;47m [0m[0;30;47m [0m[0;30;47m [0m[0;30;47m [0m[0;30;47m [0m[0;30;47m [0m[0;30;47m [0m[0;30;47m [0m[0;30;47m [0m[0;30;47m [0m[0;30;47mT[0m[0;30;47mH[0m[0;30;47mE[0m[0;30;47m [0m[0;30;47mH[0m[0;30;47mA[0m[0;30;47mU[0m[0;30;47mN[0m[0;30;47mT[0m[0;30;47mE[0m[0;30;47mD[0m[0;30;47m [0m[0;30;47mC[0m[0;30;47mA[0m[0;30;47mS[0m[0;30;47mT[0m[0;30;47mL[0m[0;30;47mE[0m[0;30;47m [0m[0;30;47m [0m[0;30;47m [0m[0;30;47m [0m[0;30;47m [0m[0;30;47m [0m[0;30;47m [0m[0;30;47m [0m[0;30;47m [0m[0;30;47m [0m[0;30;47m [0m[0;30;47m [0m[0;30;47m [0m[0;30;47m [0m[0;30;47m [0m[0;30;47m [0m[0;30;47m [0m[0;30;47m [0m[0;30;47m [0m[0;30;47m [0m[0;30;47m [0m[0;30;47m [0m[0;30;47m [0m[0;30;47m [0m[0;30;47m [0m[0;30;47m [0m[0;30;47m [0m[0;30;47m [0m[0;30;47m [0m[0;30;47m [0m[0;30;47m [0m[0;30;47m [0m[0;30;47m [0m[0;30;47m [0m[0;30;47m [0m[0;30;47m [0m[0;30;47m [0m[0;30;47m [0m[0;30;47m [0m[0;30;47m [0m[0;30;47m [0m[0;30;47m [0m[0;30;47m [0m[0;30;47m [0m[0;30;47m [0m[0;34;46m~[0m
[0;34;46m~[0m[0;34;46m~[0m[0;34;46m~[0m[0;34;46m~[0m[0;34;46m~[0m[0;34;46m~[0m[0;34;46m~[0m[0;34;46m~[0m[0;34;46m~[0m[0;34;46m~[0m[0;34;46m~[0m[0;34;46m~[0m[0;34;46m~[0m[0;34;46m~[0m[0;34;46m~[0m[0;34;46m~[0m[0;34;46m~[0m[0;34;46m~[0m[0;34;46m~[0m[0;34;46m~[0m[0;34;46m~[0m[0;34;46m~[0m[0;34;46m~[0m[0;34;46m~[0m[0;34;46m~[0m[0;34;46m~[0m[0;34;46m~[0m[0;34;46m~[0m[0;34;46m~[0m[0;34;46m~[0m[0;34;46m~[0m[0;34;46m~[0m[0;34;46m~[0m[0;34;46m~[0m[0;34;46m~[0m[0;34;46m~[0m[0;34;46m~[0m[0;34;46m~[0m[0;34;46m~[0m[0;34;46m~[0m[0;34;46m~[0m[0;34;46m~[0m[0;34;46m~[0m[0;34;46m~[0m[0;34;46m~[0m[0;34;46m~[0m[0;34;46m~[0m[0;34;46m~[0m[0;34;46m~[0m[0;34;46m~[0m[0;34;46m~[0m[0;34;46m~[0m[0;34;46m~[0m[0;34;46m~[0m[0;34;46m~[0m[0;34;46m~[0m[0;34;46m~[0m[0;34;46m~[0m[0;34;46m~[0m[0;34;46m~[0m[0;34;46m~[0m[0;34;46m~[0m[0;34;46m~[0m[0;34;46m~[0m[0;34;46m~[0m[0;34;46m~[0m[0;34;46m~[0m[0;34;46m~[0m[0;34;46m~[0m[0;34;46m~[0m[0;34;46m~[0m[0;34;46m~[0m[0;34;46m~[0m[0;34;46m~[0m[0;34;46m~[0m[0;34;46m~[0m[0;34;46m~[0m[0;34;46m~[0m[0;34;46m~[0m[0;34;46m~[0m[0;34;46m~[0m[0;34;46m~[0m[0;34;46m~[0m[0;34;46m~[0m[0;34;46m~[0m[0;34;46m~[0m[0;34;46m~[0m[0;34;46m~[0m[0;34;46m~[0m[0;34;46m~[0m[0;34;46m~[0m[0;34;46m~[0m[0;34;46m~[0m[0;34;46m~[0m[0;34;46m~[0m[0;34;46m~[0m[0;34;46m~[0m[0;34;46m~[0m[0;34;46m~[0m[0;34;46m~[0m[0;34;46m~[0m[0;34;46m~[0m[0;34;46m~[0m[0;34;46m~[0m[0;34;46m~[0m[0;34;46m~[0m[0;34;46m~[0m[0;34;46m~[0m[0;34;46m~[0m[0;34;46m~[0m
[0;34;46m~[0m[0;30;47m [0m[0;30;47m [0m[0;30;47mC[0m[0;30;47mo[0m[0;30;47mm[0m[0;30;47mm[0m[0;30;47ma[0m[0;30;47mn[0m[0;30;47md[0m[0;30;47ms[0m[0;30;47m:[0m[0;30;47m [0m[0;30;47mm[0m[0;30;47mo[0m[0;30;47mv[0m[0;30;47me[0m[0;30;47m([0m[0;30;47mm[0m[0;30;47m)[0m[0;30;47m [0m[0;30;47m[[0m[0;30;47md[0m[0;30;47mi[0m[0;30;47mr[0m[0;30;47m][0m[0;30;47m [0m[0;30;47m|[0m[0;30;47m [0m[0;30;47mt[0m[0;30;47ma[0m[0;30;47mk[0m[0;30;47me[0m[0;30;47m([0m[0;30;47mt[0m[0;30;47m)[0m[0;30;47m [0m[0;30;47m[[0m[0;30;47mo[0m[0;30;47mb[0m[0;30;47mj[0m[0;30;47m][0m[0;30;47m [0m[0;30;47m|[0m[0;30;47m [0m[0;30;47md[0m[0;30;47mr[0m[0;30;47mo[0m[0;30;47mp[0m[0;30;47m([0m[0;30;47md[0m[0;30;47m)[0m[0;30;47m [0m[0;30;47m[[0m[0;30;47mo[0m[0;30;47mb[0m[0;30;47mj[0m[0;30;47m][0m[0;30;47m [0m[0;30;47m|[0m[0;30;47m [0m[0;30;47ma[0m[0;30;47mt[0m[0;30;47mt[0m[0;30;47ma[0m[0;30;47mc[0m[0;30;47mk[0m[0;30;47m([0m[0;30;47ma[0m[0;30;47m)[0m[0;30;47m [0m[0;30;47m|[0m[0;30;47m [0m[0;30;47mc[0m[0;30;47mh[0m[0;30;47ma[0m[0;30;47mt[0m[0;30;47m([0m[0;30;47mc[0m[0;30;47m)[0m[0;30;47m [0m[0;30;47m|[0m[0;30;47m [0m[0;30;47mr[0m[0;30;47me[0m[0;30;47mc[0m[0;30;47mr[0m[0;30;47mu[0m[0;30;47mi[0m[0;30;47mt[0m[0;30;47m([0m[0;30;47mr[0m[0;30;47m)[0m[0;30;47m [0m[0;30;47m[[0m[0;30;47mc[0m[0;30;47mh[0m[0;30;47ma[0m[0;30;47mr[0m[0;30;47m][0m[0;30;47m [0m[0;30;47m [0m[0;30;47m [0m[0;30;47m [0m[0;30;47m [0m[0;30;47m [0m[0;30;47m [0m[0;30;47m [0m[0;30;47m [0m[0;34;46m~[0m
[0;34;46m~[0m[0;30;47m [0m[0;30;47m [0m[0;30;47mi[0m[0;30;47mn[0m[0;30;47ms[0m[0;30;47mp[0m[0;30;47me[0m[0;30;47mc[0m[0;30;47mt[0m[0;30;47m([0m[0;30;47mi[0m[0;30;47m)[0m[0;30;47m [0m[0;30;47m[[0m[0;30;47mo[0m[0;30;47mb[0m[0;30;47mj[0m[0;30;47m][0m[0;30;47m [0m[0;30;47m|[0m[0;30;47m [0m[0;30;47mu[0m[0;30;47ms[0m[0;30;47me[0m[0;30;47m([0m[0;30;47mu[0m[0;30;47m)[0m[0;30;47m [0m[0;30;47m[[0m[0;30;47mo[0m[0;30;47mb[0m[0;30;47mj[0m[0;30;47m][0m[0;30;47m [0m[0;30;47m|[0m[0;30;47m [0m[0;30;47mo[0m[0;30;47mp[0m[0;30;47me[0m[0;30;47mn[0m[0;30;47m([0m[0;30;47mo[0m[0;30;47m)[0m[0;30;47m [0m[0;30;47m[[0m[0;30;47ml[0m[0;30;47mn[0m[0;30;47mk[0m[0;30;47m][0m[0;30;47m [0m[0;30;47mw[0m[0;30;47mi[0m[0;30;47mt[0m[0;30;47mh[0m[0;30;47m [0m[0;30;47m[[0m[0;30;47mo[0m[0;30;47mb[0m[0;30;47mj[0m[0;30;47m][0m[0;30;47m [0m[0;30;47m|[0m[0;30;47m [0m[0;30;47mt[0m[0;30;47mp[0m[0;30;47m [0m[0;30;47m[[0m[0;30;47mr[0m[0;30;47mo[0m[0;30;47mo[0m[0;30;47mm[0m[0;30;47m][0m[0;30;47m [0m[0;30;47m|[0m[0;30;47m [0m[0;30;47me[0m[0;30;47mx[0m[0;30;47mi[0m[0;30;47mt[0m[0;30;47m([0m[0;30;47me[0m[0;30;47m)[0m[0;30;47m [0m[0;30;47m|[0m[0;30;47m [0m[0;30;47ma[0m[0;30;47mb[0m[0;30;47ma[0m[0;30;47mn[0m[0;30;47md[0m[0;30;47mo[0m[0;30;47mn[0m[0;30;47m([0m[0;30;47mf[0m[0;30;47m)[0m[0;30;47m [0m[0;30;47m[[0m[0;30;47mc[0m[0;30;47mh[0m[0;30;47ma[0m[0;30;47mr[0m[0;30;47m][0m[0;30;47m [0m[0;30;47m [0m[0;30;47m [0m[0;30;47m [0m[0;30;47m [0m[0;30;47m [0m[0;34;46m~[0m
[0;34;46m~[0m[0;34;46m~[0m[0;34;46m~[0m[0;34;46m~[0m[0;34;46m~[0m[0;34;46m~[0m[0;34;46m~[0m[0;34;46m~[0m[0;34;46m~[0m[0;34;46m~[0m[0;34;46m~[0m[0;34;46m~[0m[0;34;46m~[0m[0;34;46m~[0m[0;34;46m~[0m[0;34;46m~[0m[0;34;46m~[0m[0;34;46m~[0m[0;34;46m~[0m[0;34;46m~[0m[0;34;46m~[0m[0;34;46m~[0m[0;34;46m~[0m[0;34;46m~[0m[0;34;46m~[0m[0;34;46m~[0m[0;34;46m~[0m[0;34;46m~[0m[0;34;46m~[0m[0;34;46m~[0m[0;34;46m~[0m[0;34;46m~[0m[0;34;46m~[0m[0;34;46m~[0m[0;34;46m~[0m[0;34;46m~[0m[0;34;46m~[0m[0;34;46m~[0m[0;34;46m~[0m[0;34;46m~[0m[0;34;46m~[0m[0;34;46m~[0m[0;34;46m~[0m[0;34;46m~[0m[0;34;46m~[0m[0;34;46m~[0m[0;34;46m~[0m[0;34;46m~[0m[0;34;46m~[0m[0;34;46m~[0m[0;34;46m~[0m[0;34;46m~[0m[0;34;46m~[0m[0;34;46m~[0m[0;34;46m~[0m[0;34;46m~[0m[0;34;46m~[0m[0;34;46m~[0m[0;34;46m~[0m[0;34;46m~[0m[0;34;46m~[0m[0;34;46m~[0m[0;34;46m~[0m[0;34;46m~[0m[0;34;46m~[0m[0;34;46m~[0m[0;34;46m~[0m[0;34;46m~[0m[0;34;46m~[0m[0;34;46m~[0m[0;34;46m~[0m[0;34;46m~[0m[0;34;46m~[0m[0;34;46m~[0m[0;34;46m~[0m[0;34;46m~[0m[0;34;46m~[0m[0;34;46m~[0m[0;34;46m~[0m[0;34;46m~[0m[0;34;46m~[0m[0;34;46m~[0m[0;34;46m~[0m[0;34;46m~[0m[0;34;46m~[0m[0;34;46m~[0m[0;34;46m~[0m[0;34;46m~[0m[0;34;46m~[0m[0;34;46m~[0m[0;34;46m~[0m[0;34;46m~[0m[0;34;46m~[0m[0;34;46m~[0m[0;34;46m~[0m[0;34;46m~[0m[0;34;46m~[0m[0;34;46m~[0m[0;34;46m~[0m[0;34;46m~[0m[0;34;46m~[0m[0;34;46m~[0m[0;34;46m~[0m[0;34;46m~[0m[0;34;46m~[0m[0;34;46m~[0m[0;34;46m~[0m[0;34;46m~[0m[0;34;46m~[0m[0;34;46m~[0m
[0;34;46m~[0m[0;30;47m [0m[0;30;47m [0m[0;30;47m [0m[0;30;47m [0m[0;30;47m [0m[0;30;47m [0m[0;30;47m [0m[0;30;47m [0m[0;30;47m [0m[0;30;47m [0m[0;30;47m [0m[0;30;47m [0m[0;30;47m [0m[0;30;47m [0m[0;30;47m [0m[0;30;47m [0m[0;30;47m [0m[0;30;47m [0m[0;30;47m [0m[0;30;47m [0m[0;30;47m [0m[0;30;47m [0m[0;30;47m [0m[0;30;47m [0m[0;30;47m [0m[0;30;47m [0m[0;30;47m [0m[0;30;47m [0m[0;30;47m [0m[0;30;47m [0m[0;30;47m [0m[0;30;47m [0m[0;30;47m [0m[0;30;47m [0m[0;30;47m [0m[0;30;47m [0m[0;30;47m [0m[0;30;47m [0m[0;30;47m [0m[0;30;47m [0m[0;30;47m [0m[0;30;47m [0m[0;30;47m [0m[0;30;47m [0m[0;30;47m [0m[0;30;47m [0m[0;30;47m [0m[0;30;47m [0m[0;30;47m [0m[0;30;47m [0m[0;30;47m [0m[0;30;47m [0m[0;30;47m [0m[0;30;47m [0m[0;30;47m [0m[0;30;47m [0m[0;30;47m [0m[0;30;47m [0m[0;30;47m [0m[0;30;47m [0m[0;30;47m [0m[0;30;47m [0m[0;30;47m [0m[0;30;47m [0m[0;30;47m [0m[0;30;47m [0m[0;30;47m [0m[0;30;47m [0m[0;30;47m [0m[0;30;47m [0m[0;30;47m [0m[0;30;47m [0m[0;30;47m [0m[0;30;47m [0m[0;30;47m [0m[0;30;47m [0m[0;30;47m [0m[0;30;47m [0m[0;30;47m [0m[0;30;47m [0m[0;30;47m [0m[0;30;47m [0m[0;30;47m [0m[0;30;47m [0m[0;30;47m [0m[0;30;47m [0m[0;30;47m [0m[0;30;47m [0m[0;30;47m [0m[0;30;47m [0m[0;30;47m [0m[0;30;47m [0m[0;30;47m [0m[0;30;47m [0m[0;30;47m [0m[0;30;47m [0m[0;30;47m [0m[0;30;47m [0m[0;30;47m [0m[0;30;47m [0m[0;30;47m [0m[0;30;47m [0m[0;30;47m [0m[0;30;47m [0m[0;30;47m [0m[0;30;47m [0m[0;30;47m [0m[0;30;47m [0m[0;34;46m~[0m
[0;34;46m~[0m[0;30;47m [0m[0;30;47m [0m[0;30;47m [0m[0;30;47m [0m[0;30;47m [0m[0;30;47m [0m[0;30;47m [0m[0;30;47m [0m[0;30;47m [0m[0;30;47m [0m[0;30;47m [0m[0;30;47m [0m[0;30;47m [0m[0;30;47m [0m[0;30;47m [0m[0;30;47m [0m[0;30;47m [0m[0;30;47m [0m[0;30;47m [0m[0;30;47m [0m[0;30;47m [0m[0;30;47m [0m[0;30;47m [0m[0;30;47m [0m[0;30;47m [0m[0;30;47m [0m[0;30;47m [0m[0;30;47m [0m[0;30;47m [0m[0;30;47m [0m[0;30;47m [0m[0;30;47m [0m[0;30;47m [0m[0;30;47m [0m[0;30;47m [0m[0;30;47m [0m[0;30;47m [0m[0;30;47m [0m[0;30;47m [0m[0;30;47m [0m[0;30;47m [0m[0;30;47m [0m[0;30;47m [0m[0;30;47m [0m[0;30;47m [0m[0;30;47m [0m[0;30;47m [0m[0;30;47m [0m[0;30;47m [0m[0;30;47m [0m[0;30;47m [0m[0;30;47m [0m[0;30;47m [0m[0;30;47m [0m[0;30;47m [0m[0;30;47m [0m[0;30;47m [0m[0;30;47m [0m[0;30;47m [0m[0;30;47m [0m[0;30;47m [0m[0;30;47m [0m[0;30;47m [0m[0;30;47m [0m[0;30;47m [0m[0;30;47m [0m[0;30;47m [0m[0;30;47m [0m[0;30;47m [0m[0;30;47m [0m[0;30;47m [0m[0;30;47m [0m[0;30;47m [0m[0;30;47m [0m[0;30;47m [0m[0;30;47m [0m[0;30;47m [0m[0;30;47m [0m[0;30;47m [0m[0;30;47m [0m[0;30;47m [0m[0;30;47m [0m[0;30;47m [0m[0;30;47m [0m[0;30;47m [0m[0;30;47m [0m[0;30;47m [0m[0;30;47m [0m[0;30;47m [0m[0;30;47m [0m[0;30;47m [0m[0;30;47m [0m[0;30;47m [0m[0;30;47m [0m[0;30;47m [0m[0;30;47m [0m[0;30;47m [0m[0;30;47m [0m[0;30;47m [0m[0;30;47m [0m[0;30;47m [0m[0;30;47m [0m[0;30;47m [0m[0;30;47m [0m[0;30;47m [0m[0;30;47m [0m[0;30;47m [0m[0;30;47m [0m[0;34;46m~[0m
[0;34;46m~[0m[0;30;47m [0m[0;30;47m [0m[0;30;47m [0m[0;30;47m [0m[0;30;47m [0m[0;30;47m [0m[0;30;47m [0m[0;30;47m [0m[0;30;47m [0m[0;30;47m [0m[0;30;47m [0m[0;30;47m [0m[0;30;47m [0m[0;30;47m [0m[0;30;47m [0m[0;30;47m [0m[0;30;47m [0m[0;30;47m [0m[0;30;47m [0m[0;30;47m [0m[0;30;47m [0m[0;30;47m [0m[0;30;47m [0m[0;30;47m [0m[0;30;47m [0m[0;30;47m [0m[0;30;47m [0m[0;30;47m [0m[0;30;47m [0m[0;30;47m [0m[0;30;47m [0m[0;30;47m [0m[0;30;47m [0m[0;30;47m [0m[0;30;47m [0m[0;30;47m [0m[0;30;47m [0m[0;30;47m [0m[0;30;47m [0m[0;30;47m [0m[0;30;47m [0m[0;30;47m [0m[0;30;47m [0m[0;30;47m [0m[0;30;47m [0m[0;30;47m [0m[0;30;47m [0m[0;30;47m [0m[0;30;47m [0m[0;30;47m [0m[0;30;47m [0m[0;30;47m [0m[0;30;47m [0m[0;30;47m [0m[0;30;47m [0m[0;30;47m [0m[0;30;47m [0m[0;30;47m [0m[0;30;47m [0m[0;30;47m [0m[0;30;47m [0m[0;30;47m [0m[0;30;47m [0m[0;30;47m [0m[0;30;47m [0m[0;30;47m [0m[0;30;47m [0m[0;30;47m [0m[0;30;47m [0m[0;30;47m [0m[0;30;47m [0m[0;30;47m [0m[0;30;47m [0m[0;30;47m [0m[0;30;47m [0m[0;30;47m [0m[0;30;47m [0m[0;30;47m [0m[0;30;47m [0m[0;30;47m [0m[0;30;47m [0m[0;30;47m [0m[0;30;47m [0m[0;30;47m [0m[0;30;47m [0m[0;30;47m [0m[0;30;47m [0m[0;30;47m [0m[0;30;47m [0m[0;30;47m [0m[0;30;47m [0m[0;30;47m [0m[0;30;47m [0m[0;30;47m [0m[0;30;47m [0m[0;30;47m [0m[0;30;47m [0m[0;30;47m [0m[0;30;47m [0m[0;30;47m [0m[0;30;47m [0m[0;30;47m [0m[0;30;47m [0m[0;30;47m [0m[0;30;47m [0m[0;30;47m [0m[0;30;47m [0m[0;30;47m [0m[0;34;46m~[0m
prompt:> [2J
[0;34;42m~[0m[0;34;42m~[0m[0;34;42m~[0m[0;34;42m~[0m[0;34;42m~[0m[0;34;42m~[0m[0;34;42m~[0m[0;34;42m~[0m[0;34;42m~[0m[0;34;42m~[0m[0;34;42m~[0m[0;34;42m~[0m[0;34;42m~[0m[0;34;42m~[0m[0;34;42m~[0m[0;34;42m~[0m[0;34;42m~[0m[0;34;42m~[0m[0;34;42m~[0m[0;34;42m~[0m[0;34;42m~[0m[0;34;42m~[0m[0;34;42m~[0m[0;34;42m~[0m[0;34;42m~[0m[0;34;42m~[0m[0;34;42m~[0m[0;34;42m~[0m[0;34;42m~[0m[0;34;42m~[0m[0;34;42m~[0m[0;34;42m~[0m[0;34;42m~[0m[0;34;42m~[0m[0;34;42m~[0m[0;34;42m~[0m[0;34;42m~[0m[0;34;42m~[0m[0;34;42m~[0m[0;34;42m~[0m[0;34;42m~[0m[0;34;42m~[0m[0;34;42m~[0m[0;34;42m~[0m[0;34;42m~[0m[0;34;42m~[0m[0;34;42m~[0m[0;34;42m~[0m[0;34;42m~[0m[0;34;42m~[0m[0;34;42m~[0m[0;34;42m~[0m[0;34;42m~[0m[0;34;42m~[0m[0;34;42m~[0m[0;34;42m~[0m[0;34;42m~[0m[0;34;42m~[0m[0;34;42m~[0m[0;34;42m~[0m[0;34;42m~[0m[0;34;42m~[0m[0;34;42m~[0m[0;34;42m~[0m[0;34;42m~[0m[0;34;42m~[0m[0;34;42m~[0m[0;34;42m~[0m[0;34;42m~[0m[0;34;42m~[0m[0;34;42m~[0m[0;34;42m~[0m[0;34;42m~[0m[0;34;42m~[0m[0;34;42m~[0m[0;34;42m~[0m[0;34;42m~[0m[0;34;42m~[0m[0;34;42m~[0m[0;34;42m~[0m[0;34;42m~[0m[0;34;42m~[0m[0;34;42m~[0m[0;34;42m~[0m[0;34;42m~[0m[0;34;42m~[0m[0;34;42m~[0m[0;34;42m~[0m[0;34;42m~[0m[0;34;42m~[0m[0;34;42m~[0m[0;34;42m~[0m[0;34;42m~[0m[0;34;42m~[0m[0;34;42m~[0m[0;34;42m~[0m[0;34;42m~[0m[0;34;42m~[0m[0;34;42m~[0m[0;34;42m~[0m[0;34;42m~[0m[0;34;42m~[0m[0;34;42m~[0m[0;34;42m~[0m[0;34;42m~[0m[0;34;42m~[0m[0;34;42m~[0m[0;34;42m~[0m[0;34;42m~[0m[0;34;42m~[0m
[0;34;42m~[0m[0;30;47m [0m[0;30;47m [0m[0;30;47m [0m[0;30;47m [0m[0;30;47m [0m[0;30;47m [0m[0;30;47m [0m[0;30;47m [0m[0;30;47m [0m[0;30;47m [0m[0;30;47m [0m[0;30;47m [0m[0;30;47m [0m[0;30;47m [0m[0;30;47m [0m[0;30;47m [0m[0;30;47m [0m[0;30;47m [0m[0;30;47m [0m[0;30;47m [0m[0;30;47m [0m[0;30;47m|[0m[0;30;47m [0m[0;30;47m [0m[0;30;47m [0m[0;30;47m [0m[0;30;47m:[0m[0;30;47m [0m[0;30;47m [0m[0;30;47m [0m[0;30;47m [0m[0;30;47m [0m[0;30;47m:[0m[0;30;47m [0m[0;30;47m [0m[0;30;47m [0m[0;30;47m [0m[0;30;47m|[0m[0;30;47m [0m[0;30;47m [0m[0;30;47m [0m[0;30;47m [0m[0;30;47m [0m[0;30;47m [0m[0;30;47m [0m[0;30;47m [0m[0;30;47m [0m[0;30;47m [0m[0;30;47m [0m[0;30;47m [0m[0;30;47m [0m[0;30;47m [0m[0;30;47m [0m[0;30;47m [0m[0;30;47m [0m[0;30;47m [0m[0;30;47m [0m[0;30;47m [0m[0;30;47m [0m[0;30;47m [0m[0;30;47m [0m[0;30;47m [0m[0;34;42m~[0m[0;30;47m [0m[0;30;47m [0m[0;30;47m=[0m[0;30;47m=[0m[0;30;47m=[0m[0;30;47m=[0m[0;30;47m=[0m[0;30;47m=[0m[0;30;47m=[0m[0;30;47m=[0m[0;30;47m=[0m[0;30;47m=[0m[0;30;47m=[0m[0;30;47m=[0m[0;30;47m=[0m[0;30;47m=[0m[0;30;47m=[0m[0;30;47m=[0m[0;30;47m=[0m[0;30;47m=[0m[0;30;47m=[0m[0;30;47m=[0m[0;30;47m=[0m[0;30;47m=[0m[0;30;47m=[0m[0;30;47m=[0m[0;30;47m=[0m[0;30;47m=[0m[0;30;47m=[0m[0;30;47m=[0m[0;30;47m=[0m[0;30;47m=[0m[0;30;47m=[0m[0;30;47m=[0m[0;30;47m=[0m[0;30;47m=[0m[0;30;47m=[0m[0;30;47m=[0m[0;30;47m=[0m[0;30;47m=[0m[0;30;47m=[0m[0;30;47m=[0m[0;30;47m=[0m[0;30;47m [0m[0;30;47m [0m[0;34;42m~[0m
[0;34;42m~[0m[0;30;47m [0m[0;30;47m [0m[0;30;47m [0m[0;30;47m [0m[0;30;47m [0m[0;30;47m [0m[0;30;47m [0m[0;30;47m [0m[0;30;47m [0m[0;30;47m [0m[0;30;47m [0m[0;30;47m [0m[0;30;47m [0m[0;30;47m [0m[0;30;47m [0m[0;30;47m [0m[0;30;47m [0m[0;30;47m [0m[0;30;47m [0m[0;30;47m [0m[0;30;47m [0m[0;30;47m|[0m[0;30;47m [0m[0;30;47m [0m[0;30;47m [0m[0;30;47m [0m[0;30;47m.[0m[0;30;47m.[0m[0;30;47m.[0m[0;30;47m.[0m[0;30;47m.[0m[0;30;47m.[0m[0;30;47m.[0m[0;30;47m [0m[0;30;47m [0m[0;30;47m [0m[0;30;47m [0m[0;30;47m|[0m[0;30;47m [0m[0;30;47m [0m[0;30;47m [0m[0;30;47m [0m[0;30;47m [0m[0;30;47m [0m[0;30;47m [0m[0;30;47m [0m[0;30;47m [0m[0;30;47m [0m[0;30;47m [0m[0;30;47m [0m[0;30;47m [0m[0;30;47m [0m[0;30;47m [0m[0;30;47m [0m[0;30;47m [0m[0;30;47m [0m[0;30;47m [0m[0;30;47m [0m[0;30;47m [0m[0;30;47m [0m[0;30;47m [0m[0;30;47m [0m[0;34;42m~[0m[0;30;47m [0m[0;30;47m [0m[0;30;47m [0m[0;30;47m [0m[0;30;47mP[0m[0;30;47mL[0m[0;30;47mA[0m[0;30;47mY[0m[0;30;47mE[0m[0;30;47mR[0m[0;30;47m [0m[0;30;47m2[0m[0;30;47m [0m[0;30;47mS[0m[0;30;47mT[0m[0;30;47mA[0m[0;30;47mT[0m[0;30;47mU[0m[0;30;47mS[0m[0;30;47m [0m[0;30;47m [0m[0;30;47m [0m[0;30;47m|[0m[0;30;47m [0m[0;30;47m [0m[0;30;47m [0m[0;30;47mH[0m[0;30;47mE[0m[0;30;47mA[0m[0;30;47mL[0m[0;30;47mT[0m[0;30;47mH[0m[0;30;47m:[0m[0;30;47m [0m[0;30;47m3[0m[0;30;47m [0m[0;30;47mp[0m[0;30;47mt[0m[0;30;47ms[0m[0;30;47m [0m[0;30;47m [0m[0;30;47m [0m[0;30;47m [0m[0;30;47m [0m[0;30;47m [0m[0;34;42m~[0m
[0;34;42m~[0m[0;30;47m [0m[0;30;47m [0m[0;30;47m [0m[0;30;47m [0m[0;30;47m [0m[0;30;47m [0m[0;30;47m [0m[0;30;47m [0m[0;30;47m [0m[0;30;47m [0m[0;30;47m [0m[0;30;47m [0m[0;30;47m [0m[0;30;47m [0m[0;30;47m [0m[0;30;47m [0m[0;30;47m [0m[0;30;47m [0m[0;30;47m [0m[0;30;47m [0m[0;30;47m [0m[0;30;47m|[0m[0;30;47mm[0m[0;30;47ma[0m[0;30;47mi[0m[0;30;47ml[0m[0;30;47m,[0m[0;30;47mc[0m[0;30;47mu[0m[0;30;47mp[0m[0;30;47m [0m[0;30;47m [0m[0;30;47m [0m[0;30;47m [0m[0;30;47m [0m[0;30;47m [0m[0;30;47m [0m[0;30;47m|[0m[0;30;47m [0m[0;30;47m [0m[0;30;47m [0m[0;30;47m [0m[0;30;47m [0m[0;30;47m [0m[0;30;47m [0m[0;30;47m [0m[0;30;47m [0m[0;30;47m [0m[0;30;47m [0m[0;30;47m [0m[0;30;47m [0m[0;30;47m [0m[0;30;47m [0m[0;30;47m [0m[0;30;47m [0m[0;30;47m [0m[0;30;47m [0m[0;30;47m [0m[0;30;47m [0m[0;30;47m [0m[0;30;47m [0m[0;30;47m [0m[0;34;42m~[0m[0;30;47m [0m[0;30;47m [0m[0;30;47m=[0m[0;30;47m=[0m[0;30;47m=[0m[0;30;47m=[0m[0;30;47m=[0m[0;30;47m=[0m[0;30;47m=[0m[0;30;47m=[0m[0;30;47m=[0m[0;30;47m=[0m[0;30;47m=[0m[0;30;47m=[0m[0;30;47m=[0m[0;30;47m=[0m[0;30;47m=[0m[0;30;47m=[0m[0;30;47m=[0m[0;30;47m=[0m[0;30;47m=[0m[0;30;47m=[0m[0;30;47m=[0m[0;30;47m=[0m[0;30;47m=[0m[0;30;47m=[0m[0;30;47m=[0m[0;30;47m=[0m[0;30;47m=[0m[0;30;47m=[0m[0;30;47m=[0m[0;30;47m=[0m[0;30;47m=[0m[0;30;47m=[0m[0;30;47m=[0m[0;30;47m=[0m[0;30;47m=[0m[0;30;47m=[0m[0;30;47m=[0m[0;30;47m=[0m[0;30;47m=[0m[0;30;47m=[0m[0;30;47m=[0m[0;30;47m [0m[0;30;47m [0m[0;34;42m~[0m
[0;34;42m~[0m[0;30;47m [0m[0;30;47m [0m[0;30;47m [0m[0;30;47m [0m[0;30;47m [0m[0;30;47m [0m[0;30;47m [0m[0;30;47m [0m[0;30;47m [0m[0;30;47m [0m[0;30;47m [0m[0;30;47m [0m[0;30;47m [0m[0;30;47m [0m[0;30;47m [0m[0;30;47m [0m[0;30;47m [0m[0;30;47m [0m[0;30;47m [0m[0;30;47m [0m[0;30;47m [0m[0;30;47m+[0m[0;30;47m-[0m[0;30;47m-[0m[0;30;47m-[0m[0;30;47m-[0m[0;30;47m-[0m[0;30;47m-[0m[0;30;47m-[0m[0;30;47m-[0m[0;30;47m-[0m[0;30;47m-[0m[0;30;47m-[0m[0;30;47m-[0m[0;30;47m-[0m[0;30;47m-[0m[0;30;47m-[0m[0;30;47m+[0m[0;30;47m [0m[0;30;47m [0m[0;30;47m [0m[0;30;47m [0m[0;30;47m [0m[0;30;47m [0m[0;30;47m [0m[0;30;47m [0m[0;30;47m [0m[0;30;47m [0m[0;30;47m [0m[0;30;47m [0m[0;30;47m [0m[0;30;47m [0m[0;30;47m [0m[0;30;47m [0m[0;30;47m [0m[0;30;47m [0m[0;30;47m [0m[0;30;47m [0m[0;30;47m [0m[0;30;47m [0m[0;30;47m [0m[0;30;47m [0m[0;34;42m~[0m[0;30;47m [0m[0;30;47m [0m[0;30;47m>[0m[0;30;47m [0m[0;30;47mC[0m[0;30;47mu[0m[0;30;47mr[0m[0;30;47mr[0m[0;30;47me[0m[0;30;47mn[0m[0;30;47mt[0m[0;30;47m [0m[0;30;47mL[0m[0;30;47mo[0m[0;30;47mc[0m[0;30;47ma[0m[0;30;47mt[0m[0;30;47mi[0m[0;30;47mo[0m[0;30;47mn[0m[0;30;47m [0m[0;30;47m:[0m[0;30;47m [0m[0;30;47m1[0m[0;30;47m4[0m[0;30;47m [0m[0;30;47m([0m[0;30;47mf[0m[0;30;47mi[0m[0;30;47mr[0m[0;30;47me[0m[0;30;47m)[0m[0;30;47m [0m[0;30;47m [0m[0;30;47m [0m[0;30;47m [0m[0;30;47m [0m[0;30;47m [0m[0;30;47m [0m[0;30;47m [0m[0;30;47m [0m[0;30;47m [0m[0;30;47m [0m[0;30;47m [0m[0;30;47m [0m[0;34;42m~[0m
[0;34;42m~[0m[0;30;47m [0m[0;30;47m [0m[0;30;47m [0m[0;30;47m [0m[0;30;47m [0m[0;30;47m [0m[0;30;47m [0m[0;30;47m [0m[0;30;47m [0m[0;30;47m [0m[0;30;47m [0m[0;30;47m [0m[0;30;47m [0m[0;30;47m [0m[0;30;47m [0m[0;30;47m [0m[0;30;47m [0m[0;30;47m [0m[0;30;47m [0m[0;30;47m [0m[0;30;47m [0m[0;30;47m [0m[0;30;47m [0m[0;30;47m [0m[0;30;47m [0m[0;30;47m [0m[0;30;47m [0m[0;30;47m [0m[0;30;47m [0m[0;30;47m^[0m[0;30;47m [0m[0;30;47m [0m[0;30;47m [0m[0;30;47m [0m[0;30;47m [0m[0;30;47m [0m[0;30;47m [0m[0;30;47m [0m[0;30;47m [0m[0;30;47m [0m[0;30;47m [0m[0;30;47m [0m[0;30;47m [0m[0;30;47m [0m[0;30;47m [0m[0;30;47m [0m[0;30;47m [0m[0;30;47m [0m[0;30;47m [0m[0;30;47m [0m[0;30;47m [0m[0;30;47m [0m[0;30;47m [0m[0;30;47m [0m[0;30;47m [0m[0;30;47m [0m[0;30;47m [0m[0;30;47m [0m[0;30;47m [0m[0;30;47m [0m[0;30;47m [0m[0;30;47m [0m[0;34;42m~[0m[0;30;47m [0m[0;30;47m [0m[0;30;47m>[0m[0;30;47m [0m[0;30;47mB[0m[0;30;47ma[0m[0;30;47mc[0m[0;30;47mk[0m[0;30;47mp[0m[0;30;47ma[0m[0;30;47mc[0m[0;30;47mk[0m[0;30;47m [0m[0;30;47m [0m[0;30;47m [0m[0;30;47m [0m[0;30;47m [0m[0;30;47m [0m[0;30;47m [0m[0;30;47m:[0m[0;30;47m [0m[0;30;47mm[0m[0;30;47ma[0m[0;30;47mp[0m[0;30;47m [0m[0;30;47m [0m[0;30;47m [0m[0;30;47m [0m[0;30;47m [0m[0;30;47m [0m[0;30;47m [0m[0;30;47m [0m[0;30;47m [0m[0;30;47m [0m[0;30;47m [0m[0;30;47m [0m[0;30;47m [0m[0;30;47m [0m[0;30;47m [0m[0;30;47m [0m[0;30;47m [0m[0;30;47m [0m[0;30;47m [0m[0;30;47m [0m[0;30;47m [0m[0;34;42m~[0m
[0;34;42m~[0m[0;30;47m [0m[0;30;47m [0m[0;30;47m [0m[0;30;47m [0m[0;30;47m [0m[0;30;47m [0m[0;30;47m [0m[0;30;47m [0m[0;30;47m [0m[0;30;47m [0m[0;30;47m [0m[0;30;47m [0m[0;30;47m [0m[0;30;47m [0m[0;30;47m [0m[0;30;47m [0m[0;30;47m [0m[0;30;47m [0m[0;30;47m [0m[0;30;47m [0m[0;30;47m [0m[0;30;47m+[0m[0;30;47m-[0m[0;30;47m-[0m[0;30;47m-[0m[0;30;47m-[0m[0;30;47m-[0m[0;30;47m-[0m[0;30;47m-[0m[0;30;47m-[0m[0;30;47m-[0m[0;30;47m-[0m[0;30;47m-[0m[0;30;47m-[0m[0;30;47m-[0m[0;30;47m-[0m[0;30;47m-[0m[0;30;47m+[0m[0;30;47m [0m[0;30;47m [0m[0;30;47m [0m[0;30;47m [0m[0;30;47m [0m[0;30;47m [0m[0;30;47m [0m[0;30;47m [0m[0;30;47m [0m[0;30;47m [0m[0;30;47m [0m[0;30;47m [0m[0;30;47m [0m[0;30;47m [0m[0;30;47m [0m[0;30;47m [0m[0;30;47m [0m[0;30;47m [0m[0;30;47m [0m[0;30;47m [0m[0;30;47m [0m[0;30;47m [0m[0;30;47m [0m[0;30;47m [0m[0;34;42m~[0m[0;30;47m [0m[0;30;47m [0m[0;30;47m-[0m[0;30;47m-[0m[0;30;47m-[0m[0;30;47m-[0m[0;30;47m-[0m[0;30;47m-[0m[0;30;47m-[0m[0;30;47m-[0m[0;30;47m-[0m[0;30;47m-[0m[0;30;47m-[0m[0;30;47m-[0m[0;30;47m-[0m[0;30;47m-[0m[0;30;47m-[0m[0;30;47m-[0m[0;30;47m-[0m[0;30;47m-[0m[0;30;47m-[0m[0;30;47m-[0m[0;30;47m-[0m[0;30;47m-[0m[0;30;47m-[0m[0;30;47m-[0m[0;30;47m-[0m[0;30;47m-[0m[0;30;47m-[0m[0;30;47m-[0m[0;30;47m-[0m[0;30;47m-[0m[0;30;47m-[0m[0;30;47m-[0m[0;30;47m-[0m[0;30;47m-[0m[0;30;47m-[0m[0;30;47m-[0m[0;30;47m-[0m[0;30;47m-[0m[0;30;47m-[0m[0;30;47m-[0m[0;30;47m-[0m[0;30;47m [0m[0;30;47m [0m[0;34;42m~[0m
[0;34;42m~[0m[0;30;47m [0m[0;30;47m [0m[0;30;47m [0m[0;30;47m [0m[0;30;47m [0m[0;30;47m [0m[0;30;47m [0m[0;30;47m [0m[0;30;47m [0m[0;30;47m [0m[0;30;47m [0m[0;30;47m [0m[0;30;47m [0m[0;30;47m [0m[0;30;47m [0m[0;30;47m [0m[0;30;47m [0m[0;30;47m [0m[0;30;47m [0m[0;30;47m [0m[0;30;47m [0m[0;30;47m|[0m[0;30;47m [0m[0;30;47m^[0m[0;30;47mK[0m[0;30;47m>[0m[0;30;47m [0m[0;30;47m [0m[0;30;47m [0m[0;30;47m [0m[0;30;47m [0m[0;30;47m [0m[0;30;47m [0m[0;30;47m [0m[0;30;47m [0m[0;30;47m1[0m[0;30;47m4[0m[0;30;47m|[0m[0;30;47m [0m[0;30;47m [0m[0;30;47m [0m[0;30;47m [0m[0;30;47m [0m[0;30;47m [0m[0;30;47m [0m[0;30;47m [0m[0;30;47m [0m[0;30;47m [0m[0;30;47m [0m[0;30;47m [0m[0;30;47m [0m[0;30;47m [0m[0;30;47m [0m[0;30;47m [0m[0;30;47m [0m[0;30;47m [0m[0;30;47m [0m[0;30;47m [0m[0;30;47m [0m[0;30;47m [0m[0;30;47m [0m[0;30;47m [0m[0;34;42m~[0m[0;30;47m [0m[0;30;47m [0m[0;30;47mV[0m[0;30;47mI[0m[0;30;47mS[0m[0;30;47mI[0m[0;30;47mB[0m[0;30;47mL[0m[0;30;47mE[0m[0;30;47m [0m[0;30;47mE[0m[0;30;47mN[0m[0;30;47mT[0m[0;30;47mI[0m[0;30;47mT[0m[0;30;47mI[0m[0;30;47mE[0m[0;30;47mS[0m[0;30;47m [0m[0;30;47m([0m[0;30;47mD[0m[0;30;47mi[0m[0;30;47ms[0m[0;30;47mc[0m[0;30;47mo[0m[0;30;47mv[0m[0;30;47me[0m[0;30;47mr[0m[0;30;47me[0m[0;30;47md[0m[0;30;47m [0m[0;30;47mS[0m[0;30;47mp[0m[0;30;47ma[0m[0;30;47mc[0m[0;30;47me[0m[0;30;47ms[0m[0;30;47m)[0m[0;30;47m:[0m[0;30;47m [0m[0;30;47m [0m[0;30;47m [0m[0;30;47m [0m[0;30;47m [0m[0;30;47m [0m[0;34;42m~[0m
[0;34;42m~[0m[0;30;47m [0m[0;30;47m [0m[0;30;47m [0m[0;30;47m [0m[0;30;47m [0m[0;30;47m [0m[0;30;47m [0m[0;30;47m [0m[0;30;47m [0m[0;30;47m [0m[0;30;47m [0m[0;30;47m [0m[0;30;47m [0m[0;30;47m [0m[0;30;47m [0m[0;30;47m [0m[0;30;47m [0m[0;30;47m [0m[0;30;47m [0m[0;30;47m [0m[0;30;47m [0m[0;30;47m|[0m[0;30;47m [0m[0;30;47m [0m[0;30;47m [0m[0;30;47m [0m[0;30;47m [0m[0;30;47m_[0m[0;30;47m_[0m[0;30;47m_[0m[0;30;47m [0m[0;30;47m [0m[0;30;47m [0m[0;30;47m [0m[0;30;47m [0m[0;30;47m [0m[0;30;47m [0m[0;30;47m|[0m[0;30;47m [0m[0;30;47m [0m[0;30;47m [0m[0;30;47m [0m[0;30;47m [0m[0;30;47m [0m[0;30;47m [0m[0;30;47m [0m[0;30;47m [0m[0;30;47m [0m[0;30;47m [0m[0;30;47m [0m[0;30;47m [0m[0;30;47m [0m[0;30;47m [0m[0;30;47m [0m[0;30;47m [0m[0;30;47m [0m[0;30;47m [0m[0;30;47m [0m[0;30;47m [0m[0;30;47m [0m[0;30;47m [0m[0;30;47m [0m[0;34;42m~[0m[0;30;47m [0m[0;30;47m [0m[0;30;47m [0m[0;30;47m[[0m[0;30;47mO[0m[0;30;47mb[0m[0;30;47mj[0m[0;30;47m][0m[0;30;47m [0m[0;30;47ml[0m[0;30;47mi[0m[0;30;47md[0m[0;30;47m [0m[0;30;47m [0m[0;30;47m [0m[0;30;47m [0m[0;30;47m [0m[0;30;47m [0m[0;30;47m [0m[0;30;47m [0m[0;30;47ma[0m[0;30;47mt[0m[0;30;47m [0m[0;30;47mS[0m[0;30;47mp[0m[0;30;47ma[0m[0;30;47mc[0m[0;30;47me[0m[0;30;47m [0m[0;30;47m1[0m[0;30;47m2[0m[0;30;47m [0m[0;30;47m([0m[0;30;47mp[0m[0;30;47ma[0m[0;30;47mt[0m[0;30;47mh[0m[0;30;47m)[0m[0;30;47m [0m[0;30;47m [0m[0;30;47m [0m[0;30;47m [0m[0;30;47m [0m[0;30;47m [0m[0;30;47m [0m[0;34;42m~[0m
[0;34;42m~[0m[0;30;47m [0m[0;30;47m [0m[0;30;47m [0m[0;30;47m [0m[0;30;47m [0m[0;30;47m [0m[0;30;47m [0m[0;30;47m [0m[0;30;47m [0m[0;30;47m [0m[0;30;47m [0m[0;30;47m [0m[0;30;47m [0m[0;30;47m [0m[0;30;47m [0m[0;30;47m [0m[0;30;47m [0m[0;30;47m [0m[0;30;47m [0m[0;30;47m [0m[0;30;47m [0m[0;30;47m|[0m[0;30;47m [0m[0;30;47m [0m[0;30;47m [0m[0;30;47m [0m[0;30;47m/[0m[0;30;47m [0m[0;30;47m [0m[0;30;47m [0m[0;30;47m\[0m[0;30;47m [0m[0;30;47m [0m[0;30;47m [0m[0;30;47m [0m[0;30;47m [0m[0;30;47m [0m[0;30;47m|[0m[0;30;47m [0m[0;30;47m [0m[0;30;47m [0m[0;30;47m [0m[0;30;47m [0m[0;30;47m [0m[0;30;47m [0m[0;30;47m [0m[0;30;47m [0m[0;30;47m [0m[0;30;47m [0m[0;30;47m [0m[0;30;47m [0m[0;30;47m [0m[0;30;47m [0m[0;30;47m [0m[0;30;47m [0m[0;30;47m [0m[0;30;47m [0m[0;30;47m [0m[0;30;47m [0m[0;30;47m [0m[0;30;47m [0m[0;30;47m [0m[0;34;42m~[0m[0;30;47m [0m[0;30;47m [0m[0;30;47m [0m[0;30;47m[[0m[0;30;47mO[0m[0;30;47mb[0m[0;30;47mj[0m[0;30;47m][0m[0;30;47m [0m[0;30;47mm[0m[0;30;47ma[0m[0;30;47mi[0m[0;30;47ml[0m[0;30;47m [0m[0;30;47m [0m[0;30;47m [0m[0;30;47m [0m[0;30;47m [0m[0;30;47m [0m[0;30;47m [0m[0;30;47ma[0m[0;30;47mt[0m[0;30;47m [0m[0;30;47mS[0m[0;30;47mp[0m[0;30;47ma[0m[0;30;47mc[0m[0;30;47me[0m[0;30;47m [0m[0;30;47m1[0m[0;30;47m3[0m[0;30;47m [0m[0;30;47m([0m[0;30;47mh[0m[0;30;47ma[0m[0;30;47ml[0m[0;30;47ml[0m[0;30;47m)[0m[0;30;47m [0m[0;30;47m [0m[0;30;47m [0m[0;30;47m [0m[0;30;47m [0m[0;30;47m [0m[0;30;47m [0m[0;34;42m~[0m
[0;34;42m~[0m[0;30;47m [0m[0;30;47m [0m[0;30;47m [0m[0;30;47m [0m[0;30;47m [0m[0;30;47m [0m[0;30;47m [0m[0;30;47m [0m[0;30;47m [0m[0;30;47m [0m[0;30;47m [0m[0;30;47m [0m[0;30;47m [0m[0;30;47m [0m[0;30;47m [0m[0;30;47m [0m[0;30;47m [0m[0;30;47m [0m[0;30;47m [0m[0;30;47m [0m[0;30;47m [0m[0;30;47m|[0m[0;30;47m [0m[0;30;47m [0m[0;30;47m [0m[0;30;47m/[0m[0;30;47m [0m[0;30;47mB[0m[0;30;47mD[0m[0;30;47mL[0m[0;30;47m [0m[0;30;47m\[0m[0;30;47m [0m[0;30;47m [0m[0;30;47m [0m[0;30;47m [0m[0;30;47m [0m[0;30;47m|[0m[0;30;47m [0m[0;30;47m [0m[0;30;47m [0m[0;30;47m [0m[0;30;47m [0m[0;30;47m [0m[0;30;47m [0m[0;30;47m [0m[0;30;47m [0m[0;30;47m [0m[0;30;47m [0m[0;30;47m [0m[0;30;47m [0m[0;30;47m [0m[0;30;47m [0m[0;30;47m [0m[0;30;47m [0m[0;30;47m [0m[0;30;47m [0m[0;30;47m [0m[0;30;47m [0m[0;30;47m [0m[0;30;47m [0m[0;30;47m [0m[0;34;42m~[0m[0;30;47m [0m[0;30;47m [0m[0;30;47m [0m[0;30;47m[[0m[0;30;47mO[0m[0;30;47mb[0m[0;30;47mj[0m[0;30;47m][0m[0;30;47m [0m[0;30;47mb[0m[0;30;47mo[0m[0;30;47mw[0m[0;30;47m [0m[0;30;47m [0m[0;30;47m [0m[0;30;47m [0m[0;30;47m [0m[0;30;47m [0m[0;30;47m [0m[0;30;47m [0m[0;30;47ma[0m[0;30;47mt[0m[0;30;47m [0m[0;30;47mS[0m[0;30;47mp[0m[0;30;47ma[0m[0;30;47mc[0m[0;30;47me[0m[0;30;47m [0m[0;30;47m1[0m[0;30;47m4[0m[0;30;47m [0m[0;30;47m([0m[0;30;47mf[0m[0;30;47mi[0m[0;30;47mr[0m[0;30;47me[0m[0;30;47m)[0m[0;30;47m [0m[0;30;47m [0m[0;30;47m [0m[0;30;47m [0m[0;30;47m [0m[0;30;47m [0m[0;30;47m [0m[0;34;42m~[0m
[0;34;42m~[0m[0;30;47m [0m[0;30;47m [0m[0;30;47m [0m[0;30;47m [0m[0;30;47m [0m[0;30;47m [0m[0;30;47m [0m[0;30;47m [0m[0;30;47m [0m[0;30;47m [0m[0;30;47m [0m[0;30;47m [0m[0;30;47m [0m[0;30;47m [0m[0;30;47m [0m[0;30;47m [0m[0;30;47m [0m[0;30;47m [0m[0;30;47m [0m[0;30;47m [0m[0;30;47m [0m[0;30;47m|[0m[0;30;47m [0m[0;30;47m [0m[0;30;47m [0m[0;30;47m\[0m[0;30;47m [0m[0;30;47m-[0m[0;30;47m-[0m[0;30;47m-[0m[0;30;47m [0m[0;30;47m/[0m[0;30;47m [0m[0;30;47m [0m[0;30;47m [0m[0;30;47m [0m[0;30;47m [0m[0;30;47m|[0m[0;30;47m [0m[0;30;47m [0m[0;30;47m [0m[0;30;47m [0m[0;30;47m [0m[0;30;47m [0m[0;30;47m [0m[0;30;47m [0m[0;30;47m [0m[0;30;47m [0m[0;30;47m [0m[0;30;47m [0m[0;30;47m [0m[0;30;47m [0m[0;30;47m [0m[0;30;47m [0m[0;30;47m [0m[0;30;47m [0m[0;30;47m [0m[0;30;47m [0m[0;30;47m [0m[0;30;47m [0m[0;30;47m [0m[0;30;47m [0m[0;34;42m~[0m[0;30;47m [0m[0;30;47m [0m[0;30;47m [0m[0;30;47m[[0m[0;30;47mO[0m[0;30;47mb[0m[0;30;47mj[0m[0;30;47m][0m[0;30;47m [0m[0;30;47mv[0m[0;30;47mi[0m[0;30;47ma[0m[0;30;47ml[0m[0;30;47m [0m[0;30;47m [0m[0;30;47m [0m[0;30;47m [0m[0;30;47m [0m[0;30;47m [0m[0;30;47m [0m[0;30;47ma[0m[0;30;47mt[0m[0;30;47m [0m[0;30;47mS[0m[0;30;47mp[0m[0;30;47ma[0m[0;30;47mc[0m[0;30;47me[0m[0;30;47m [0m[0;30;47m1[0m[0;30;47m4[0m[0;30;47m [0m[0;30;47m([0m[0;30;47mf[0m[0;30;47mi[0m[0;30;47mr[0m[0;30;47me[0m[0;30;47m)[0m[0;30;47m [0m[0;30;47m [0m[0;30;47m [0m[0;30;47m [0m[0;30;47m [0m[0;30;47m [0m[0;30;47m [0m[0;34;42m~[0m
[0;34;42m~[0m[0;30;47m [0m[0;30;47m [0m[0;30;47m [0m[0;30;47m [0m[0;30;47m [0m[0;30;47m [0m[0;30;47m [0m[0;30;47m [0m[0;30;47m [0m[0;30;47m [0m[0;30;47m [0m[0;30;47m [0m[0;30;47m [0m[0;30;47m [0m[0;30;47m [0m[0;30;47m [0m[0;30;47m [0m[0;30;47m [0m[0;30;47m [0m[0;30;47m [0m[0;30;47m [0m[0;30;47m|[0m[0;30;47m [0m[0;30;47m [0m[0;30;47m [0m[0;30;47m [0m[0;30;47m\[0m[0;30;47m_[0m[0;30;47m_[0m[0;30;47m_[0m[0;30;47m/[0m[0;30;47m [0m[0;30;47m [0m[0;30;47m [0m[0;30;47m [0m[0;30;47m [0m[0;30;47m [0m[0;30;47m|[0m[0;30;47m [0m[0;30;47m [0m[0;30;47m [0m[0;30;47m [0m[0;30;47m [0m[0;30;47m [0m[0;30;47m [0m[0;30;47m [0m[0;30;47m [0m[0;30;47m [0m[0;30;47m [0m[0;30;47m [0m[0;30;47m [0m[0;30;47m [0m[0;30;47m [0m[0;30;47m [0m[0;30;47m [0m[0;30;47m [0m[0;30;47m [0m[0;30;47m [0m[0;30;47m [0m[0;30;47m [0m[0;30;47m [0m[0;30;47m [0m[0;34;42m~[0m[0;30;47m [0m[0;30;47m [0m[0;30;47m [0m[0;30;47m[[0m[0;30;47mO[0m[0;30;47mb[0m[0;30;47mj[0m[0;30;47m][0m[0;30;47m [0m[0;30;47mp[0m[0;30;47mo[0m[0;30;47mr[0m[0;30;47mt[0m[0;30;47ma[0m[0;30;47ml[0m[0;30;47m [0m[0;30;47m [0m[0;30;47m [0m[0;30;47m [0m[0;30;47m [0m[0;30;47ma[0m[0;30;47mt[0m[0;30;47m [0m[0;30;47mS[0m[0;30;47mp[0m[0;30;47ma[0m[0;30;47mc[0m[0;30;47me[0m[0;30;47m [0m[0;30;47m1[0m[0;30;47m1[0m[0;30;47m [0m[0;30;47m([0m[0;30;47mp[0m[0;30;47mi[0m[0;30;47mt[0m[0;30;47m)[0m[0;30;47m [0m[0;30;47m [0m[0;30;47m [0m[0;30;47m [0m[0;30;47m [0m[0;30;47m [0m[0;30;47m [0m[0;30;47m [0m[0;34;42m~[0m
[0;34;42m~[0m[0;30;47m [0m[0;30;47m [0m[0;30;47m [0m[0;30;47m [0m[0;30;47m [0m[0;30;47m [0m[0;30;47m [0m[0;30;47m [0m[0;30;47m [0m[0;30;47m [0m[0;30;47m [0m[0;30;47m [0m[0;30;47m [0m[0;30;47m [0m[0;30;47m [0m[0;30;47m [0m[0;30;47m [0m[0;30;47m [0m[0;30;47m [0m[0;30;47m [0m[0;30;47m [0m[0;30;47m|[0m[0;30;47mb[0m[0;30;47mo[0m[0;30;47mw[0m[0;30;47m,[0m[0;30;47mv[0m[0;30;47mi[0m[0;30;47ma[0m[0;30;47ml[0m[0;30;47m,[0m[0;30;47mw[0m[0;30;47ma[0m[0;30;47mx[0m[0;30;47m,[0m[0;30;47mf[0m[0;30;47mi[0m[0;30;47m|[0m[0;30;47m [0m[0;30;47m [0m[0;30;47m [0m[0;30;47m [0m[0;30;47m [0m[0;30;47m [0m[0;30;47m [0m[0;30;47m [0m[0;30;47m [0m[0;30;47m [0m[0;30;47m [0m[0;30;47m [0m[0;30;47m [0m[0;30;47m [0m[0;30;47m [0m[0;30;47m [0m[0;30;47m [0m[0;30;47m [0m[0;30;47m [0m[0;30;47m [0m[0;30;47m [0m[0;30;47m [0m[0;30;47m [0m[0;30;47m [0m[0;34;42m~[0m[0;30;47m [0m[0;30;47m [0m[0;30;47m [0m[0;30;47m[[0m[0;30;47mO[0m[0;30;47mb[0m[0;30;47mj[0m[0;30;47m][0m[0;30;47m [0m[0;30;47mw[0m[0;30;47ma[0m[0;30;47mx[0m[0;30;47m [0m[0;30;47m [0m[0;30;47m [0m[0;30;47m [0m[0;30;47m [0m[0;30;47m [0m[0;30;47m [0m[0;30;47m [0m[0;30;47ma[0m[0;30;47mt[0m[0;30;47m [0m[0;30;47mS[0m[0;30;47mp[0m[0;30;47ma[0m[0;30;47mc[0m[0;30;47me[0m[0;30;47m [0m[0;30;47m1[0m[0;30;47m4[0m[0;30;47m [0m[0;30;47m([0m[0;30;47mf[0m[0;30;47mi[0m[0;30;47mr[0m[0;30;47me[0m[0;30;47m)[0m[0;30;47m [0m[0;30;47m [0m[0;30;47m [0m[0;30;47m [0m[0;30;47m [0m[0;30;47m [0m[0;30;47m [0m[0;34;42m~[0m
[0;34;42m~[0m[0;30;47m [0m[0;30;47m [0m[0;30;47m [0m[0;30;47m [0m[0;30;47m [0m[0;30;47m [0m[0;30;47m [0m[0;30;47m [0m[0;30;47m [0m[0;30;47m [0m[0;30;47m [0m[0;30;47m [0m[0;30;47m [0m[0;30;47m [0m[0;30;47m [0m[0;30;47m [0m[0;30;47m [0m[0;30;47m [0m[0;30;47m [0m[0;30;47m [0m[0;30;47m [0m[0;30;47m+[0m[0;30;47m-[0m[0;30;47m-[0m[0;30;47m-[0m[0;30;47m-[0m[0;30;47m-[0m[0;30;47m-[0m[0;30;47m-[0m[0;30;47m-[0m[0;30;47m-[0m[0;30;47m-[0m[0;30;47m-[0m[0;30;47m-[0m[0;30;47m-[0m[0;30;47m-[0m[0;30;47m-[0m[0;30;47m+[0m[0;30;47m [0m[0;30;47m [0m[0;30;47m [0m[0;30;47m [0m[0;30;47m [0m[0;30;47m [0m[0;30;47m [0m[0;30;47m [0m[0;30;47m [0m[0;30;47m [0m[0;30;47m [0m[0;30;47m [0m[0;30;47m [0m[0;30;47m [0m[0;30;47m [0m[0;30;47m [0m[0;30;47m [0m[0;30;47m [0m[0;30;47m [0m[0;30;47m [0m[0;30;47m [0m[0;30;47m [0m[0;30;47m [0m[0;30;47m [0m[0;34;42m~[0m[0;30;47m [0m[0;30;47m [0m[0;30;47m [0m[0;30;47m[[0m[0;30;47mO[0m[0;30;47mb[0m[0;30;47mj[0m[0;30;47m][0m[0;30;47m [0m[0;30;47mf[0m[0;30;47mi[0m[0;30;47mg[0m[0;30;47m [0m[0;30;47m [0m[0;30;47m [0m[0;30;47m [0m[0;30;47m [0m[0;30;47m [0m[0;30;47m [0m[0;30;47m [0m[0;30;47ma[0m[0;30;47mt[0m[0;30;47m [0m[0;30;47mS[0m[0;30;47mp[0m[0;30;47ma[0m[0;30;47mc[0m[0;30;47me[0m[0;30;47m [0m[0;30;47m1[0m[0;30;47m4[0m[0;30;47m [0m[0;30;47m([0m[0;30;47mf[0m[0;30;47mi[0m[0;30;47mr[0m[0;30;47me[0m[0;30;47m)[0m[0;30;47m [0m[0;30;47m [0m[0;30;47m [0m[0;30;47m [0m[0;30;47m [0m[0;30;47m [0m[0;30;47m [0m[0;34;42m~[0m
[0;34;42m~[0m[0;30;47m [0m[0;30;47m [0m[0;30;47m [0m[0;30;47m [0m[0;30;47m [0m[0;30;47m [0m[0;30;47m [0m[0;30;47m [0m[0;30;47m [0m[0;30;47m [0m[0;30;47m [0m[0;30;47m [0m[0;30;47m [0m[0;30;47m [0m[0;30;47m [0m[0;30;47m [0m[0;30;47m [0m[0;30;47m [0m[0;30;47m [0m[0;30;47m [0m[0;30;47m [0m[0;30;47m [0m[0;30;47m [0m[0;30;47m [0m[0;30;47m [0m[0;30;47m [0m[0;30;47m [0m[0;30;47m [0m[0;30;47m [0m[0;30;47mv[0m[0;30;47m [0m[0;30;47m [0m[0;30;47m [0m[0;30;47m [0m[0;30;47m [0m[0;30;47m [0m[0;30;47m [0m[0;30;47m [0m[0;30;47m [0m[0;30;47m [0m[0;30;47m [0m[0;30;47m [0m[0;30;47m [0m[0;30;47m [0m[0;30;47m [0m[0;30;47m [0m[0;30;47m [0m[0;30;47m [0m[0;30;47m [0m[0;30;47m [0m[0;30;47m [0m[0;30;47m [0m[0;30;47m [0m[0;30;47m [0m[0;30;47m [0m[0;30;47m [0m[0;30;47m [0m[0;30;47m [0m[0;30;47m [0m[0;30;47m [0m[0;30;47m [0m[0;30;47m [0m[0;34;42m~[0m[0;30;47m [0m[0;30;47m [0m[0;30;47m [0m[0;30;47m[[0m[0;30;47mO[0m[0;30;47mb[0m[0;30;47mj[0m[0;30;47m][0m[0;30;47m [0m[0;30;47mc[0m[0;30;47mo[0m[0;30;47mi[0m[0;30;47mn[0m[0;30;47m [0m[0;30;47m [0m[0;30;47m [0m[0;30;47m [0m[0;30;47m [0m[0;30;47m [0m[0;30;47m [0m[0;30;47ma[0m[0;30;47mt[0m[0;30;47m [0m[0;30;47mS[0m[0;30;47mp[0m[0;30;47ma[0m[0;30;47mc[0m[0;30;47me[0m[0;30;47m [0m[0;30;47m1[0m[0;30;47m2[0m[0;30;47m [0m[0;30;47m([0m[0;30;47mp[0m[0;30;47ma[0m[0;30;47mt[0m[0;30;47mh[0m[0;30;47m)[0m[0;30;47m [0m[0;30;47m [0m[0;30;47m [0m[0;30;47m [0m[0;30;47m [0m[0;30;47m [0m[0;30;47m [0m[0;34;42m~[0m
[0;34;42m~[0m[0;30;47m [0m[0;30;47m [0m[0;30;47m [0m[0;30;47m [0m[0;30;47m [0m[0;30;47m [0m[0;30;47m [0m[0;30;47m [0m[0;30;47m [0m[0;30;47m [0m[0;30;47m [0m[0;30;47m [0m[0;30;47m [0m[0;30;47m [0m[0;30;47m [0m[0;30;47m [0m[0;30;47m [0m[0;30;47m [0m[0;30;47m [0m[0;30;47m [0m[0;30;47m [0m[0;30;47m+[0m[0;30;47m-[0m[0;30;47m-[0m[0;30;47m-[0m[0;30;47m-[0m[0;30;47m-[0m[0;30;47m-[0m[0;30;47m-[0m[0;30;47m-[0m[0;30;47m-[0m[0;30;47m-[0m[0;30;47m-[0m[0;30;47m-[0m[0;30;47m-[0m[0;30;47m-[0m[0;30;47m-[0m[0;30;47m+[0m[0;30;47m [0m[0;30;47m [0m[0;30;47m [0m[0;30;47m [0m[0;30;47m [0m[0;30;47m [0m[0;30;47m [0m[0;30;47m [0m[0;30;47m [0m[0;30;47m [0m[0;30;47m [0m[0;30;47m [0m[0;30;47m [0m[0;30;47m [0m[0;30;47m [0m[0;30;47m [0m[0;30;47m [0m[0;30;47m [0m[0;30;47m [0m[0;30;47m [0m[0;30;47m [0m[0;30;47m [0m[0;30;47m [0m[0;30;47m [0m[0;34;42m~[0m[0;30;47m [0m[0;30;47m [0m[0;30;47m [0m[0;30;47m[[0m[0;30;47mO[0m[0;30;47mb[0m[0;30;47mj[0m[0;30;47m][0m[0;30;47m [0m[0;30;47ml[0m[0;30;47mo[0m[0;30;47ma[0m[0;30;47mf[0m[0;30;47m [0m[0;30;47m [0m[0;30;47m [0m[0;30;47m [0m[0;30;47m [0m[0;30;47m [0m[0;30;47m [0m[0;30;47ma[0m[0;30;47mt[0m[0;30;47m [0m[0;30;47mS[0m[0;30;47mp[0m[0;30;47ma[0m[0;30;47mc[0m[0;30;47me[0m[0;30;47m [0m[0;30;47m1[0m[0;30;47m4[0m[0;30;47m [0m[0;30;47m([0m[0;30;47mf[0m[0;30;47mi[0m[0;30;47mr[0m[0;30;47me[0m[0;30;47m)[0m[0;30;47m [0m[0;30;47m [0m[0;30;47m [0m[0;30;47m [0m[0;30;47m [0m[0;30;47m [0m[0;30;47m [0m[0;34;42m~[0m
[0;34;42m~[0m[0;30;47m [0m[0;30;47m [0m[0;30;47m [0m[0;30;47m [0m[0;30;47m [0m[0;30;47m [0m[0;30;47m [0m[0;30;47m [0m[0;30;47m [0m[0;30;47m [0m[0;30;47m [0m[0;30;47m [0m[0;30;47m [0m[0;30;47m [0m[0;30;47m [0m[0;30;47m [0m[0;30;47m [0m[0;30;47m [0m[0;30;47m [0m[0;30;47m [0m[0;30;47m [0m[0;30;47m|[0m[0;30;47m [0m[0;30;47m [0m[0;30;47m [0m[0;30;47m [0m[0;30;47m [0m[0;30;47m [0m[0;30;47m [0m[0;30;47m [0m[0;30;47m [0m[0;30;47m [0m[0;30;47m [0m[0;30;47m [0m[0;30;47m [0m[0;30;47m1[0m[0;30;47m5[0m[0;30;47m|[0m[0;30;47m [0m[0;30;47m [0m[0;30;47m [0m[0;30;47m [0m[0;30;47m [0m[0;30;47m [0m[0;30;47m [0m[0;30;47m [0m[0;30;47m [0m[0;30;47m [0m[0;30;47m [0m[0;30;47m [0m[0;30;47m [0m[0;30;47m [0m[0;30;47m [0m[0;30;47m [0m[0;30;47m [0m[0;30;47m [0m[0;30;47m [0m[0;30;47m [0m[0;30;47m [0m[0;30;47m [0m[0;30;47m [0m[0;30;47m [0m[0;34;42m~[0m[0;30;47m [0m[0;30;47m [0m[0;30;47m [0m[0;30;47m[[0m[0;30;47mO[0m[0;30;47mb[0m[0;30;47mj[0m[0;30;47m][0m[0;30;47m [0m[0;30;47mc[0m[0;30;47mu[0m[0;30;47mp[0m[0;30;47m [0m[0;30;47m [0m[0;30;47m [0m[0;30;47m [0m[0;30;47m [0m[0;30;47m [0m[0;30;47m [0m[0;30;47m [0m[0;30;47ma[0m[0;30;47mt[0m[0;30;47m [0m[0;30;47mS[0m[0;30;47mp[0m[0;30;47ma[0m[0;30;47mc[0m[0;30;47me[0m[0;30;47m [0m[0;30;47m1[0m[0;30;47m3[0m[0;30;47m [0m[0;30;47m([0m[0;30;47mh[0m[0;30;47ma[0m[0;30;47ml[0m[0;30;47ml[0m[0;30;47m)[0m[0;30;47m [0m[0;30;47m [0m[0;30;47m [0m[0;30;47m [0m[0;30;47m [0m[0;30;47m [0m[0;30;47m [0m[0;34;42m~[0m
[0;34;42m~[0m[0;30;47m [0m[0;30;47m [0m[0;30;47m [0m[0;30;47m [0m[0;30;47m [0m[0;30;47m [0m[0;30;47m [0m[0;30;47m [0m[0;30;47m [0m[0;30;47m [0m[0;30;47m [0m[0;30;47m [0m[0;30;47m [0m[0;30;47m [0m[0;30;47m [0m[0;30;47m [0m[0;30;47m [0m[0;30;47m [0m[0;30;47m [0m[0;30;47m [0m[0;30;47m [0m[0;30;47m|[0m[0;30;47m [0m[0;30;47m [0m[0;30;47m [0m[0;30;47m [0m[0;30;47m [0m[0;30;47m [0m[0;30;47m [0m[0;30;47m [0m[0;30;47m [0m[0;30;47m [0m[0;30;47m [0m[0;30;47m [0m[0;30;47m [0m[0;30;47m [0m[0;30;47m [0m[0;30;47m|[0m[0;30;47m [0m[0;30;47m [0m[0;30;47m [0m[0;30;47m [0m[0;30;47m [0m[0;30;47m [0m[0;30;47m [0m[0;30;47m [0m[0;30;47m [0m[0;30;47m [0m[0;30;47m [0m[0;30;47m [0m[0;30;47m [0m[0;30;47m [0m[0;30;47m [0m[0;30;47m [0m[0;30;47m [0m[0;30;47m [0m[0;30;47m [0m[0;30;47m [0m[0;30;47m [0m[0;30;47m [0m[0;30;47m [0m[0;30;47m [0m[0;34;42m~[0m[0;30;47m [0m[0;30;47m [0m[0;30;47m [0m[0;30;47m[[0m[0;30;47mC[0m[0;30;47mh[0m[0;30;47mr[0m[0;30;47m][0m[0;30;47m [0m[0;30;47m [0m[0;30;47m\[0m[0;30;47mV[0m[0;30;47mo[0m[0;30;47m/[0m[0;30;47m [0m[0;30;47m [0m[0;30;47ma[0m[0;30;47mt[0m[0;30;47m [0m[0;30;47mS[0m[0;30;47mp[0m[0;30;47ma[0m[0;30;47mc[0m[0;30;47me[0m[0;30;47m [0m[0;30;47m1[0m[0;30;47m2[0m[0;30;47m [0m[0;30;47m([0m[0;30;47mp[0m[0;30;47ma[0m[0;30;47mt[0m[0;30;47mh[0m[0;30;47m)[0m[0;30;47m [0m[0;30;47m([0m[0;30;47mH[0m[0;30;47mP[0m[0;30;47m:[0m[0;30;47m5[0m[0;30;47m)[0m[0;30;47m [0m[0;30;47m [0m[0;30;47m [0m[0;30;47m [0m[0;34;42m~[0m
[0;34;42m~[0m[0;30;47m [0m[0;30;47m [0m[0;30;47m [0m[0;30;47m [0m[0;30;47m [0m[0;30;47m [0m[0;30;47m [0m[0;30;47m [0m[0;30;47m [0m[0;30;47m [0m[0;30;47m [0m[0;30;47m [0m[0;30;47m [0m[0;30;47m [0m[0;30;47m [0m[0;30;47m [0m[0;30;47m [0m[0;30;47m [0m[0;30;47m [0m[0;30;47m [0m[0;30;47m [0m[0;30;47m|[0m[0;30;47m [0m[0;30;47m [0m[0;30;47m [0m[0;30;47m [0m[0;30;47m [0m[0;30;47m [0m[0;30;47m [0m[0;30;47m [0m[0;30;47m [0m[0;30;47m [0m[0;30;47m [0m[0;30;47m [0m[0;30;47m [0m[0;30;47m [0m[0;30;47m [0m[0;30;47m|[0m[0;30;47m [0m[0;30;47m [0m[0;30;47m [0m[0;30;47m [0m[0;30;47m [0m[0;30;47m [0m[0;30;47m [0m[0;30;47m [0m[0;30;47m [0m[0;30;47m [0m[0;30;47m [0m[0;30;47m [0m[0;30;47m [0m[0;30;47m [0m[0;30;47m [0m[0;30;47m [0m[0;30;47m [0m[0;30;47m [0m[0;30;47m [0m[0;30;47m [0m[0;30;47m [0m[0;30;47m [0m[0;30;47m [0m[0;30;47m [0m[0;34;42m~[0m[0;30;47m [0m[0;30;47m [0m[0;30;47m [0m[0;30;47m[[0m[0;30;47mC[0m[0;30;47mh[0m[0;30;47mr[0m[0;30;47m][0m[0;30;47m [0m[0;30;47m [0m[0;30;47m\[0m[0;30;47mS[0m[0;30;47me[0m[0;30;47m/[0m[0;30;47m [0m[0;30;47m [0m[0;30;47ma[0m[0;30;47mt[0m[0;30;47m [0m[0;30;47mS[0m[0;30;47mp[0m[0;30;47ma[0m[0;30;47mc[0m[0;30;47me[0m[0;30;47m [0m[0;30;47m1[0m[0;30;47m1[0m[0;30;47m [0m[0;30;47m([0m[0;30;47mp[0m[0;30;47mi[0m[0;30;47mt[0m[0;30;47m)[0m[0;30;47m [0m[0;30;47m([0m[0;30;47mH[0m[0;30;47mP[0m[0;30;47m:[0m[0;30;47m5[0m[0;30;47m)[0m[0;30;47m [0m[0;30;47m [0m[0;30;47m [0m[0;30;47m [0m[0;30;47m [0m[0;34;42m~[0m
[0;34;42m~[0m[0;30;47m [0m[0;30;47m [0m[0;30;47m [0m[0;30;47m [0m[0;30;47m [0m[0;30;47m [0m[0;30;47m [0m[0;30;47m [0m[0;30;47m [0m[0;30;47m [0m[0;30;47m [0m[0;30;47m [0m[0;30;47m [0m[0;30;47m [0m[0;30;47m [0m[0;30;47m [0m[0;30;47m [0m[0;30;47m [0m[0;30;47m [0m[0;30;47m [0m[0;30;47m [0m[0;30;47m|[0m[0;30;47m [0m[0;30;47m [0m[0;30;47m [0m[0;30;47m [0m[0;30;47m [0m[0;30;47m?[0m[0;30;47m?[0m[0;30;47m?[0m[0;30;47m [0m[0;30;47m [0m[0;30;47m [0m[0;30;47m [0m[0;30;47m [0m[0;30;47m [0m[0;30;47m [0m[0;30;47m|[0m[0;30;47m [0m[0;30;47m [0m[0;30;47m [0m[0;30;47m [0m[0;30;47m [0m[0;30;47m [0m[0;30;47m [0m[0;30;47m [0m[0;30;47m [0m[0;30;47m [0m[0;30;47m [0m[0;30;47m [0m[0;30;47m [0m[0;30;47m [0m[0;30;47m [0m[0;30;47m [0m[0;30;47m [0m[0;30;47m [0m[0;30;47m [0m[0;30;47m [0m[0;30;47m [0m[0;30;47m [0m[0;30;47m [0m[0;30;47m [0m[0;34;42m~[0m[0;30;47m [0m[0;30;47m [0m[0;30;47m-[0m[0;30;47m-[0m[0;30;47m-[0m[0;30;47m-[0m[0;30;47m-[0m[0;30;47m-[0m[0;30;47m-[0m[0;30;47m-[0m[0;30;47m-[0m[0;30;47m-[0m[0;30;47m-[0m[0;30;47m-[0m[0;30;47m-[0m[0;30;47m-[0m[0;30;47m-[0m[0;30;47m-[0m[0;30;47m-[0m[0;30;47m-[0m[0;30;47m-[0m[0;30;47m-[0m[0;30;47m-[0m[0;30;47m-[0m[0;30;47m-[0m[0;30;47m-[0m[0;30;47m-[0m[0;30;47m-[0m[0;30;47m-[0m[0;30;47m-[0m[0;30;47m-[0m[0;30;47m-[0m[0;30;47m-[0m[0;30;47m-[0m[0;30;47m-[0m[0;30;47m-[0m[0;30;47m-[0m[0;30;47m-[0m[0;30;47m-[0m[0;30;47m-[0m[0;30;47m-[0m[0;30;47m-[0m[0;30;47m-[0m[0;30;47m [0m[0;30;47m [0m[0;34;42m~[0m
[0;34;42m~[0m[0;30;47m [0m[0;30;47m [0m[0;30;47m [0m[0;30;47m [0m[0;30;47m [0m[0;30;47m [0m[0;30;47m [0m[0;30;47m [0m[0;30;47m [0m[0;30;47m [0m[0;30;47m [0m[0;30;47m [0m[0;30;47m [0m[0;30;47m [0m[0;30;47m [0m[0;30;47m [0m[0;30;47m [0m[0;30;47m [0m[0;30;47m [0m[0;30;47m [0m[0;30;47m [0m[0;30;47m|[0m[0;30;47m [0m[0;30;47m [0m[0;30;47m [0m[0;30;47m [0m[0;30;47m [0m[0;30;47m [0m[0;30;47m [0m[0;30;47m [0m[0;30;47m [0m[0;30;47m [0m[0;30;47m [0m[0;30;47m [0m[0;30;47m [0m[0;30;47m [0m[0;30;47m [0m[0;30;47m|[0m[0;30;47m [0m[0;30;47m [0m[0;30;47m [0m[0;30;47m [0m[0;30;47m [0m[0;30;47m [0m[0;30;47m [0m[0;30;47m [0m[0;30;47m [0m[0;30;47m [0m[0;30;47m [0m[0;30;47m [0m[0;30;47m [0m[0;30;47m [0m[0;30;47m [0m[0;30;47m [0m[0;30;47m [0m[0;30;47m [0m[0;30;47m [0m[0;30;47m [0m[0;30;47m [0m[0;30;47m [0m[0;30;47m [0m[0;30;47m [0m[0;34;42m~[0m[0;30;47m [0m[0;30;47m [0m[0;30;47m [0m[0;30;47m [0m[0;30;47m [0m[0;30;47m [0m[0;30;47m [0m[0;30;47m [0m[0;30;47m [0m[0;30;47m [0m[0;30;47m [0m[0;30;47m [0m[0;30;47m [0m[0;30;47m [0m[0;30;47m [0m[0;30;47m [0m[0;30;47m [0m[0;30;47m [0m[0;30;47m [0m[0;30;47m [0m[0;30;47m [0m[0;30;47m [0m[0;30;47m [0m[0;30;47m [0m[0;30;47m [0m[0;30;47m [0m[0;30;47m [0m[0;30;47m [0m[0;30;47m [0m[0;30;47m [0m[0;30;47m [0m[0;30;47m [0m[0;30;47m [0m[0;30;47m [0m[0;30;47m [0m[0;30;47m [0m[0;30;47m [0m[0;30;47m [0m[0;30;47m [0m[0;30;47m [0m[0;30;47m [0m[0;30;47m [0m[0;30;47m [0m[0;30;47m [0m[0;30;47m [0m[0;34;42m~[0m
[0;34;42m~[0m[0;30;47m [0m[0;30;47m [0m[0;30;47m [0m[0;30;47m [0m[0;30;47m [0m[0;30;47m [0m[0;30;47m [0m[0;30;47m [0m[0;30;47m [0m[0;30;47m [0m[0;30;47m [0m[0;30;47m [0m[0;30;47m [0m[0;30;47m [0m[0;30;47m [0m[0;30;47m [0m[0;30;47m [0m[0;30;47m [0m[0;30;47m [0m[0;30;47m [0m[0;30;47m [0m[0;30;47m|[0m[0;30;47m [0m[0;30;47m [0m[0;30;47m [0m[0;30;47m [0m[0;30;47m [0m[0;30;47m [0m[0;30;47m [0m[0;30;47m [0m[0;30;47m [0m[0;30;47m [0m[0;30;47m [0m[0;30;47m [0m[0;30;47m [0m[0;30;47m [0m[0;30;47m [0m[0;30;47m|[0m[0;30;47m [0m[0;30;47m [0m[0;30;47m [0m[0;30;47m [0m[0;30;47m [0m[0;30;47m [0m[0;30;47m [0m[0;30;47m [0m[0;30;47m [0m[0;30;47m [0m[0;30;47m [0m[0;30;47m [0m[0;30;47m [0m[0;30;47m [0m[0;30;47m [0m[0;30;47m [0m[0;30;47m [0m[0;30;47m [0m[0;30;47m [0m[0;30;47m [0m[0;30;47m [0m[0;30;47m [0m[0;30;47m [0m[0;30;47m [0m[0;34;42m~[0m[0;30;47m [0m[0;30;47m [0m[0;30;47m [0m[0;30;47m [0m[0;30;47m [0m[0;30;47m [0m[0;30;47m [0m[0;30;47m [0m[0;30;47m [0m[0;30;47m [0m[0;30;47m [0m[0;30;47m [0m[0;30;47m [0m[0;30;47m [0m[0;30;47m [0m[0;30;47m [0m[0;30;47m [0m[0;30;47m [0m[0;30;47m [0m[0;30;47m [0m[0;30;47m [0m[0;30;47m [0m[0;30;47m [0m[0;30;47m [0m[0;30;47m [0m[0;30;47m [0m[0;30;47m [0m[0;30;47m [0m[0;30;47m [0m[0;30;47m [0m[0;30;47m [0m[0;30;47m [0m[0;30;47m [0m[0;30;47m [0m[0;30;47m [0m[0;30;47m [0m[0;30;47m [0m[0;30;47m [0m[0;30;47m [0m[0;30;47m [0m[0;30;47m [0m[0;30;47m [0m[0;30;47m [0m[0;30;47m [0m[0;30;47m [0m[0;34;42m~[0m
[0;34;42m~[0m[0;30;47m [0m[0;30;47m [0m[0;30;47m [0m[0;30;47m [0m[0;30;47m [0m[0;30;47m [0m[0;30;47m [0m[0;30;47m [0m[0;30;47m [0m[0;30;47m [0m[0;30;47m [0m[0;30;47m [0m[0;30;47m [0m[0;30;47m [0m[0;30;47m [0m[0;30;47m [0m[0;30;47m [0m[0;30;47m [0m[0;30;47m [0m[0;30;47m [0m[0;30;47m [0m[0;30;47m|[0m[0;30;47m [0m[0;30;47m [0m[0;30;47m [0m[0;30;47m [0m[0;30;47m [0m[0;30;47m [0m[0;30;47m [0m[0;30;47m [0m[0;30;47m [0m[0;30;47m [0m[0;30;47m [0m[0;30;47m [0m[0;30;47m [0m[0;30;47m [0m[0;30;47m [0m[0;30;47m|[0m[0;30;47m [0m[0;30;47m [0m[0;30;47m [0m[0;30;47m [0m[0;30;47m [0m[0;30;47m [0m[0;30;47m [0m[0;30;47m [0m[0;30;47m [0m[0;30;47m [0m[0;30;47m [0m[0;30;47m [0m[0;30;47m [0m[0;30;47m [0m[0;30;47m [0m[0;30;47m [0m[0;30;47m [0m[0;30;47m [0m[0;30;47m [0m[0;30;47m [0m[0;30;47m [0m[0;30;47m [0m[0;30;47m [0m[0;30;47m [0m[0;34;42m~[0m[0;30;47m [0m[0;30;47m [0m[0;30;47m [0m[0;30;47m [0m[0;30;47m [0m[0;30;47m [0m[0;30;47m [0m[0;30;47m [0m[0;30;47m [0m[0;30;47m [0m[0;30;47m [0m[0;30;47m [0m[0;30;47m [0m[0;30;47m [0m[0;30;47m [0m[0;30;47m [0m[0;30;47m [0m[0;30;47m [0m[0;30;47m [0m[0;30;47m [0m[0;30;47m [0m[0;30;47m [0m[0;30;47m [0m[0;30;47m [0m[0;30;47m [0m[0;30;47m [0m[0;30;47m [0m[0;30;47m [0m[0;30;47m [0m[0;30;47m [0m[0;30;47m [0m[0;30;47m [0m[0;30;47m [0m[0;30;47m [0m[0;30;47m [0m[0;30;47m [0m[0;30;47m [0m[0;30;47m [0m[0;30;47m [0m[0;30;47m [0m[0;30;47m [0m[0;30;47m [0m[0;30;47m [0m[0;30;47m [0m[0;30;47m [0m[0;34;42m~[0m
[0;34;42m~[0m[0;30;47m [0m[0;30;47m [0m[0;30;47m [0m[0;30;47m [0m[0;30;47m [0m[0;30;47m [0m[0;30;47m [0m[0;30;47m [0m[0;30;47m [0m[0;30;47m [0m[0;30;47m [0m[0;30;47m [0m[0;30;47m [0m[0;30;47m [0m[0;30;47m [0m[0;30;47m [0m[0;30;47m [0m[0;30;47m [0m[0;30;47m [0m[0;30;47m [0m[0;30;47m [0m[0;30;47m+[0m[0;30;47m-[0m[0;30;47m-[0m[0;30;47m-[0m[0;30;47m-[0m[0;30;47m-[0m[0;30;47m-[0m[0;30;47m-[0m[0;30;47m-[0m[0;30;47m-[0m[0;30;47m-[0m[0;30;47m-[0m[0;30;47m-[0m[0;30;47m-[0m[0;30;47m-[0m[0;30;47m-[0m[0;30;47m+[0m[0;30;47m [0m[0;30;47m [0m[0;30;47m [0m[0;30;47m [0m[0;30;47m [0m[0;30;47m [0m[0;30;47m [0m[0;30;47m [0m[0;30;47m [0m[0;30;47m [0m[0;30;47m [0m[0;30;47m [0m[0;30;47m [0m[0;30;47m [0m[0;30;47m [0m[0;30;47m [0m[0;30;47m [0m[0;30;47m [0m[0;30;47m [0m[0;30;47m [0m[0;30;47m [0m[0;30;47m [0m[0;30;47m [0m[0;30;47m [0m[0;34;42m~[0m[0;30;47m [0m[0;30;47m [0m[0;30;47m [0m[0;30;47m [0m[0;30;47m [0m[0;30;47m [0m[0;30;47m [0m[0;30;47m [0m[0;30;47m [0m[0;30;47m [0m[0;30;47m [0m[0;30;47m [0m[0;30;47m [0m[0;30;47m [0m[0;30;47m [0m[0;30;47m [0m[0;30;47m [0m[0;30;47m [0m[0;30;47m [0m[0;30;47m [0m[0;30;47m [0m[0;30;47m [0m[0;30;47m [0m[0;30;47m [0m[0;30;47m [0m[0;30;47m [0m[0;30;47m [0m[0;30;47m [0m[0;30;47m [0m[0;30;47m [0m[0;30;47m [0m[0;30;47m [0m[0;30;47m [0m[0;30;47m [0m[0;30;47m [0m[0;30;47m [0m[0;30;47m [0m[0;30;47m [0m[0;30;47m [0m[0;30;47m [0m[0;30;47m [0m[0;30;47m [0m[0;30;47m [0m[0;30;47m [0m[0;30;47m [0m[0;34;42m~[0m
[0;34;42m~[0m[0;34;42m~[0m[0;34;42m~[0m[0;34;42m~[0m[0;34;42m~[0m[0;34;42m~[0m[0;34;42m~[0m[0;34;42m~[0m[0;34;42m~[0m[0;34;42m~[0m[0;34;42m~[0m[0;34;42m~[0m[0;34;42m~[0m[0;34;42m~[0m[0;34;42m~[0m[0;34;42m~[0m[0;34;42m~[0m[0;34;42m~[0m[0;34;42m~[0m[0;34;42m~[0m[0;34;42m~[0m[0;34;42m~[0m[0;34;42m~[0m[0;34;42m~[0m[0;34;42m~[0m[0;34;42m~[0m[0;34;42m~[0m[0;34;42m~[0m[0;34;42m~[0m[0;34;42m~[0m[0;34;42m~[0m[0;34;42m~[0m[0;34;42m~[0m[0;34;42m~[0m[0;34;42m~[0m[0;34;42m~[0m[0;34;42m~[0m[0;34;42m~[0m[0;34;42m~[0m[0;34;42m~[0m[0;34;42m~[0m[0;34;42m~[0m[0;34;42m~[0m[0;34;42m~[0m[0;34;42m~[0m[0;34;42m~[0m[0;34;42m~[0m[0;34;42m~[0m[0;34;42m~[0m[0;34;42m~[0m[0;34;42m~[0m[0;34;42m~[0m[0;34;42m~[0m[0;34;42m~[0m[0;34;42m~[0m[0;34;42m~[0m[0;34;42m~[0m[0;34;42m~[0m[0;34;42m~[0m[0;34;42m~[0m[0;34;42m~[0m[0;34;42m~[0m[0;34;42m~[0m[0;34;42m~[0m[0;34;42m~[0m[0;34;42m~[0m[0;34;42m~[0m[0;34;42m~[0m[0;34;42m~[0m[0;34;42m~[0m[0;34;42m~[0m[0;34;42m~[0m[0;34;42m~[0m[0;34;42m~[0m[0;34;42m~[0m[0;34;42m~[0m[0;34;42m~[0m[0;34;42m~[0m[0;34;42m~[0m[0;34;42m~[0m[0;34;42m~[0m[0;34;42m~[0m[0;34;42m~[0m[0;34;42m~[0m[0;34;42m~[0m[0;34;42m~[0m[0;34;42m~[0m[0;34;42m~[0m[0;34;42m~[0m[0;34;42m~[0m[0;34;42m~[0m[0;34;42m~[0m[0;34;42m~[0m[0;34;42m~[0m[0;34;42m~[0m[0;34;42m~[0m[0;34;42m~[0m[0;34;42m~[0m[0;34;42m~[0m[0;34;42m~[0m[0;34;42m~[0m[0;34;42m~[0m[0;34;42m~[0m[0;34;42m~[0m[0;34;42m~[0m[0;34;42m~[0m[0;34;42m~[0m[0;34;42m~[0m[0;34;42m~[0m[0;34;42m~[0m
[0;34;42m~[0m[0;30;47m [0m[0;30;47m [0m[0;30;47m [0m[0;30;47m [0m[0;30;47m [0m[0;30;47m [0m[0;30;47m [0m[0;30;47m [0m[0;30;47m [0m[0;30;47m [0m[0;30;47m [0m[0;30;47m [0m[0;30;47m [0m[0;30;47m [0m[0;30;47m [0m[0;30;47m [0m[0;30;47m [0m[0;30;47m [0m[0;30;47m [0m[0;30;47m [0m[0;30;47m [0m[0;30;47m [0m[0;30;47m [0m[0;30;47m [0m[0;30;47m [0m[0;30;47m [0m[0;30;47m [0m[0;30;47m [0m[0;30;47m [0m[0;30;47m [0m[0;30;47m [0m[0;30;47m [0m[0;30;47m [0m[0;30;47m [0m[0;30;47m [0m[0;30;47m [0m[0;30;47m [0m[0;30;47m [0m[0;30;47m [0m[0;30;47m [0m[0;30;47m [0m[0;30;47m [0m[0;30;47m [0m[0;30;47m [0m[0;30;47m [0m[0;30;47mT[0m[0;30;47mH[0m[0;30;47mE[0m[0;30;47m [0m[0;30;47mH[0m[0;30;47mA[0m[0;30;47mU[0m[0;30;47mN[0m[0;30;47mT[0m[0;30;47mE[0m[0;30;47mD[0m[0;30;47m [0m[0;30;47mC[0m[0;30;47mA[0m[0;30;47mS[0m[0;30;47mT[0m[0;30;47mL[0m[0;30;47mE[0m[0;30;47m [0m[0;30;47m [0m[0;30;47m [0m[0;30;47m [0m[0;30;47m [0m[0;30;47m [0m[0;30;47m [0m[0;30;47m [0m[0;30;47m [0m[0;30;47m [0m[0;30;47m [0m[0;30;47m [0m[0;30;47m [0m[0;30;47m [0m[0;30;47m [0m[0;30;47m [0m[0;30;47m [0m[0;30;47m [0m[0;30;47m [0m[0;30;47m [0m[0;30;47m [0m[0;30;47m [0m[0;30;47m [0m[0;30;47m [0m[0;30;47m [0m[0;30;47m [0m[0;30;47m [0m[0;30;47m [0m[0;30;47m [0m[0;30;47m [0m[0;30;47m [0m[0;30;47m [0m[0;30;47m [0m[0;30;47m [0m[0;30;47m [0m[0;30;47m [0m[0;30;47m [0m[0;30;47m [0m[0;30;47m [0m[0;30;47m [0m[0;30;47m [0m[0;30;47m [0m[0;30;47m [0m[0;30;47m [0m[0;30;47m [0m[0;34;42m~[0m
[0;34;42m~[0m[0;34;42m~[0m[0;34;42m~[0m[0;34;42m~[0m[0;34;42m~[0m[0;34;42m~[0m[0;34;42m~[0m[0;34;42m~[0m[0;34;42m~[0m[0;34;42m~[0m[0;34;42m~[0m[0;34;42m~[0m[0;34;42m~[0m[0;34;42m~[0m[0;34;42m~[0m[0;34;42m~[0m[0;34;42m~[0m[0;34;42m~[0m[0;34;42m~[0m[0;34;42m~[0m[0;34;42m~[0m[0;34;42m~[0m[0;34;42m~[0m[0;34;42m~[0m[0;34;42m~[0m[0;34;42m~[0m[0;34;42m~[0m[0;34;42m~[0m[0;34;42m~[0m[0;34;42m~[0m[0;34;42m~[0m[0;34;42m~[0m[0;34;42m~[0m[0;34;42m~[0m[0;34;42m~[0m[0;34;42m~[0m[0;34;42m~[0m[0;34;42m~[0m[0;34;42m~[0m[0;34;42m~[0m[0;34;42m~[0m[0;34;42m~[0m[0;34;42m~[0m[0;34;42m~[0m[0;34;42m~[0m[0;34;42m~[0m[0;34;42m~[0m[0;34;42m~[0m[0;34;42m~[0m[0;34;42m~[0m[0;34;42m~[0m[0;34;42m~[0m[0;34;42m~[0m[0;34;42m~[0m[0;34;42m~[0m[0;34;42m~[0m[0;34;42m~[0m[0;34;42m~[0m[0;34;42m~[0m[0;34;42m~[0m[0;34;42m~[0m[0;34;42m~[0m[0;34;42m~[0m[0;34;42m~[0m[0;34;42m~[0m[0;34;42m~[0m[0;34;42m~[0m[0;34;42m~[0m[0;34;42m~[0m[0;34;42m~[0m[0;34;42m~[0m[0;34;42m~[0m[0;34;42m~[0m[0;34;42m~[0m[0;34;42m~[0m[0;34;42m~[0m[0;34;42m~[0m[0;34;42m~[0m[0;34;42m~[0m[0;34;42m~[0m[0;34;42m~[0m[0;34;42m~[0m[0;34;42m~[0m[0;34;42m~[0m[0;34;42m~[0m[0;34;42m~[0m[0;34;42m~[0m[0;34;42m~[0m[0;34;42m~[0m[0;34;42m~[0m[0;34;42m~[0m[0;34;42m~[0m[0;34;42m~[0m[0;34;42m~[0m[0;34;42m~[0m[0;34;42m~[0m[0;34;42m~[0m[0;34;42m~[0m[0;34;42m~[0m[0;34;42m~[0m[0;34;42m~[0m[0;34;42m~[0m[0;34;42m~[0m[0;34;42m~[0m[0;34;42m~[0m[0;34;42m~[0m[0;34;42m~[0m[0;34;42m~[0m[0;34;42m~[0m[0;34;42m~[0m
[0;34;42m~[0m[0;30;47m [0m[0;30;47m [0m[0;30;47mC[0m[0;30;47mo[0m[0;30;47mm[0m[0;30;47mm[0m[0;30;47ma[0m[0;30;47mn[0m[0;30;47md[0m[0;30;47ms[0m[0;30;47m:[0m[0;30;47m [0m[0;30;47mm[0m[0;30;47mo[0m[0;30;47mv[0m[0;30;47me[0m[0;30;47m([0m[0;30;47mm[0m[0;30;47m)[0m[0;30;47m [0m[0;30;47m[[0m[0;30;47md[0m[0;30;47mi[0m[0;30;47mr[0m[0;30;47m][0m[0;30;47m [0m[0;30;47m|[0m[0;30;47m [0m[0;30;47mt[0m[0;30;47ma[0m[0;30;47mk[0m[0;30;47me[0m[0;30;47m([0m[0;30;47mt[0m[0;30;47m)[0m[0;30;47m [0m[0;30;47m[[0m[0;30;47mo[0m[0;30;47mb[0m[0;30;47mj[0m[0;30;47m][0m[0;30;47m [0m[0;30;47m|[0m[0;30;47m [0m[0;30;47md[0m[0;30;47mr[0m[0;30;47mo[0m[0;30;47mp[0m[0;30;47m([0m[0;30;47md[0m[0;30;47m)[0m[0;30;47m [0m[0;30;47m[[0m[0;30;47mo[0m[0;30;47mb[0m[0;30;47mj[0m[0;30;47m][0m[0;30;47m [0m[0;30;47m|[0m[0;30;47m [0m[0;30;47ma[0m[0;30;47mt[0m[0;30;47mt[0m[0;30;47ma[0m[0;30;47mc[0m[0;30;47mk[0m[0;30;47m([0m[0;30;47ma[0m[0;30;47m)[0m[0;30;47m [0m[0;30;47m|[0m[0;30;47m [0m[0;30;47mc[0m[0;30;47mh[0m[0;30;47ma[0m[0;30;47mt[0m[0;30;47m([0m[0;30;47mc[0m[0;30;47m)[0m[0;30;47m [0m[0;30;47m|[0m[0;30;47m [0m[0;30;47mr[0m[0;30;47me[0m[0;30;47mc[0m[0;30;47mr[0m[0;30;47mu[0m[0;30;47mi[0m[0;30;47mt[0m[0;30;47m([0m[0;30;47mr[0m[0;30;47m)[0m[0;30;47m [0m[0;30;47m[[0m[0;30;47mc[0m[0;30;47mh[0m[0;30;47ma[0m[0;30;47mr[0m[0;30;47m][0m[0;30;47m [0m[0;30;47m [0m[0;30;47m [0m[0;30;47m [0m[0;30;47m [0m[0;30;47m [0m[0;30;47m [0m[0;30;47m [0m[0;30;47m [0m[0;34;42m~[0m
[0;34;42m~[0m[0;30;47m [0m[0;30;47m [0m[0;30;47mi[0m[0;30;47mn[0m[0;30;47ms[0m[0;30;47mp[0m[0;30;47me[0m[0;30;47mc[0m[0;30;47mt[0m[0;30;47m([0m[0;30;47mi[0m[0;30;47m)[0m[0;30;47m [0m[0;30;47m[[0m[0;30;47mo[0m[0;30;47mb[0m[0;30;47mj[0m[0;30;47m][0m[0;30;47m [0m[0;30;47m|[0m[0;30;47m [0m[0;30;47mu[0m[0;30;47ms[0m[0;30;47me[0m[0;30;47m([0m[0;30;47mu[0m[0;30;47m)[0m[0;30;47m [0m[0;30;47m[[0m[0;30;47mo[0m[0;30;47mb[0m[0;30;47mj[0m[0;30;47m][0m[0;30;47m [0m[0;30;47m|[0m[0;30;47m [0m[0;30;47mo[0m[0;30;47mp[0m[0;30;47me[0m[0;30;47mn[0m[0;30;47m([0m[0;30;47mo[0m[0;30;47m)[0m[0;30;47m [0m[0;30;47m[[0m[0;30;47ml[0m[0;30;47mn[0m[0;30;47mk[0m[0;30;47m][0m[0;30;47m [0m[0;30;47mw[0m[0;30;47mi[0m[0;30;47mt[0m[0;30;47mh[0m[0;30;47m [0m[0;30;47m[[0m[0;30;47mo[0m[0;30;47mb[0m[0;30;47mj[0m[0;30;47m][0m[0;30;47m [0m[0;30;47m|[0m[0;30;47m [0m[0;30;47mt[0m[0;30;47mp[0m[0;30;47m [0m[0;30;47m[[0m[0;30;47mr[0m[0;30;47mo[0m[0;30;47mo[0m[0;30;47mm[0m[0;30;47m][0m[0;30;47m [0m[0;30;47m|[0m[0;30;47m [0m[0;30;47me[0m[0;30;47mx[0m[0;30;47mi[0m[0;30;47mt[0m[0;30;47m([0m[0;30;47me[0m[0;30;47m)[0m[0;30;47m [0m[0;30;47m|[0m[0;30;47m [0m[0;30;47ma[0m[0;30;47mb[0m[0;30;47ma[0m[0;30;47mn[0m[0;30;47md[0m[0;30;47mo[0m[0;30;47mn[0m[0;30;47m([0m[0;30;47mf[0m[0;30;47m)[0m[0;30;47m [0m[0;30;47m[[0m[0;30;47mc[0m[0;30;47mh[0m[0;30;47ma[0m[0;30;47mr[0m[0;30;47m][0m[0;30;47m [0m[0;30;47m [0m[0;30;47m [0m[0;30;47m [0m[0;30;47m [0m[0;30;47m [0m[0;34;42m~[0m
[0;34;42m~[0m[0;34;42m~[0m[0;34;42m~[0m[0;34;42m~[0m[0;34;42m~[0m[0;34;42m~[0m[0;34;42m~[0m[0;34;42m~[0m[0;34;42m~[0m[0;34;42m~[0m[0;34;42m~[0m[0;34;42m~[0m[0;34;42m~[0m[0;34;42m~[0m[0;34;42m~[0m[0;34;42m~[0m[0;34;42m~[0m[0;34;42m~[0m[0;34;42m~[0m[0;34;42m~[0m[0;34;42m~[0m[0;34;42m~[0m[0;34;42m~[0m[0;34;42m~[0m[0;34;42m~[0m[0;34;42m~[0m[0;34;42m~[0m[0;34;42m~[0m[0;34;42m~[0m[0;34;42m~[0m[0;34;42m~[0m[0;34;42m~[0m[0;34;42m~[0m[0;34;42m~[0m[0;34;42m~[0m[0;34;42m~[0m[0;34;42m~[0m[0;34;42m~[0m[0;34;42m~[0m[0;34;42m~[0m[0;34;42m~[0m[0;34;42m~[0m[0;34;42m~[0m[0;34;42m~[0m[0;34;42m~[0m[0;34;42m~[0m[0;34;42m~[0m[0;34;42m~[0m[0;34;42m~[0m[0;34;42m~[0m[0;34;42m~[0m[0;34;42m~[0m[0;34;42m~[0m[0;34;42m~[0m[0;34;42m~[0m[0;34;42m~[0m[0;34;42m~[0m[0;34;42m~[0m[0;34;42m~[0m[0;34;42m~[0m[0;34;42m~[0m[0;34;42m~[0m[0;34;42m~[0m[0;34;42m~[0m[0;34;42m~[0m[0;34;42m~[0m[0;34;42m~[0m[0;34;42m~[0m[0;34;42m~[0m[0;34;42m~[0m[0;34;42m~[0m[0;34;42m~[0m[0;34;42m~[0m[0;34;42m~[0m[0;34;42m~[0m[0;34;42m~[0m[0;34;42m~[0m[0;34;42m~[0m[0;34;42m~[0m[0;34;42m~[0m[0;34;42m~[0m[0;34;42m~[0m[0;34;42m~[0m[0;34;42m~[0m[0;34;42m~[0m[0;34;42m~[0m[0;34;42m~[0m[0;34;42m~[0m[0;34;42m~[0m[0;34;42m~[0m[0;34;42m~[0m[0;34;42m~[0m[0;34;42m~[0m[0;34;42m~[0m[0;34;42m~[0m[0;34;42m~[0m[0;34;42m~[0m[0;34;42m~[0m[0;34;42m~[0m[0;34;42m~[0m[0;34;42m~[0m[0;34;42m~[0m[0;34;42m~[0m[0;34;42m~[0m[0;34;42m~[0m[0;34;42m~[0m[0;34;42m~[0m[0;34;42m~[0m[0;34;42m~[0m[0;34;42m~[0m
[0;34;42m~[0m[0;30;47m [0m[0;30;47m [0m[0;30;47m [0m[0;30;47m [0m[0;30;47m [0m[0;30;47m [0m[0;30;47m [0m[0;30;47m [0m[0;30;47m [0m[0;30;47m [0m[0;30;47m [0m[0;30;47m [0m[0;30;47m [0m[0;30;47m [0m[0;30;47m [0m[0;30;47m [0m[0;30;47m [0m[0;30;47m [0m[0;30;47m [0m[0;30;47m [0m[0;30;47m [0m[0;30;47m [0m[0;30;47m [0m[0;30;47m [0m[0;30;47m [0m[0;30;47m [0m[0;30;47m [0m[0;30;47m [0m[0;30;47m [0m[0;30;47m [0m[0;30;47m [0m[0;30;47m [0m[0;30;47m [0m[0;30;47m [0m[0;30;47m [0m[0;30;47m [0m[0;30;47m [0m[0;30;47m [0m[0;30;47m [0m[0;30;47m [0m[0;30;47m [0m[0;30;47m [0m[0;30;47m [0m[0;30;47m [0m[0;30;47m [0m[0;30;47m [0m[0;30;47m [0m[0;30;47m [0m[0;30;47m [0m[0;30;47m [0m[0;30;47m [0m[0;30;47m [0m[0;30;47m [0m[0;30;47m [0m[0;30;47m [0m[0;30;47m [0m[0;30;47m [0m[0;30;47m [0m[0;30;47m [0m[0;30;47m [0m[0;30;47m [0m[0;30;47m [0m[0;30;47m [0m[0;30;47m [0m[0;30;47m [0m[0;30;47m [0m[0;30;47m [0m[0;30;47m [0m[0;30;47m [0m[0;30;47m [0m[0;30;47m [0m[0;30;47m [0m[0;30;47m [0m[0;30;47m [0m[0;30;47m [0m[0;30;47m [0m[0;30;47m [0m[0;30;47m [0m[0;30;47m [0m[0;30;47m [0m[0;30;47m [0m[0;30;47m [0m[0;30;47m [0m[0;30;47m [0m[0;30;47m [0m[0;30;47m [0m[0;30;47m [0m[0;30;47m [0m[0;30;47m [0m[0;30;47m [0m[0;30;47m [0m[0;30;47m [0m[0;30;47m [0m[0;30;47m [0m[0;30;47m [0m[0;30;47m [0m[0;30;47m [0m[0;30;47m [0m[0;30;47m [0m[0;30;47m [0m[0;30;47m [0m[0;30;47m [0m[0;30;47m [0m[0;30;47m [0m[0;30;47m [0m[0;30;47m [0m[0;30;47m [0m[0;30;47m [0m[0;34;42m~[0m
[0;34;42m~[0m[0;30;47m [0m[0;30;47m [0m[0;30;47m [0m[0;30;47m [0m[0;30;47m [0m[0;30;47m [0m[0;30;47m [0m[0;30;47m [0m[0;30;47m [0m[0;30;47m [0m[0;30;47m [0m[0;30;47m [0m[0;30;47m [0m[0;30;47m [0m[0;30;47m [0m[0;30;47m [0m[0;30;47m [0m[0;30;47m [0m[0;30;47m [0m[0;30;47m [0m[0;30;47m [0m[0;30;47m [0m[0;30;47m [0m[0;30;47m [0m[0;30;47m [0m[0;30;47m [0m[0;30;47m [0m[0;30;47m [0m[0;30;47m [0m[0;30;47m [0m[0;30;47m [0m[0;30;47m [0m[0;30;47m [0m[0;30;47m [0m[0;30;47m [0m[0;30;47m [0m[0;30;47m [0m[0;30;47m [0m[0;30;47m [0m[0;30;47m [0m[0;30;47m [0m[0;30;47m [0m[0;30;47m [0m[0;30;47m [0m[0;30;47m [0m[0;30;47m [0m[0;30;47m [0m[0;30;47m [0m[0;30;47m [0m[0;30;47m [0m[0;30;47m [0m[0;30;47m [0m[0;30;47m [0m[0;30;47m [0m[0;30;47m [0m[0;30;47m [0m[0;30;47m [0m[0;30;47m [0m[0;30;47m [0m[0;30;47m [0m[0;30;47m [0m[0;30;47m [0m[0;30;47m [0m[0;30;47m [0m[0;30;47m [0m[0;30;47m [0m[0;30;47m [0m[0;30;47m [0m[0;30;47m [0m[0;30;47m [0m[0;30;47m [0m[0;30;47m [0m[0;30;47m [0m[0;30;47m [0m[0;30;47m [0m[0;30;47m [0m[0;30;47m [0m[0;30;47m [0m[0;30;47m [0m[0;30;47m [0m[0;30;47m [0m[0;30;47m [0m[0;30;47m [0m[0;30;47m [0m[0;30;47m [0m[0;30;47m [0m[0;30;47m [0m[0;30;47m [0m[0;30;47m [0m[0;30;47m [0m[0;30;47m [0m[0;30;47m [0m[0;30;47m [0m[0;30;47m [0m[0;30;47m [0m[0;30;47m [0m[0;30;47m [0m[0;30;47m [0m[0;30;47m [0m[0;30;47m [0m[0;30;47m [0m[0;30;47m [0m[0;30;47m [0m[0;30;47m [0m[0;30;47m [0m[0;30;47m [0m[0;30;47m [0m[0;30;47m [0m[0;34;42m~[0m
[0;34;42m~[0m[0;30;47m [0m[0;30;47m [0m[0;30;47m [0m[0;30;47m [0m[0;30;47m [0m[0;30;47m [0m[0;30;47m [0m[0;30;47m [0m[0;30;47m [0m[0;30;47m [0m[0;30;47m [0m[0;30;47m [0m[0;30;47m [0m[0;30;47m [0m[0;30;47m [0m[0;30;47m [0m[0;30;47m [0m[0;30;47m [0m[0;30;47m [0m[0;30;47m [0m[0;30;47m [0m[0;30;47m [0m[0;30;47m [0m[0;30;47m [0m[0;30;47m [0m[0;30;47m [0m[0;30;47m [0m[0;30;47m [0m[0;30;47m [0m[0;30;47m [0m[0;30;47m [0m[0;30;47m [0m[0;30;47m [0m[0;30;47m [0m[0;30;47m [0m[0;30;47m [0m[0;30;47m [0m[0;30;47m [0m[0;30;47m [0m[0;30;47m [0m[0;30;47m [0m[0;30;47m [0m[0;30;47m [0m[0;30;47m [0m[0;30;47m [0m[0;30;47m [0m[0;30;47m [0m[0;30;47m [0m[0;30;47m [0m[0;30;47m [0m[0;30;47m [0m[0;30;47m [0m[0;30;47m [0m[0;30;47m [0m[0;30;47m [0m[0;30;47m [0m[0;30;47m [0m[0;30;47m [0m[0;30;47m [0m[0;30;47m [0m[0;30;47m [0m[0;30;47m [0m[0;30;47m [0m[0;30;47m [0m[0;30;47m [0m[0;30;47m [0m[0;30;47m [0m[0;30;47m [0m[0;30;47m [0m[0;30;47m [0m[0;30;47m [0m[0;30;47m [0m[0;30;47m [0m[0;30;47m [0m[0;30;47m [0m[0;30;47m [0m[0;30;47m [0m[0;30;47m [0m[0;30;47m [0m[0;30;47m [0m[0;30;47m [0m[0;30;47m [0m[0;30;47m [0m[0;30;47m [0m[0;30;47m [0m[0;30;47m [0m[0;30;47m [0m[0;30;47m [0m[0;30;47m [0m[0;30;47m [0m[0;30;47m [0m[0;30;47m [0m[0;30;47m [0m[0;30;47m [0m[0;30;47m [0m[0;30;47m [0m[0;30;47m [0m[0;30;47m [0m[0;30;47m [0m[0;30;47m [0m[0;30;47m [0m[0;30;47m [0m[0;30;47m [0m[0;30;47m [0m[0;30;47m [0m[0;30;47m [0m[0;30;47m [0m[0;30;47m [0m[0;34;42m~[0m
prompt:> [2J
[0;34;46m~[0m[0;34;46m~[0m[0;34;46m~[0m[0;34;46m~[0m[0;34;46m~[0m[0;34;46m~[0m[0;34;46m~[0m[0;34;46m~[0m[0;34;46m~[0m[0;34;46m~[0m[0;34;46m~[0m[0;34;46m~[0m[0;34;46m~[0m[0;34;46m~[0m[0;34;46m~[0m[0;34;46m~[0m[0;34;46m~[0m[0;34;46m~[0m[0;34;46m~[0m[0;34;46m~[0m[0;34;46m~[0m[0;34;46m~[0m[0;34;46m~[0m[0;34;46m~[0m[0;34;46m~[0m[0;34;46m~[0m[0;34;46m~[0m[0;34;46m~[0m[0;34;46m~[0m[0;34;46m~[0m[0;34;46m~[0m[0;34;46m~[0m[0;34;46m~[0m[0;34;46m~[0m[0;34;46m~[0m[0;34;46m~[0m[0;34;46m~[0m[0;34;46m~[0m[0;34;46m~[0m[0;34;46m~[0m[0;34;46m~[0m[0;34;46m~[0m[0;34;46m~[0m[0;34;46m~[0m[0;34;46m~[0m[0;34;46m~[0m[0;34;46m~[0m[0;34;46m~[0m[0;34;46m~[0m[0;34;46m~[0m[0;34;46m~[0m[0;34;46m~[0m[0;34;46m~[0m[0;34;46m~[0m[0;34;46m~[0m[0;34;46m~[0m[0;34;46m~[0m[0;34;46m~[0m[0;34;46m~[0m[0;34;46m~[0m[0;34;46m~[0m[0;34;46m~[0m[0;34;46m~[0m[0;34;46m~[0m[0;34;46m~[0m[0;34;46m~[0m[0;34;46m~[0m[0;34;46m~[0m[0;34;46m~[0m[0;34;46m~[0m[0;34;46m~[0m[0;34;46m~[0m[0;34;46m~[0m[0;34;46m~[0m[0;34;46m~[0m[0;34;46m~[0m[0;34;46m~[0m[0;34;46m~[0m[0;34;46m~[0m[0;34;46m~[0m[0;34;46m~[0m[0;34;46m~[0m[0;34;46m~[0m[0;34;46m~[0m[0;34;46m~[0m[0;34;46m~[0m[0;34;46m~[0m[0;34;46m~[0m[0;34;46m~[0m[0;34;46m~[0m[0;34;46m~[0m[0;34;46m~[0m[0;34;46m~[0m[0;34;46m~[0m[0;34;46m~[0m[0;34;46m~[0m[0;34;46m~[0m[0;34;46m~[0m[0;34;46m~[0m[0;34;46m~[0m[0;34;46m~[0m[0;34;46m~[0m[0;34;46m~[0m[0;34;46m~[0m[0;34;46m~[0m[0;34;46m~[0m[0;34;46m~[0m[0;34;46m~[0m[0;34;46m~[0m[0;34;46m~[0m
[0;34;46m~[0m[0;30;47m [0m[0;30;47m [0m[0;30;47m [0m[0;30;47m [0m[0;30;47m [0m[0;30;47m [0m[0;30;47m [0m[0;30;47m [0m[0;30;47m [0m[0;30;47m [0m[0;30;47m [0m[0;30;47m [0m[0;30;47m [0m[0;30;47m [0m[0;30;47m [0m[0;30;47m [0m[0;30;47m [0m[0;30;47m [0m[0;30;47m [0m[0;30;47m [0m[0;30;47m [0m[0;30;47m+[0m[0;30;47m-[0m[0;30;47m-[0m[0;30;47m-[0m[0;30;47m-[0m[0;30;47m-[0m[0;30;47m-[0m[0;30;47m-[0m[0;30;47m-[0m[0;30;47m-[0m[0;30;47m-[0m[0;30;47m-[0m[0;30;47m-[0m[0;30;47m-[0m[0;30;47m-[0m[0;30;47m-[0m[0;30;47m+[0m[0;30;47m [0m[0;30;47m [0m[0;30;47m [0m[0;30;47m [0m[0;30;47m [0m[0;30;47m [0m[0;30;47m [0m[0;30;47m [0m[0;30;47m [0m[0;30;47m [0m[0;30;47m [0m[0;30;47m [0m[0;30;47m [0m[0;30;47m [0m[0;30;47m [0m[0;30;47m [0m[0;30;47m [0m[0;30;47m [0m[0;30;47m [0m[0;30;47m [0m[0;30;47m [0m[0;30;47m [0m[0;30;47m [0m[0;30;47m [0m[0;34;46m~[0m[0;30;47m [0m[0;30;47m [0m[0;30;47m=[0m[0;30;47m=[0m[0;30;47m=[0m[0;30;47m=[0m[0;30;47m=[0m[0;30;47m=[0m[0;30;47m=[0m[0;30;47m=[0m[0;30;47m=[0m[0;30;47m=[0m[0;30;47m=[0m[0;30;47m=[0m[0;30;47m=[0m[0;30;47m=[0m[0;30;47m=[0m[0;30;47m=[0m[0;30;47m=[0m[0;30;47m=[0m[0;30;47m=[0m[0;30;47m=[0m[0;30;47m=[0m[0;30;47m=[0m[0;30;47m=[0m[0;30;47m=[0m[0;30;47m=[0m[0;30;47m=[0m[0;30;47m=[0m[0;30;47m=[0m[0;30;47m=[0m[0;30;47m=[0m[0;30;47m=[0m[0;30;47m=[0m[0;30;47m=[0m[0;30;47m=[0m[0;30;47m=[0m[0;30;47m=[0m[0;30;47m=[0m[0;30;47m=[0m[0;30;47m=[0m[0;30;47m=[0m[0;30;47m=[0m[0;30;47m [0m[0;30;47m [0m[0;34;46m~[0m
[0;34;46m~[0m[0;30;47m [0m[0;30;47m [0m[0;30;47m [0m[0;30;47m [0m[0;30;47m [0m[0;30;47m [0m[0;30;47m [0m[0;30;47m [0m[0;30;47m [0m[0;30;47m [0m[0;30;47m [0m[0;30;47m [0m[0;30;47m [0m[0;30;47m [0m[0;30;47m [0m[0;30;47m [0m[0;30;47m [0m[0;30;47m [0m[0;30;47m [0m[0;30;47m [0m[0;30;47m [0m[0;30;47m|[0m[0;30;47m [0m[0;30;47m^[0m[0;30;47mE[0m[0;30;47m>[0m[0;30;47m [0m[0;30;47m [0m[0;30;47m\[0m[0;30;47mS[0m[0;30;47me[0m[0;30;47m/[0m[0;30;47m [0m[0;30;47m [0m[0;30;47m [0m[0;30;47m1[0m[0;30;47m1[0m[0;30;47m|[0m[0;30;47m [0m[0;30;47m [0m[0;30;47m [0m[0;30;47m [0m[0;30;47m [0m[0;30;47m [0m[0;30;47m [0m[0;30;47m [0m[0;30;47m [0m[0;30;47m [0m[0;30;47m [0m[0;30;47m [0m[0;30;47m [0m[0;30;47m [0m[0;30;47m [0m[0;30;47m [0m[0;30;47m [0m[0;30;47m [0m[0;30;47m [0m[0;30;47m [0m[0;30;47m [0m[0;30;47m [0m[0;30;47m [0m[0;30;47m [0m[0;34;46m~[0m[0;30;47m [0m[0;30;47m [0m[0;30;47m [0m[0;30;47m [0m[0;30;47mP[0m[0;30;47mL[0m[0;30;47mA[0m[0;30;47mY[0m[0;30;47mE[0m[0;30;47mR[0m[0;30;47m [0m[0;30;47m1[0m[0;30;47m [0m[0;30;47mS[0m[0;30;47mT[0m[0;30;47mA[0m[0;30;47mT[0m[0;30;47mU[0m[0;30;47mS[0m[0;30;47m [0m[0;30;47m [0m[0;30;47m [0m[0;30;47m|[0m[0;30;47m [0m[0;30;47m [0m[0;30;47m [0m[0;30;47mH[0m[0;30;47mE[0m[0;30;47mA[0m[0;30;47mL[0m[0;30;47mT[0m[0;30;47mH[0m[0;30;47m:[0m[0;30;47m [0m[0;30;47m5[0m[0;30;47m [0m[0;30;47mp[0m[0;30;47mt[0m[0;30;47ms[0m[0;30;47m [0m[0;30;47m [0m[0;30;47m [0m[0;30;47m [0m[0;30;47m [0m[0;30;47m [0m[0;34;46m~[0m
[0;34;46m~[0m[0;30;47m [0m[0;30;47m [0m[0;30;47m [0m[0;30;47m [0m[0;30;47m [0m[0;30;47m [0m[0;30;47m [0m[0;30;47m [0m[0;30;47m [0m[0;30;47m [0m[0;30;47m [0m[0;30;47m [0m[0;30;47m [0m[0;30;47m [0m[0;30;47m [0m[0;30;47m [0m[0;30;47m [0m[0;30;47m [0m[0;30;47m [0m[0;30;47m [0m[0;30;47m [0m[0;30;47m|[0m[0;30;47m [0m[0;30;47m [0m[0;30;47m [0m[0;30;47m [0m[0;30;47m.[0m[0;30;47m=[0m[0;30;47m=[0m[0;30;47m=[0m[0;30;47m.[0m[0;30;47m [0m[0;30;47m [0m[0;30;47m [0m[0;30;47m [0m[0;30;47m [0m[0;30;47m [0m[0;30;47m|[0m[0;30;47m [0m[0;30;47m [0m[0;30;47m [0m[0;30;47m [0m[0;30;47m [0m[0;30;47m [0m[0;30;47m [0m[0;30;47m [0m[0;30;47m [0m[0;30;47m [0m[0;30;47m [0m[0;30;47m [0m[0;30;47m [0m[0;30;47m [0m[0;30;47m [0m[0;30;47m [0m[0;30;47m [0m[0;30;47m [0m[0;30;47m [0m[0;30;47m [0m[0;30;47m [0m[0;30;47m [0m[0;30;47m [0m[0;30;47m [0m[0;34;46m~[0m[0;30;47m [0m[0;30;47m [0m[0;30;47m=[0m[0;30;47m=[0m[0;30;47m=[0m[0;30;47m=[0m[0;30;47m=[0m[0;30;47m=[0m[0;30;47m=[0m[0;30;47m=[0m[0;30;47m=[0m[0;30;47m=[0m[0;30;47m=[0m[0;30;47m=[0m[0;30;47m=[0m[0;30;47m=[0m[0;30;47m=[0m[0;30;47m=[0m[0;30;47m=[0m[0;30;47m=[0m[0;30;47m=[0m[0;30;47m=[0m[0;30;47m=[0m[0;30;47m=[0m[0;30;47m=[0m[0;30;47m=[0m[0;30;47m=[0m[0;30;47m=[0m[0;30;47m=[0m[0;30;47m=[0m[0;30;47m=[0m[0;30;47m=[0m[0;30;47m=[0m[0;30;47m=[0m[0;30;47m=[0m[0;30;47m=[0m[0;30;47m=[0m[0;30;47m=[0m[0;30;47m=[0m[0;30;47m=[0m[0;30;47m=[0m[0;30;47m=[0m[0;30;47m=[0m[0;30;47m [0m[0;30;47m [0m[0;34;46m~[0m
[0;34;46m~[0m[0;30;47m [0m[0;30;47m [0m[0;30;47m [0m[0;30;47m [0m[0;30;47m [0m[0;30;47m [0m[0;30;47m [0m[0;30;47m [0m[0;30;47m [0m[0;30;47m [0m[0;30;47m [0m[0;30;47m [0m[0;30;47m [0m[0;30;47m [0m[0;30;47m [0m[0;30;47m [0m[0;30;47m [0m[0;30;47m [0m[0;30;47m [0m[0;30;47m [0m[0;30;47m [0m[0;30;47m|[0m[0;30;47m [0m[0;30;47m [0m[0;30;47m [0m[0;30;47m [0m[0;30;47m[[0m[0;30;47m [0m[0;30;47m [0m[0;30;47m [0m[0;30;47m][0m[0;30;47m [0m[0;30;47m [0m[0;30;47m [0m[0;30;47m [0m[0;30;47m [0m[0;30;47m [0m[0;30;47m|[0m[0;30;47m [0m[0;30;47m [0m[0;30;47m [0m[0;30;47m [0m[0;30;47m [0m[0;30;47m [0m[0;30;47m [0m[0;30;47m [0m[0;30;47m [0m[0;30;47m [0m[0;30;47m [0m[0;30;47m [0m[0;30;47m [0m[0;30;47m [0m[0;30;47m [0m[0;30;47m [0m[0;30;47m [0m[0;30;47m [0m[0;30;47m [0m[0;30;47m [0m[0;30;47m [0m[0;30;47m [0m[0;30;47m [0m[0;30;47m [0m[0;34;46m~[0m[0;30;47m [0m[0;30;47m [0m[0;30;47m>[0m[0;30;47m [0m[0;30;47mC[0m[0;30;47mu[0m[0;30;47mr[0m[0;30;47mr[0m[0;30;47me[0m[0;30;47mn[0m[0;30;47mt[0m[0;30;47m [0m[0;30;47mL[0m[0;30;47mo[0m[0;30;47mc[0m[0;30;47ma[0m[0;30;47mt[0m[0;30;47mi[0m[0;30;47mo[0m[0;30;47mn[0m[0;30;47m [0m[0;30;47m:[0m[0;30;47m [0m[0;30;47m1[0m[0;30;47m1[0m[0;30;47m [0m[0;30;47m([0m[0;30;47mp[0m[0;30;47mi[0m[0;30;47mt[0m[0;30;47m)[0m[0;30;47m [0m[0;30;47m [0m[0;30;47m [0m[0;30;47m [0m[0;30;47m [0m[0;30;47m [0m[0;30;47m [0m[0;30;47m [0m[0;30;47m [0m[0;30;47m [0m[0;30;47m [0m[0;30;47m [0m[0;30;47m [0m[0;30;47m [0m[0;34;46m~[0m
[0;34;46m~[0m[0;30;47m [0m[0;30;47m [0m[0;30;47m [0m[0;30;47m [0m[0;30;47m [0m[0;30;47m [0m[0;30;47m [0m[0;30;47m [0m[0;30;47m [0m[0;30;47m [0m[0;30;47m [0m[0;30;47m [0m[0;30;47m [0m[0;30;47m [0m[0;30;47m [0m[0;30;47m [0m[0;30;47m [0m[0;30;47m [0m[0;30;47m [0m[0;30;47m [0m[0;30;47m [0m[0;30;47m|[0m[0;30;47m [0m[0;30;47m [0m[0;30;47m [0m[0;30;47m [0m[0;30;47m[[0m[0;30;47m [0m[0;30;47m [0m[0;30;47m [0m[0;30;47m][0m[0;30;47m [0m[0;30;47m [0m[0;30;47m [0m[0;30;47m [0m[0;30;47m [0m[0;30;47m [0m[0;30;47m|[0m[0;30;47m [0m[0;30;47m [0m[0;30;47m [0m[0;30;47m [0m[0;30;47m [0m[0;30;47m [0m[0;30;47m [0m[0;30;47m [0m[0;30;47m [0m[0;30;47m [0m[0;30;47m [0m[0;30;47m [0m[0;30;47m [0m[0;30;47m [0m[0;30;47m [0m[0;30;47m [0m[0;30;47m [0m[0;30;47m [0m[0;30;47m [0m[0;30;47m [0m[0;30;47m [0m[0;30;47m [0m[0;30;47m [0m[0;30;47m [0m[0;34;46m~[0m[0;30;47m [0m[0;30;47m [0m[0;30;47m>[0m[0;30;47m [0m[0;30;47mB[0m[0;30;47ma[0m[0;30;47mc[0m[0;30;47mk[0m[0;30;47mp[0m[0;30;47ma[0m[0;30;47mc[0m[0;30;47mk[0m[0;30;47m [0m[0;30;47m [0m[0;30;47m [0m[0;30;47m [0m[0;30;47m [0m[0;30;47m [0m[0;30;47m [0m[0;30;47m:[0m[0;30;47m [0m[0;30;47md[0m[0;30;47mi[0m[0;30;47mr[0m[0;30;47mk[0m[0;30;47m [0m[0;30;47m [0m[0;30;47m [0m[0;30;47m [0m[0;30;47m [0m[0;30;47m [0m[0;30;47m [0m[0;30;47m [0m[0;30;47m [0m[0;30;47m [0m[0;30;47m [0m[0;30;47m [0m[0;30;47m [0m[0;30;47m [0m[0;30;47m [0m[0;30;47m [0m[0;30;47m [0m[0;30;47m [0m[0;30;47m [0m[0;30;47m [0m[0;34;46m~[0m
[0;34;46m~[0m[0;30;47m [0m[0;30;47m [0m[0;30;47m [0m[0;30;47m [0m[0;30;47m [0m[0;30;47m [0m[0;30;47m [0m[0;30;47m [0m[0;30;47m [0m[0;30;47m [0m[0;30;47m [0m[0;30;47m [0m[0;30;47m [0m[0;30;47m [0m[0;30;47m [0m[0;30;47m [0m[0;30;47m [0m[0;30;47m [0m[0;30;47m [0m[0;30;47m [0m[0;30;47m [0m[0;30;47m|[0m[0;30;47m [0m[0;30;47m [0m[0;30;47m [0m[0;30;47m [0m[0;30;47m[[0m[0;30;47m [0m[0;30;47m [0m[0;30;47m [0m[0;30;47m][0m[0;30;47m [0m[0;30;47m [0m[0;30;47m [0m[0;30;47m [0m[0;30;47m [0m[0;30;47m [0m[0;30;47m|[0m[0;30;47m [0m[0;30;47m [0m[0;30;47m [0m[0;30;47m [0m[0;30;47m [0m[0;30;47m [0m[0;30;47m [0m[0;30;47m [0m[0;30;47m [0m[0;30;47m [0m[0;30;47m [0m[0;30;47m [0m[0;30;47m [0m[0;30;47m [0m[0;30;47m [0m[0;30;47m [0m[0;30;47m [0m[0;30;47m [0m[0;30;47m [0m[0;30;47m [0m[0;30;47m [0m[0;30;47m [0m[0;30;47m [0m[0;30;47m [0m[0;34;46m~[0m[0;30;47m [0m[0;30;47m [0m[0;30;47m-[0m[0;30;47m-[0m[0;30;47m-[0m[0;30;47m-[0m[0;30;47m-[0m[0;30;47m-[0m[0;30;47m-[0m[0;30;47m-[0m[0;30;47m-[0m[0;30;47m-[0m[0;30;47m-[0m[0;30;47m-[0m[0;30;47m-[0m[0;30;47m-[0m[0;30;47m-[0m[0;30;47m-[0m[0;30;47m-[0m[0;30;47m-[0m[0;30;47m-[0m[0;30;47m-[0m[0;30;47m-[0m[0;30;47m-[0m[0;30;47m-[0m[0;30;47m-[0m[0;30;47m-[0m[0;30;47m-[0m[0;30;47m-[0m[0;30;47m-[0m[0;30;47m-[0m[0;30;47m-[0m[0;30;47m-[0m[0;30;47m-[0m[0;30;47m-[0m[0;30;47m-[0m[0;30;47m-[0m[0;30;47m-[0m[0;30;47m-[0m[0;30;47m-[0m[0;30;47m-[0m[0;30;47m-[0m[0;30;47m-[0m[0;30;47m [0m[0;30;47m [0m[0;34;46m~[0m
[0;34;46m~[0m[0;30;47m [0m[0;30;47m [0m[0;30;47m [0m[0;30;47m [0m[0;30;47m [0m[0;30;47m [0m[0;30;47m [0m[0;30;47m [0m[0;30;47m [0m[0;30;47m [0m[0;30;47m [0m[0;30;47m [0m[0;30;47m [0m[0;30;47m [0m[0;30;47m [0m[0;30;47m [0m[0;30;47m [0m[0;30;47m [0m[0;30;47m [0m[0;30;47m [0m[0;30;47m [0m[0;30;47m|[0m[0;30;47m [0m[0;30;47m [0m[0;30;47m [0m[0;30;47m [0m[0;30;47m'[0m[0;30;47m=[0m[0;30;47m=[0m[0;30;47m=[0m[0;30;47m'[0m[0;30;47m [0m[0;30;47m [0m[0;30;47m [0m[0;30;47m [0m[0;30;47m [0m[0;30;47m [0m[0;30;47m|[0m[0;30;47m [0m[0;30;47m [0m[0;30;47m [0m[0;30;47m [0m[0;30;47m [0m[0;30;47m [0m[0;30;47m [0m[0;30;47m [0m[0;30;47m [0m[0;30;47m [0m[0;30;47m [0m[0;30;47m [0m[0;30;47m [0m[0;30;47m [0m[0;30;47m [0m[0;30;47m [0m[0;30;47m [0m[0;30;47m [0m[0;30;47m [0m[0;30;47m [0m[0;30;47m [0m[0;30;47m [0m[0;30;47m [0m[0;30;47m [0m[0;34;46m~[0m[0;30;47m [0m[0;30;47m [0m[0;30;47mV[0m[0;30;47mI[0m[0;30;47mS[0m[0;30;47mI[0m[0;30;47mB[0m[0;30;47mL[0m[0;30;47mE[0m[0;30;47m [0m[0;30;47mE[0m[0;30;47mN[0m[0;30;47mT[0m[0;30;47mI[0m[0;30;47mT[0m[0;30;47mI[0m[0;30;47mE[0m[0;30;47mS[0m[0;30;47m [0m[0;30;47m([0m[0;30;47mD[0m[0;30;47mi[0m[0;30;47ms[0m[0;30;47mc[0m[0;30;47mo[0m[0;30;47mv[0m[0;30;47me[0m[0;30;47mr[0m[0;30;47me[0m[0;30;47md[0m[0;30;47m [0m[0;30;47mS[0m[0;30;47mp[0m[0;30;47ma[0m[0;30;47mc[0m[0;30;47me[0m[0;30;47ms[0m[0;30;47m)[0m[0;30;47m:[0m[0;30;47m [0m[0;30;47m [0m[0;30;47m [0m[0;30;47m [0m[0;30;47m [0m[0;30;47m [0m[0;34;46m~[0m
[0;34;46m~[0m[0;30;47m [0m[0;30;47m [0m[0;30;47m [0m[0;30;47m [0m[0;30;47m [0m[0;30;47m [0m[0;30;47m [0m[0;30;47m [0m[0;30;47m [0m[0;30;47m [0m[0;30;47m [0m[0;30;47m [0m[0;30;47m [0m[0;30;47m [0m[0;30;47m [0m[0;30;47m [0m[0;30;47m [0m[0;30;47m [0m[0;30;47m [0m[0;30;47m [0m[0;30;47m [0m[0;30;47m|[0m[0;30;47mp[0m[0;30;47mo[0m[0;30;47mr[0m[0;30;47mt[0m[0;30;47ma[0m[0;30;47ml[0m[0;30;47m [0m[0;30;47m [0m[0;30;47m [0m[0;30;47m [0m[0;30;47m [0m[0;30;47m [0m[0;30;47m [0m[0;30;47m [0m[0;30;47m [0m[0;30;47m|[0m[0;30;47m [0m[0;30;47m [0m[0;30;47m [0m[0;30;47m [0m[0;30;47m [0m[0;30;47m [0m[0;30;47m [0m[0;30;47m [0m[0;30;47m [0m[0;30;47m [0m[0;30;47m [0m[0;30;47m [0m[0;30;47m [0m[0;30;47m [0m[0;30;47m [0m[0;30;47m [0m[0;30;47m [0m[0;30;47m [0m[0;30;47m [0m[0;30;47m [0m[0;30;47m [0m[0;30;47m [0m[0;30;47m [0m[0;30;47m [0m[0;34;46m~[0m[0;30;47m [0m[0;30;47m [0m[0;30;47m [0m[0;30;47m[[0m[0;30;47mO[0m[0;30;47mb[0m[0;30;47mj[0m[0;30;47m][0m[0;30;47m [0m[0;30;47ml[0m[0;30;47mi[0m[0;30;47md[0m[0;30;47m [0m[0;30;47m [0m[0;30;47m [0m[0;30;47m [0m[0;30;47m [0m[0;30;47m [0m[0;30;47m [0m[0;30;47m [0m[0;30;47ma[0m[0;30;47mt[0m[0;30;47m [0m[0;30;47mS[0m[0;30;47mp[0m[0;30;47ma[0m[0;30;47mc[0m[0;30;47me[0m[0;30;47m [0m[0;30;47m1[0m[0;30;47m2[0m[0;30;47m [0m[0;30;47m([0m[0;30;47mp[0m[0;30;47ma[0m[0;30;47mt[0m[0;30;47mh[0m[0;30;47m)[0m[0;30;47m [0m[0;30;47m [0m[0;30;47m [0m[0;30;47m [0m[0;30;47m [0m[0;30;47m [0m[0;30;47m [0m[0;34;46m~[0m
[0;34;46m~[0m[0;30;47m [0m[0;30;47m [0m[0;30;47m [0m[0;30;47m [0m[0;30;47m [0m[0;30;47m [0m[0;30;47m [0m[0;30;47m [0m[0;30;47m [0m[0;30;47m [0m[0;30;47m [0m[0;30;47m [0m[0;30;47m [0m[0;30;47m [0m[0;30;47m [0m[0;30;47m [0m[0;30;47m [0m[0;30;47m [0m[0;30;47m [0m[0;30;47m [0m[0;30;47m [0m[0;30;47m+[0m[0;30;47m-[0m[0;30;47m-[0m[0;30;47m-[0m[0;30;47m-[0m[0;30;47m-[0m[0;30;47m-[0m[0;30;47m-[0m[0;30;47m-[0m[0;30;47m-[0m[0;30;47m-[0m[0;30;47m-[0m[0;30;47m-[0m[0;30;47m-[0m[0;30;47m-[0m[0;30;47m-[0m[0;30;47m+[0m[0;30;47m [0m[0;30;47m [0m[0;30;47m [0m[0;30;47m [0m[0;30;47m [0m[0;30;47m [0m[0;30;47m [0m[0;30;47m [0m[0;30;47m [0m[0;30;47m [0m[0;30;47m [0m[0;30;47m [0m[0;30;47m [0m[0;30;47m [0m[0;30;47m [0m[0;30;47m [0m[0;30;47m [0m[0;30;47m [0m[0;30;47m [0m[0;30;47m [0m[0;30;47m [0m[0;30;47m [0m[0;30;47m [0m[0;30;47m [0m[0;34;46m~[0m[0;30;47m [0m[0;30;47m [0m[0;30;47m [0m[0;30;47m[[0m[0;30;47mO[0m[0;30;47mb[0m[0;30;47mj[0m[0;30;47m][0m[0;30;47m [0m[0;30;47mm[0m[0;30;47ma[0m[0;30;47mi[0m[0;30;47ml[0m[0;30;47m [0m[0;30;47m [0m[0;30;47m [0m[0;30;47m [0m[0;30;47m [0m[0;30;47m [0m[0;30;47m [0m[0;30;47ma[0m[0;30;47mt[0m[0;30;47m [0m[0;30;47mS[0m[0;30;47mp[0m[0;30;47ma[0m[0;30;47mc[0m[0;30;47me[0m[0;30;47m [0m[0;30;47m1[0m[0;30;47m3[0m[0;30;47m [0m[0;30;47m([0m[0;30;47mh[0m[0;30;47ma[0m[0;30;47ml[0m[0;30;47ml[0m[0;30;47m)[0m[0;30;47m [0m[0;30;47m [0m[0;30;47m [0m[0;30;47m [0m[0;30;47m [0m[0;30;47m [0m[0;30;47m [0m[0;34;46m~[0m
[0;34;46m~[0m[0;30;47m [0m[0;30;47m [0m[0;30;47m [0m[0;30;47m [0m[0;30;47m [0m[0;30;47m [0m[0;30;47m [0m[0;30;47m [0m[0;30;47m [0m[0;30;47m [0m[0;30;47m [0m[0;30;47m [0m[0;30;47m [0m[0;30;47m [0m[0;30;47m [0m[0;30;47m [0m[0;30;47m [0m[0;30;47m [0m[0;30;47m [0m[0;30;47m [0m[0;30;47m [0m[0;30;47m [0m[0;30;47m [0m[0;30;47m [0m[0;30;47m [0m[0;30;47m [0m[0;30;47m [0m[0;30;47m [0m[0;30;47m [0m[0;30;47mv[0m[0;30;47m [0m[0;30;47m [0m[0;30;47m [0m[0;30;47m [0m[0;30;47m [0m[0;30;47m [0m[0;30;47m [0m[0;30;47m [0m[0;30;47m [0m[0;30;47m [0m[0;30;47m [0m[0;30;47m [0m[0;30;47m [0m[0;30;47m [0m[0;30;47m [0m[0;30;47m [0m[0;30;47m [0m[0;30;47m [0m[0;30;47m [0m[0;30;47m [0m[0;30;47m [0m[0;30;47m [0m[0;30;47m [0m[0;30;47m [0m[0;30;47m [0m[0;30;47m [0m[0;30;47m [0m[0;30;47m [0m[0;30;47m [0m[0;30;47m [0m[0;30;47m [0m[0;30;47m [0m[0;34;46m~[0m[0;30;47m [0m[0;30;47m [0m[0;30;47m [0m[0;30;47m[[0m[0;30;47mO[0m[0;30;47mb[0m[0;30;47mj[0m[0;30;47m][0m[0;30;47m [0m[0;30;47mb[0m[0;30;47mo[0m[0;30;47mw[0m[0;30;47m [0m[0;30;47m [0m[0;30;47m [0m[0;30;47m [0m[0;30;47m [0m[0;30;47m [0m[0;30;47m [0m[0;30;47m [0m[0;30;47ma[0m[0;30;47mt[0m[0;30;47m [0m[0;30;47mS[0m[0;30;47mp[0m[0;30;47ma[0m[0;30;47mc[0m[0;30;47me[0m[0;30;47m [0m[0;30;47m1[0m[0;30;47m4[0m[0;30;47m [0m[0;30;47m([0m[0;30;47mf[0m[0;30;47mi[0m[0;30;47mr[0m[0;30;47me[0m[0;30;47m)[0m[0;30;47m [0m[0;30;47m [0m[0;30;47m [0m[0;30;47m [0m[0;30;47m [0m[0;30;47m [0m[0;30;47m [0m[0;34;46m~[0m
[0;34;46m~[0m[0;30;47m [0m[0;30;47m [0m[0;30;47m [0m[0;30;47m [0m[0;30;47m [0m[0;30;47m [0m[0;30;47m [0m[0;30;47m [0m[0;30;47m [0m[0;30;47m [0m[0;30;47m [0m[0;30;47m [0m[0;30;47m [0m[0;30;47m [0m[0;30;47m [0m[0;30;47m [0m[0;30;47m [0m[0;30;47m [0m[0;30;47m [0m[0;30;47m [0m[0;30;47m [0m[0;30;47m+[0m[0;30;47m-[0m[0;30;47m-[0m[0;30;47m-[0m[0;30;47m-[0m[0;30;47m-[0m[0;30;47m-[0m[0;30;47m-[0m[0;30;47m-[0m[0;30;47m-[0m[0;30;47m-[0m[0;30;47m-[0m[0;30;47m-[0m[0;30;47m-[0m[0;30;47m-[0m[0;30;47m-[0m[0;30;47m+[0m[0;30;47m [0m[0;30;47m [0m[0;30;47m [0m[0;30;47m [0m[0;30;47m [0m[0;30;47m [0m[0;30;47m [0m[0;30;47m [0m[0;30;47m [0m[0;30;47m [0m[0;30;47m [0m[0;30;47m [0m[0;30;47m [0m[0;30;47m [0m[0;30;47m [0m[0;30;47m [0m[0;30;47m [0m[0;30;47m [0m[0;30;47m [0m[0;30;47m [0m[0;30;47m [0m[0;30;47m [0m[0;30;47m [0m[0;30;47m [0m[0;34;46m~[0m[0;30;47m [0m[0;30;47m [0m[0;30;47m [0m[0;30;47m[[0m[0;30;47mO[0m[0;30;47mb[0m[0;30;47mj[0m[0;30;47m][0m[0;30;47m [0m[0;30;47mv[0m[0;30;47mi[0m[0;30;47ma[0m[0;30;47ml[0m[0;30;47m [0m[0;30;47m [0m[0;30;47m [0m[0;30;47m [0m[0;30;47m [0m[0;30;47m [0m[0;30;47m [0m[0;30;47ma[0m[0;30;47mt[0m[0;30;47m [0m[0;30;47mS[0m[0;30;47mp[0m[0;30;47ma[0m[0;30;47mc[0m[0;30;47me[0m[0;30;47m [0m[0;30;47m1[0m[0;30;47m4[0m[0;30;47m [0m[0;30;47m([0m[0;30;47mf[0m[0;30;47mi[0m[0;30;47mr[0m[0;30;47me[0m[0;30;47m)[0m[0;30;47m [0m[0;30;47m [0m[0;30;47m [0m[0;30;47m [0m[0;30;47m [0m[0;30;47m [0m[0;30;47m [0m[0;34;46m~[0m
[0;34;46m~[0m[0;30;47m [0m[0;30;47m [0m[0;30;47m [0m[0;30;47m [0m[0;30;47m [0m[0;30;47m [0m[0;30;47m [0m[0;30;47m [0m[0;30;47m [0m[0;30;47m [0m[0;30;47m [0m[0;30;47m [0m[0;30;47m [0m[0;30;47m [0m[0;30;47m [0m[0;30;47m [0m[0;30;47m [0m[0;30;47m [0m[0;30;47m [0m[0;30;47m [0m[0;30;47m [0m[0;30;47m|[0m[0;30;47m [0m[0;30;47m [0m[0;30;47m [0m[0;30;47m [0m[0;30;47m [0m[0;30;47m [0m[0;30;47m\[0m[0;30;47mV[0m[0;30;47mo[0m[0;30;47m/[0m[0;30;47m [0m[0;30;47m [0m[0;30;47m [0m[0;30;47m1[0m[0;30;47m2[0m[0;30;47m|[0m[0;30;47m [0m[0;30;47m [0m[0;30;47m [0m[0;30;47m [0m[0;30;47m [0m[0;30;47m [0m[0;30;47m [0m[0;30;47m [0m[0;30;47m [0m[0;30;47m [0m[0;30;47m [0m[0;30;47m [0m[0;30;47m [0m[0;30;47m [0m[0;30;47m [0m[0;30;47m [0m[0;30;47m [0m[0;30;47m [0m[0;30;47m [0m[0;30;47m [0m[0;30;47m [0m[0;30;47m [0m[0;30;47m [0m[0;30;47m [0m[0;34;46m~[0m[0;30;47m [0m[0;30;47m [0m[0;30;47m [0m[0;30;47m[[0m[0;30;47mO[0m[0;30;47mb[0m[0;30;47mj[0m[0;30;47m][0m[0;30;47m [0m[0;30;47mp[0m[0;30;47mo[0m[0;30;47mr[0m[0;30;47mt[0m[0;30;47ma[0m[0;30;47ml[0m[0;30;47m [0m[0;30;47m [0m[0;30;47m [0m[0;30;47m [0m[0;30;47m [0m[0;30;47ma[0m[0;30;47mt[0m[0;30;47m [0m[0;30;47mS[0m[0;30;47mp[0m[0;30;47ma[0m[0;30;47mc[0m[0;30;47me[0m[0;30;47m [0m[0;30;47m1[0m[0;30;47m1[0m[0;30;47m [0m[0;30;47m([0m[0;30;47mp[0m[0;30;47mi[0m[0;30;47mt[0m[0;30;47m)[0m[0;30;47m [0m[0;30;47m [0m[0;30;47m [0m[0;30;47m [0m[0;30;47m [0m[0;30;47m [0m[0;30;47m [0m[0;30;47m [0m[0;34;46m~[0m
[0;34;46m~[0m[0;30;47m [0m[0;30;47m [0m[0;30;47m [0m[0;30;47m [0m[0;30;47m [0m[0;30;47m [0m[0;30;47m [0m[0;30;47m [0m[0;30;47m [0m[0;30;47m [0m[0;30;47m [0m[0;30;47m [0m[0;30;47m [0m[0;30;47m [0m[0;30;47m [0m[0;30;47m [0m[0;30;47m [0m[0;30;47m [0m[0;30;47m [0m[0;30;47m [0m[0;30;47m [0m[0;30;47m|[0m[0;30;47m [0m[0;30;47m [0m[0;30;47m [0m[0;30;47m [0m[0;30;47m#[0m[0;30;47m_[0m[0;30;47m_[0m[0;30;47m_[0m[0;30;47m#[0m[0;30;47m [0m[0;30;47m [0m[0;30;47m [0m[0;30;47m [0m[0;30;47m [0m[0;30;47m [0m[0;30;47m|[0m[0;30;47m [0m[0;30;47m [0m[0;30;47m [0m[0;30;47m [0m[0;30;47m [0m[0;30;47m [0m[0;30;47m [0m[0;30;47m [0m[0;30;47m [0m[0;30;47m [0m[0;30;47m [0m[0;30;47m [0m[0;30;47m [0m[0;30;47m [0m[0;30;47m [0m[0;30;47m [0m[0;30;47m [0m[0;30;47m [0m[0;30;47m [0m[0;30;47m [0m[0;30;47m [0m[0;30;47m [0m[0;30;47m [0m[0;30;47m [0m[0;34;46m~[0m[0;30;47m [0m[0;30;47m [0m[0;30;47m [0m[0;30;47m[[0m[0;30;47mO[0m[0;30;47mb[0m[0;30;47mj[0m[0;30;47m][0m[0;30;47m [0m[0;30;47mw[0m[0;30;47ma[0m[0;30;47mx[0m[0;30;47m [0m[0;30;47m [0m[0;30;47m [0m[0;30;47m [0m[0;30;47m [0m[0;30;47m [0m[0;30;47m [0m[0;30;47m [0m[0;30;47ma[0m[0;30;47mt[0m[0;30;47m [0m[0;30;47mS[0m[0;30;47mp[0m[0;30;47ma[0m[0;30;47mc[0m[0;30;47me[0m[0;30;47m [0m[0;30;47m1[0m[0;30;47m4[0m[0;30;47m [0m[0;30;47m([0m[0;30;47mf[0m[0;30;47mi[0m[0;30;47mr[0m[0;30;47me[0m[0;30;47m)[0m[0;30;47m [0m[0;30;47m [0m[0;30;47m [0m[0;30;47m [0m[0;30;47m [0m[0;30;47m [0m[0;30;47m [0m[0;34;46m~[0m
[0;34;46m~[0m[0;30;47m [0m[0;30;47m [0m[0;30;47m [0m[0;30;47m [0m[0;30;47m [0m[0;30;47m [0m[0;30;47m [0m[0;30;47m [0m[0;30;47m [0m[0;30;47m [0m[0;30;47m [0m[0;30;47m [0m[0;30;47m [0m[0;30;47m [0m[0;30;47m [0m[0;30;47m [0m[0;30;47m [0m[0;30;47m [0m[0;30;47m [0m[0;30;47m [0m[0;30;47m [0m[0;30;47m|[0m[0;30;47m [0m[0;30;47m [0m[0;30;47m [0m[0;30;47m [0m[0;30;47m#[0m[0;30;47m_[0m[0;30;47m_[0m[0;30;47m_[0m[0;30;47m#[0m[0;30;47m [0m[0;30;47m [0m[0;30;47m [0m[0;30;47m [0m[0;30;47m [0m[0;30;47m [0m[0;30;47m|[0m[0;30;47m [0m[0;30;47m [0m[0;30;47m [0m[0;30;47m [0m[0;30;47m [0m[0;30;47m [0m[0;30;47m [0m[0;30;47m [0m[0;30;47m [0m[0;30;47m [0m[0;30;47m [0m[0;30;47m [0m[0;30;47m [0m[0;30;47m [0m[0;30;47m [0m[0;30;47m [0m[0;30;47m [0m[0;30;47m [0m[0;30;47m [0m[0;30;47m [0m[0;30;47m [0m[0;30;47m [0m[0;30;47m [0m[0;30;47m [0m[0;34;46m~[0m[0;30;47m [0m[0;30;47m [0m[0;30;47m [0m[0;30;47m[[0m[0;30;47mO[0m[0;30;47mb[0m[0;30;47mj[0m[0;30;47m][0m[0;30;47m [0m[0;30;47mf[0m[0;30;47mi[0m[0;30;47mg[0m[0;30;47m [0m[0;30;47m [0m[0;30;47m [0m[0;30;47m [0m[0;30;47m [0m[0;30;47m [0m[0;30;47m [0m[0;30;47m [0m[0;30;47ma[0m[0;30;47mt[0m[0;30;47m [0m[0;30;47mS[0m[0;30;47mp[0m[0;30;47ma[0m[0;30;47mc[0m[0;30;47me[0m[0;30;47m [0m[0;30;47m1[0m[0;30;47m4[0m[0;30;47m [0m[0;30;47m([0m[0;30;47mf[0m[0;30;47mi[0m[0;30;47mr[0m[0;30;47me[0m[0;30;47m)[0m[0;30;47m [0m[0;30;47m [0m[0;30;47m [0m[0;30;47m [0m[0;30;47m [0m[0;30;47m [0m[0;30;47m [0m[0;34;46m~[0m
[0;34;46m~[0m[0;30;47m [0m[0;30;47m [0m[0;30;47m [0m[0;30;47m [0m[0;30;47m [0m[0;30;47m [0m[0;30;47m [0m[0;30;47m [0m[0;30;47m [0m[0;30;47m [0m[0;30;47m [0m[0;30;47m [0m[0;30;47m [0m[0;30;47m [0m[0;30;47m [0m[0;30;47m [0m[0;30;47m [0m[0;30;47m [0m[0;30;47m [0m[0;30;47m [0m[0;30;47m [0m[0;30;47m|[0m[0;30;47m [0m[0;30;47m [0m[0;30;47m [0m[0;30;47m [0m[0;30;47m#[0m[0;30;47m_[0m[0;30;47m_[0m[0;30;47m_[0m[0;30;47m#[0m[0;30;47m [0m[0;30;47m [0m[0;30;47m [0m[0;30;47m [0m[0;30;47m [0m[0;30;47m [0m[0;30;47m|[0m[0;30;47m [0m[0;30;47m [0m[0;30;47m [0m[0;30;47m [0m[0;30;47m [0m[0;30;47m [0m[0;30;47m [0m[0;30;47m [0m[0;30;47m [0m[0;30;47m [0m[0;30;47m [0m[0;30;47m [0m[0;30;47m [0m[0;30;47m [0m[0;30;47m [0m[0;30;47m [0m[0;30;47m [0m[0;30;47m [0m[0;30;47m [0m[0;30;47m [0m[0;30;47m [0m[0;30;47m [0m[0;30;47m [0m[0;30;47m [0m[0;34;46m~[0m[0;30;47m [0m[0;30;47m [0m[0;30;47m [0m[0;30;47m[[0m[0;30;47mO[0m[0;30;47mb[0m[0;30;47mj[0m[0;30;47m][0m[0;30;47m [0m[0;30;47mc[0m[0;30;47mo[0m[0;30;47mi[0m[0;30;47mn[0m[0;30;47m [0m[0;30;47m [0m[0;30;47m [0m[0;30;47m [0m[0;30;47m [0m[0;30;47m [0m[0;30;47m [0m[0;30;47ma[0m[0;30;47mt[0m[0;30;47m [0m[0;30;47mS[0m[0;30;47mp[0m[0;30;47ma[0m[0;30;47mc[0m[0;30;47me[0m[0;30;47m [0m[0;30;47m1[0m[0;30;47m2[0m[0;30;47m [0m[0;30;47m([0m[0;30;47mp[0m[0;30;47ma[0m[0;30;47mt[0m[0;30;47mh[0m[0;30;47m)[0m[0;30;47m [0m[0;30;47m [0m[0;30;47m [0m[0;30;47m [0m[0;30;47m [0m[0;30;47m [0m[0;30;47m [0m[0;34;46m~[0m
[0;34;46m~[0m[0;30;47m [0m[0;30;47m [0m[0;30;47m [0m[0;30;47m [0m[0;30;47m [0m[0;30;47m [0m[0;30;47m [0m[0;30;47m [0m[0;30;47m [0m[0;30;47m [0m[0;30;47m [0m[0;30;47m [0m[0;30;47m [0m[0;30;47m [0m[0;30;47m [0m[0;30;47m [0m[0;30;47m [0m[0;30;47m [0m[0;30;47m [0m[0;30;47m [0m[0;30;47m [0m[0;30;47m|[0m[0;30;47m [0m[0;30;47m [0m[0;30;47m [0m[0;30;47m [0m[0;30;47m#[0m[0;30;47m_[0m[0;30;47m_[0m[0;30;47m_[0m[0;30;47m#[0m[0;30;47m [0m[0;30;47m [0m[0;30;47m [0m[0;30;47m [0m[0;30;47m [0m[0;30;47m [0m[0;30;47m|[0m[0;30;47m [0m[0;30;47m [0m[0;30;47m [0m[0;30;47m [0m[0;30;47m [0m[0;30;47m [0m[0;30;47m [0m[0;30;47m [0m[0;30;47m [0m[0;30;47m [0m[0;30;47m [0m[0;30;47m [0m[0;30;47m [0m[0;30;47m [0m[0;30;47m [0m[0;30;47m [0m[0;30;47m [0m[0;30;47m [0m[0;30;47m [0m[0;30;47m [0m[0;30;47m [0m[0;30;47m [0m[0;30;47m [0m[0;30;47m [0m[0;34;46m~[0m[0;30;47m [0m[0;30;47m [0m[0;30;47m [0m[0;30;47m[[0m[0;30;47mO[0m[0;30;47mb[0m[0;30;47mj[0m[0;30;47m][0m[0;30;47m [0m[0;30;47ml[0m[0;30;47mo[0m[0;30;47ma[0m[0;30;47mf[0m[0;30;47m [0m[0;30;47m [0m[0;30;47m [0m[0;30;47m [0m[0;30;47m [0m[0;30;47m [0m[0;30;47m [0m[0;30;47ma[0m[0;30;47mt[0m[0;30;47m [0m[0;30;47mS[0m[0;30;47mp[0m[0;30;47ma[0m[0;30;47mc[0m[0;30;47me[0m[0;30;47m [0m[0;30;47m1[0m[0;30;47m4[0m[0;30;47m [0m[0;30;47m([0m[0;30;47mf[0m[0;30;47mi[0m[0;30;47mr[0m[0;30;47me[0m[0;30;47m)[0m[0;30;47m [0m[0;30;47m [0m[0;30;47m [0m[0;30;47m [0m[0;30;47m [0m[0;30;47m [0m[0;30;47m [0m[0;34;46m~[0m
[0;34;46m~[0m[0;30;47m [0m[0;30;47m [0m[0;30;47m [0m[0;30;47m [0m[0;30;47m [0m[0;30;47m [0m[0;30;47m [0m[0;30;47m [0m[0;30;47m [0m[0;30;47m [0m[0;30;47m [0m[0;30;47m [0m[0;30;47m [0m[0;30;47m [0m[0;30;47m [0m[0;30;47m [0m[0;30;47m [0m[0;30;47m [0m[0;30;47m [0m[0;30;47m [0m[0;30;47m [0m[0;30;47m|[0m[0;30;47m [0m[0;30;47m [0m[0;30;47m [0m[0;30;47m [0m[0;30;47m#[0m[0;30;47m [0m[0;30;47m [0m[0;30;47m [0m[0;30;47m#[0m[0;30;47m [0m[0;30;47m [0m[0;30;47m [0m[0;30;47m [0m[0;30;47m [0m[0;30;47m [0m[0;30;47m|[0m[0;30;47m [0m[0;30;47m [0m[0;30;47m [0m[0;30;47m [0m[0;30;47m [0m[0;30;47m [0m[0;30;47m [0m[0;30;47m [0m[0;30;47m [0m[0;30;47m [0m[0;30;47m [0m[0;30;47m [0m[0;30;47m [0m[0;30;47m [0m[0;30;47m [0m[0;30;47m [0m[0;30;47m [0m[0;30;47m [0m[0;30;47m [0m[0;30;47m [0m[0;30;47m [0m[0;30;47m [0m[0;30;47m [0m[0;30;47m [0m[0;34;46m~[0m[0;30;47m [0m[0;30;47m [0m[0;30;47m [0m[0;30;47m[[0m[0;30;47mO[0m[0;30;47mb[0m[0;30;47mj[0m[0;30;47m][0m[0;30;47m [0m[0;30;47mc[0m[0;30;47mu[0m[0;30;47mp[0m[0;30;47m [0m[0;30;47m [0m[0;30;47m [0m[0;30;47m [0m[0;30;47m [0m[0;30;47m [0m[0;30;47m [0m[0;30;47m [0m[0;30;47ma[0m[0;30;47mt[0m[0;30;47m [0m[0;30;47mS[0m[0;30;47mp[0m[0;30;47ma[0m[0;30;47mc[0m[0;30;47me[0m[0;30;47m [0m[0;30;47m1[0m[0;30;47m3[0m[0;30;47m [0m[0;30;47m([0m[0;30;47mh[0m[0;30;47ma[0m[0;30;47ml[0m[0;30;47ml[0m[0;30;47m)[0m[0;30;47m [0m[0;30;47m [0m[0;30;47m [0m[0;30;47m [0m[0;30;47m [0m[0;30;47m [0m[0;30;47m [0m[0;34;46m~[0m
[0;34;46m~[0m[0;30;47m [0m[0;30;47m [0m[0;30;47m [0m[0;30;47m [0m[0;30;47m [0m[0;30;47m [0m[0;30;47m [0m[0;30;47m [0m[0;30;47m [0m[0;30;47m [0m[0;30;47m [0m[0;30;47m [0m[0;30;47m [0m[0;30;47m [0m[0;30;47m [0m[0;30;47m [0m[0;30;47m [0m[0;30;47m [0m[0;30;47m [0m[0;30;47m [0m[0;30;47m [0m[0;30;47m|[0m[0;30;47ml[0m[0;30;47mi[0m[0;30;47md[0m[0;30;47m,[0m[0;30;47mc[0m[0;30;47mo[0m[0;30;47mi[0m[0;30;47mn[0m[0;30;47m [0m[0;30;47m [0m[0;30;47m [0m[0;30;47m [0m[0;30;47m [0m[0;30;47m [0m[0;30;47m [0m[0;30;47m|[0m[0;30;47m [0m[0;30;47m [0m[0;30;47m [0m[0;30;47m [0m[0;30;47m [0m[0;30;47m [0m[0;30;47m [0m[0;30;47m [0m[0;30;47m [0m[0;30;47m [0m[0;30;47m [0m[0;30;47m [0m[0;30;47m [0m[0;30;47m [0m[0;30;47m [0m[0;30;47m [0m[0;30;47m [0m[0;30;47m [0m[0;30;47m [0m[0;30;47m [0m[0;30;47m [0m[0;30;47m [0m[0;30;47m [0m[0;30;47m [0m[0;34;46m~[0m[0;30;47m [0m[0;30;47m [0m[0;30;47m [0m[0;30;47m[[0m[0;30;47mC[0m[0;30;47mh[0m[0;30;47mr[0m[0;30;47m][0m[0;30;47m [0m[0;30;47m [0m[0;30;47m\[0m[0;30;47mV[0m[0;30;47mo[0m[0;30;47m/[0m[0;30;47m [0m[0;30;47m [0m[0;30;47ma[0m[0;30;47mt[0m[0;30;47m [0m[0;30;47mS[0m[0;30;47mp[0m[0;30;47ma[0m[0;30;47mc[0m[0;30;47me[0m[0;30;47m [0m[0;30;47m1[0m[0;30;47m2[0m[0;30;47m [0m[0;30;47m([0m[0;30;47mp[0m[0;30;47ma[0m[0;30;47mt[0m[0;30;47mh[0m[0;30;47m)[0m[0;30;47m [0m[0;30;47m([0m[0;30;47mH[0m[0;30;47mP[0m[0;30;47m:[0m[0;30;47m5[0m[0;30;47m)[0m[0;30;47m [0m[0;30;47m [0m[0;30;47m [0m[0;30;47m [0m[0;34;46m~[0m
[0;34;46m~[0m[0;30;47m [0m[0;30;47m [0m[0;30;47m [0m[0;30;47m [0m[0;30;47m [0m[0;30;47m [0m[0;30;47m [0m[0;30;47m [0m[0;30;47m [0m[0;30;47m [0m[0;30;47m [0m[0;30;47m [0m[0;30;47m [0m[0;30;47m [0m[0;30;47m [0m[0;30;47m [0m[0;30;47m [0m[0;30;47m [0m[0;30;47m [0m[0;30;47m [0m[0;30;47m [0m[0;30;47m+[0m[0;30;47m-[0m[0;30;47m-[0m[0;30;47m-[0m[0;30;47m-[0m[0;30;47m-[0m[0;30;47m-[0m[0;30;47m-[0m[0;30;47m-[0m[0;30;47m-[0m[0;30;47m-[0m[0;30;47m-[0m[0;30;47m-[0m[0;30;47m-[0m[0;30;47m-[0m[0;30;47m-[0m[0;30;47m+[0m[0;30;47m [0m[0;30;47m [0m[0;30;47m [0m[0;30;47m [0m[0;30;47m [0m[0;30;47m [0m[0;30;47m [0m[0;30;47m [0m[0;30;47m [0m[0;30;47m [0m[0;30;47m [0m[0;30;47m [0m[0;30;47m [0m[0;30;47m [0m[0;30;47m [0m[0;30;47m [0m[0;30;47m [0m[0;30;47m [0m[0;30;47m [0m[0;30;47m [0m[0;30;47m [0m[0;30;47m [0m[0;30;47m [0m[0;30;47m [0m[0;34;46m~[0m[0;30;47m [0m[0;30;47m [0m[0;30;47m [0m[0;30;47m[[0m[0;30;47mC[0m[0;30;47mh[0m[0;30;47mr[0m[0;30;47m][0m[0;30;47m [0m[0;30;47m [0m[0;30;47m\[0m[0;30;47mS[0m[0;30;47me[0m[0;30;47m/[0m[0;30;47m [0m[0;30;47m [0m[0;30;47ma[0m[0;30;47mt[0m[0;30;47m [0m[0;30;47mS[0m[0;30;47mp[0m[0;30;47ma[0m[0;30;47mc[0m[0;30;47me[0m[0;30;47m [0m[0;30;47m1[0m[0;30;47m1[0m[0;30;47m [0m[0;30;47m([0m[0;30;47mp[0m[0;30;47mi[0m[0;30;47mt[0m[0;30;47m)[0m[0;30;47m [0m[0;30;47m([0m[0;30;47mH[0m[0;30;47mP[0m[0;30;47m:[0m[0;30;47m5[0m[0;30;47m)[0m[0;30;47m [0m[0;30;47m [0m[0;30;47m [0m[0;30;47m [0m[0;30;47m [0m[0;34;46m~[0m
[0;34;46m~[0m[0;30;47m [0m[0;30;47m [0m[0;30;47m [0m[0;30;47m [0m[0;30;47m [0m[0;30;47m [0m[0;30;47m [0m[0;30;47m [0m[0;30;47m [0m[0;30;47m [0m[0;30;47m [0m[0;30;47m [0m[0;30;47m [0m[0;30;47m [0m[0;30;47m [0m[0;30;47m [0m[0;30;47m [0m[0;30;47m [0m[0;30;47m [0m[0;30;47m [0m[0;30;47m [0m[0;30;47m [0m[0;30;47m [0m[0;30;47m [0m[0;30;47m [0m[0;30;47m [0m[0;30;47m [0m[0;30;47m [0m[0;30;47m [0m[0;30;47m [0m[0;30;47m [0m[0;30;47m [0m[0;30;47m [0m[0;30;47m [0m[0;30;47m [0m[0;30;47m [0m[0;30;47m [0m[0;30;47m [0m[0;30;47m [0m[0;30;47m [0m[0;30;47m [0m[0;30;47m [0m[0;30;47m [0m[0;30;47m [0m[0;30;47m [0m[0;30;47m [0m[0;30;47m [0m[0;30;47m [0m[0;30;47m [0m[0;30;47m [0m[0;30;47m [0m[0;30;47m [0m[0;30;47m [0m[0;30;47m [0m[0;30;47m [0m[0;30;47m [0m[0;30;47m [0m[0;30;47m [0m[0;30;47m [0m[0;30;47m [0m[0;30;47m [0m[0;30;47m [0m[0;34;46m~[0m[0;30;47m [0m[0;30;47m [0m[0;30;47m-[0m[0;30;47m-[0m[0;30;47m-[0m[0;30;47m-[0m[0;30;47m-[0m[0;30;47m-[0m[0;30;47m-[0m[0;30;47m-[0m[0;30;47m-[0m[0;30;47m-[0m[0;30;47m-[0m[0;30;47m-[0m[0;30;47m-[0m[0;30;47m-[0m[0;30;47m-[0m[0;30;47m-[0m[0;30;47m-[0m[0;30;47m-[0m[0;30;47m-[0m[0;30;47m-[0m[0;30;47m-[0m[0;30;47m-[0m[0;30;47m-[0m[0;30;47m-[0m[0;30;47m-[0m[0;30;47m-[0m[0;30;47m-[0m[0;30;47m-[0m[0;30;47m-[0m[0;30;47m-[0m[0;30;47m-[0m[0;30;47m-[0m[0;30;47m-[0m[0;30;47m-[0m[0;30;47m-[0m[0;30;47m-[0m[0;30;47m-[0m[0;30;47m-[0m[0;30;47m-[0m[0;30;47m-[0m[0;30;47m-[0m[0;30;47m [0m[0;30;47m [0m[0;34;46m~[0m
[0;34;46m~[0m[0;30;47m [0m[0;30;47m [0m[0;30;47m [0m[0;30;47m [0m[0;30;47m [0m[0;30;47m [0m[0;30;47m [0m[0;30;47m [0m[0;30;47m [0m[0;30;47m [0m[0;30;47m [0m[0;30;47m [0m[0;30;47m [0m[0;30;47m [0m[0;30;47m [0m[0;30;47m [0m[0;30;47m [0m[0;30;47m [0m[0;30;47m [0m[0;30;47m [0m[0;30;47m [0m[0;30;47m [0m[0;30;47m [0m[0;30;47m [0m[0;30;47m [0m[0;30;47m [0m[0;30;47m [0m[0;30;47m [0m[0;30;47m [0m[0;30;47m [0m[0;30;47m [0m[0;30;47m [0m[0;30;47m [0m[0;30;47m [0m[0;30;47m [0m[0;30;47m [0m[0;30;47m [0m[0;30;47m [0m[0;30;47m [0m[0;30;47m [0m[0;30;47m [0m[0;30;47m [0m[0;30;47m [0m[0;30;47m [0m[0;30;47m [0m[0;30;47m [0m[0;30;47m [0m[0;30;47m [0m[0;30;47m [0m[0;30;47m [0m[0;30;47m [0m[0;30;47m [0m[0;30;47m [0m[0;30;47m [0m[0;30;47m [0m[0;30;47m [0m[0;30;47m [0m[0;30;47m [0m[0;30;47m [0m[0;30;47m [0m[0;30;47m [0m[0;30;47m [0m[0;34;46m~[0m[0;30;47m [0m[0;30;47m [0m[0;30;47m [0m[0;30;47m [0m[0;30;47m [0m[0;30;47m [0m[0;30;47m [0m[0;30;47m [0m[0;30;47m [0m[0;30;47m [0m[0;30;47m [0m[0;30;47m [0m[0;30;47m [0m[0;30;47m [0m[0;30;47m [0m[0;30;47m [0m[0;30;47m [0m[0;30;47m [0m[0;30;47m [0m[0;30;47m [0m[0;30;47m [0m[0;30;47m [0m[0;30;47m [0m[0;30;47m [0m[0;30;47m [0m[0;30;47m [0m[0;30;47m [0m[0;30;47m [0m[0;30;47m [0m[0;30;47m [0m[0;30;47m [0m[0;30;47m [0m[0;30;47m [0m[0;30;47m [0m[0;30;47m [0m[0;30;47m [0m[0;30;47m [0m[0;30;47m [0m[0;30;47m [0m[0;30;47m [0m[0;30;47m [0m[0;30;47m [0m[0;30;47m [0m[0;30;47m [0m[0;30;47m [0m[0;34;46m~[0m
[0;34;46m~[0m[0;30;47m [0m[0;30;47m [0m[0;30;47m [0m[0;30;47m [0m[0;30;47m [0m[0;30;47m [0m[0;30;47m [0m[0;30;47m [0m[0;30;47m [0m[0;30;47m [0m[0;30;47m [0m[0;30;47m [0m[0;30;47m [0m[0;30;47m [0m[0;30;47m [0m[0;30;47m [0m[0;30;47m [0m[0;30;47m [0m[0;30;47m [0m[0;30;47m [0m[0;30;47m [0m[0;30;47m [0m[0;30;47m [0m[0;30;47m [0m[0;30;47m [0m[0;30;47m [0m[0;30;47m [0m[0;30;47m [0m[0;30;47m [0m[0;30;47m [0m[0;30;47m [0m[0;30;47m [0m[0;30;47m [0m[0;30;47m [0m[0;30;47m [0m[0;30;47m [0m[0;30;47m [0m[0;30;47m [0m[0;30;47m [0m[0;30;47m [0m[0;30;47m [0m[0;30;47m [0m[0;30;47m [0m[0;30;47m [0m[0;30;47m [0m[0;30;47m [0m[0;30;47m [0m[0;30;47m [0m[0;30;47m [0m[0;30;47m [0m[0;30;47m [0m[0;30;47m [0m[0;30;47m [0m[0;30;47m [0m[0;30;47m [0m[0;30;47m [0m[0;30;47m [0m[0;30;47m [0m[0;30;47m [0m[0;30;47m [0m[0;30;47m [0m[0;30;47m [0m[0;34;46m~[0m[0;30;47m [0m[0;30;47m [0m[0;30;47m [0m[0;30;47m [0m[0;30;47m [0m[0;30;47m [0m[0;30;47m [0m[0;30;47m [0m[0;30;47m [0m[0;30;47m [0m[0;30;47m [0m[0;30;47m [0m[0;30;47m [0m[0;30;47m [0m[0;30;47m [0m[0;30;47m [0m[0;30;47m [0m[0;30;47m [0m[0;30;47m [0m[0;30;47m [0m[0;30;47m [0m[0;30;47m [0m[0;30;47m [0m[0;30;47m [0m[0;30;47m [0m[0;30;47m [0m[0;30;47m [0m[0;30;47m [0m[0;30;47m [0m[0;30;47m [0m[0;30;47m [0m[0;30;47m [0m[0;30;47m [0m[0;30;47m [0m[0;30;47m [0m[0;30;47m [0m[0;30;47m [0m[0;30;47m [0m[0;30;47m [0m[0;30;47m [0m[0;30;47m [0m[0;30;47m [0m[0;30;47m [0m[0;30;47m [0m[0;30;47m [0m[0;34;46m~[0m
[0;34;46m~[0m[0;30;47m [0m[0;30;47m [0m[0;30;47m [0m[0;30;47m [0m[0;30;47m [0m[0;30;47m [0m[0;30;47m [0m[0;30;47m [0m[0;30;47m [0m[0;30;47m [0m[0;30;47m [0m[0;30;47m [0m[0;30;47m [0m[0;30;47m [0m[0;30;47m [0m[0;30;47m [0m[0;30;47m [0m[0;30;47m [0m[0;30;47m [0m[0;30;47m [0m[0;30;47m [0m[0;30;47m [0m[0;30;47m [0m[0;30;47m [0m[0;30;47m [0m[0;30;47m [0m[0;30;47m [0m[0;30;47m [0m[0;30;47m [0m[0;30;47m [0m[0;30;47m [0m[0;30;47m [0m[0;30;47m [0m[0;30;47m [0m[0;30;47m [0m[0;30;47m [0m[0;30;47m [0m[0;30;47m [0m[0;30;47m [0m[0;30;47m [0m[0;30;47m [0m[0;30;47m [0m[0;30;47m [0m[0;30;47m [0m[0;30;47m [0m[0;30;47m [0m[0;30;47m [0m[0;30;47m [0m[0;30;47m [0m[0;30;47m [0m[0;30;47m [0m[0;30;47m [0m[0;30;47m [0m[0;30;47m [0m[0;30;47m [0m[0;30;47m [0m[0;30;47m [0m[0;30;47m [0m[0;30;47m [0m[0;30;47m [0m[0;30;47m [0m[0;30;47m [0m[0;34;46m~[0m[0;30;47m [0m[0;30;47m [0m[0;30;47m [0m[0;30;47m [0m[0;30;47m [0m[0;30;47m [0m[0;30;47m [0m[0;30;47m [0m[0;30;47m [0m[0;30;47m [0m[0;30;47m [0m[0;30;47m [0m[0;30;47m [0m[0;30;47m [0m[0;30;47m [0m[0;30;47m [0m[0;30;47m [0m[0;30;47m [0m[0;30;47m [0m[0;30;47m [0m[0;30;47m [0m[0;30;47m [0m[0;30;47m [0m[0;30;47m [0m[0;30;47m [0m[0;30;47m [0m[0;30;47m [0m[0;30;47m [0m[0;30;47m [0m[0;30;47m [0m[0;30;47m [0m[0;30;47m [0m[0;30;47m [0m[0;30;47m [0m[0;30;47m [0m[0;30;47m [0m[0;30;47m [0m[0;30;47m [0m[0;30;47m [0m[0;30;47m [0m[0;30;47m [0m[0;30;47m [0m[0;30;47m [0m[0;30;47m [0m[0;30;47m [0m[0;34;46m~[0m
[0;34;46m~[0m[0;30;47m [0m[0;30;47m [0m[0;30;47m [0m[0;30;47m [0m[0;30;47m [0m[0;30;47m [0m[0;30;47m [0m[0;30;47m [0m[0;30;47m [0m[0;30;47m [0m[0;30;47m [0m[0;30;47m [0m[0;30;47m [0m[0;30;47m [0m[0;30;47m [0m[0;30;47m [0m[0;30;47m [0m[0;30;47m [0m[0;30;47m [0m[0;30;47m [0m[0;30;47m [0m[0;30;47m [0m[0;30;47m [0m[0;30;47m [0m[0;30;47m [0m[0;30;47m [0m[0;30;47m [0m[0;30;47m [0m[0;30;47m [0m[0;30;47m [0m[0;30;47m [0m[0;30;47m [0m[0;30;47m [0m[0;30;47m [0m[0;30;47m [0m[0;30;47m [0m[0;30;47m [0m[0;30;47m [0m[0;30;47m [0m[0;30;47m [0m[0;30;47m [0m[0;30;47m [0m[0;30;47m [0m[0;30;47m [0m[0;30;47m [0m[0;30;47m [0m[0;30;47m [0m[0;30;47m [0m[0;30;47m [0m[0;30;47m [0m[0;30;47m [0m[0;30;47m [0m[0;30;47m [0m[0;30;47m [0m[0;30;47m [0m[0;30;47m [0m[0;30;47m [0m[0;30;47m [0m[0;30;47m [0m[0;30;47m [0m[0;30;47m [0m[0;30;47m [0m[0;34;46m~[0m[0;30;47m [0m[0;30;47m [0m[0;30;47m [0m[0;30;47m [0m[0;30;47m [0m[0;30;47m [0m[0;30;47m [0m[0;30;47m [0m[0;30;47m [0m[0;30;47m [0m[0;30;47m [0m[0;30;47m [0m[0;30;47m [0m[0;30;47m [0m[0;30;47m [0m[0;30;47m [0m[0;30;47m [0m[0;30;47m [0m[0;30;47m [0m[0;30;47m [0m[0;30;47m [0m[0;30;47m [0m[0;30;47m [0m[0;30;47m [0m[0;30;47m [0m[0;30;47m [0m[0;30;47m [0m[0;30;47m [0m[0;30;47m [0m[0;30;47m [0m[0;30;47m [0m[0;30;47m [0m[0;30;47m [0m[0;30;47m [0m[0;30;47m [0m[0;30;47m [0m[0;30;47m [0m[0;30;47m [0m[0;30;47m [0m[0;30;47m [0m[0;30;47m [0m[0;30;47m [0m[0;30;47m [0m[0;30;47m [0m[0;30;47m [0m[0;34;46m~[0m
[0;34;46m~[0m[0;34;46m~[0m[0;34;46m~[0m[0;34;46m~[0m[0;34;46m~[0m[0;34;46m~[0m[0;34;46m~[0m[0;34;46m~[0m[0;34;46m~[0m[0;34;46m~[0m[0;34;46m~[0m[0;34;46m~[0m[0;34;46m~[0m[0;34;46m~[0m[0;34;46m~[0m[0;34;46m~[0m[0;34;46m~[0m[0;34;46m~[0m[0;34;46m~[0m[0;34;46m~[0m[0;34;46m~[0m[0;34;46m~[0m[0;34;46m~[0m[0;34;46m~[0m[0;34;46m~[0m[0;34;46m~[0m[0;34;46m~[0m[0;34;46m~[0m[0;34;46m~[0m[0;34;46m~[0m[0;34;46m~[0m[0;34;46m~[0m[0;34;46m~[0m[0;34;46m~[0m[0;34;46m~[0m[0;34;46m~[0m[0;34;46m~[0m[0;34;46m~[0m[0;34;46m~[0m[0;34;46m~[0m[0;34;46m~[0m[0;34;46m~[0m[0;34;46m~[0m[0;34;46m~[0m[0;34;46m~[0m[0;34;46m~[0m[0;34;46m~[0m[0;34;46m~[0m[0;34;46m~[0m[0;34;46m~[0m[0;34;46m~[0m[0;34;46m~[0m[0;34;46m~[0m[0;34;46m~[0m[0;34;46m~[0m[0;34;46m~[0m[0;34;46m~[0m[0;34;46m~[0m[0;34;46m~[0m[0;34;46m~[0m[0;34;46m~[0m[0;34;46m~[0m[0;34;46m~[0m[0;34;46m~[0m[0;34;46m~[0m[0;34;46m~[0m[0;34;46m~[0m[0;34;46m~[0m[0;34;46m~[0m[0;34;46m~[0m[0;34;46m~[0m[0;34;46m~[0m[0;34;46m~[0m[0;34;46m~[0m[0;34;46m~[0m[0;34;46m~[0m[0;34;46m~[0m[0;34;46m~[0m[0;34;46m~[0m[0;34;46m~[0m[0;34;46m~[0m[0;34;46m~[0m[0;34;46m~[0m[0;34;46m~[0m[0;34;46m~[0m[0;34;46m~[0m[0;34;46m~[0m[0;34;46m~[0m[0;34;46m~[0m[0;34;46m~[0m[0;34;46m~[0m[0;34;46m~[0m[0;34;46m~[0m[0;34;46m~[0m[0;34;46m~[0m[0;34;46m~[0m[0;34;46m~[0m[0;34;46m~[0m[0;34;46m~[0m[0;34;46m~[0m[0;34;46m~[0m[0;34;46m~[0m[0;34;46m~[0m[0;34;46m~[0m[0;34;46m~[0m[0;34;46m~[0m[0;34;46m~[0m[0;34;46m~[0m[0;34;46m~[0m[0;34;46m~[0m
[0;34;46m~[0m[0;30;47m [0m[0;30;47m [0m[0;30;47m [0m[0;30;47m [0m[0;30;47m [0m[0;30;47m [0m[0;30;47m [0m[0;30;47m [0m[0;30;47m [0m[0;30;47m [0m[0;30;47m [0m[0;30;47m [0m[0;30;47m [0m[0;30;47m [0m[0;30;47m [0m[0;30;47m [0m[0;30;47m [0m[0;30;47m [0m[0;30;47m [0m[0;30;47m [0m[0;30;47m [0m[0;30;47m [0m[0;30;47m [0m[0;30;47m [0m[0;30;47m [0m[0;30;47m [0m[0;30;47m [0m[0;30;47m [0m[0;30;47m [0m[0;30;47m [0m[0;30;47m [0m[0;30;47m [0m[0;30;47m [0m[0;30;47m [0m[0;30;47m [0m[0;30;47m [0m[0;30;47m [0m[0;30;47m [0m[0;30;47m [0m[0;30;47m [0m[0;30;47m [0m[0;30;47m [0m[0;30;47m [0m[0;30;47m [0m[0;30;47m [0m[0;30;47mT[0m[0;30;47mH[0m[0;30;47mE[0m[0;30;47m [0m[0;30;47mH[0m[0;30;47mA[0m[0;30;47mU[0m[0;30;47mN[0m[0;30;47mT[0m[0;30;47mE[0m[0;30;47mD[0m[0;30;47m [0m[0;30;47mC[0m[0;30;47mA[0m[0;30;47mS[0m[0;30;47mT[0m[0;30;47mL[0m[0;30;47mE[0m[0;30;47m [0m[0;30;47m [0m[0;30;47m [0m[0;30;47m [0m[0;30;47m [0m[0;30;47m [0m[0;30;47m [0m[0;30;47m [0m[0;30;47m [0m[0;30;47m [0m[0;30;47m [0m[0;30;47m [0m[0;30;47m [0m[0;30;47m [0m[0;30;47m [0m[0;30;47m [0m[0;30;47m [0m[0;30;47m [0m[0;30;47m [0m[0;30;47m [0m[0;30;47m [0m[0;30;47m [0m[0;30;47m [0m[0;30;47m [0m[0;30;47m [0m[0;30;47m [0m[0;30;47m [0m[0;30;47m [0m[0;30;47m [0m[0;30;47m [0m[0;30;47m [0m[0;30;47m [0m[0;30;47m [0m[0;30;47m [0m[0;30;47m [0m[0;30;47m [0m[0;30;47m [0m[0;30;47m [0m[0;30;47m [0m[0;30;47m [0m[0;30;47m [0m[0;30;47m [0m[0;30;47m [0m[0;30;47m [0m[0;30;47m [0m[0;34;46m~[0m
[0;34;46m~[0m[0;34;46m~[0m[0;34;46m~[0m[0;34;46m~[0m[0;34;46m~[0m[0;34;46m~[0m[0;34;46m~[0m[0;34;46m~[0m[0;34;46m~[0m[0;34;46m~[0m[0;34;46m~[0m[0;34;46m~[0m[0;34;46m~[0m[0;34;46m~[0m[0;34;46m~[0m[0;34;46m~[0m[0;34;46m~[0m[0;34;46m~[0m[0;34;46m~[0m[0;34;46m~[0m[0;34;46m~[0m[0;34;46m~[0m[0;34;46m~[0m[0;34;46m~[0m[0;34;46m~[0m[0;34;46m~[0m[0;34;46m~[0m[0;34;46m~[0m[0;34;46m~[0m[0;34;46m~[0m[0;34;46m~[0m[0;34;46m~[0m[0;34;46m~[0m[0;34;46m~[0m[0;34;46m~[0m[0;34;46m~[0m[0;34;46m~[0m[0;34;46m~[0m[0;34;46m~[0m[0;34;46m~[0m[0;34;46m~[0m[0;34;46m~[0m[0;34;46m~[0m[0;34;46m~[0m[0;34;46m~[0m[0;34;46m~[0m[0;34;46m~[0m[0;34;46m~[0m[0;34;46m~[0m[0;34;46m~[0m[0;34;46m~[0m[0;34;46m~[0m[0;34;46m~[0m[0;34;46m~[0m[0;34;46m~[0m[0;34;46m~[0m[0;34;46m~[0m[0;34;46m~[0m[0;34;46m~[0m[0;34;46m~[0m[0;34;46m~[0m[0;34;46m~[0m[0;34;46m~[0m[0;34;46m~[0m[0;34;46m~[0m[0;34;46m~[0m[0;34;46m~[0m[0;34;46m~[0m[0;34;46m~[0m[0;34;46m~[0m[0;34;46m~[0m[0;34;46m~[0m[0;34;46m~[0m[0;34;46m~[0m[0;34;46m~[0m[0;34;46m~[0m[0;34;46m~[0m[0;34;46m~[0m[0;34;46m~[0m[0;34;46m~[0m[0;34;46m~[0m[0;34;46m~[0m[0;34;46m~[0m[0;34;46m~[0m[0;34;46m~[0m[0;34;46m~[0m[0;34;46m~[0m[0;34;46m~[0m[0;34;46m~[0m[0;34;46m~[0m[0;34;46m~[0m[0;34;46m~[0m[0;34;46m~[0m[0;34;46m~[0m[0;34;46m~[0m[0;34;46m~[0m[0;34;46m~[0m[0;34;46m~[0m[0;34;46m~[0m[0;34;46m~[0m[0;34;46m~[0m[0;34;46m~[0m[0;34;46m~[0m[0;34;46m~[0m[0;34;46m~[0m[0;34;46m~[0m[0;34;46m~[0m[0;34;46m~[0m[0;34;46m~[0m[0;34;46m~[0m
[0;34;46m~[0m[0;30;47m [0m[0;30;47m [0m[0;30;47mC[0m[0;30;47mo[0m[0;30;47mm[0m[0;30;47mm[0m[0;30;47ma[0m[0;30;47mn[0m[0;30;47md[0m[0;30;47ms[0m[0;30;47m:[0m[0;30;47m [0m[0;30;47mm[0m[0;30;47mo[0m[0;30;47mv[0m[0;30;47me[0m[0;30;47m([0m[0;30;47mm[0m[0;30;47m)[0m[0;30;47m [0m[0;30;47m[[0m[0;30;47md[0m[0;30;47mi[0m[0;30;47mr[0m[0;30;47m][0m[0;30;47m [0m[0;30;47m|[0m[0;30;47m [0m[0;30;47mt[0m[0;30;47ma[0m[0;30;47mk[0m[0;30;47me[0m[0;30;47m([0m[0;30;47mt[0m[0;30;47m)[0m[0;30;47m [0m[0;30;47m[[0m[0;30;47mo[0m[0;30;47mb[0m[0;30;47mj[0m[0;30;47m][0m[0;30;47m [0m[0;30;47m|[0m[0;30;47m [0m[0;30;47md[0m[0;30;47mr[0m[0;30;47mo[0m[0;30;47mp[0m[0;30;47m([0m[0;30;47md[0m[0;30;47m)[0m[0;30;47m [0m[0;30;47m[[0m[0;30;47mo[0m[0;30;47mb[0m[0;30;47mj[0m[0;30;47m][0m[0;30;47m [0m[0;30;47m|[0m[0;30;47m [0m[0;30;47ma[0m[0;30;47mt[0m[0;30;47mt[0m[0;30;47ma[0m[0;30;47mc[0m[0;30;47mk[0m[0;30;47m([0m[0;30;47ma[0m[0;30;47m)[0m[0;30;47m [0m[0;30;47m|[0m[0;30;47m [0m[0;30;47mc[0m[0;30;47mh[0m[0;30;47ma[0m[0;30;47mt[0m[0;30;47m([0m[0;30;47mc[0m[0;30;47m)[0m[0;30;47m [0m[0;30;47m|[0m[0;30;47m [0m[0;30;47mr[0m[0;30;47me[0m[0;30;47mc[0m[0;30;47mr[0m[0;30;47mu[0m[0;30;47mi[0m[0;30;47mt[0m[0;30;47m([0m[0;30;47mr[0m[0;30;47m)[0m[0;30;47m [0m[0;30;47m[[0m[0;30;47mc[0m[0;30;47mh[0m[0;30;47ma[0m[0;30;47mr[0m[0;30;47m][0m[0;30;47m [0m[0;30;47m [0m[0;30;47m [0m[0;30;47m [0m[0;30;47m [0m[0;30;47m [0m[0;30;47m [0m[0;30;47m [0m[0;30;47m [0m[0;34;46m~[0m
[0;34;46m~[0m[0;30;47m [0m[0;30;47m [0m[0;30;47mi[0m[0;30;47mn[0m[0;30;47ms[0m[0;30;47mp[0m[0;30;47me[0m[0;30;47mc[0m[0;30;47mt[0m[0;30;47m([0m[0;30;47mi[0m[0;30;47m)[0m[0;30;47m [0m[0;30;47m[[0m[0;30;47mo[0m[0;30;47mb[0m[0;30;47mj[0m[0;30;47m][0m[0;30;47m [0m[0;30;47m|[0m[0;30;47m [0m[0;30;47mu[0m[0;30;47ms[0m[0;30;47me[0m[0;30;47m([0m[0;30;47mu[0m[0;30;47m)[0m[0;30;47m [0m[0;30;47m[[0m[0;30;47mo[0m[0;30;47mb[0m[0;30;47mj[0m[0;30;47m][0m[0;30;47m [0m[0;30;47m|[0m[0;30;47m [0m[0;30;47mo[0m[0;30;47mp[0m[0;30;47me[0m[0;30;47mn[0m[0;30;47m([0m[0;30;47mo[0m[0;30;47m)[0m[0;30;47m [0m[0;30;47m[[0m[0;30;47ml[0m[0;30;47mn[0m[0;30;47mk[0m[0;30;47m][0m[0;30;47m [0m[0;30;47mw[0m[0;30;47mi[0m[0;30;47mt[0m[0;30;47mh[0m[0;30;47m [0m[0;30;47m[[0m[0;30;47mo[0m[0;30;47mb[0m[0;30;47mj[0m[0;30;47m][0m[0;30;47m [0m[0;30;47m|[0m[0;30;47m [0m[0;30;47mt[0m[0;30;47mp[0m[0;30;47m [0m[0;30;47m[[0m[0;30;47mr[0m[0;30;47mo[0m[0;30;47mo[0m[0;30;47mm[0m[0;30;47m][0m[0;30;47m [0m[0;30;47m|[0m[0;30;47m [0m[0;30;47me[0m[0;30;47mx[0m[0;30;47mi[0m[0;30;47mt[0m[0;30;47m([0m[0;30;47me[0m[0;30;47m)[0m[0;30;47m [0m[0;30;47m|[0m[0;30;47m [0m[0;30;47ma[0m[0;30;47mb[0m[0;30;47ma[0m[0;30;47mn[0m[0;30;47md[0m[0;30;47mo[0m[0;30;47mn[0m[0;30;47m([0m[0;30;47mf[0m[0;30;47m)[0m[0;30;47m [0m[0;30;47m[[0m[0;30;47mc[0m[0;30;47mh[0m[0;30;47ma[0m[0;30;47mr[0m[0;30;47m][0m[0;30;47m [0m[0;30;47m [0m[0;30;47m [0m[0;30;47m [0m[0;30;47m [0m[0;30;47m [0m[0;34;46m~[0m
[0;34;46m~[0m[0;34;46m~[0m[0;34;46m~[0m[0;34;46m~[0m[0;34;46m~[0m[0;34;46m~[0m[0;34;46m~[0m[0;34;46m~[0m[0;34;46m~[0m[0;34;46m~[0m[0;34;46m~[0m[0;34;46m~[0m[0;34;46m~[0m[0;34;46m~[0m[0;34;46m~[0m[0;34;46m~[0m[0;34;46m~[0m[0;34;46m~[0m[0;34;46m~[0m[0;34;46m~[0m[0;34;46m~[0m[0;34;46m~[0m[0;34;46m~[0m[0;34;46m~[0m[0;34;46m~[0m[0;34;46m~[0m[0;34;46m~[0m[0;34;46m~[0m[0;34;46m~[0m[0;34;46m~[0m[0;34;46m~[0m[0;34;46m~[0m[0;34;46m~[0m[0;34;46m~[0m[0;34;46m~[0m[0;34;46m~[0m[0;34;46m~[0m[0;34;46m~[0m[0;34;46m~[0m[0;34;46m~[0m[0;34;46m~[0m[0;34;46m~[0m[0;34;46m~[0m[0;34;46m~[0m[0;34;46m~[0m[0;34;46m~[0m[0;34;46m~[0m[0;34;46m~[0m[0;34;46m~[0m[0;34;46m~[0m[0;34;46m~[0m[0;34;46m~[0m[0;34;46m~[0m[0;34;46m~[0m[0;34;46m~[0m[0;34;46m~[0m[0;34;46m~[0m[0;34;46m~[0m[0;34;46m~[0m[0;34;46m~[0m[0;34;46m~[0m[0;34;46m~[0m[0;34;46m~[0m[0;34;46m~[0m[0;34;46m~[0m[0;34;46m~[0m[0;34;46m~[0m[0;34;46m~[0m[0;34;46m~[0m[0;34;46m~[0m[0;34;46m~[0m[0;34;46m~[0m[0;34;46m~[0m[0;34;46m~[0m[0;34;46m~[0m[0;34;46m~[0m[0;34;46m~[0m[0;34;46m~[0m[0;34;46m~[0m[0;34;46m~[0m[0;34;46m~[0m[0;34;46m~[0m[0;34;46m~[0m[0;34;46m~[0m[0;34;46m~[0m[0;34;46m~[0m[0;34;46m~[0m[0;34;46m~[0m[0;34;46m~[0m[0;34;46m~[0m[0;34;46m~[0m[0;34;46m~[0m[0;34;46m~[0m[0;34;46m~[0m[0;34;46m~[0m[0;34;46m~[0m[0;34;46m~[0m[0;34;46m~[0m[0;34;46m~[0m[0;34;46m~[0m[0;34;46m~[0m[0;34;46m~[0m[0;34;46m~[0m[0;34;46m~[0m[0;34;46m~[0m[0;34;46m~[0m[0;34;46m~[0m[0;34;46m~[0m[0;34;46m~[0m[0;34;46m~[0m
[0;34;46m~[0m[0;30;47m [0m[0;30;47m [0m[0;30;47m [0m[0;30;47m [0m[0;30;47m [0m[0;30;47m [0m[0;30;47m [0m[0;30;47m [0m[0;30;47m [0m[0;30;47m [0m[0;30;47m [0m[0;30;47m [0m[0;30;47m [0m[0;30;47m [0m[0;30;47m [0m[0;30;47m [0m[0;30;47m [0m[0;30;47m [0m[0;30;47m [0m[0;30;47m [0m[0;30;47m [0m[0;30;47m [0m[0;30;47m [0m[0;30;47m [0m[0;30;47m [0m[0;30;47m [0m[0;30;47m [0m[0;30;47m [0m[0;30;47m [0m[0;30;47m [0m[0;30;47m [0m[0;30;47m [0m[0;30;47m [0m[0;30;47m [0m[0;30;47m [0m[0;30;47m [0m[0;30;47m [0m[0;30;47m [0m[0;30;47m [0m[0;30;47m [0m[0;30;47m [0m[0;30;47m [0m[0;30;47m [0m[0;30;47m [0m[0;30;47m [0m[0;30;47m [0m[0;30;47m [0m[0;30;47m [0m[0;30;47m [0m[0;30;47m [0m[0;30;47m [0m[0;30;47m [0m[0;30;47m [0m[0;30;47m [0m[0;30;47m [0m[0;30;47m [0m[0;30;47m [0m[0;30;47m [0m[0;30;47m [0m[0;30;47m [0m[0;30;47m [0m[0;30;47m [0m[0;30;47m [0m[0;30;47m [0m[0;30;47m [0m[0;30;47m [0m[0;30;47m [0m[0;30;47m [0m[0;30;47m [0m[0;30;47m [0m[0;30;47m [0m[0;30;47m [0m[0;30;47m [0m[0;30;47m [0m[0;30;47m [0m[0;30;47m [0m[0;30;47m [0m[0;30;47m [0m[0;30;47m [0m[0;30;47m [0m[0;30;47m [0m[0;30;47m [0m[0;30;47m [0m[0;30;47m [0m[0;30;47m [0m[0;30;47m [0m[0;30;47m [0m[0;30;47m [0m[0;30;47m [0m[0;30;47m [0m[0;30;47m [0m[0;30;47m [0m[0;30;47m [0m[0;30;47m [0m[0;30;47m [0m[0;30;47m [0m[0;30;47m [0m[0;30;47m [0m[0;30;47m [0m[0;30;47m [0m[0;30;47m [0m[0;30;47m [0m[0;30;47m [0m[0;30;47m [0m[0;30;47m [0m[0;30;47m [0m[0;30;47m [0m[0;30;47m [0m[0;34;46m~[0m
[0;34;46m~[0m[0;30;47m [0m[0;30;47m [0m[0;30;47m [0m[0;30;47m [0m[0;30;47m [0m[0;30;47m [0m[0;30;47m [0m[0;30;47m [0m[0;30;47m [0m[0;30;47m [0m[0;30;47m [0m[0;30;47m [0m[0;30;47m [0m[0;30;47m [0m[0;30;47m [0m[0;30;47m [0m[0;30;47m [0m[0;30;47m [0m[0;30;47m [0m[0;30;47m [0m[0;30;47m [0m[0;30;47m [0m[0;30;47m [0m[0;30;47m [0m[0;30;47m [0m[0;30;47m [0m[0;30;47m [0m[0;30;47m [0m[0;30;47m [0m[0;30;47m [0m[0;30;47m [0m[0;30;47m [0m[0;30;47m [0m[0;30;47m [0m[0;30;47m [0m[0;30;47m [0m[0;30;47m [0m[0;30;47m [0m[0;30;47m [0m[0;30;47m [0m[0;30;47m [0m[0;30;47m [0m[0;30;47m [0m[0;30;47m [0m[0;30;47m [0m[0;30;47m [0m[0;30;47m [0m[0;30;47m [0m[0;30;47m [0m[0;30;47m [0m[0;30;47m [0m[0;30;47m [0m[0;30;47m [0m[0;30;47m [0m[0;30;47m [0m[0;30;47m [0m[0;30;47m [0m[0;30;47m [0m[0;30;47m [0m[0;30;47m [0m[0;30;47m [0m[0;30;47m [0m[0;30;47m [0m[0;30;47m [0m[0;30;47m [0m[0;30;47m [0m[0;30;47m [0m[0;30;47m [0m[0;30;47m [0m[0;30;47m [0m[0;30;47m [0m[0;30;47m [0m[0;30;47m [0m[0;30;47m [0m[0;30;47m [0m[0;30;47m [0m[0;30;47m [0m[0;30;47m [0m[0;30;47m [0m[0;30;47m [0m[0;30;47m [0m[0;30;47m [0m[0;30;47m [0m[0;30;47m [0m[0;30;47m [0m[0;30;47m [0m[0;30;47m [0m[0;30;47m [0m[0;30;47m [0m[0;30;47m [0m[0;30;47m [0m[0;30;47m [0m[0;30;47m [0m[0;30;47m [0m[0;30;47m [0m[0;30;47m [0m[0;30;47m [0m[0;30;47m [0m[0;30;47m [0m[0;30;47m [0m[0;30;47m [0m[0;30;47m [0m[0;30;47m [0m[0;30;47m [0m[0;30;47m [0m[0;30;47m [0m[0;30;47m [0m[0;30;47m [0m[0;34;46m~[0m
[0;34;46m~[0m[0;30;47m [0m[0;30;47m [0m[0;30;47m [0m[0;30;47m [0m[0;30;47m [0m[0;30;47m [0m[0;30;47m [0m[0;30;47m [0m[0;30;47m [0m[0;30;47m [0m[0;30;47m [0m[0;30;47m [0m[0;30;47m [0m[0;30;47m [0m[0;30;47m [0m[0;30;47m [0m[0;30;47m [0m[0;30;47m [0m[0;30;47m [0m[0;30;47m [0m[0;30;47m [0m[0;30;47m [0m[0;30;47m [0m[0;30;47m [0m[0;30;47m [0m[0;30;47m [0m[0;30;47m [0m[0;30;47m [0m[0;30;47m [0m[0;30;47m [0m[0;30;47m [0m[0;30;47m [0m[0;30;47m [0m[0;30;47m [0m[0;30;47m [0m[0;30;47m [0m[0;30;47m [0m[0;30;47m [0m[0;30;47m [0m[0;30;47m [0m[0;30;47m [0m[0;30;47m [0m[0;30;47m [0m[0;30;47m [0m[0;30;47m [0m[0;30;47m [0m[0;30;47m [0m[0;30;47m [0m[0;30;47m [0m[0;30;47m [0m[0;30;47m [0m[0;30;47m [0m[0;30;47m [0m[0;30;47m [0m[0;30;47m [0m[0;30;47m [0m[0;30;47m [0m[0;30;47m [0m[0;30;47m [0m[0;30;47m [0m[0;30;47m [0m[0;30;47m [0m[0;30;47m [0m[0;30;47m [0m[0;30;47m [0m[0;30;47m [0m[0;30;47m [0m[0;30;47m [0m[0;30;47m [0m[0;30;47m [0m[0;30;47m [0m[0;30;47m [0m[0;30;47m [0m[0;30;47m [0m[0;30;47m [0m[0;30;47m [0m[0;30;47m [0m[0;30;47m [0m[0;30;47m [0m[0;30;47m [0m[0;30;47m [0m[0;30;47m [0m[0;30;47m [0m[0;30;47m [0m[0;30;47m [0m[0;30;47m [0m[0;30;47m [0m[0;30;47m [0m[0;30;47m [0m[0;30;47m [0m[0;30;47m [0m[0;30;47m [0m[0;30;47m [0m[0;30;47m [0m[0;30;47m [0m[0;30;47m [0m[0;30;47m [0m[0;30;47m [0m[0;30;47m [0m[0;30;47m [0m[0;30;47m [0m[0;30;47m [0m[0;30;47m [0m[0;30;47m [0m[0;30;47m [0m[0;30;47m [0m[0;30;47m [0m[0;30;47m [0m[0;34;46m~[0m
prompt:> [2J
[0;34;46m~[0m[0;34;46m~[0m[0;34;46m~[0m[0;34;46m~[0m[0;34;46m~[0m[0;34;46m~[0m[0;34;46m~[0m[0;34;46m~[0m[0;34;46m~[0m[0;34;46m~[0m[0;34;46m~[0m[0;34;46m~[0m[0;34;46m~[0m[0;34;46m~[0m[0;34;46m~[0m[0;34;46m~[0m[0;34;46m~[0m[0;34;46m~[0m[0;34;46m~[0m[0;34;46m~[0m[0;34;46m~[0m[0;34;46m~[0m[0;34;46m~[0m[0;34;46m~[0m[0;34;46m~[0m[0;34;46m~[0m[0;34;46m~[0m[0;34;46m~[0m[0;34;46m~[0m[0;34;46m~[0m[0;34;46m~[0m[0;34;46m~[0m[0;34;46m~[0m[0;34;46m~[0m[0;34;46m~[0m[0;34;46m~[0m[0;34;46m~[0m[0;34;46m~[0m[0;34;46m~[0m[0;34;46m~[0m[0;34;46m~[0m[0;34;46m~[0m[0;34;46m~[0m[0;34;46m~[0m[0;34;46m~[0m[0;34;46m~[0m[0;34;46m~[0m[0;34;46m~[0m[0;34;46m~[0m[0;34;46m~[0m[0;34;46m~[0m[0;34;46m~[0m[0;34;46m~[0m[0;34;46m~[0m[0;34;46m~[0m[0;34;46m~[0m[0;34;46m~[0m[0;34;46m~[0m[0;34;46m~[0m[0;34;46m~[0m[0;34;46m~[0m[0;34;46m~[0m[0;34;46m~[0m[0;34;46m~[0m[0;34;46m~[0m[0;34;46m~[0m[0;34;46m~[0m[0;34;46m~[0m[0;34;46m~[0m[0;34;46m~[0m[0;34;46m~[0m[0;34;46m~[0m[0;34;46m~[0m[0;34;46m~[0m[0;34;46m~[0m[0;34;46m~[0m[0;34;46m~[0m[0;34;46m~[0m[0;34;46m~[0m[0;34;46m~[0m[0;34;46m~[0m[0;34;46m~[0m[0;34;46m~[0m[0;34;46m~[0m[0;34;46m~[0m[0;34;46m~[0m[0;34;46m~[0m[0;34;46m~[0m[0;34;46m~[0m[0;34;46m~[0m[0;34;46m~[0m[0;34;46m~[0m[0;34;46m~[0m[0;34;46m~[0m[0;34;46m~[0m[0;34;46m~[0m[0;34;46m~[0m[0;34;46m~[0m[0;34;46m~[0m[0;34;46m~[0m[0;34;46m~[0m[0;34;46m~[0m[0;34;46m~[0m[0;34;46m~[0m[0;34;46m~[0m[0;34;46m~[0m[0;34;46m~[0m[0;34;46m~[0m[0;34;46m~[0m[0;34;46m~[0m
[0;34;46m~[0m[0;30;47m [0m[0;30;47m [0m[0;30;47m [0m[0;30;47m [0m[0;30;47m [0m[0;30;47m [0m[0;30;47m [0m[0;30;47m [0m[0;30;47m [0m[0;30;47m [0m[0;30;47m [0m[0;30;47m [0m[0;30;47m [0m[0;30;47m [0m[0;30;47m [0m[0;30;47m [0m[0;30;47m [0m[0;30;47m [0m[0;30;47m [0m[0;30;47m [0m[0;30;47m [0m[0;30;47m+[0m[0;30;47m-[0m[0;30;47m-[0m[0;30;47m-[0m[0;30;47m-[0m[0;30;47m-[0m[0;30;47m-[0m[0;30;47m-[0m[0;30;47m-[0m[0;30;47m-[0m[0;30;47m-[0m[0;30;47m-[0m[0;30;47m-[0m[0;30;47m-[0m[0;30;47m-[0m[0;30;47m-[0m[0;30;47m+[0m[0;30;47m [0m[0;30;47m [0m[0;30;47m [0m[0;30;47m [0m[0;30;47m [0m[0;30;47m [0m[0;30;47m [0m[0;30;47m [0m[0;30;47m [0m[0;30;47m [0m[0;30;47m [0m[0;30;47m [0m[0;30;47m [0m[0;30;47m [0m[0;30;47m [0m[0;30;47m [0m[0;30;47m [0m[0;30;47m [0m[0;30;47m [0m[0;30;47m [0m[0;30;47m [0m[0;30;47m [0m[0;30;47m [0m[0;30;47m [0m[0;34;46m~[0m[0;30;47m [0m[0;30;47m [0m[0;30;47m=[0m[0;30;47m=[0m[0;30;47m=[0m[0;30;47m=[0m[0;30;47m=[0m[0;30;47m=[0m[0;30;47m=[0m[0;30;47m=[0m[0;30;47m=[0m[0;30;47m=[0m[0;30;47m=[0m[0;30;47m=[0m[0;30;47m=[0m[0;30;47m=[0m[0;30;47m=[0m[0;30;47m=[0m[0;30;47m=[0m[0;30;47m=[0m[0;30;47m=[0m[0;30;47m=[0m[0;30;47m=[0m[0;30;47m=[0m[0;30;47m=[0m[0;30;47m=[0m[0;30;47m=[0m[0;30;47m=[0m[0;30;47m=[0m[0;30;47m=[0m[0;30;47m=[0m[0;30;47m=[0m[0;30;47m=[0m[0;30;47m=[0m[0;30;47m=[0m[0;30;47m=[0m[0;30;47m=[0m[0;30;47m=[0m[0;30;47m=[0m[0;30;47m=[0m[0;30;47m=[0m[0;30;47m=[0m[0;30;47m=[0m[0;30;47m [0m[0;30;47m [0m[0;34;46m~[0m
[0;34;46m~[0m[0;30;47m [0m[0;30;47m [0m[0;30;47m [0m[0;30;47m [0m[0;30;47m [0m[0;30;47m [0m[0;30;47m [0m[0;30;47m [0m[0;30;47m [0m[0;30;47m [0m[0;30;47m [0m[0;30;47m [0m[0;30;47m [0m[0;30;47m [0m[0;30;47m [0m[0;30;47m [0m[0;30;47m [0m[0;30;47m [0m[0;30;47m [0m[0;30;47m [0m[0;30;47m [0m[0;30;47m|[0m[0;30;47m [0m[0;30;47m^[0m[0;30;47mE[0m[0;30;47m>[0m[0;30;47m [0m[0;30;47m [0m[0;30;47m\[0m[0;30;47mS[0m[0;30;47me[0m[0;30;47m/[0m[0;30;47m [0m[0;30;47m [0m[0;30;47m [0m[0;30;47m1[0m[0;30;47m1[0m[0;30;47m|[0m[0;30;47m [0m[0;30;47m [0m[0;30;47m [0m[0;30;47m [0m[0;30;47m [0m[0;30;47m [0m[0;30;47m [0m[0;30;47m [0m[0;30;47m [0m[0;30;47m [0m[0;30;47m [0m[0;30;47m [0m[0;30;47m [0m[0;30;47m [0m[0;30;47m [0m[0;30;47m [0m[0;30;47m [0m[0;30;47m [0m[0;30;47m [0m[0;30;47m [0m[0;30;47m [0m[0;30;47m [0m[0;30;47m [0m[0;30;47m [0m[0;34;46m~[0m[0;30;47m [0m[0;30;47m [0m[0;30;47m [0m[0;30;47m [0m[0;30;47mP[0m[0;30;47mL[0m[0;30;47mA[0m[0;30;47mY[0m[0;30;47mE[0m[0;30;47mR[0m[0;30;47m [0m[0;30;47m1[0m[0;30;47m [0m[0;30;47mS[0m[0;30;47mT[0m[0;30;47mA[0m[0;30;47mT[0m[0;30;47mU[0m[0;30;47mS[0m[0;30;47m [0m[0;30;47m [0m[0;30;47m [0m[0;30;47m|[0m[0;30;47m [0m[0;30;47m [0m[0;30;47m [0m[0;30;47mH[0m[0;30;47mE[0m[0;30;47mA[0m[0;30;47mL[0m[0;30;47mT[0m[0;30;47mH[0m[0;30;47m:[0m[0;30;47m [0m[0;30;47m5[0m[0;30;47m [0m[0;30;47mp[0m[0;30;47mt[0m[0;30;47ms[0m[0;30;47m [0m[0;30;47m [0m[0;30;47m [0m[0;30;47m [0m[0;30;47m [0m[0;30;47m [0m[0;34;46m~[0m
[0;34;46m~[0m[0;30;47m [0m[0;30;47m [0m[0;30;47m [0m[0;30;47m [0m[0;30;47m [0m[0;30;47m [0m[0;30;47m [0m[0;30;47m [0m[0;30;47m [0m[0;30;47m [0m[0;30;47m [0m[0;30;47m [0m[0;30;47m [0m[0;30;47m [0m[0;30;47m [0m[0;30;47m [0m[0;30;47m [0m[0;30;47m [0m[0;30;47m [0m[0;30;47m [0m[0;30;47m [0m[0;30;47m|[0m[0;30;47m [0m[0;30;47m [0m[0;30;47m [0m[0;30;47m [0m[0;30;47m.[0m[0;30;47m=[0m[0;30;47m=[0m[0;30;47m=[0m[0;30;47m.[0m[0;30;47m [0m[0;30;47m [0m[0;30;47m [0m[0;30;47m [0m[0;30;47m [0m[0;30;47m [0m[0;30;47m|[0m[0;30;47m [0m[0;30;47m [0m[0;30;47m [0m[0;30;47m [0m[0;30;47m [0m[0;30;47m [0m[0;30;47m [0m[0;30;47m [0m[0;30;47m [0m[0;30;47m [0m[0;30;47m [0m[0;30;47m [0m[0;30;47m [0m[0;30;47m [0m[0;30;47m [0m[0;30;47m [0m[0;30;47m [0m[0;30;47m [0m[0;30;47m [0m[0;30;47m [0m[0;30;47m [0m[0;30;47m [0m[0;30;47m [0m[0;30;47m [0m[0;34;46m~[0m[0;30;47m [0m[0;30;47m [0m[0;30;47m=[0m[0;30;47m=[0m[0;30;47m=[0m[0;30;47m=[0m[0;30;47m=[0m[0;30;47m=[0m[0;30;47m=[0m[0;30;47m=[0m[0;30;47m=[0m[0;30;47m=[0m[0;30;47m=[0m[0;30;47m=[0m[0;30;47m=[0m[0;30;47m=[0m[0;30;47m=[0m[0;30;47m=[0m[0;30;47m=[0m[0;30;47m=[0m[0;30;47m=[0m[0;30;47m=[0m[0;30;47m=[0m[0;30;47m=[0m[0;30;47m=[0m[0;30;47m=[0m[0;30;47m=[0m[0;30;47m=[0m[0;30;47m=[0m[0;30;47m=[0m[0;30;47m=[0m[0;30;47m=[0m[0;30;47m=[0m[0;30;47m=[0m[0;30;47m=[0m[0;30;47m=[0m[0;30;47m=[0m[0;30;47m=[0m[0;30;47m=[0m[0;30;47m=[0m[0;30;47m=[0m[0;30;47m=[0m[0;30;47m=[0m[0;30;47m [0m[0;30;47m [0m[0;34;46m~[0m
[0;34;46m~[0m[0;30;47m [0m[0;30;47m [0m[0;30;47m [0m[0;30;47m [0m[0;30;47m [0m[0;30;47m [0m[0;30;47m [0m[0;30;47m [0m[0;30;47m [0m[0;30;47m [0m[0;30;47m [0m[0;30;47m [0m[0;30;47m [0m[0;30;47m [0m[0;30;47m [0m[0;30;47m [0m[0;30;47m [0m[0;30;47m [0m[0;30;47m [0m[0;30;47m [0m[0;30;47m [0m[0;30;47m|[0m[0;30;47m [0m[0;30;47m [0m[0;30;47m [0m[0;30;47m [0m[0;30;47m[[0m[0;30;47m [0m[0;30;47m [0m[0;30;47m [0m[0;30;47m][0m[0;30;47m [0m[0;30;47m [0m[0;30;47m [0m[0;30;47m [0m[0;30;47m [0m[0;30;47m [0m[0;30;47m|[0m[0;30;47m [0m[0;30;47m [0m[0;30;47m [0m[0;30;47m [0m[0;30;47m [0m[0;30;47m [0m[0;30;47m [0m[0;30;47m [0m[0;30;47m [0m[0;30;47m [0m[0;30;47m [0m[0;30;47m [0m[0;30;47m [0m[0;30;47m [0m[0;30;47m [0m[0;30;47m [0m[0;30;47m [0m[0;30;47m [0m[0;30;47m [0m[0;30;47m [0m[0;30;47m [0m[0;30;47m [0m[0;30;47m [0m[0;30;47m [0m[0;34;46m~[0m[0;30;47m [0m[0;30;47m [0m[0;30;47m>[0m[0;30;47m [0m[0;30;47mC[0m[0;30;47mu[0m[0;30;47mr[0m[0;30;47mr[0m[0;30;47me[0m[0;30;47mn[0m[0;30;47mt[0m[0;30;47m [0m[0;30;47mL[0m[0;30;47mo[0m[0;30;47mc[0m[0;30;47ma[0m[0;30;47mt[0m[0;30;47mi[0m[0;30;47mo[0m[0;30;47mn[0m[0;30;47m [0m[0;30;47m:[0m[0;30;47m [0m[0;30;47m1[0m[0;30;47m1[0m[0;30;47m [0m[0;30;47m([0m[0;30;47mp[0m[0;30;47mi[0m[0;30;47mt[0m[0;30;47m)[0m[0;30;47m [0m[0;30;47m [0m[0;30;47m [0m[0;30;47m [0m[0;30;47m [0m[0;30;47m [0m[0;30;47m [0m[0;30;47m [0m[0;30;47m [0m[0;30;47m [0m[0;30;47m [0m[0;30;47m [0m[0;30;47m [0m[0;30;47m [0m[0;34;46m~[0m
[0;34;46m~[0m[0;30;47m [0m[0;30;47m [0m[0;30;47m [0m[0;30;47m [0m[0;30;47m [0m[0;30;47m [0m[0;30;47m [0m[0;30;47m [0m[0;30;47m [0m[0;30;47m [0m[0;30;47m [0m[0;30;47m [0m[0;30;47m [0m[0;30;47m [0m[0;30;47m [0m[0;30;47m [0m[0;30;47m [0m[0;30;47m [0m[0;30;47m [0m[0;30;47m [0m[0;30;47m [0m[0;30;47m|[0m[0;30;47m [0m[0;30;47m [0m[0;30;47m [0m[0;30;47m [0m[0;30;47m[[0m[0;30;47m [0m[0;30;47m [0m[0;30;47m [0m[0;30;47m][0m[0;30;47m [0m[0;30;47m [0m[0;30;47m [0m[0;30;47m [0m[0;30;47m [0m[0;30;47m [0m[0;30;47m|[0m[0;30;47m [0m[0;30;47m [0m[0;30;47m [0m[0;30;47m [0m[0;30;47m [0m[0;30;47m [0m[0;30;47m [0m[0;30;47m [0m[0;30;47m [0m[0;30;47m [0m[0;30;47m [0m[0;30;47m [0m[0;30;47m [0m[0;30;47m [0m[0;30;47m [0m[0;30;47m [0m[0;30;47m [0m[0;30;47m [0m[0;30;47m [0m[0;30;47m [0m[0;30;47m [0m[0;30;47m [0m[0;30;47m [0m[0;30;47m [0m[0;34;46m~[0m[0;30;47m [0m[0;30;47m [0m[0;30;47m>[0m[0;30;47m [0m[0;30;47mB[0m[0;30;47ma[0m[0;30;47mc[0m[0;30;47mk[0m[0;30;47mp[0m[0;30;47ma[0m[0;30;47mc[0m[0;30;47mk[0m[0;30;47m [0m[0;30;47m [0m[0;30;47m [0m[0;30;47m [0m[0;30;47m [0m[0;30;47m [0m[0;30;47m [0m[0;30;47m:[0m[0;30;47m [0m[0;30;47md[0m[0;30;47mi[0m[0;30;47mr[0m[0;30;47mk[0m[0;30;47m [0m[0;30;47m [0m[0;30;47m [0m[0;30;47m [0m[0;30;47m [0m[0;30;47m [0m[0;30;47m [0m[0;30;47m [0m[0;30;47m [0m[0;30;47m [0m[0;30;47m [0m[0;30;47m [0m[0;30;47m [0m[0;30;47m [0m[0;30;47m [0m[0;30;47m [0m[0;30;47m [0m[0;30;47m [0m[0;30;47m [0m[0;30;47m [0m[0;34;46m~[0m
[0;34;46m~[0m[0;30;47m [0m[0;30;47m [0m[0;30;47m [0m[0;30;47m [0m[0;30;47m [0m[0;30;47m [0m[0;30;47m [0m[0;30;47m [0m[0;30;47m [0m[0;30;47m [0m[0;30;47m [0m[0;30;47m [0m[0;30;47m [0m[0;30;47m [0m[0;30;47m [0m[0;30;47m [0m[0;30;47m [0m[0;30;47m [0m[0;30;47m [0m[0;30;47m [0m[0;30;47m [0m[0;30;47m|[0m[0;30;47m [0m[0;30;47m [0m[0;30;47m [0m[0;30;47m [0m[0;30;47m[[0m[0;30;47m [0m[0;30;47m [0m[0;30;47m [0m[0;30;47m][0m[0;30;47m [0m[0;30;47m [0m[0;30;47m [0m[0;30;47m [0m[0;30;47m [0m[0;30;47m [0m[0;30;47m|[0m[0;30;47m [0m[0;30;47m [0m[0;30;47m [0m[0;30;47m [0m[0;30;47m [0m[0;30;47m [0m[0;30;47m [0m[0;30;47m [0m[0;30;47m [0m[0;30;47m [0m[0;30;47m [0m[0;30;47m [0m[0;30;47m [0m[0;30;47m [0m[0;30;47m [0m[0;30;47m [0m[0;30;47m [0m[0;30;47m [0m[0;30;47m [0m[0;30;47m [0m[0;30;47m [0m[0;30;47m [0m[0;30;47m [0m[0;30;47m [0m[0;34;46m~[0m[0;30;47m [0m[0;30;47m [0m[0;30;47m-[0m[0;30;47m-[0m[0;30;47m-[0m[0;30;47m-[0m[0;30;47m-[0m[0;30;47m-[0m[0;30;47m-[0m[0;30;47m-[0m[0;30;47m-[0m[0;30;47m-[0m[0;30;47m-[0m[0;30;47m-[0m[0;30;47m-[0m[0;30;47m-[0m[0;30;47m-[0m[0;30;47m-[0m[0;30;47m-[0m[0;30;47m-[0m[0;30;47m-[0m[0;30;47m-[0m[0;30;47m-[0m[0;30;47m-[0m[0;30;47m-[0m[0;30;47m-[0m[0;30;47m-[0m[0;30;47m-[0m[0;30;47m-[0m[0;30;47m-[0m[0;30;47m-[0m[0;30;47m-[0m[0;30;47m-[0m[0;30;47m-[0m[0;30;47m-[0m[0;30;47m-[0m[0;30;47m-[0m[0;30;47m-[0m[0;30;47m-[0m[0;30;47m-[0m[0;30;47m-[0m[0;30;47m-[0m[0;30;47m-[0m[0;30;47m [0m[0;30;47m [0m[0;34;46m~[0m
[0;34;46m~[0m[0;30;47m [0m[0;30;47m [0m[0;30;47m [0m[0;30;47m [0m[0;30;47m [0m[0;30;47m [0m[0;30;47m [0m[0;30;47m [0m[0;30;47m [0m[0;30;47m [0m[0;30;47m [0m[0;30;47m [0m[0;30;47m [0m[0;30;47m [0m[0;30;47m [0m[0;30;47m [0m[0;30;47m [0m[0;30;47m [0m[0;30;47m [0m[0;30;47m [0m[0;30;47m [0m[0;30;47m|[0m[0;30;47m [0m[0;30;47m [0m[0;30;47m [0m[0;30;47m [0m[0;30;47m'[0m[0;30;47m=[0m[0;30;47m=[0m[0;30;47m=[0m[0;30;47m'[0m[0;30;47m [0m[0;30;47m [0m[0;30;47m [0m[0;30;47m [0m[0;30;47m [0m[0;30;47m [0m[0;30;47m|[0m[0;30;47m [0m[0;30;47m [0m[0;30;47m [0m[0;30;47m [0m[0;30;47m [0m[0;30;47m [0m[0;30;47m [0m[0;30;47m [0m[0;30;47m [0m[0;30;47m [0m[0;30;47m [0m[0;30;47m [0m[0;30;47m [0m[0;30;47m [0m[0;30;47m [0m[0;30;47m [0m[0;30;47m [0m[0;30;47m [0m[0;30;47m [0m[0;30;47m [0m[0;30;47m [0m[0;30;47m [0m[0;30;47m [0m[0;30;47m [0m[0;34;46m~[0m[0;30;47m [0m[0;30;47m [0m[0;30;47mV[0m[0;30;47mI[0m[0;30;47mS[0m[0;30;47mI[0m[0;30;47mB[0m[0;30;47mL[0m[0;30;47mE[0m[0;30;47m [0m[0;30;47mE[0m[0;30;47mN[0m[0;30;47mT[0m[0;30;47mI[0m[0;30;47mT[0m[0;30;47mI[0m[0;30;47mE[0m[0;30;47mS[0m[0;30;47m [0m[0;30;47m([0m[0;30;47mD[0m[0;30;47mi[0m[0;30;47ms[0m[0;30;47mc[0m[0;30;47mo[0m[0;30;47mv[0m[0;30;47me[0m[0;30;47mr[0m[0;30;47me[0m[0;30;47md[0m[0;30;47m [0m[0;30;47mS[0m[0;30;47mp[0m[0;30;47ma[0m[0;30;47mc[0m[0;30;47me[0m[0;30;47ms[0m[0;30;47m)[0m[0;30;47m:[0m[0;30;47m [0m[0;30;47m [0m[0;30;47m [0m[0;30;47m [0m[0;30;47m [0m[0;30;47m [0m[0;34;46m~[0m
[0;34;46m~[0m[0;30;47m [0m[0;30;47m [0m[0;30;47m [0m[0;30;47m [0m[0;30;47m [0m[0;30;47m [0m[0;30;47m [0m[0;30;47m [0m[0;30;47m [0m[0;30;47m [0m[0;30;47m [0m[0;30;47m [0m[0;30;47m [0m[0;30;47m [0m[0;30;47m [0m[0;30;47m [0m[0;30;47m [0m[0;30;47m [0m[0;30;47m [0m[0;30;47m [0m[0;30;47m [0m[0;30;47m|[0m[0;30;47mp[0m[0;30;47mo[0m[0;30;47mr[0m[0;30;47mt[0m[0;30;47ma[0m[0;30;47ml[0m[0;30;47m [0m[0;30;47m [0m[0;30;47m [0m[0;30;47m [0m[0;30;47m [0m[0;30;47m [0m[0;30;47m [0m[0;30;47m [0m[0;30;47m [0m[0;30;47m|[0m[0;30;47m [0m[0;30;47m [0m[0;30;47m [0m[0;30;47m [0m[0;30;47m [0m[0;30;47m [0m[0;30;47m [0m[0;30;47m [0m[0;30;47m [0m[0;30;47m [0m[0;30;47m [0m[0;30;47m [0m[0;30;47m [0m[0;30;47m [0m[0;30;47m [0m[0;30;47m [0m[0;30;47m [0m[0;30;47m [0m[0;30;47m [0m[0;30;47m [0m[0;30;47m [0m[0;30;47m [0m[0;30;47m [0m[0;30;47m [0m[0;34;46m~[0m[0;30;47m [0m[0;30;47m [0m[0;30;47m [0m[0;30;47m[[0m[0;30;47mO[0m[0;30;47mb[0m[0;30;47mj[0m[0;30;47m][0m[0;30;47m [0m[0;30;47ml[0m[0;30;47mi[0m[0;30;47md[0m[0;30;47m [0m[0;30;47m [0m[0;30;47m [0m[0;30;47m [0m[0;30;47m [0m[0;30;47m [0m[0;30;47m [0m[0;30;47m [0m[0;30;47ma[0m[0;30;47mt[0m[0;30;47m [0m[0;30;47mS[0m[0;30;47mp[0m[0;30;47ma[0m[0;30;47mc[0m[0;30;47me[0m[0;30;47m [0m[0;30;47m1[0m[0;30;47m2[0m[0;30;47m [0m[0;30;47m([0m[0;30;47mp[0m[0;30;47ma[0m[0;30;47mt[0m[0;30;47mh[0m[0;30;47m)[0m[0;30;47m [0m[0;30;47m [0m[0;30;47m [0m[0;30;47m [0m[0;30;47m [0m[0;30;47m [0m[0;30;47m [0m[0;34;46m~[0m
[0;34;46m~[0m[0;30;47m [0m[0;30;47m [0m[0;30;47m [0m[0;30;47m [0m[0;30;47m [0m[0;30;47m [0m[0;30;47m [0m[0;30;47m [0m[0;30;47m [0m[0;30;47m [0m[0;30;47m [0m[0;30;47m [0m[0;30;47m [0m[0;30;47m [0m[0;30;47m [0m[0;30;47m [0m[0;30;47m [0m[0;30;47m [0m[0;30;47m [0m[0;30;47m [0m[0;30;47m [0m[0;30;47m+[0m[0;30;47m-[0m[0;30;47m-[0m[0;30;47m-[0m[0;30;47m-[0m[0;30;47m-[0m[0;30;47m-[0m[0;30;47m-[0m[0;30;47m-[0m[0;30;47m-[0m[0;30;47m-[0m[0;30;47m-[0m[0;30;47m-[0m[0;30;47m-[0m[0;30;47m-[0m[0;30;47m-[0m[0;30;47m+[0m[0;30;47m [0m[0;30;47m [0m[0;30;47m [0m[0;30;47m [0m[0;30;47m [0m[0;30;47m [0m[0;30;47m [0m[0;30;47m [0m[0;30;47m [0m[0;30;47m [0m[0;30;47m [0m[0;30;47m [0m[0;30;47m [0m[0;30;47m [0m[0;30;47m [0m[0;30;47m [0m[0;30;47m [0m[0;30;47m [0m[0;30;47m [0m[0;30;47m [0m[0;30;47m [0m[0;30;47m [0m[0;30;47m [0m[0;30;47m [0m[0;34;46m~[0m[0;30;47m [0m[0;30;47m [0m[0;30;47m [0m[0;30;47m[[0m[0;30;47mO[0m[0;30;47mb[0m[0;30;47mj[0m[0;30;47m][0m[0;30;47m [0m[0;30;47mm[0m[0;30;47ma[0m[0;30;47mi[0m[0;30;47ml[0m[0;30;47m [0m[0;30;47m [0m[0;30;47m [0m[0;30;47m [0m[0;30;47m [0m[0;30;47m [0m[0;30;47m [0m[0;30;47ma[0m[0;30;47mt[0m[0;30;47m [0m[0;30;47mS[0m[0;30;47mp[0m[0;30;47ma[0m[0;30;47mc[0m[0;30;47me[0m[0;30;47m [0m[0;30;47m1[0m[0;30;47m3[0m[0;30;47m [0m[0;30;47m([0m[0;30;47mh[0m[0;30;47ma[0m[0;30;47ml[0m[0;30;47ml[0m[0;30;47m)[0m[0;30;47m [0m[0;30;47m [0m[0;30;47m [0m[0;30;47m [0m[0;30;47m [0m[0;30;47m [0m[0;30;47m [0m[0;34;46m~[0m
[0;34;46m~[0m[0;30;47m [0m[0;30;47m [0m[0;30;47m [0m[0;30;47m [0m[0;30;47m [0m[0;30;47m [0m[0;30;47m [0m[0;30;47m [0m[0;30;47m [0m[0;30;47m [0m[0;30;47m [0m[0;30;47m [0m[0;30;47m [0m[0;30;47m [0m[0;30;47m [0m[0;30;47m [0m[0;30;47m [0m[0;30;47m [0m[0;30;47m [0m[0;30;47m [0m[0;30;47m [0m[0;30;47m [0m[0;30;47m [0m[0;30;47m [0m[0;30;47m [0m[0;30;47m [0m[0;30;47m [0m[0;30;47m [0m[0;30;47m [0m[0;30;47mv[0m[0;30;47m [0m[0;30;47m [0m[0;30;47m [0m[0;30;47m [0m[0;30;47m [0m[0;30;47m [0m[0;30;47m [0m[0;30;47m [0m[0;30;47m [0m[0;30;47m [0m[0;30;47m [0m[0;30;47m [0m[0;30;47m [0m[0;30;47m [0m[0;30;47m [0m[0;30;47m [0m[0;30;47m [0m[0;30;47m [0m[0;30;47m [0m[0;30;47m [0m[0;30;47m [0m[0;30;47m [0m[0;30;47m [0m[0;30;47m [0m[0;30;47m [0m[0;30;47m [0m[0;30;47m [0m[0;30;47m [0m[0;30;47m [0m[0;30;47m [0m[0;30;47m [0m[0;30;47m [0m[0;34;46m~[0m[0;30;47m [0m[0;30;47m [0m[0;30;47m [0m[0;30;47m[[0m[0;30;47mO[0m[0;30;47mb[0m[0;30;47mj[0m[0;30;47m][0m[0;30;47m [0m[0;30;47mb[0m[0;30;47mo[0m[0;30;47mw[0m[0;30;47m [0m[0;30;47m [0m[0;30;47m [0m[0;30;47m [0m[0;30;47m [0m[0;30;47m [0m[0;30;47m [0m[0;30;47m [0m[0;30;47ma[0m[0;30;47mt[0m[0;30;47m [0m[0;30;47mS[0m[0;30;47mp[0m[0;30;47ma[0m[0;30;47mc[0m[0;30;47me[0m[0;30;47m [0m[0;30;47m1[0m[0;30;47m4[0m[0;30;47m [0m[0;30;47m([0m[0;30;47mf[0m[0;30;47mi[0m[0;30;47mr[0m[0;30;47me[0m[0;30;47m)[0m[0;30;47m [0m[0;30;47m [0m[0;30;47m [0m[0;30;47m [0m[0;30;47m [0m[0;30;47m [0m[0;30;47m [0m[0;34;46m~[0m
[0;34;46m~[0m[0;30;47m [0m[0;30;47m [0m[0;30;47m [0m[0;30;47m [0m[0;30;47m [0m[0;30;47m [0m[0;30;47m [0m[0;30;47m [0m[0;30;47m [0m[0;30;47m [0m[0;30;47m [0m[0;30;47m [0m[0;30;47m [0m[0;30;47m [0m[0;30;47m [0m[0;30;47m [0m[0;30;47m [0m[0;30;47m [0m[0;30;47m [0m[0;30;47m [0m[0;30;47m [0m[0;30;47m+[0m[0;30;47m-[0m[0;30;47m-[0m[0;30;47m-[0m[0;30;47m-[0m[0;30;47m-[0m[0;30;47m-[0m[0;30;47m-[0m[0;30;47m-[0m[0;30;47m-[0m[0;30;47m-[0m[0;30;47m-[0m[0;30;47m-[0m[0;30;47m-[0m[0;30;47m-[0m[0;30;47m-[0m[0;30;47m+[0m[0;30;47m [0m[0;30;47m [0m[0;30;47m [0m[0;30;47m [0m[0;30;47m [0m[0;30;47m [0m[0;30;47m [0m[0;30;47m [0m[0;30;47m [0m[0;30;47m [0m[0;30;47m [0m[0;30;47m [0m[0;30;47m [0m[0;30;47m [0m[0;30;47m [0m[0;30;47m [0m[0;30;47m [0m[0;30;47m [0m[0;30;47m [0m[0;30;47m [0m[0;30;47m [0m[0;30;47m [0m[0;30;47m [0m[0;30;47m [0m[0;34;46m~[0m[0;30;47m [0m[0;30;47m [0m[0;30;47m [0m[0;30;47m[[0m[0;30;47mO[0m[0;30;47mb[0m[0;30;47mj[0m[0;30;47m][0m[0;30;47m [0m[0;30;47mv[0m[0;30;47mi[0m[0;30;47ma[0m[0;30;47ml[0m[0;30;47m [0m[0;30;47m [0m[0;30;47m [0m[0;30;47m [0m[0;30;47m [0m[0;30;47m [0m[0;30;47m [0m[0;30;47ma[0m[0;30;47mt[0m[0;30;47m [0m[0;30;47mS[0m[0;30;47mp[0m[0;30;47ma[0m[0;30;47mc[0m[0;30;47me[0m[0;30;47m [0m[0;30;47m1[0m[0;30;47m4[0m[0;30;47m [0m[0;30;47m([0m[0;30;47mf[0m[0;30;47mi[0m[0;30;47mr[0m[0;30;47me[0m[0;30;47m)[0m[0;30;47m [0m[0;30;47m [0m[0;30;47m [0m[0;30;47m [0m[0;30;47m [0m[0;30;47m [0m[0;30;47m [0m[0;34;46m~[0m
[0;34;46m~[0m[0;30;47m [0m[0;30;47m [0m[0;30;47m [0m[0;30;47m [0m[0;30;47m [0m[0;30;47m [0m[0;30;47m [0m[0;30;47m [0m[0;30;47m [0m[0;30;47m [0m[0;30;47m [0m[0;30;47m [0m[0;30;47m [0m[0;30;47m [0m[0;30;47m [0m[0;30;47m [0m[0;30;47m [0m[0;30;47m [0m[0;30;47m [0m[0;30;47m [0m[0;30;47m [0m[0;30;47m|[0m[0;30;47m [0m[0;30;47m [0m[0;30;47m [0m[0;30;47m [0m[0;30;47m [0m[0;30;47m [0m[0;30;47m\[0m[0;30;47mV[0m[0;30;47mo[0m[0;30;47m/[0m[0;30;47m [0m[0;30;47m [0m[0;30;47m [0m[0;30;47m1[0m[0;30;47m2[0m[0;30;47m|[0m[0;30;47m [0m[0;30;47m [0m[0;30;47m [0m[0;30;47m [0m[0;30;47m [0m[0;30;47m [0m[0;30;47m [0m[0;30;47m [0m[0;30;47m [0m[0;30;47m [0m[0;30;47m [0m[0;30;47m [0m[0;30;47m [0m[0;30;47m [0m[0;30;47m [0m[0;30;47m [0m[0;30;47m [0m[0;30;47m [0m[0;30;47m [0m[0;30;47m [0m[0;30;47m [0m[0;30;47m [0m[0;30;47m [0m[0;30;47m [0m[0;34;46m~[0m[0;30;47m [0m[0;30;47m [0m[0;30;47m [0m[0;30;47m[[0m[0;30;47mO[0m[0;30;47mb[0m[0;30;47mj[0m[0;30;47m][0m[0;30;47m [0m[0;30;47mp[0m[0;30;47mo[0m[0;30;47mr[0m[0;30;47mt[0m[0;30;47ma[0m[0;30;47ml[0m[0;30;47m [0m[0;30;47m [0m[0;30;47m [0m[0;30;47m [0m[0;30;47m [0m[0;30;47ma[0m[0;30;47mt[0m[0;30;47m [0m[0;30;47mS[0m[0;30;47mp[0m[0;30;47ma[0m[0;30;47mc[0m[0;30;47me[0m[0;30;47m [0m[0;30;47m1[0m[0;30;47m1[0m[0;30;47m [0m[0;30;47m([0m[0;30;47mp[0m[0;30;47mi[0m[0;30;47mt[0m[0;30;47m)[0m[0;30;47m [0m[0;30;47m [0m[0;30;47m [0m[0;30;47m [0m[0;30;47m [0m[0;30;47m [0m[0;30;47m [0m[0;30;47m [0m[0;34;46m~[0m
[0;34;46m~[0m[0;30;47m [0m[0;30;47m [0m[0;30;47m [0m[0;30;47m [0m[0;30;47m [0m[0;30;47m [0m[0;30;47m [0m[0;30;47m [0m[0;30;47m [0m[0;30;47m [0m[0;30;47m [0m[0;30;47m [0m[0;30;47m [0m[0;30;47m [0m[0;30;47m [0m[0;30;47m [0m[0;30;47m [0m[0;30;47m [0m[0;30;47m [0m[0;30;47m [0m[0;30;47m [0m[0;30;47m|[0m[0;30;47m [0m[0;30;47m [0m[0;30;47m [0m[0;30;47m [0m[0;30;47m#[0m[0;30;47m_[0m[0;30;47m_[0m[0;30;47m_[0m[0;30;47m#[0m[0;30;47m [0m[0;30;47m [0m[0;30;47m [0m[0;30;47m [0m[0;30;47m [0m[0;30;47m [0m[0;30;47m|[0m[0;30;47m [0m[0;30;47m [0m[0;30;47m [0m[0;30;47m [0m[0;30;47m [0m[0;30;47m [0m[0;30;47m [0m[0;30;47m [0m[0;30;47m [0m[0;30;47m [0m[0;30;47m [0m[0;30;47m [0m[0;30;47m [0m[0;30;47m [0m[0;30;47m [0m[0;30;47m [0m[0;30;47m [0m[0;30;47m [0m[0;30;47m [0m[0;30;47m [0m[0;30;47m [0m[0;30;47m [0m[0;30;47m [0m[0;30;47m [0m[0;34;46m~[0m[0;30;47m [0m[0;30;47m [0m[0;30;47m [0m[0;30;47m[[0m[0;30;47mO[0m[0;30;47mb[0m[0;30;47mj[0m[0;30;47m][0m[0;30;47m [0m[0;30;47mw[0m[0;30;47ma[0m[0;30;47mx[0m[0;30;47m [0m[0;30;47m [0m[0;30;47m [0m[0;30;47m [0m[0;30;47m [0m[0;30;47m [0m[0;30;47m [0m[0;30;47m [0m[0;30;47ma[0m[0;30;47mt[0m[0;30;47m [0m[0;30;47mS[0m[0;30;47mp[0m[0;30;47ma[0m[0;30;47mc[0m[0;30;47me[0m[0;30;47m [0m[0;30;47m1[0m[0;30;47m4[0m[0;30;47m [0m[0;30;47m([0m[0;30;47mf[0m[0;30;47mi[0m[0;30;47mr[0m[0;30;47me[0m[0;30;47m)[0m[0;30;47m [0m[0;30;47m [0m[0;30;47m [0m[0;30;47m [0m[0;30;47m [0m[0;30;47m [0m[0;30;47m [0m[0;34;46m~[0m
[0;34;46m~[0m[0;30;47m [0m[0;30;47m [0m[0;30;47m [0m[0;30;47m [0m[0;30;47m [0m[0;30;47m [0m[0;30;47m [0m[0;30;47m [0m[0;30;47m [0m[0;30;47m [0m[0;30;47m [0m[0;30;47m [0m[0;30;47m [0m[0;30;47m [0m[0;30;47m [0m[0;30;47m [0m[0;30;47m [0m[0;30;47m [0m[0;30;47m [0m[0;30;47m [0m[0;30;47m [0m[0;30;47m|[0m[0;30;47m [0m[0;30;47m [0m[0;30;47m [0m[0;30;47m [0m[0;30;47m#[0m[0;30;47m_[0m[0;30;47m_[0m[0;30;47m_[0m[0;30;47m#[0m[0;30;47m [0m[0;30;47m [0m[0;30;47m [0m[0;30;47m [0m[0;30;47m [0m[0;30;47m [0m[0;30;47m|[0m[0;30;47m [0m[0;30;47m [0m[0;30;47m [0m[0;30;47m [0m[0;30;47m [0m[0;30;47m [0m[0;30;47m [0m[0;30;47m [0m[0;30;47m [0m[0;30;47m [0m[0;30;47m [0m[0;30;47m [0m[0;30;47m [0m[0;30;47m [0m[0;30;47m [0m[0;30;47m [0m[0;30;47m [0m[0;30;47m [0m[0;30;47m [0m[0;30;47m [0m[0;30;47m [0m[0;30;47m [0m[0;30;47m [0m[0;30;47m [0m[0;34;46m~[0m[0;30;47m [0m[0;30;47m [0m[0;30;47m [0m[0;30;47m[[0m[0;30;47mO[0m[0;30;47mb[0m[0;30;47mj[0m[0;30;47m][0m[0;30;47m [0m[0;30;47mf[0m[0;30;47mi[0m[0;30;47mg[0m[0;30;47m [0m[0;30;47m [0m[0;30;47m [0m[0;30;47m [0m[0;30;47m [0m[0;30;47m [0m[0;30;47m [0m[0;30;47m [0m[0;30;47ma[0m[0;30;47mt[0m[0;30;47m [0m[0;30;47mS[0m[0;30;47mp[0m[0;30;47ma[0m[0;30;47mc[0m[0;30;47me[0m[0;30;47m [0m[0;30;47m1[0m[0;30;47m4[0m[0;30;47m [0m[0;30;47m([0m[0;30;47mf[0m[0;30;47mi[0m[0;30;47mr[0m[0;30;47me[0m[0;30;47m)[0m[0;30;47m [0m[0;30;47m [0m[0;30;47m [0m[0;30;47m [0m[0;30;47m [0m[0;30;47m [0m[0;30;47m [0m[0;34;46m~[0m
[0;34;46m~[0m[0;30;47m [0m[0;30;47m [0m[0;30;47m [0m[0;30;47m [0m[0;30;47m [0m[0;30;47m [0m[0;30;47m [0m[0;30;47m [0m[0;30;47m [0m[0;30;47m [0m[0;30;47m [0m[0;30;47m [0m[0;30;47m [0m[0;30;47m [0m[0;30;47m [0m[0;30;47m [0m[0;30;47m [0m[0;30;47m [0m[0;30;47m [0m[0;30;47m [0m[0;30;47m [0m[0;30;47m|[0m[0;30;47m [0m[0;30;47m [0m[0;30;47m [0m[0;30;47m [0m[0;30;47m#[0m[0;30;47m_[0m[0;30;47m_[0m[0;30;47m_[0m[0;30;47m#[0m[0;30;47m [0m[0;30;47m [0m[0;30;47m [0m[0;30;47m [0m[0;30;47m [0m[0;30;47m [0m[0;30;47m|[0m[0;30;47m [0m[0;30;47m [0m[0;30;47m [0m[0;30;47m [0m[0;30;47m [0m[0;30;47m [0m[0;30;47m [0m[0;30;47m [0m[0;30;47m [0m[0;30;47m [0m[0;30;47m [0m[0;30;47m [0m[0;30;47m [0m[0;30;47m [0m[0;30;47m [0m[0;30;47m [0m[0;30;47m [0m[0;30;47m [0m[0;30;47m [0m[0;30;47m [0m[0;30;47m [0m[0;30;47m [0m[0;30;47m [0m[0;30;47m [0m[0;34;46m~[0m[0;30;47m [0m[0;30;47m [0m[0;30;47m [0m[0;30;47m[[0m[0;30;47mO[0m[0;30;47mb[0m[0;30;47mj[0m[0;30;47m][0m[0;30;47m [0m[0;30;47mc[0m[0;30;47mo[0m[0;30;47mi[0m[0;30;47mn[0m[0;30;47m [0m[0;30;47m [0m[0;30;47m [0m[0;30;47m [0m[0;30;47m [0m[0;30;47m [0m[0;30;47m [0m[0;30;47ma[0m[0;30;47mt[0m[0;30;47m [0m[0;30;47mS[0m[0;30;47mp[0m[0;30;47ma[0m[0;30;47mc[0m[0;30;47me[0m[0;30;47m [0m[0;30;47m1[0m[0;30;47m2[0m[0;30;47m [0m[0;30;47m([0m[0;30;47mp[0m[0;30;47ma[0m[0;30;47mt[0m[0;30;47mh[0m[0;30;47m)[0m[0;30;47m [0m[0;30;47m [0m[0;30;47m [0m[0;30;47m [0m[0;30;47m [0m[0;30;47m [0m[0;30;47m [0m[0;34;46m~[0m
[0;34;46m~[0m[0;30;47m [0m[0;30;47m [0m[0;30;47m [0m[0;30;47m [0m[0;30;47m [0m[0;30;47m [0m[0;30;47m [0m[0;30;47m [0m[0;30;47m [0m[0;30;47m [0m[0;30;47m [0m[0;30;47m [0m[0;30;47m [0m[0;30;47m [0m[0;30;47m [0m[0;30;47m [0m[0;30;47m [0m[0;30;47m [0m[0;30;47m [0m[0;30;47m [0m[0;30;47m [0m[0;30;47m|[0m[0;30;47m [0m[0;30;47m [0m[0;30;47m [0m[0;30;47m [0m[0;30;47m#[0m[0;30;47m_[0m[0;30;47m_[0m[0;30;47m_[0m[0;30;47m#[0m[0;30;47m [0m[0;30;47m [0m[0;30;47m [0m[0;30;47m [0m[0;30;47m [0m[0;30;47m [0m[0;30;47m|[0m[0;30;47m [0m[0;30;47m [0m[0;30;47m [0m[0;30;47m [0m[0;30;47m [0m[0;30;47m [0m[0;30;47m [0m[0;30;47m [0m[0;30;47m [0m[0;30;47m [0m[0;30;47m [0m[0;30;47m [0m[0;30;47m [0m[0;30;47m [0m[0;30;47m [0m[0;30;47m [0m[0;30;47m [0m[0;30;47m [0m[0;30;47m [0m[0;30;47m [0m[0;30;47m [0m[0;30;47m [0m[0;30;47m [0m[0;30;47m [0m[0;34;46m~[0m[0;30;47m [0m[0;30;47m [0m[0;30;47m [0m[0;30;47m[[0m[0;30;47mO[0m[0;30;47mb[0m[0;30;47mj[0m[0;30;47m][0m[0;30;47m [0m[0;30;47ml[0m[0;30;47mo[0m[0;30;47ma[0m[0;30;47mf[0m[0;30;47m [0m[0;30;47m [0m[0;30;47m [0m[0;30;47m [0m[0;30;47m [0m[0;30;47m [0m[0;30;47m [0m[0;30;47ma[0m[0;30;47mt[0m[0;30;47m [0m[0;30;47mS[0m[0;30;47mp[0m[0;30;47ma[0m[0;30;47mc[0m[0;30;47me[0m[0;30;47m [0m[0;30;47m1[0m[0;30;47m4[0m[0;30;47m [0m[0;30;47m([0m[0;30;47mf[0m[0;30;47mi[0m[0;30;47mr[0m[0;30;47me[0m[0;30;47m)[0m[0;30;47m [0m[0;30;47m [0m[0;30;47m [0m[0;30;47m [0m[0;30;47m [0m[0;30;47m [0m[0;30;47m [0m[0;34;46m~[0m
[0;34;46m~[0m[0;30;47m [0m[0;30;47m [0m[0;30;47m [0m[0;30;47m [0m[0;30;47m [0m[0;30;47m [0m[0;30;47m [0m[0;30;47m [0m[0;30;47m [0m[0;30;47m [0m[0;30;47m [0m[0;30;47m [0m[0;30;47m [0m[0;30;47m [0m[0;30;47m [0m[0;30;47m [0m[0;30;47m [0m[0;30;47m [0m[0;30;47m [0m[0;30;47m [0m[0;30;47m [0m[0;30;47m|[0m[0;30;47m [0m[0;30;47m [0m[0;30;47m [0m[0;30;47m [0m[0;30;47m#[0m[0;30;47m [0m[0;30;47m [0m[0;30;47m [0m[0;30;47m#[0m[0;30;47m [0m[0;30;47m [0m[0;30;47m [0m[0;30;47m [0m[0;30;47m [0m[0;30;47m [0m[0;30;47m|[0m[0;30;47m [0m[0;30;47m [0m[0;30;47m [0m[0;30;47m [0m[0;30;47m [0m[0;30;47m [0m[0;30;47m [0m[0;30;47m [0m[0;30;47m [0m[0;30;47m [0m[0;30;47m [0m[0;30;47m [0m[0;30;47m [0m[0;30;47m [0m[0;30;47m [0m[0;30;47m [0m[0;30;47m [0m[0;30;47m [0m[0;30;47m [0m[0;30;47m [0m[0;30;47m [0m[0;30;47m [0m[0;30;47m [0m[0;30;47m [0m[0;34;46m~[0m[0;30;47m [0m[0;30;47m [0m[0;30;47m [0m[0;30;47m[[0m[0;30;47mO[0m[0;30;47mb[0m[0;30;47mj[0m[0;30;47m][0m[0;30;47m [0m[0;30;47mc[0m[0;30;47mu[0m[0;30;47mp[0m[0;30;47m [0m[0;30;47m [0m[0;30;47m [0m[0;30;47m [0m[0;30;47m [0m[0;30;47m [0m[0;30;47m [0m[0;30;47m [0m[0;30;47ma[0m[0;30;47mt[0m[0;30;47m [0m[0;30;47mS[0m[0;30;47mp[0m[0;30;47ma[0m[0;30;47mc[0m[0;30;47me[0m[0;30;47m [0m[0;30;47m1[0m[0;30;47m3[0m[0;30;47m [0m[0;30;47m([0m[0;30;47mh[0m[0;30;47ma[0m[0;30;47ml[0m[0;30;47ml[0m[0;30;47m)[0m[0;30;47m [0m[0;30;47m [0m[0;30;47m [0m[0;30;47m [0m[0;30;47m [0m[0;30;47m [0m[0;30;47m [0m[0;34;46m~[0m
[0;34;46m~[0m[0;30;47m [0m[0;30;47m [0m[0;30;47m [0m[0;30;47m [0m[0;30;47m [0m[0;30;47m [0m[0;30;47m [0m[0;30;47m [0m[0;30;47m [0m[0;30;47m [0m[0;30;47m [0m[0;30;47m [0m[0;30;47m [0m[0;30;47m [0m[0;30;47m [0m[0;30;47m [0m[0;30;47m [0m[0;30;47m [0m[0;30;47m [0m[0;30;47m [0m[0;30;47m [0m[0;30;47m|[0m[0;30;47ml[0m[0;30;47mi[0m[0;30;47md[0m[0;30;47m,[0m[0;30;47mc[0m[0;30;47mo[0m[0;30;47mi[0m[0;30;47mn[0m[0;30;47m [0m[0;30;47m [0m[0;30;47m [0m[0;30;47m [0m[0;30;47m [0m[0;30;47m [0m[0;30;47m [0m[0;30;47m|[0m[0;30;47m [0m[0;30;47m [0m[0;30;47m [0m[0;30;47m [0m[0;30;47m [0m[0;30;47m [0m[0;30;47m [0m[0;30;47m [0m[0;30;47m [0m[0;30;47m [0m[0;30;47m [0m[0;30;47m [0m[0;30;47m [0m[0;30;47m [0m[0;30;47m [0m[0;30;47m [0m[0;30;47m [0m[0;30;47m [0m[0;30;47m [0m[0;30;47m [0m[0;30;47m [0m[0;30;47m [0m[0;30;47m [0m[0;30;47m [0m[0;34;46m~[0m[0;30;47m [0m[0;30;47m [0m[0;30;47m [0m[0;30;47m[[0m[0;30;47mC[0m[0;30;47mh[0m[0;30;47mr[0m[0;30;47m][0m[0;30;47m [0m[0;30;47m [0m[0;30;47m\[0m[0;30;47mV[0m[0;30;47mo[0m[0;30;47m/[0m[0;30;47m [0m[0;30;47m [0m[0;30;47ma[0m[0;30;47mt[0m[0;30;47m [0m[0;30;47mS[0m[0;30;47mp[0m[0;30;47ma[0m[0;30;47mc[0m[0;30;47me[0m[0;30;47m [0m[0;30;47m1[0m[0;30;47m2[0m[0;30;47m [0m[0;30;47m([0m[0;30;47mp[0m[0;30;47ma[0m[0;30;47mt[0m[0;30;47mh[0m[0;30;47m)[0m[0;30;47m [0m[0;30;47m([0m[0;30;47mH[0m[0;30;47mP[0m[0;30;47m:[0m[0;30;47m5[0m[0;30;47m)[0m[0;30;47m [0m[0;30;47m [0m[0;30;47m [0m[0;30;47m [0m[0;34;46m~[0m
[0;34;46m~[0m[0;30;47m [0m[0;30;47m [0m[0;30;47m [0m[0;30;47m [0m[0;30;47m [0m[0;30;47m [0m[0;30;47m [0m[0;30;47m [0m[0;30;47m [0m[0;30;47m [0m[0;30;47m [0m[0;30;47m [0m[0;30;47m [0m[0;30;47m [0m[0;30;47m [0m[0;30;47m [0m[0;30;47m [0m[0;30;47m [0m[0;30;47m [0m[0;30;47m [0m[0;30;47m [0m[0;30;47m+[0m[0;30;47m-[0m[0;30;47m-[0m[0;30;47m-[0m[0;30;47m-[0m[0;30;47m-[0m[0;30;47m-[0m[0;30;47m-[0m[0;30;47m-[0m[0;30;47m-[0m[0;30;47m-[0m[0;30;47m-[0m[0;30;47m-[0m[0;30;47m-[0m[0;30;47m-[0m[0;30;47m-[0m[0;30;47m+[0m[0;30;47m [0m[0;30;47m [0m[0;30;47m [0m[0;30;47m [0m[0;30;47m [0m[0;30;47m [0m[0;30;47m [0m[0;30;47m [0m[0;30;47m [0m[0;30;47m [0m[0;30;47m [0m[0;30;47m [0m[0;30;47m [0m[0;30;47m [0m[0;30;47m [0m[0;30;47m [0m[0;30;47m [0m[0;30;47m [0m[0;30;47m [0m[0;30;47m [0m[0;30;47m [0m[0;30;47m [0m[0;30;47m [0m[0;30;47m [0m[0;34;46m~[0m[0;30;47m [0m[0;30;47m [0m[0;30;47m [0m[0;30;47m[[0m[0;30;47mC[0m[0;30;47mh[0m[0;30;47mr[0m[0;30;47m][0m[0;30;47m [0m[0;30;47m [0m[0;30;47m\[0m[0;30;47mS[0m[0;30;47me[0m[0;30;47m/[0m[0;30;47m [0m[0;30;47m [0m[0;30;47ma[0m[0;30;47mt[0m[0;30;47m [0m[0;30;47mS[0m[0;30;47mp[0m[0;30;47ma[0m[0;30;47mc[0m[0;30;47me[0m[0;30;47m [0m[0;30;47m1[0m[0;30;47m1[0m[0;30;47m [0m[0;30;47m([0m[0;30;47mp[0m[0;30;47mi[0m[0;30;47mt[0m[0;30;47m)[0m[0;30;47m [0m[0;30;47m([0m[0;30;47mH[0m[0;30;47mP[0m[0;30;47m:[0m[0;30;47m5[0m[0;30;47m)[0m[0;30;47m [0m[0;30;47m [0m[0;30;47m [0m[0;30;47m [0m[0;30;47m [0m[0;34;46m~[0m
[0;34;46m~[0m[0;30;47m [0m[0;30;47m [0m[0;30;47m [0m[0;30;47m [0m[0;30;47m [0m[0;30;47m [0m[0;30;47m [0m[0;30;47m [0m[0;30;47m [0m[0;30;47m [0m[0;30;47m [0m[0;30;47m [0m[0;30;47m [0m[0;30;47m [0m[0;30;47m [0m[0;30;47m [0m[0;30;47m [0m[0;30;47m [0m[0;30;47m [0m[0;30;47m [0m[0;30;47m [0m[0;30;47m [0m[0;30;47m [0m[0;30;47m [0m[0;30;47m [0m[0;30;47m [0m[0;30;47m [0m[0;30;47m [0m[0;30;47m [0m[0;30;47m [0m[0;30;47m [0m[0;30;47m [0m[0;30;47m [0m[0;30;47m [0m[0;30;47m [0m[0;30;47m [0m[0;30;47m [0m[0;30;47m [0m[0;30;47m [0m[0;30;47m [0m[0;30;47m [0m[0;30;47m [0m[0;30;47m [0m[0;30;47m [0m[0;30;47m [0m[0;30;47m [0m[0;30;47m [0m[0;30;47m [0m[0;30;47m [0m[0;30;47m [0m[0;30;47m [0m[0;30;47m [0m[0;30;47m [0m[0;30;47m [0m[0;30;47m [0m[0;30;47m [0m[0;30;47m [0m[0;30;47m [0m[0;30;47m [0m[0;30;47m [0m[0;30;47m [0m[0;30;47m [0m[0;34;46m~[0m[0;30;47m [0m[0;30;47m [0m[0;30;47m-[0m[0;30;47m-[0m[0;30;47m-[0m[0;30;47m-[0m[0;30;47m-[0m[0;30;47m-[0m[0;30;47m-[0m[0;30;47m-[0m[0;30;47m-[0m[0;30;47m-[0m[0;30;47m-[0m[0;30;47m-[0m[0;30;47m-[0m[0;30;47m-[0m[0;30;47m-[0m[0;30;47m-[0m[0;30;47m-[0m[0;30;47m-[0m[0;30;47m-[0m[0;30;47m-[0m[0;30;47m-[0m[0;30;47m-[0m[0;30;47m-[0m[0;30;47m-[0m[0;30;47m-[0m[0;30;47m-[0m[0;30;47m-[0m[0;30;47m-[0m[0;30;47m-[0m[0;30;47m-[0m[0;30;47m-[0m[0;30;47m-[0m[0;30;47m-[0m[0;30;47m-[0m[0;30;47m-[0m[0;30;47m-[0m[0;30;47m-[0m[0;30;47m-[0m[0;30;47m-[0m[0;30;47m-[0m[0;30;47m-[0m[0;30;47m [0m[0;30;47m [0m[0;34;46m~[0m
[0;34;46m~[0m[0;30;47m [0m[0;30;47m [0m[0;30;47m [0m[0;30;47m [0m[0;30;47m [0m[0;30;47m [0m[0;30;47m [0m[0;30;47m [0m[0;30;47m [0m[0;30;47m [0m[0;30;47m [0m[0;30;47m [0m[0;30;47m [0m[0;30;47m [0m[0;30;47m [0m[0;30;47m [0m[0;30;47m [0m[0;30;47m [0m[0;30;47m [0m[0;30;47m [0m[0;30;47m [0m[0;30;47m [0m[0;30;47m [0m[0;30;47m [0m[0;30;47m [0m[0;30;47m [0m[0;30;47m [0m[0;30;47m [0m[0;30;47m [0m[0;30;47m [0m[0;30;47m [0m[0;30;47m [0m[0;30;47m [0m[0;30;47m [0m[0;30;47m [0m[0;30;47m [0m[0;30;47m [0m[0;30;47m [0m[0;30;47m [0m[0;30;47m [0m[0;30;47m [0m[0;30;47m [0m[0;30;47m [0m[0;30;47m [0m[0;30;47m [0m[0;30;47m [0m[0;30;47m [0m[0;30;47m [0m[0;30;47m [0m[0;30;47m [0m[0;30;47m [0m[0;30;47m [0m[0;30;47m [0m[0;30;47m [0m[0;30;47m [0m[0;30;47m [0m[0;30;47m [0m[0;30;47m [0m[0;30;47m [0m[0;30;47m [0m[0;30;47m [0m[0;30;47m [0m[0;34;46m~[0m[0;30;47m [0m[0;30;47m [0m[0;30;47m [0m[0;30;47m [0m[0;30;47m [0m[0;30;47m [0m[0;30;47m [0m[0;30;47m [0m[0;30;47m [0m[0;30;47m [0m[0;30;47m [0m[0;30;47m [0m[0;30;47m [0m[0;30;47m [0m[0;30;47m [0m[0;30;47m [0m[0;30;47m [0m[0;30;47m [0m[0;30;47m [0m[0;30;47m [0m[0;30;47m [0m[0;30;47m [0m[0;30;47m [0m[0;30;47m [0m[0;30;47m [0m[0;30;47m [0m[0;30;47m [0m[0;30;47m [0m[0;30;47m [0m[0;30;47m [0m[0;30;47m [0m[0;30;47m [0m[0;30;47m [0m[0;30;47m [0m[0;30;47m [0m[0;30;47m [0m[0;30;47m [0m[0;30;47m [0m[0;30;47m [0m[0;30;47m [0m[0;30;47m [0m[0;30;47m [0m[0;30;47m [0m[0;30;47m [0m[0;30;47m [0m[0;34;46m~[0m
[0;34;46m~[0m[0;30;47m [0m[0;30;47m [0m[0;30;47m [0m[0;30;47m [0m[0;30;47m [0m[0;30;47m [0m[0;30;47m [0m[0;30;47m [0m[0;30;47m [0m[0;30;47m [0m[0;30;47m [0m[0;30;47m [0m[0;30;47m [0m[0;30;47m [0m[0;30;47m [0m[0;30;47m [0m[0;30;47m [0m[0;30;47m [0m[0;30;47m [0m[0;30;47m [0m[0;30;47m [0m[0;30;47m [0m[0;30;47m [0m[0;30;47m [0m[0;30;47m [0m[0;30;47m [0m[0;30;47m [0m[0;30;47m [0m[0;30;47m [0m[0;30;47m [0m[0;30;47m [0m[0;30;47m [0m[0;30;47m [0m[0;30;47m [0m[0;30;47m [0m[0;30;47m [0m[0;30;47m [0m[0;30;47m [0m[0;30;47m [0m[0;30;47m [0m[0;30;47m [0m[0;30;47m [0m[0;30;47m [0m[0;30;47m [0m[0;30;47m [0m[0;30;47m [0m[0;30;47m [0m[0;30;47m [0m[0;30;47m [0m[0;30;47m [0m[0;30;47m [0m[0;30;47m [0m[0;30;47m [0m[0;30;47m [0m[0;30;47m [0m[0;30;47m [0m[0;30;47m [0m[0;30;47m [0m[0;30;47m [0m[0;30;47m [0m[0;30;47m [0m[0;30;47m [0m[0;34;46m~[0m[0;30;47m [0m[0;30;47m [0m[0;30;47m [0m[0;30;47m [0m[0;30;47m [0m[0;30;47m [0m[0;30;47m [0m[0;30;47m [0m[0;30;47m [0m[0;30;47m [0m[0;30;47m [0m[0;30;47m [0m[0;30;47m [0m[0;30;47m [0m[0;30;47m [0m[0;30;47m [0m[0;30;47m [0m[0;30;47m [0m[0;30;47m [0m[0;30;47m [0m[0;30;47m [0m[0;30;47m [0m[0;30;47m [0m[0;30;47m [0m[0;30;47m [0m[0;30;47m [0m[0;30;47m [0m[0;30;47m [0m[0;30;47m [0m[0;30;47m [0m[0;30;47m [0m[0;30;47m [0m[0;30;47m [0m[0;30;47m [0m[0;30;47m [0m[0;30;47m [0m[0;30;47m [0m[0;30;47m [0m[0;30;47m [0m[0;30;47m [0m[0;30;47m [0m[0;30;47m [0m[0;30;47m [0m[0;30;47m [0m[0;30;47m [0m[0;34;46m~[0m
[0;34;46m~[0m[0;30;47m [0m[0;30;47m [0m[0;30;47m [0m[0;30;47m [0m[0;30;47m [0m[0;30;47m [0m[0;30;47m [0m[0;30;47m [0m[0;30;47m [0m[0;30;47m [0m[0;30;47m [0m[0;30;47m [0m[0;30;47m [0m[0;30;47m [0m[0;30;47m [0m[0;30;47m [0m[0;30;47m [0m[0;30;47m [0m[0;30;47m [0m[0;30;47m [0m[0;30;47m [0m[0;30;47m [0m[0;30;47m [0m[0;30;47m [0m[0;30;47m [0m[0;30;47m [0m[0;30;47m [0m[0;30;47m [0m[0;30;47m [0m[0;30;47m [0m[0;30;47m [0m[0;30;47m [0m[0;30;47m [0m[0;30;47m [0m[0;30;47m [0m[0;30;47m [0m[0;30;47m [0m[0;30;47m [0m[0;30;47m [0m[0;30;47m [0m[0;30;47m [0m[0;30;47m [0m[0;30;47m [0m[0;30;47m [0m[0;30;47m [0m[0;30;47m [0m[0;30;47m [0m[0;30;47m [0m[0;30;47m [0m[0;30;47m [0m[0;30;47m [0m[0;30;47m [0m[0;30;47m [0m[0;30;47m [0m[0;30;47m [0m[0;30;47m [0m[0;30;47m [0m[0;30;47m [0m[0;30;47m [0m[0;30;47m [0m[0;30;47m [0m[0;30;47m [0m[0;34;46m~[0m[0;30;47m [0m[0;30;47m [0m[0;30;47m [0m[0;30;47m [0m[0;30;47m [0m[0;30;47m [0m[0;30;47m [0m[0;30;47m [0m[0;30;47m [0m[0;30;47m [0m[0;30;47m [0m[0;30;47m [0m[0;30;47m [0m[0;30;47m [0m[0;30;47m [0m[0;30;47m [0m[0;30;47m [0m[0;30;47m [0m[0;30;47m [0m[0;30;47m [0m[0;30;47m [0m[0;30;47m [0m[0;30;47m [0m[0;30;47m [0m[0;30;47m [0m[0;30;47m [0m[0;30;47m [0m[0;30;47m [0m[0;30;47m [0m[0;30;47m [0m[0;30;47m [0m[0;30;47m [0m[0;30;47m [0m[0;30;47m [0m[0;30;47m [0m[0;30;47m [0m[0;30;47m [0m[0;30;47m [0m[0;30;47m [0m[0;30;47m [0m[0;30;47m [0m[0;30;47m [0m[0;30;47m [0m[0;30;47m [0m[0;30;47m [0m[0;34;46m~[0m
[0;34;46m~[0m[0;30;47m [0m[0;30;47m [0m[0;30;47m [0m[0;30;47m [0m[0;30;47m [0m[0;30;47m [0m[0;30;47m [0m[0;30;47m [0m[0;30;47m [0m[0;30;47m [0m[0;30;47m [0m[0;30;47m [0m[0;30;47m [0m[0;30;47m [0m[0;30;47m [0m[0;30;47m [0m[0;30;47m [0m[0;30;47m [0m[0;30;47m [0m[0;30;47m [0m[0;30;47m [0m[0;30;47m [0m[0;30;47m [0m[0;30;47m [0m[0;30;47m [0m[0;30;47m [0m[0;30;47m [0m[0;30;47m [0m[0;30;47m [0m[0;30;47m [0m[0;30;47m [0m[0;30;47m [0m[0;30;47m [0m[0;30;47m [0m[0;30;47m [0m[0;30;47m [0m[0;30;47m [0m[0;30;47m [0m[0;30;47m [0m[0;30;47m [0m[0;30;47m [0m[0;30;47m [0m[0;30;47m [0m[0;30;47m [0m[0;30;47m [0m[0;30;47m [0m[0;30;47m [0m[0;30;47m [0m[0;30;47m [0m[0;30;47m [0m[0;30;47m [0m[0;30;47m [0m[0;30;47m [0m[0;30;47m [0m[0;30;47m [0m[0;30;47m [0m[0;30;47m [0m[0;30;47m [0m[0;30;47m [0m[0;30;47m [0m[0;30;47m [0m[0;30;47m [0m[0;34;46m~[0m[0;30;47m [0m[0;30;47m [0m[0;30;47m [0m[0;30;47m [0m[0;30;47m [0m[0;30;47m [0m[0;30;47m [0m[0;30;47m [0m[0;30;47m [0m[0;30;47m [0m[0;30;47m [0m[0;30;47m [0m[0;30;47m [0m[0;30;47m [0m[0;30;47m [0m[0;30;47m [0m[0;30;47m [0m[0;30;47m [0m[0;30;47m [0m[0;30;47m [0m[0;30;47m [0m[0;30;47m [0m[0;30;47m [0m[0;30;47m [0m[0;30;47m [0m[0;30;47m [0m[0;30;47m [0m[0;30;47m [0m[0;30;47m [0m[0;30;47m [0m[0;30;47m [0m[0;30;47m [0m[0;30;47m [0m[0;30;47m [0m[0;30;47m [0m[0;30;47m [0m[0;30;47m [0m[0;30;47m [0m[0;30;47m [0m[0;30;47m [0m[0;30;47m [0m[0;30;47m [0m[0;30;47m [0m[0;30;47m [0m[0;30;47m [0m[0;34;46m~[0m
[0;34;46m~[0m[0;34;46m~[0m[0;34;46m~[0m[0;34;46m~[0m[0;34;46m~[0m[0;34;46m~[0m[0;34;46m~[0m[0;34;46m~[0m[0;34;46m~[0m[0;34;46m~[0m[0;34;46m~[0m[0;34;46m~[0m[0;34;46m~[0m[0;34;46m~[0m[0;34;46m~[0m[0;34;46m~[0m[0;34;46m~[0m[0;34;46m~[0m[0;34;46m~[0m[0;34;46m~[0m[0;34;46m~[0m[0;34;46m~[0m[0;34;46m~[0m[0;34;46m~[0m[0;34;46m~[0m[0;34;46m~[0m[0;34;46m~[0m[0;34;46m~[0m[0;34;46m~[0m[0;34;46m~[0m[0;34;46m~[0m[0;34;46m~[0m[0;34;46m~[0m[0;34;46m~[0m[0;34;46m~[0m[0;34;46m~[0m[0;34;46m~[0m[0;34;46m~[0m[0;34;46m~[0m[0;34;46m~[0m[0;34;46m~[0m[0;34;46m~[0m[0;34;46m~[0m[0;34;46m~[0m[0;34;46m~[0m[0;34;46m~[0m[0;34;46m~[0m[0;34;46m~[0m[0;34;46m~[0m[0;34;46m~[0m[0;34;46m~[0m[0;34;46m~[0m[0;34;46m~[0m[0;34;46m~[0m[0;34;46m~[0m[0;34;46m~[0m[0;34;46m~[0m[0;34;46m~[0m[0;34;46m~[0m[0;34;46m~[0m[0;34;46m~[0m[0;34;46m~[0m[0;34;46m~[0m[0;34;46m~[0m[0;34;46m~[0m[0;34;46m~[0m[0;34;46m~[0m[0;34;46m~[0m[0;34;46m~[0m[0;34;46m~[0m[0;34;46m~[0m[0;34;46m~[0m[0;34;46m~[0m[0;34;46m~[0m[0;34;46m~[0m[0;34;46m~[0m[0;34;46m~[0m[0;34;46m~[0m[0;34;46m~[0m[0;34;46m~[0m[0;34;46m~[0m[0;34;46m~[0m[0;34;46m~[0m[0;34;46m~[0m[0;34;46m~[0m[0;34;46m~[0m[0;34;46m~[0m[0;34;46m~[0m[0;34;46m~[0m[0;34;46m~[0m[0;34;46m~[0m[0;34;46m~[0m[0;34;46m~[0m[0;34;46m~[0m[0;34;46m~[0m[0;34;46m~[0m[0;34;46m~[0m[0;34;46m~[0m[0;34;46m~[0m[0;34;46m~[0m[0;34;46m~[0m[0;34;46m~[0m[0;34;46m~[0m[0;34;46m~[0m[0;34;46m~[0m[0;34;46m~[0m[0;34;46m~[0m[0;34;46m~[0m[0;34;46m~[0m[0;34;46m~[0m
[0;34;46m~[0m[0;30;47m [0m[0;30;47m [0m[0;30;47m [0m[0;30;47m [0m[0;30;47m [0m[0;30;47m [0m[0;30;47m [0m[0;30;47m [0m[0;30;47m [0m[0;30;47m [0m[0;30;47m [0m[0;30;47m [0m[0;30;47m [0m[0;30;47m [0m[0;30;47m [0m[0;30;47m [0m[0;30;47m [0m[0;30;47m [0m[0;30;47m [0m[0;30;47m [0m[0;30;47m [0m[0;30;47m [0m[0;30;47m [0m[0;30;47m [0m[0;30;47m [0m[0;30;47m [0m[0;30;47m [0m[0;30;47m [0m[0;30;47m [0m[0;30;47m [0m[0;30;47m [0m[0;30;47m [0m[0;30;47m [0m[0;30;47m [0m[0;30;47m [0m[0;30;47m [0m[0;30;47m [0m[0;30;47m [0m[0;30;47m [0m[0;30;47m [0m[0;30;47m [0m[0;30;47m [0m[0;30;47m [0m[0;30;47m [0m[0;30;47m [0m[0;30;47mT[0m[0;30;47mH[0m[0;30;47mE[0m[0;30;47m [0m[0;30;47mH[0m[0;30;47mA[0m[0;30;47mU[0m[0;30;47mN[0m[0;30;47mT[0m[0;30;47mE[0m[0;30;47mD[0m[0;30;47m [0m[0;30;47mC[0m[0;30;47mA[0m[0;30;47mS[0m[0;30;47mT[0m[0;30;47mL[0m[0;30;47mE[0m[0;30;47m [0m[0;30;47m [0m[0;30;47m [0m[0;30;47m [0m[0;30;47m [0m[0;30;47m [0m[0;30;47m [0m[0;30;47m [0m[0;30;47m [0m[0;30;47m [0m[0;30;47m [0m[0;30;47m [0m[0;30;47m [0m[0;30;47m [0m[0;30;47m [0m[0;30;47m [0m[0;30;47m [0m[0;30;47m [0m[0;30;47m [0m[0;30;47m [0m[0;30;47m [0m[0;30;47m [0m[0;30;47m [0m[0;30;47m [0m[0;30;47m [0m[0;30;47m [0m[0;30;47m [0m[0;30;47m [0m[0;30;47m [0m[0;30;47m [0m[0;30;47m [0m[0;30;47m [0m[0;30;47m [0m[0;30;47m [0m[0;30;47m [0m[0;30;47m [0m[0;30;47m [0m[0;30;47m [0m[0;30;47m [0m[0;30;47m [0m[0;30;47m [0m[0;30;47m [0m[0;30;47m [0m[0;30;47m [0m[0;30;47m [0m[0;34;46m~[0m
[0;34;46m~[0m[0;34;46m~[0m[0;34;46m~[0m[0;34;46m~[0m[0;34;46m~[0m[0;34;46m~[0m[0;34;46m~[0m[0;34;46m~[0m[0;34;46m~[0m[0;34;46m~[0m[0;34;46m~[0m[0;34;46m~[0m[0;34;46m~[0m[0;34;46m~[0m[0;34;46m~[0m[0;34;46m~[0m[0;34;46m~[0m[0;34;46m~[0m[0;34;46m~[0m[0;34;46m~[0m[0;34;46m~[0m[0;34;46m~[0m[0;34;46m~[0m[0;34;46m~[0m[0;34;46m~[0m[0;34;46m~[0m[0;34;46m~[0m[0;34;46m~[0m[0;34;46m~[0m[0;34;46m~[0m[0;34;46m~[0m[0;34;46m~[0m[0;34;46m~[0m[0;34;46m~[0m[0;34;46m~[0m[0;34;46m~[0m[0;34;46m~[0m[0;34;46m~[0m[0;34;46m~[0m[0;34;46m~[0m[0;34;46m~[0m[0;34;46m~[0m[0;34;46m~[0m[0;34;46m~[0m[0;34;46m~[0m[0;34;46m~[0m[0;34;46m~[0m[0;34;46m~[0m[0;34;46m~[0m[0;34;46m~[0m[0;34;46m~[0m[0;34;46m~[0m[0;34;46m~[0m[0;34;46m~[0m[0;34;46m~[0m[0;34;46m~[0m[0;34;46m~[0m[0;34;46m~[0m[0;34;46m~[0m[0;34;46m~[0m[0;34;46m~[0m[0;34;46m~[0m[0;34;46m~[0m[0;34;46m~[0m[0;34;46m~[0m[0;34;46m~[0m[0;34;46m~[0m[0;34;46m~[0m[0;34;46m~[0m[0;34;46m~[0m[0;34;46m~[0m[0;34;46m~[0m[0;34;46m~[0m[0;34;46m~[0m[0;34;46m~[0m[0;34;46m~[0m[0;34;46m~[0m[0;34;46m~[0m[0;34;46m~[0m[0;34;46m~[0m[0;34;46m~[0m[0;34;46m~[0m[0;34;46m~[0m[0;34;46m~[0m[0;34;46m~[0m[0;34;46m~[0m[0;34;46m~[0m[0;34;46m~[0m[0;34;46m~[0m[0;34;46m~[0m[0;34;46m~[0m[0;34;46m~[0m[0;34;46m~[0m[0;34;46m~[0m[0;34;46m~[0m[0;34;46m~[0m[0;34;46m~[0m[0;34;46m~[0m[0;34;46m~[0m[0;34;46m~[0m[0;34;46m~[0m[0;34;46m~[0m[0;34;46m~[0m[0;34;46m~[0m[0;34;46m~[0m[0;34;46m~[0m[0;34;46m~[0m[0;34;46m~[0m[0;34;46m~[0m[0;34;46m~[0m
[0;34;46m~[0m[0;30;47m [0m[0;30;47m [0m[0;30;47mC[0m[0;30;47mo[0m[0;30;47mm[0m[0;30;47mm[0m[0;30;47ma[0m[0;30;47mn[0m[0;30;47md[0m[0;30;47ms[0m[0;30;47m:[0m[0;30;47m [0m[0;30;47mm[0m[0;30;47mo[0m[0;30;47mv[0m[0;30;47me[0m[0;30;47m([0m[0;30;47mm[0m[0;30;47m)[0m[0;30;47m [0m[0;30;47m[[0m[0;30;47md[0m[0;30;47mi[0m[0;30;47mr[0m[0;30;47m][0m[0;30;47m [0m[0;30;47m|[0m[0;30;47m [0m[0;30;47mt[0m[0;30;47ma[0m[0;30;47mk[0m[0;30;47me[0m[0;30;47m([0m[0;30;47mt[0m[0;30;47m)[0m[0;30;47m [0m[0;30;47m[[0m[0;30;47mo[0m[0;30;47mb[0m[0;30;47mj[0m[0;30;47m][0m[0;30;47m [0m[0;30;47m|[0m[0;30;47m [0m[0;30;47md[0m[0;30;47mr[0m[0;30;47mo[0m[0;30;47mp[0m[0;30;47m([0m[0;30;47md[0m[0;30;47m)[0m[0;30;47m [0m[0;30;47m[[0m[0;30;47mo[0m[0;30;47mb[0m[0;30;47mj[0m[0;30;47m][0m[0;30;47m [0m[0;30;47m|[0m[0;30;47m [0m[0;30;47ma[0m[0;30;47mt[0m[0;30;47mt[0m[0;30;47ma[0m[0;30;47mc[0m[0;30;47mk[0m[0;30;47m([0m[0;30;47ma[0m[0;30;47m)[0m[0;30;47m [0m[0;30;47m|[0m[0;30;47m [0m[0;30;47mc[0m[0;30;47mh[0m[0;30;47ma[0m[0;30;47mt[0m[0;30;47m([0m[0;30;47mc[0m[0;30;47m)[0m[0;30;47m [0m[0;30;47m|[0m[0;30;47m [0m[0;30;47mr[0m[0;30;47me[0m[0;30;47mc[0m[0;30;47mr[0m[0;30;47mu[0m[0;30;47mi[0m[0;30;47mt[0m[0;30;47m([0m[0;30;47mr[0m[0;30;47m)[0m[0;30;47m [0m[0;30;47m[[0m[0;30;47mc[0m[0;30;47mh[0m[0;30;47ma[0m[0;30;47mr[0m[0;30;47m][0m[0;30;47m [0m[0;30;47m [0m[0;30;47m [0m[0;30;47m [0m[0;30;47m [0m[0;30;47m [0m[0;30;47m [0m[0;30;47m [0m[0;30;47m [0m[0;34;46m~[0m
[0;34;46m~[0m[0;30;47m [0m[0;30;47m [0m[0;30;47mi[0m[0;30;47mn[0m[0;30;47ms[0m[0;30;47mp[0m[0;30;47me[0m[0;30;47mc[0m[0;30;47mt[0m[0;30;47m([0m[0;30;47mi[0m[0;30;47m)[0m[0;30;47m [0m[0;30;47m[[0m[0;30;47mo[0m[0;30;47mb[0m[0;30;47mj[0m[0;30;47m][0m[0;30;47m [0m[0;30;47m|[0m[0;30;47m [0m[0;30;47mu[0m[0;30;47ms[0m[0;30;47me[0m[0;30;47m([0m[0;30;47mu[0m[0;30;47m)[0m[0;30;47m [0m[0;30;47m[[0m[0;30;47mo[0m[0;30;47mb[0m[0;30;47mj[0m[0;30;47m][0m[0;30;47m [0m[0;30;47m|[0m[0;30;47m [0m[0;30;47mo[0m[0;30;47mp[0m[0;30;47me[0m[0;30;47mn[0m[0;30;47m([0m[0;30;47mo[0m[0;30;47m)[0m[0;30;47m [0m[0;30;47m[[0m[0;30;47ml[0m[0;30;47mn[0m[0;30;47mk[0m[0;30;47m][0m[0;30;47m [0m[0;30;47mw[0m[0;30;47mi[0m[0;30;47mt[0m[0;30;47mh[0m[0;30;47m [0m[0;30;47m[[0m[0;30;47mo[0m[0;30;47mb[0m[0;30;47mj[0m[0;30;47m][0m[0;30;47m [0m[0;30;47m|[0m[0;30;47m [0m[0;30;47mt[0m[0;30;47mp[0m[0;30;47m [0m[0;30;47m[[0m[0;30;47mr[0m[0;30;47mo[0m[0;30;47mo[0m[0;30;47mm[0m[0;30;47m][0m[0;30;47m [0m[0;30;47m|[0m[0;30;47m [0m[0;30;47me[0m[0;30;47mx[0m[0;30;47mi[0m[0;30;47mt[0m[0;30;47m([0m[0;30;47me[0m[0;30;47m)[0m[0;30;47m [0m[0;30;47m|[0m[0;30;47m [0m[0;30;47ma[0m[0;30;47mb[0m[0;30;47ma[0m[0;30;47mn[0m[0;30;47md[0m[0;30;47mo[0m[0;30;47mn[0m[0;30;47m([0m[0;30;47mf[0m[0;30;47m)[0m[0;30;47m [0m[0;30;47m[[0m[0;30;47mc[0m[0;30;47mh[0m[0;30;47ma[0m[0;30;47mr[0m[0;30;47m][0m[0;30;47m [0m[0;30;47m [0m[0;30;47m [0m[0;30;47m [0m[0;30;47m [0m[0;30;47m [0m[0;34;46m~[0m
[0;34;46m~[0m[0;34;46m~[0m[0;34;46m~[0m[0;34;46m~[0m[0;34;46m~[0m[0;34;46m~[0m[0;34;46m~[0m[0;34;46m~[0m[0;34;46m~[0m[0;34;46m~[0m[0;34;46m~[0m[0;34;46m~[0m[0;34;46m~[0m[0;34;46m~[0m[0;34;46m~[0m[0;34;46m~[0m[0;34;46m~[0m[0;34;46m~[0m[0;34;46m~[0m[0;34;46m~[0m[0;34;46m~[0m[0;34;46m~[0m[0;34;46m~[0m[0;34;46m~[0m[0;34;46m~[0m[0;34;46m~[0m[0;34;46m~[0m[0;34;46m~[0m[0;34;46m~[0m[0;34;46m~[0m[0;34;46m~[0m[0;34;46m~[0m[0;34;46m~[0m[0;34;46m~[0m[0;34;46m~[0m[0;34;46m~[0m[0;34;46m~[0m[0;34;46m~[0m[0;34;46m~[0m[0;34;46m~[0m[0;34;46m~[0m[0;34;46m~[0m[0;34;46m~[0m[0;34;46m~[0m[0;34;46m~[0m[0;34;46m~[0m[0;34;46m~[0m[0;34;46m~[0m[0;34;46m~[0m[0;34;46m~[0m[0;34;46m~[0m[0;34;46m~[0m[0;34;46m~[0m[0;34;46m~[0m[0;34;46m~[0m[0;34;46m~[0m[0;34;46m~[0m[0;34;46m~[0m[0;34;46m~[0m[0;34;46m~[0m[0;34;46m~[0m[0;34;46m~[0m[0;34;46m~[0m[0;34;46m~[0m[0;34;46m~[0m[0;34;46m~[0m[0;34;46m~[0m[0;34;46m~[0m[0;34;46m~[0m[0;34;46m~[0m[0;34;46m~[0m[0;34;46m~[0m[0;34;46m~[0m[0;34;46m~[0m[0;34;46m~[0m[0;34;46m~[0m[0;34;46m~[0m[0;34;46m~[0m[0;34;46m~[0m[0;34;46m~[0m[0;34;46m~[0m[0;34;46m~[0m[0;34;46m~[0m[0;34;46m~[0m[0;34;46m~[0m[0;34;46m~[0m[0;34;46m~[0m[0;34;46m~[0m[0;34;46m~[0m[0;34;46m~[0m[0;34;46m~[0m[0;34;46m~[0m[0;34;46m~[0m[0;34;46m~[0m[0;34;46m~[0m[0;34;46m~[0m[0;34;46m~[0m[0;34;46m~[0m[0;34;46m~[0m[0;34;46m~[0m[0;34;46m~[0m[0;34;46m~[0m[0;34;46m~[0m[0;34;46m~[0m[0;34;46m~[0m[0;34;46m~[0m[0;34;46m~[0m[0;34;46m~[0m[0;34;46m~[0m[0;34;46m~[0m
[0;34;46m~[0m[0;30;47m [0m[0;30;47m [0m[0;30;47m [0m[0;30;47m [0m[0;30;47m [0m[0;30;47m [0m[0;30;47m [0m[0;30;47m [0m[0;30;47m [0m[0;30;47m [0m[0;30;47m [0m[0;30;47m [0m[0;30;47m [0m[0;30;47m [0m[0;30;47m [0m[0;30;47m [0m[0;30;47m [0m[0;30;47m [0m[0;30;47m [0m[0;30;47m [0m[0;30;47m [0m[0;30;47m [0m[0;30;47m [0m[0;30;47m [0m[0;30;47m [0m[0;30;47m [0m[0;30;47m [0m[0;30;47m [0m[0;30;47m [0m[0;30;47m [0m[0;30;47m [0m[0;30;47m [0m[0;30;47m [0m[0;30;47m [0m[0;30;47m [0m[0;30;47m [0m[0;30;47m [0m[0;30;47m [0m[0;30;47m [0m[0;30;47m [0m[0;30;47m [0m[0;30;47m [0m[0;30;47m [0m[0;30;47m [0m[0;30;47m [0m[0;30;47m [0m[0;30;47m [0m[0;30;47m [0m[0;30;47m [0m[0;30;47m [0m[0;30;47m [0m[0;30;47m [0m[0;30;47m [0m[0;30;47m [0m[0;30;47m [0m[0;30;47m [0m[0;30;47m [0m[0;30;47m [0m[0;30;47m [0m[0;30;47m [0m[0;30;47m [0m[0;30;47m [0m[0;30;47m [0m[0;30;47m [0m[0;30;47m [0m[0;30;47m [0m[0;30;47m [0m[0;30;47m [0m[0;30;47m [0m[0;30;47m [0m[0;30;47m [0m[0;30;47m [0m[0;30;47m [0m[0;30;47m [0m[0;30;47m [0m[0;30;47m [0m[0;30;47m [0m[0;30;47m [0m[0;30;47m [0m[0;30;47m [0m[0;30;47m [0m[0;30;47m [0m[0;30;47m [0m[0;30;47m [0m[0;30;47m [0m[0;30;47m [0m[0;30;47m [0m[0;30;47m [0m[0;30;47m [0m[0;30;47m [0m[0;30;47m [0m[0;30;47m [0m[0;30;47m [0m[0;30;47m [0m[0;30;47m [0m[0;30;47m [0m[0;30;47m [0m[0;30;47m [0m[0;30;47m [0m[0;30;47m [0m[0;30;47m [0m[0;30;47m [0m[0;30;47m [0m[0;30;47m [0m[0;30;47m [0m[0;30;47m [0m[0;30;47m [0m[0;30;47m [0m[0;34;46m~[0m
[0;34;46m~[0m[0;30;47m [0m[0;30;47m [0m[0;30;47m [0m[0;30;47m [0m[0;30;47m [0m[0;30;47m [0m[0;30;47m [0m[0;30;47m [0m[0;30;47m [0m[0;30;47m [0m[0;30;47m [0m[0;30;47m [0m[0;30;47m [0m[0;30;47m [0m[0;30;47m [0m[0;30;47m [0m[0;30;47m [0m[0;30;47m [0m[0;30;47m [0m[0;30;47m [0m[0;30;47m [0m[0;30;47m [0m[0;30;47m [0m[0;30;47m [0m[0;30;47m [0m[0;30;47m [0m[0;30;47m [0m[0;30;47m [0m[0;30;47m [0m[0;30;47m [0m[0;30;47m [0m[0;30;47m [0m[0;30;47m [0m[0;30;47m [0m[0;30;47m [0m[0;30;47m [0m[0;30;47m [0m[0;30;47m [0m[0;30;47m [0m[0;30;47m [0m[0;30;47m [0m[0;30;47m [0m[0;30;47m [0m[0;30;47m [0m[0;30;47m [0m[0;30;47m [0m[0;30;47m [0m[0;30;47m [0m[0;30;47m [0m[0;30;47m [0m[0;30;47m [0m[0;30;47m [0m[0;30;47m [0m[0;30;47m [0m[0;30;47m [0m[0;30;47m [0m[0;30;47m [0m[0;30;47m [0m[0;30;47m [0m[0;30;47m [0m[0;30;47m [0m[0;30;47m [0m[0;30;47m [0m[0;30;47m [0m[0;30;47m [0m[0;30;47m [0m[0;30;47m [0m[0;30;47m [0m[0;30;47m [0m[0;30;47m [0m[0;30;47m [0m[0;30;47m [0m[0;30;47m [0m[0;30;47m [0m[0;30;47m [0m[0;30;47m [0m[0;30;47m [0m[0;30;47m [0m[0;30;47m [0m[0;30;47m [0m[0;30;47m [0m[0;30;47m [0m[0;30;47m [0m[0;30;47m [0m[0;30;47m [0m[0;30;47m [0m[0;30;47m [0m[0;30;47m [0m[0;30;47m [0m[0;30;47m [0m[0;30;47m [0m[0;30;47m [0m[0;30;47m [0m[0;30;47m [0m[0;30;47m [0m[0;30;47m [0m[0;30;47m [0m[0;30;47m [0m[0;30;47m [0m[0;30;47m [0m[0;30;47m [0m[0;30;47m [0m[0;30;47m [0m[0;30;47m [0m[0;30;47m [0m[0;30;47m [0m[0;30;47m [0m[0;30;47m [0m[0;34;46m~[0m
[0;34;46m~[0m[0;30;47m [0m[0;30;47m [0m[0;30;47m [0m[0;30;47m [0m[0;30;47m [0m[0;30;47m [0m[0;30;47m [0m[0;30;47m [0m[0;30;47m [0m[0;30;47m [0m[0;30;47m [0m[0;30;47m [0m[0;30;47m [0m[0;30;47m [0m[0;30;47m [0m[0;30;47m [0m[0;30;47m [0m[0;30;47m [0m[0;30;47m [0m[0;30;47m [0m[0;30;47m [0m[0;30;47m [0m[0;30;47m [0m[0;30;47m [0m[0;30;47m [0m[0;30;47m [0m[0;30;47m [0m[0;30;47m [0m[0;30;47m [0m[0;30;47m [0m[0;30;47m [0m[0;30;47m [0m[0;30;47m [0m[0;30;47m [0m[0;30;47m [0m[0;30;47m [0m[0;30;47m [0m[0;30;47m [0m[0;30;47m [0m[0;30;47m [0m[0;30;47m [0m[0;30;47m [0m[0;30;47m [0m[0;30;47m [0m[0;30;47m [0m[0;30;47m [0m[0;30;47m [0m[0;30;47m [0m[0;30;47m [0m[0;30;47m [0m[0;30;47m [0m[0;30;47m [0m[0;30;47m [0m[0;30;47m [0m[0;30;47m [0m[0;30;47m [0m[0;30;47m [0m[0;30;47m [0m[0;30;47m [0m[0;30;47m [0m[0;30;47m [0m[0;30;47m [0m[0;30;47m [0m[0;30;47m [0m[0;30;47m [0m[0;30;47m [0m[0;30;47m [0m[0;30;47m [0m[0;30;47m [0m[0;30;47m [0m[0;30;47m [0m[0;30;47m [0m[0;30;47m [0m[0;30;47m [0m[0;30;47m [0m[0;30;47m [0m[0;30;47m [0m[0;30;47m [0m[0;30;47m [0m[0;30;47m [0m[0;30;47m [0m[0;30;47m [0m[0;30;47m [0m[0;30;47m [0m[0;30;47m [0m[0;30;47m [0m[0;30;47m [0m[0;30;47m [0m[0;30;47m [0m[0;30;47m [0m[0;30;47m [0m[0;30;47m [0m[0;30;47m [0m[0;30;47m [0m[0;30;47m [0m[0;30;47m [0m[0;30;47m [0m[0;30;47m [0m[0;30;47m [0m[0;30;47m [0m[0;30;47m [0m[0;30;47m [0m[0;30;47m [0m[0;30;47m [0m[0;30;47m [0m[0;30;47m [0m[0;30;47m [0m[0;30;47m [0m[0;34;46m~[0m
prompt:> [2J
[0;34;46m~[0m[0;34;46m~[0m[0;34;46m~[0m[0;34;46m~[0m[0;34;46m~[0m[0;34;46m~[0m[0;34;46m~[0m[0;34;46m~[0m[0;34;46m~[0m[0;34;46m~[0m[0;34;46m~[0m[0;34;46m~[0m[0;34;46m~[0m[0;34;46m~[0m[0;34;46m~[0m[0;34;46m~[0m[0;34;46m~[0m[0;34;46m~[0m[0;34;46m~[0m[0;34;46m~[0m[0;34;46m~[0m[0;34;46m~[0m[0;34;46m~[0m[0;34;46m~[0m[0;34;46m~[0m[0;34;46m~[0m[0;34;46m~[0m[0;34;46m~[0m[0;34;46m~[0m[0;34;46m~[0m[0;34;46m~[0m[0;34;46m~[0m[0;34;46m~[0m[0;34;46m~[0m[0;34;46m~[0m[0;34;46m~[0m[0;34;46m~[0m[0;34;46m~[0m[0;34;46m~[0m[0;34;46m~[0m[0;34;46m~[0m[0;34;46m~[0m[0;34;46m~[0m[0;34;46m~[0m[0;34;46m~[0m[0;34;46m~[0m[0;34;46m~[0m[0;34;46m~[0m[0;34;46m~[0m[0;34;46m~[0m[0;34;46m~[0m[0;34;46m~[0m[0;34;46m~[0m[0;34;46m~[0m[0;34;46m~[0m[0;34;46m~[0m[0;34;46m~[0m[0;34;46m~[0m[0;34;46m~[0m[0;34;46m~[0m[0;34;46m~[0m[0;34;46m~[0m[0;34;46m~[0m[0;34;46m~[0m[0;34;46m~[0m[0;34;46m~[0m[0;34;46m~[0m[0;34;46m~[0m[0;34;46m~[0m[0;34;46m~[0m[0;34;46m~[0m[0;34;46m~[0m[0;34;46m~[0m[0;34;46m~[0m[0;34;46m~[0m[0;34;46m~[0m[0;34;46m~[0m[0;34;46m~[0m[0;34;46m~[0m[0;34;46m~[0m[0;34;46m~[0m[0;34;46m~[0m[0;34;46m~[0m[0;34;46m~[0m[0;34;46m~[0m[0;34;46m~[0m[0;34;46m~[0m[0;34;46m~[0m[0;34;46m~[0m[0;34;46m~[0m[0;34;46m~[0m[0;34;46m~[0m[0;34;46m~[0m[0;34;46m~[0m[0;34;46m~[0m[0;34;46m~[0m[0;34;46m~[0m[0;34;46m~[0m[0;34;46m~[0m[0;34;46m~[0m[0;34;46m~[0m[0;34;46m~[0m[0;34;46m~[0m[0;34;46m~[0m[0;34;46m~[0m[0;34;46m~[0m[0;34;46m~[0m[0;34;46m~[0m[0;34;46m~[0m[0;34;46m~[0m
[0;34;46m~[0m[0;30;47m [0m[0;30;47m [0m[0;30;47m [0m[0;30;47m [0m[0;30;47m [0m[0;30;47m [0m[0;30;47m [0m[0;30;47m [0m[0;30;47m [0m[0;30;47m [0m[0;30;47m [0m[0;30;47m [0m[0;30;47m [0m[0;30;47m [0m[0;30;47m [0m[0;30;47m [0m[0;30;47m [0m[0;30;47m [0m[0;30;47m [0m[0;30;47m [0m[0;30;47m [0m[0;30;47m+[0m[0;30;47m-[0m[0;30;47m-[0m[0;30;47m-[0m[0;30;47m-[0m[0;30;47m-[0m[0;30;47m-[0m[0;30;47m-[0m[0;30;47m-[0m[0;30;47m-[0m[0;30;47m-[0m[0;30;47m-[0m[0;30;47m-[0m[0;30;47m-[0m[0;30;47m-[0m[0;30;47m-[0m[0;30;47m+[0m[0;30;47m [0m[0;30;47m [0m[0;30;47m [0m[0;30;47m [0m[0;30;47m [0m[0;30;47m [0m[0;30;47m [0m[0;30;47m [0m[0;30;47m [0m[0;30;47m [0m[0;30;47m [0m[0;30;47m [0m[0;30;47m [0m[0;30;47m [0m[0;30;47m [0m[0;30;47m [0m[0;30;47m [0m[0;30;47m [0m[0;30;47m [0m[0;30;47m [0m[0;30;47m [0m[0;30;47m [0m[0;30;47m [0m[0;30;47m [0m[0;34;46m~[0m[0;30;47m [0m[0;30;47m [0m[0;30;47m=[0m[0;30;47m=[0m[0;30;47m=[0m[0;30;47m=[0m[0;30;47m=[0m[0;30;47m=[0m[0;30;47m=[0m[0;30;47m=[0m[0;30;47m=[0m[0;30;47m=[0m[0;30;47m=[0m[0;30;47m=[0m[0;30;47m=[0m[0;30;47m=[0m[0;30;47m=[0m[0;30;47m=[0m[0;30;47m=[0m[0;30;47m=[0m[0;30;47m=[0m[0;30;47m=[0m[0;30;47m=[0m[0;30;47m=[0m[0;30;47m=[0m[0;30;47m=[0m[0;30;47m=[0m[0;30;47m=[0m[0;30;47m=[0m[0;30;47m=[0m[0;30;47m=[0m[0;30;47m=[0m[0;30;47m=[0m[0;30;47m=[0m[0;30;47m=[0m[0;30;47m=[0m[0;30;47m=[0m[0;30;47m=[0m[0;30;47m=[0m[0;30;47m=[0m[0;30;47m=[0m[0;30;47m=[0m[0;30;47m=[0m[0;30;47m [0m[0;30;47m [0m[0;34;46m~[0m
[0;34;46m~[0m[0;30;47m [0m[0;30;47m [0m[0;30;47m [0m[0;30;47m [0m[0;30;47m [0m[0;30;47m [0m[0;30;47m [0m[0;30;47m [0m[0;30;47m [0m[0;30;47m [0m[0;30;47m [0m[0;30;47m [0m[0;30;47m [0m[0;30;47m [0m[0;30;47m [0m[0;30;47m [0m[0;30;47m [0m[0;30;47m [0m[0;30;47m [0m[0;30;47m [0m[0;30;47m [0m[0;30;47m|[0m[0;30;47m [0m[0;30;47m^[0m[0;30;47mE[0m[0;30;47m>[0m[0;30;47m [0m[0;30;47m [0m[0;30;47m\[0m[0;30;47mS[0m[0;30;47me[0m[0;30;47m/[0m[0;30;47m [0m[0;30;47m [0m[0;30;47m [0m[0;30;47m1[0m[0;30;47m1[0m[0;30;47m|[0m[0;30;47m [0m[0;30;47m [0m[0;30;47m [0m[0;30;47m [0m[0;30;47m [0m[0;30;47m [0m[0;30;47m [0m[0;30;47m [0m[0;30;47m [0m[0;30;47m [0m[0;30;47m [0m[0;30;47m [0m[0;30;47m [0m[0;30;47m [0m[0;30;47m [0m[0;30;47m [0m[0;30;47m [0m[0;30;47m [0m[0;30;47m [0m[0;30;47m [0m[0;30;47m [0m[0;30;47m [0m[0;30;47m [0m[0;30;47m [0m[0;34;46m~[0m[0;30;47m [0m[0;30;47m [0m[0;30;47m [0m[0;30;47m [0m[0;30;47mP[0m[0;30;47mL[0m[0;30;47mA[0m[0;30;47mY[0m[0;30;47mE[0m[0;30;47mR[0m[0;30;47m [0m[0;30;47m1[0m[0;30;47m [0m[0;30;47mS[0m[0;30;47mT[0m[0;30;47mA[0m[0;30;47mT[0m[0;30;47mU[0m[0;30;47mS[0m[0;30;47m [0m[0;30;47m [0m[0;30;47m [0m[0;30;47m|[0m[0;30;47m [0m[0;30;47m [0m[0;30;47m [0m[0;30;47mH[0m[0;30;47mE[0m[0;30;47mA[0m[0;30;47mL[0m[0;30;47mT[0m[0;30;47mH[0m[0;30;47m:[0m[0;30;47m [0m[0;30;47m5[0m[0;30;47m [0m[0;30;47mp[0m[0;30;47mt[0m[0;30;47ms[0m[0;30;47m [0m[0;30;47m [0m[0;30;47m [0m[0;30;47m [0m[0;30;47m [0m[0;30;47m [0m[0;34;46m~[0m
[0;34;46m~[0m[0;30;47m [0m[0;30;47m [0m[0;30;47m [0m[0;30;47m [0m[0;30;47m [0m[0;30;47m [0m[0;30;47m [0m[0;30;47m [0m[0;30;47m [0m[0;30;47m [0m[0;30;47m [0m[0;30;47m [0m[0;30;47m [0m[0;30;47m [0m[0;30;47m [0m[0;30;47m [0m[0;30;47m [0m[0;30;47m [0m[0;30;47m [0m[0;30;47m [0m[0;30;47m [0m[0;30;47m|[0m[0;30;47m [0m[0;30;47m [0m[0;30;47m [0m[0;30;47m [0m[0;30;47m.[0m[0;30;47m=[0m[0;30;47m=[0m[0;30;47m=[0m[0;30;47m.[0m[0;30;47m [0m[0;30;47m [0m[0;30;47m [0m[0;30;47m [0m[0;30;47m [0m[0;30;47m [0m[0;30;47m|[0m[0;30;47m [0m[0;30;47m [0m[0;30;47m [0m[0;30;47m [0m[0;30;47m [0m[0;30;47m [0m[0;30;47m [0m[0;30;47m [0m[0;30;47m [0m[0;30;47m [0m[0;30;47m [0m[0;30;47m [0m[0;30;47m [0m[0;30;47m [0m[0;30;47m [0m[0;30;47m [0m[0;30;47m [0m[0;30;47m [0m[0;30;47m [0m[0;30;47m [0m[0;30;47m [0m[0;30;47m [0m[0;30;47m [0m[0;30;47m [0m[0;34;46m~[0m[0;30;47m [0m[0;30;47m [0m[0;30;47m=[0m[0;30;47m=[0m[0;30;47m=[0m[0;30;47m=[0m[0;30;47m=[0m[0;30;47m=[0m[0;30;47m=[0m[0;30;47m=[0m[0;30;47m=[0m[0;30;47m=[0m[0;30;47m=[0m[0;30;47m=[0m[0;30;47m=[0m[0;30;47m=[0m[0;30;47m=[0m[0;30;47m=[0m[0;30;47m=[0m[0;30;47m=[0m[0;30;47m=[0m[0;30;47m=[0m[0;30;47m=[0m[0;30;47m=[0m[0;30;47m=[0m[0;30;47m=[0m[0;30;47m=[0m[0;30;47m=[0m[0;30;47m=[0m[0;30;47m=[0m[0;30;47m=[0m[0;30;47m=[0m[0;30;47m=[0m[0;30;47m=[0m[0;30;47m=[0m[0;30;47m=[0m[0;30;47m=[0m[0;30;47m=[0m[0;30;47m=[0m[0;30;47m=[0m[0;30;47m=[0m[0;30;47m=[0m[0;30;47m=[0m[0;30;47m [0m[0;30;47m [0m[0;34;46m~[0m
[0;34;46m~[0m[0;30;47m [0m[0;30;47m [0m[0;30;47m [0m[0;30;47m [0m[0;30;47m [0m[0;30;47m [0m[0;30;47m [0m[0;30;47m [0m[0;30;47m [0m[0;30;47m [0m[0;30;47m [0m[0;30;47m [0m[0;30;47m [0m[0;30;47m [0m[0;30;47m [0m[0;30;47m [0m[0;30;47m [0m[0;30;47m [0m[0;30;47m [0m[0;30;47m [0m[0;30;47m [0m[0;30;47m|[0m[0;30;47m [0m[0;30;47m [0m[0;30;47m [0m[0;30;47m [0m[0;30;47m[[0m[0;30;47m [0m[0;30;47m [0m[0;30;47m [0m[0;30;47m][0m[0;30;47m [0m[0;30;47m [0m[0;30;47m [0m[0;30;47m [0m[0;30;47m [0m[0;30;47m [0m[0;30;47m|[0m[0;30;47m [0m[0;30;47m [0m[0;30;47m [0m[0;30;47m [0m[0;30;47m [0m[0;30;47m [0m[0;30;47m [0m[0;30;47m [0m[0;30;47m [0m[0;30;47m [0m[0;30;47m [0m[0;30;47m [0m[0;30;47m [0m[0;30;47m [0m[0;30;47m [0m[0;30;47m [0m[0;30;47m [0m[0;30;47m [0m[0;30;47m [0m[0;30;47m [0m[0;30;47m [0m[0;30;47m [0m[0;30;47m [0m[0;30;47m [0m[0;34;46m~[0m[0;30;47m [0m[0;30;47m [0m[0;30;47m>[0m[0;30;47m [0m[0;30;47mC[0m[0;30;47mu[0m[0;30;47mr[0m[0;30;47mr[0m[0;30;47me[0m[0;30;47mn[0m[0;30;47mt[0m[0;30;47m [0m[0;30;47mL[0m[0;30;47mo[0m[0;30;47mc[0m[0;30;47ma[0m[0;30;47mt[0m[0;30;47mi[0m[0;30;47mo[0m[0;30;47mn[0m[0;30;47m [0m[0;30;47m:[0m[0;30;47m [0m[0;30;47m1[0m[0;30;47m1[0m[0;30;47m [0m[0;30;47m([0m[0;30;47mp[0m[0;30;47mi[0m[0;30;47mt[0m[0;30;47m)[0m[0;30;47m [0m[0;30;47m [0m[0;30;47m [0m[0;30;47m [0m[0;30;47m [0m[0;30;47m [0m[0;30;47m [0m[0;30;47m [0m[0;30;47m [0m[0;30;47m [0m[0;30;47m [0m[0;30;47m [0m[0;30;47m [0m[0;30;47m [0m[0;34;46m~[0m
[0;34;46m~[0m[0;30;47m [0m[0;30;47m [0m[0;30;47m [0m[0;30;47m [0m[0;30;47m [0m[0;30;47m [0m[0;30;47m [0m[0;30;47m [0m[0;30;47m [0m[0;30;47m [0m[0;30;47m [0m[0;30;47m [0m[0;30;47m [0m[0;30;47m [0m[0;30;47m [0m[0;30;47m [0m[0;30;47m [0m[0;30;47m [0m[0;30;47m [0m[0;30;47m [0m[0;30;47m [0m[0;30;47m|[0m[0;30;47m [0m[0;30;47m [0m[0;30;47m [0m[0;30;47m [0m[0;30;47m[[0m[0;30;47m [0m[0;30;47m [0m[0;30;47m [0m[0;30;47m][0m[0;30;47m [0m[0;30;47m [0m[0;30;47m [0m[0;30;47m [0m[0;30;47m [0m[0;30;47m [0m[0;30;47m|[0m[0;30;47m [0m[0;30;47m [0m[0;30;47m [0m[0;30;47m [0m[0;30;47m [0m[0;30;47m [0m[0;30;47m [0m[0;30;47m [0m[0;30;47m [0m[0;30;47m [0m[0;30;47m [0m[0;30;47m [0m[0;30;47m [0m[0;30;47m [0m[0;30;47m [0m[0;30;47m [0m[0;30;47m [0m[0;30;47m [0m[0;30;47m [0m[0;30;47m [0m[0;30;47m [0m[0;30;47m [0m[0;30;47m [0m[0;30;47m [0m[0;34;46m~[0m[0;30;47m [0m[0;30;47m [0m[0;30;47m>[0m[0;30;47m [0m[0;30;47mB[0m[0;30;47ma[0m[0;30;47mc[0m[0;30;47mk[0m[0;30;47mp[0m[0;30;47ma[0m[0;30;47mc[0m[0;30;47mk[0m[0;30;47m [0m[0;30;47m [0m[0;30;47m [0m[0;30;47m [0m[0;30;47m [0m[0;30;47m [0m[0;30;47m [0m[0;30;47m:[0m[0;30;47m [0m[0;30;47md[0m[0;30;47mi[0m[0;30;47mr[0m[0;30;47mk[0m[0;30;47m [0m[0;30;47m [0m[0;30;47m [0m[0;30;47m [0m[0;30;47m [0m[0;30;47m [0m[0;30;47m [0m[0;30;47m [0m[0;30;47m [0m[0;30;47m [0m[0;30;47m [0m[0;30;47m [0m[0;30;47m [0m[0;30;47m [0m[0;30;47m [0m[0;30;47m [0m[0;30;47m [0m[0;30;47m [0m[0;30;47m [0m[0;30;47m [0m[0;34;46m~[0m
[0;34;46m~[0m[0;30;47m [0m[0;30;47m [0m[0;30;47m [0m[0;30;47m [0m[0;30;47m [0m[0;30;47m [0m[0;30;47m [0m[0;30;47m [0m[0;30;47m [0m[0;30;47m [0m[0;30;47m [0m[0;30;47m [0m[0;30;47m [0m[0;30;47m [0m[0;30;47m [0m[0;30;47m [0m[0;30;47m [0m[0;30;47m [0m[0;30;47m [0m[0;30;47m [0m[0;30;47m [0m[0;30;47m|[0m[0;30;47m [0m[0;30;47m [0m[0;30;47m [0m[0;30;47m [0m[0;30;47m[[0m[0;30;47m [0m[0;30;47m [0m[0;30;47m [0m[0;30;47m][0m[0;30;47m [0m[0;30;47m [0m[0;30;47m [0m[0;30;47m [0m[0;30;47m [0m[0;30;47m [0m[0;30;47m|[0m[0;30;47m [0m[0;30;47m [0m[0;30;47m [0m[0;30;47m [0m[0;30;47m [0m[0;30;47m [0m[0;30;47m [0m[0;30;47m [0m[0;30;47m [0m[0;30;47m [0m[0;30;47m [0m[0;30;47m [0m[0;30;47m [0m[0;30;47m [0m[0;30;47m [0m[0;30;47m [0m[0;30;47m [0m[0;30;47m [0m[0;30;47m [0m[0;30;47m [0m[0;30;47m [0m[0;30;47m [0m[0;30;47m [0m[0;30;47m [0m[0;34;46m~[0m[0;30;47m [0m[0;30;47m [0m[0;30;47m-[0m[0;30;47m-[0m[0;30;47m-[0m[0;30;47m-[0m[0;30;47m-[0m[0;30;47m-[0m[0;30;47m-[0m[0;30;47m-[0m[0;30;47m-[0m[0;30;47m-[0m[0;30;47m-[0m[0;30;47m-[0m[0;30;47m-[0m[0;30;47m-[0m[0;30;47m-[0m[0;30;47m-[0m[0;30;47m-[0m[0;30;47m-[0m[0;30;47m-[0m[0;30;47m-[0m[0;30;47m-[0m[0;30;47m-[0m[0;30;47m-[0m[0;30;47m-[0m[0;30;47m-[0m[0;30;47m-[0m[0;30;47m-[0m[0;30;47m-[0m[0;30;47m-[0m[0;30;47m-[0m[0;30;47m-[0m[0;30;47m-[0m[0;30;47m-[0m[0;30;47m-[0m[0;30;47m-[0m[0;30;47m-[0m[0;30;47m-[0m[0;30;47m-[0m[0;30;47m-[0m[0;30;47m-[0m[0;30;47m-[0m[0;30;47m [0m[0;30;47m [0m[0;34;46m~[0m
[0;34;46m~[0m[0;30;47m [0m[0;30;47m [0m[0;30;47m [0m[0;30;47m [0m[0;30;47m [0m[0;30;47m [0m[0;30;47m [0m[0;30;47m [0m[0;30;47m [0m[0;30;47m [0m[0;30;47m [0m[0;30;47m [0m[0;30;47m [0m[0;30;47m [0m[0;30;47m [0m[0;30;47m [0m[0;30;47m [0m[0;30;47m [0m[0;30;47m [0m[0;30;47m [0m[0;30;47m [0m[0;30;47m|[0m[0;30;47m [0m[0;30;47m [0m[0;30;47m [0m[0;30;47m [0m[0;30;47m'[0m[0;30;47m=[0m[0;30;47m=[0m[0;30;47m=[0m[0;30;47m'[0m[0;30;47m [0m[0;30;47m [0m[0;30;47m [0m[0;30;47m [0m[0;30;47m [0m[0;30;47m [0m[0;30;47m|[0m[0;30;47m [0m[0;30;47m [0m[0;30;47m [0m[0;30;47m [0m[0;30;47m [0m[0;30;47m [0m[0;30;47m [0m[0;30;47m [0m[0;30;47m [0m[0;30;47m [0m[0;30;47m [0m[0;30;47m [0m[0;30;47m [0m[0;30;47m [0m[0;30;47m [0m[0;30;47m [0m[0;30;47m [0m[0;30;47m [0m[0;30;47m [0m[0;30;47m [0m[0;30;47m [0m[0;30;47m [0m[0;30;47m [0m[0;30;47m [0m[0;34;46m~[0m[0;30;47m [0m[0;30;47m [0m[0;30;47mV[0m[0;30;47mI[0m[0;30;47mS[0m[0;30;47mI[0m[0;30;47mB[0m[0;30;47mL[0m[0;30;47mE[0m[0;30;47m [0m[0;30;47mE[0m[0;30;47mN[0m[0;30;47mT[0m[0;30;47mI[0m[0;30;47mT[0m[0;30;47mI[0m[0;30;47mE[0m[0;30;47mS[0m[0;30;47m [0m[0;30;47m([0m[0;30;47mD[0m[0;30;47mi[0m[0;30;47ms[0m[0;30;47mc[0m[0;30;47mo[0m[0;30;47mv[0m[0;30;47me[0m[0;30;47mr[0m[0;30;47me[0m[0;30;47md[0m[0;30;47m [0m[0;30;47mS[0m[0;30;47mp[0m[0;30;47ma[0m[0;30;47mc[0m[0;30;47me[0m[0;30;47ms[0m[0;30;47m)[0m[0;30;47m:[0m[0;30;47m [0m[0;30;47m [0m[0;30;47m [0m[0;30;47m [0m[0;30;47m [0m[0;30;47m [0m[0;34;46m~[0m
[0;34;46m~[0m[0;30;47m [0m[0;30;47m [0m[0;30;47m [0m[0;30;47m [0m[0;30;47m [0m[0;30;47m [0m[0;30;47m [0m[0;30;47m [0m[0;30;47m [0m[0;30;47m [0m[0;30;47m [0m[0;30;47m [0m[0;30;47m [0m[0;30;47m [0m[0;30;47m [0m[0;30;47m [0m[0;30;47m [0m[0;30;47m [0m[0;30;47m [0m[0;30;47m [0m[0;30;47m [0m[0;30;47m|[0m[0;30;47mp[0m[0;30;47mo[0m[0;30;47mr[0m[0;30;47mt[0m[0;30;47ma[0m[0;30;47ml[0m[0;30;47m [0m[0;30;47m [0m[0;30;47m [0m[0;30;47m [0m[0;30;47m [0m[0;30;47m [0m[0;30;47m [0m[0;30;47m [0m[0;30;47m [0m[0;30;47m|[0m[0;30;47m [0m[0;30;47m [0m[0;30;47m [0m[0;30;47m [0m[0;30;47m [0m[0;30;47m [0m[0;30;47m [0m[0;30;47m [0m[0;30;47m [0m[0;30;47m [0m[0;30;47m [0m[0;30;47m [0m[0;30;47m [0m[0;30;47m [0m[0;30;47m [0m[0;30;47m [0m[0;30;47m [0m[0;30;47m [0m[0;30;47m [0m[0;30;47m [0m[0;30;47m [0m[0;30;47m [0m[0;30;47m [0m[0;30;47m [0m[0;34;46m~[0m[0;30;47m [0m[0;30;47m [0m[0;30;47m [0m[0;30;47m[[0m[0;30;47mO[0m[0;30;47mb[0m[0;30;47mj[0m[0;30;47m][0m[0;30;47m [0m[0;30;47ml[0m[0;30;47mi[0m[0;30;47md[0m[0;30;47m [0m[0;30;47m [0m[0;30;47m [0m[0;30;47m [0m[0;30;47m [0m[0;30;47m [0m[0;30;47m [0m[0;30;47m [0m[0;30;47ma[0m[0;30;47mt[0m[0;30;47m [0m[0;30;47mS[0m[0;30;47mp[0m[0;30;47ma[0m[0;30;47mc[0m[0;30;47me[0m[0;30;47m [0m[0;30;47m1[0m[0;30;47m2[0m[0;30;47m [0m[0;30;47m([0m[0;30;47mp[0m[0;30;47ma[0m[0;30;47mt[0m[0;30;47mh[0m[0;30;47m)[0m[0;30;47m [0m[0;30;47m [0m[0;30;47m [0m[0;30;47m [0m[0;30;47m [0m[0;30;47m [0m[0;30;47m [0m[0;34;46m~[0m
[0;34;46m~[0m[0;30;47m [0m[0;30;47m [0m[0;30;47m [0m[0;30;47m [0m[0;30;47m [0m[0;30;47m [0m[0;30;47m [0m[0;30;47m [0m[0;30;47m [0m[0;30;47m [0m[0;30;47m [0m[0;30;47m [0m[0;30;47m [0m[0;30;47m [0m[0;30;47m [0m[0;30;47m [0m[0;30;47m [0m[0;30;47m [0m[0;30;47m [0m[0;30;47m [0m[0;30;47m [0m[0;30;47m+[0m[0;30;47m-[0m[0;30;47m-[0m[0;30;47m-[0m[0;30;47m-[0m[0;30;47m-[0m[0;30;47m-[0m[0;30;47m-[0m[0;30;47m-[0m[0;30;47m-[0m[0;30;47m-[0m[0;30;47m-[0m[0;30;47m-[0m[0;30;47m-[0m[0;30;47m-[0m[0;30;47m-[0m[0;30;47m+[0m[0;30;47m [0m[0;30;47m [0m[0;30;47m [0m[0;30;47m [0m[0;30;47m [0m[0;30;47m [0m[0;30;47m [0m[0;30;47m [0m[0;30;47m [0m[0;30;47m [0m[0;30;47m [0m[0;30;47m [0m[0;30;47m [0m[0;30;47m [0m[0;30;47m [0m[0;30;47m [0m[0;30;47m [0m[0;30;47m [0m[0;30;47m [0m[0;30;47m [0m[0;30;47m [0m[0;30;47m [0m[0;30;47m [0m[0;30;47m [0m[0;34;46m~[0m[0;30;47m [0m[0;30;47m [0m[0;30;47m [0m[0;30;47m[[0m[0;30;47mO[0m[0;30;47mb[0m[0;30;47mj[0m[0;30;47m][0m[0;30;47m [0m[0;30;47mm[0m[0;30;47ma[0m[0;30;47mi[0m[0;30;47ml[0m[0;30;47m [0m[0;30;47m [0m[0;30;47m [0m[0;30;47m [0m[0;30;47m [0m[0;30;47m [0m[0;30;47m [0m[0;30;47ma[0m[0;30;47mt[0m[0;30;47m [0m[0;30;47mS[0m[0;30;47mp[0m[0;30;47ma[0m[0;30;47mc[0m[0;30;47me[0m[0;30;47m [0m[0;30;47m1[0m[0;30;47m3[0m[0;30;47m [0m[0;30;47m([0m[0;30;47mh[0m[0;30;47ma[0m[0;30;47ml[0m[0;30;47ml[0m[0;30;47m)[0m[0;30;47m [0m[0;30;47m [0m[0;30;47m [0m[0;30;47m [0m[0;30;47m [0m[0;30;47m [0m[0;30;47m [0m[0;34;46m~[0m
[0;34;46m~[0m[0;30;47m [0m[0;30;47m [0m[0;30;47m [0m[0;30;47m [0m[0;30;47m [0m[0;30;47m [0m[0;30;47m [0m[0;30;47m [0m[0;30;47m [0m[0;30;47m [0m[0;30;47m [0m[0;30;47m [0m[0;30;47m [0m[0;30;47m [0m[0;30;47m [0m[0;30;47m [0m[0;30;47m [0m[0;30;47m [0m[0;30;47m [0m[0;30;47m [0m[0;30;47m [0m[0;30;47m [0m[0;30;47m [0m[0;30;47m [0m[0;30;47m [0m[0;30;47m [0m[0;30;47m [0m[0;30;47m [0m[0;30;47m [0m[0;30;47mv[0m[0;30;47m [0m[0;30;47m [0m[0;30;47m [0m[0;30;47m [0m[0;30;47m [0m[0;30;47m [0m[0;30;47m [0m[0;30;47m [0m[0;30;47m [0m[0;30;47m [0m[0;30;47m [0m[0;30;47m [0m[0;30;47m [0m[0;30;47m [0m[0;30;47m [0m[0;30;47m [0m[0;30;47m [0m[0;30;47m [0m[0;30;47m [0m[0;30;47m [0m[0;30;47m [0m[0;30;47m [0m[0;30;47m [0m[0;30;47m [0m[0;30;47m [0m[0;30;47m [0m[0;30;47m [0m[0;30;47m [0m[0;30;47m [0m[0;30;47m [0m[0;30;47m [0m[0;30;47m [0m[0;34;46m~[0m[0;30;47m [0m[0;30;47m [0m[0;30;47m [0m[0;30;47m[[0m[0;30;47mO[0m[0;30;47mb[0m[0;30;47mj[0m[0;30;47m][0m[0;30;47m [0m[0;30;47mb[0m[0;30;47mo[0m[0;30;47mw[0m[0;30;47m [0m[0;30;47m [0m[0;30;47m [0m[0;30;47m [0m[0;30;47m [0m[0;30;47m [0m[0;30;47m [0m[0;30;47m [0m[0;30;47ma[0m[0;30;47mt[0m[0;30;47m [0m[0;30;47mS[0m[0;30;47mp[0m[0;30;47ma[0m[0;30;47mc[0m[0;30;47me[0m[0;30;47m [0m[0;30;47m1[0m[0;30;47m4[0m[0;30;47m [0m[0;30;47m([0m[0;30;47mf[0m[0;30;47mi[0m[0;30;47mr[0m[0;30;47me[0m[0;30;47m)[0m[0;30;47m [0m[0;30;47m [0m[0;30;47m [0m[0;30;47m [0m[0;30;47m [0m[0;30;47m [0m[0;30;47m [0m[0;34;46m~[0m
[0;34;46m~[0m[0;30;47m [0m[0;30;47m [0m[0;30;47m [0m[0;30;47m [0m[0;30;47m [0m[0;30;47m [0m[0;30;47m [0m[0;30;47m [0m[0;30;47m [0m[0;30;47m [0m[0;30;47m [0m[0;30;47m [0m[0;30;47m [0m[0;30;47m [0m[0;30;47m [0m[0;30;47m [0m[0;30;47m [0m[0;30;47m [0m[0;30;47m [0m[0;30;47m [0m[0;30;47m [0m[0;30;47m+[0m[0;30;47m-[0m[0;30;47m-[0m[0;30;47m-[0m[0;30;47m-[0m[0;30;47m-[0m[0;30;47m-[0m[0;30;47m-[0m[0;30;47m-[0m[0;30;47m-[0m[0;30;47m-[0m[0;30;47m-[0m[0;30;47m-[0m[0;30;47m-[0m[0;30;47m-[0m[0;30;47m-[0m[0;30;47m+[0m[0;30;47m [0m[0;30;47m [0m[0;30;47m [0m[0;30;47m [0m[0;30;47m [0m[0;30;47m [0m[0;30;47m [0m[0;30;47m [0m[0;30;47m [0m[0;30;47m [0m[0;30;47m [0m[0;30;47m [0m[0;30;47m [0m[0;30;47m [0m[0;30;47m [0m[0;30;47m [0m[0;30;47m [0m[0;30;47m [0m[0;30;47m [0m[0;30;47m [0m[0;30;47m [0m[0;30;47m [0m[0;30;47m [0m[0;30;47m [0m[0;34;46m~[0m[0;30;47m [0m[0;30;47m [0m[0;30;47m [0m[0;30;47m[[0m[0;30;47mO[0m[0;30;47mb[0m[0;30;47mj[0m[0;30;47m][0m[0;30;47m [0m[0;30;47mv[0m[0;30;47mi[0m[0;30;47ma[0m[0;30;47ml[0m[0;30;47m [0m[0;30;47m [0m[0;30;47m [0m[0;30;47m [0m[0;30;47m [0m[0;30;47m [0m[0;30;47m [0m[0;30;47ma[0m[0;30;47mt[0m[0;30;47m [0m[0;30;47mS[0m[0;30;47mp[0m[0;30;47ma[0m[0;30;47mc[0m[0;30;47me[0m[0;30;47m [0m[0;30;47m1[0m[0;30;47m4[0m[0;30;47m [0m[0;30;47m([0m[0;30;47mf[0m[0;30;47mi[0m[0;30;47mr[0m[0;30;47me[0m[0;30;47m)[0m[0;30;47m [0m[0;30;47m [0m[0;30;47m [0m[0;30;47m [0m[0;30;47m [0m[0;30;47m [0m[0;30;47m [0m[0;34;46m~[0m
[0;34;46m~[0m[0;30;47m [0m[0;30;47m [0m[0;30;47m [0m[0;30;47m [0m[0;30;47m [0m[0;30;47m [0m[0;30;47m [0m[0;30;47m [0m[0;30;47m [0m[0;30;47m [0m[0;30;47m [0m[0;30;47m [0m[0;30;47m [0m[0;30;47m [0m[0;30;47m [0m[0;30;47m [0m[0;30;47m [0m[0;30;47m [0m[0;30;47m [0m[0;30;47m [0m[0;30;47m [0m[0;30;47m|[0m[0;30;47m [0m[0;30;47m [0m[0;30;47m [0m[0;30;47m [0m[0;30;47m [0m[0;30;47m [0m[0;30;47m\[0m[0;30;47mV[0m[0;30;47mo[0m[0;30;47m/[0m[0;30;47m [0m[0;30;47m [0m[0;30;47m [0m[0;30;47m1[0m[0;30;47m2[0m[0;30;47m|[0m[0;30;47m [0m[0;30;47m [0m[0;30;47m [0m[0;30;47m [0m[0;30;47m [0m[0;30;47m [0m[0;30;47m [0m[0;30;47m [0m[0;30;47m [0m[0;30;47m [0m[0;30;47m [0m[0;30;47m [0m[0;30;47m [0m[0;30;47m [0m[0;30;47m [0m[0;30;47m [0m[0;30;47m [0m[0;30;47m [0m[0;30;47m [0m[0;30;47m [0m[0;30;47m [0m[0;30;47m [0m[0;30;47m [0m[0;30;47m [0m[0;34;46m~[0m[0;30;47m [0m[0;30;47m [0m[0;30;47m [0m[0;30;47m[[0m[0;30;47mO[0m[0;30;47mb[0m[0;30;47mj[0m[0;30;47m][0m[0;30;47m [0m[0;30;47mp[0m[0;30;47mo[0m[0;30;47mr[0m[0;30;47mt[0m[0;30;47ma[0m[0;30;47ml[0m[0;30;47m [0m[0;30;47m [0m[0;30;47m [0m[0;30;47m [0m[0;30;47m [0m[0;30;47ma[0m[0;30;47mt[0m[0;30;47m [0m[0;30;47mS[0m[0;30;47mp[0m[0;30;47ma[0m[0;30;47mc[0m[0;30;47me[0m[0;30;47m [0m[0;30;47m1[0m[0;30;47m1[0m[0;30;47m [0m[0;30;47m([0m[0;30;47mp[0m[0;30;47mi[0m[0;30;47mt[0m[0;30;47m)[0m[0;30;47m [0m[0;30;47m [0m[0;30;47m [0m[0;30;47m [0m[0;30;47m [0m[0;30;47m [0m[0;30;47m [0m[0;30;47m [0m[0;34;46m~[0m
[0;34;46m~[0m[0;30;47m [0m[0;30;47m [0m[0;30;47m [0m[0;30;47m [0m[0;30;47m [0m[0;30;47m [0m[0;30;47m [0m[0;30;47m [0m[0;30;47m [0m[0;30;47m [0m[0;30;47m [0m[0;30;47m [0m[0;30;47m [0m[0;30;47m [0m[0;30;47m [0m[0;30;47m [0m[0;30;47m [0m[0;30;47m [0m[0;30;47m [0m[0;30;47m [0m[0;30;47m [0m[0;30;47m|[0m[0;30;47m [0m[0;30;47m [0m[0;30;47m [0m[0;30;47m [0m[0;30;47m#[0m[0;30;47m_[0m[0;30;47m_[0m[0;30;47m_[0m[0;30;47m#[0m[0;30;47m [0m[0;30;47m [0m[0;30;47m [0m[0;30;47m [0m[0;30;47m [0m[0;30;47m [0m[0;30;47m|[0m[0;30;47m [0m[0;30;47m [0m[0;30;47m [0m[0;30;47m [0m[0;30;47m [0m[0;30;47m [0m[0;30;47m [0m[0;30;47m [0m[0;30;47m [0m[0;30;47m [0m[0;30;47m [0m[0;30;47m [0m[0;30;47m [0m[0;30;47m [0m[0;30;47m [0m[0;30;47m [0m[0;30;47m [0m[0;30;47m [0m[0;30;47m [0m[0;30;47m [0m[0;30;47m [0m[0;30;47m [0m[0;30;47m [0m[0;30;47m [0m[0;34;46m~[0m[0;30;47m [0m[0;30;47m [0m[0;30;47m [0m[0;30;47m[[0m[0;30;47mO[0m[0;30;47mb[0m[0;30;47mj[0m[0;30;47m][0m[0;30;47m [0m[0;30;47mw[0m[0;30;47ma[0m[0;30;47mx[0m[0;30;47m [0m[0;30;47m [0m[0;30;47m [0m[0;30;47m [0m[0;30;47m [0m[0;30;47m [0m[0;30;47m [0m[0;30;47m [0m[0;30;47ma[0m[0;30;47mt[0m[0;30;47m [0m[0;30;47mS[0m[0;30;47mp[0m[0;30;47ma[0m[0;30;47mc[0m[0;30;47me[0m[0;30;47m [0m[0;30;47m1[0m[0;30;47m4[0m[0;30;47m [0m[0;30;47m([0m[0;30;47mf[0m[0;30;47mi[0m[0;30;47mr[0m[0;30;47me[0m[0;30;47m)[0m[0;30;47m [0m[0;30;47m [0m[0;30;47m [0m[0;30;47m [0m[0;30;47m [0m[0;30;47m [0m[0;30;47m [0m[0;34;46m~[0m
[0;34;46m~[0m[0;30;47m [0m[0;30;47m [0m[0;30;47m [0m[0;30;47m [0m[0;30;47m [0m[0;30;47m [0m[0;30;47m [0m[0;30;47m [0m[0;30;47m [0m[0;30;47m [0m[0;30;47m [0m[0;30;47m [0m[0;30;47m [0m[0;30;47m [0m[0;30;47m [0m[0;30;47m [0m[0;30;47m [0m[0;30;47m [0m[0;30;47m [0m[0;30;47m [0m[0;30;47m [0m[0;30;47m|[0m[0;30;47m [0m[0;30;47m [0m[0;30;47m [0m[0;30;47m [0m[0;30;47m#[0m[0;30;47m_[0m[0;30;47m_[0m[0;30;47m_[0m[0;30;47m#[0m[0;30;47m [0m[0;30;47m [0m[0;30;47m [0m[0;30;47m [0m[0;30;47m [0m[0;30;47m [0m[0;30;47m|[0m[0;30;47m [0m[0;30;47m [0m[0;30;47m [0m[0;30;47m [0m[0;30;47m [0m[0;30;47m [0m[0;30;47m [0m[0;30;47m [0m[0;30;47m [0m[0;30;47m [0m[0;30;47m [0m[0;30;47m [0m[0;30;47m [0m[0;30;47m [0m[0;30;47m [0m[0;30;47m [0m[0;30;47m [0m[0;30;47m [0m[0;30;47m [0m[0;30;47m [0m[0;30;47m [0m[0;30;47m [0m[0;30;47m [0m[0;30;47m [0m[0;34;46m~[0m[0;30;47m [0m[0;30;47m [0m[0;30;47m [0m[0;30;47m[[0m[0;30;47mO[0m[0;30;47mb[0m[0;30;47mj[0m[0;30;47m][0m[0;30;47m [0m[0;30;47mf[0m[0;30;47mi[0m[0;30;47mg[0m[0;30;47m [0m[0;30;47m [0m[0;30;47m [0m[0;30;47m [0m[0;30;47m [0m[0;30;47m [0m[0;30;47m [0m[0;30;47m [0m[0;30;47ma[0m[0;30;47mt[0m[0;30;47m [0m[0;30;47mS[0m[0;30;47mp[0m[0;30;47ma[0m[0;30;47mc[0m[0;30;47me[0m[0;30;47m [0m[0;30;47m1[0m[0;30;47m4[0m[0;30;47m [0m[0;30;47m([0m[0;30;47mf[0m[0;30;47mi[0m[0;30;47mr[0m[0;30;47me[0m[0;30;47m)[0m[0;30;47m [0m[0;30;47m [0m[0;30;47m [0m[0;30;47m [0m[0;30;47m [0m[0;30;47m [0m[0;30;47m [0m[0;34;46m~[0m
[0;34;46m~[0m[0;30;47m [0m[0;30;47m [0m[0;30;47m [0m[0;30;47m [0m[0;30;47m [0m[0;30;47m [0m[0;30;47m [0m[0;30;47m [0m[0;30;47m [0m[0;30;47m [0m[0;30;47m [0m[0;30;47m [0m[0;30;47m [0m[0;30;47m [0m[0;30;47m [0m[0;30;47m [0m[0;30;47m [0m[0;30;47m [0m[0;30;47m [0m[0;30;47m [0m[0;30;47m [0m[0;30;47m|[0m[0;30;47m [0m[0;30;47m [0m[0;30;47m [0m[0;30;47m [0m[0;30;47m#[0m[0;30;47m_[0m[0;30;47m_[0m[0;30;47m_[0m[0;30;47m#[0m[0;30;47m [0m[0;30;47m [0m[0;30;47m [0m[0;30;47m [0m[0;30;47m [0m[0;30;47m [0m[0;30;47m|[0m[0;30;47m [0m[0;30;47m [0m[0;30;47m [0m[0;30;47m [0m[0;30;47m [0m[0;30;47m [0m[0;30;47m [0m[0;30;47m [0m[0;30;47m [0m[0;30;47m [0m[0;30;47m [0m[0;30;47m [0m[0;30;47m [0m[0;30;47m [0m[0;30;47m [0m[0;30;47m [0m[0;30;47m [0m[0;30;47m [0m[0;30;47m [0m[0;30;47m [0m[0;30;47m [0m[0;30;47m [0m[0;30;47m [0m[0;30;47m [0m[0;34;46m~[0m[0;30;47m [0m[0;30;47m [0m[0;30;47m [0m[0;30;47m[[0m[0;30;47mO[0m[0;30;47mb[0m[0;30;47mj[0m[0;30;47m][0m[0;30;47m [0m[0;30;47mc[0m[0;30;47mo[0m[0;30;47mi[0m[0;30;47mn[0m[0;30;47m [0m[0;30;47m [0m[0;30;47m [0m[0;30;47m [0m[0;30;47m [0m[0;30;47m [0m[0;30;47m [0m[0;30;47ma[0m[0;30;47mt[0m[0;30;47m [0m[0;30;47mS[0m[0;30;47mp[0m[0;30;47ma[0m[0;30;47mc[0m[0;30;47me[0m[0;30;47m [0m[0;30;47m1[0m[0;30;47m2[0m[0;30;47m [0m[0;30;47m([0m[0;30;47mp[0m[0;30;47ma[0m[0;30;47mt[0m[0;30;47mh[0m[0;30;47m)[0m[0;30;47m [0m[0;30;47m [0m[0;30;47m [0m[0;30;47m [0m[0;30;47m [0m[0;30;47m [0m[0;30;47m [0m[0;34;46m~[0m
[0;34;46m~[0m[0;30;47m [0m[0;30;47m [0m[0;30;47m [0m[0;30;47m [0m[0;30;47m [0m[0;30;47m [0m[0;30;47m [0m[0;30;47m [0m[0;30;47m [0m[0;30;47m [0m[0;30;47m [0m[0;30;47m [0m[0;30;47m [0m[0;30;47m [0m[0;30;47m [0m[0;30;47m [0m[0;30;47m [0m[0;30;47m [0m[0;30;47m [0m[0;30;47m [0m[0;30;47m [0m[0;30;47m|[0m[0;30;47m [0m[0;30;47m [0m[0;30;47m [0m[0;30;47m [0m[0;30;47m#[0m[0;30;47m_[0m[0;30;47m_[0m[0;30;47m_[0m[0;30;47m#[0m[0;30;47m [0m[0;30;47m [0m[0;30;47m [0m[0;30;47m [0m[0;30;47m [0m[0;30;47m [0m[0;30;47m|[0m[0;30;47m [0m[0;30;47m [0m[0;30;47m [0m[0;30;47m [0m[0;30;47m [0m[0;30;47m [0m[0;30;47m [0m[0;30;47m [0m[0;30;47m [0m[0;30;47m [0m[0;30;47m [0m[0;30;47m [0m[0;30;47m [0m[0;30;47m [0m[0;30;47m [0m[0;30;47m [0m[0;30;47m [0m[0;30;47m [0m[0;30;47m [0m[0;30;47m [0m[0;30;47m [0m[0;30;47m [0m[0;30;47m [0m[0;30;47m [0m[0;34;46m~[0m[0;30;47m [0m[0;30;47m [0m[0;30;47m [0m[0;30;47m[[0m[0;30;47mO[0m[0;30;47mb[0m[0;30;47mj[0m[0;30;47m][0m[0;30;47m [0m[0;30;47ml[0m[0;30;47mo[0m[0;30;47ma[0m[0;30;47mf[0m[0;30;47m [0m[0;30;47m [0m[0;30;47m [0m[0;30;47m [0m[0;30;47m [0m[0;30;47m [0m[0;30;47m [0m[0;30;47ma[0m[0;30;47mt[0m[0;30;47m [0m[0;30;47mS[0m[0;30;47mp[0m[0;30;47ma[0m[0;30;47mc[0m[0;30;47me[0m[0;30;47m [0m[0;30;47m1[0m[0;30;47m4[0m[0;30;47m [0m[0;30;47m([0m[0;30;47mf[0m[0;30;47mi[0m[0;30;47mr[0m[0;30;47me[0m[0;30;47m)[0m[0;30;47m [0m[0;30;47m [0m[0;30;47m [0m[0;30;47m [0m[0;30;47m [0m[0;30;47m [0m[0;30;47m [0m[0;34;46m~[0m
[0;34;46m~[0m[0;30;47m [0m[0;30;47m [0m[0;30;47m [0m[0;30;47m [0m[0;30;47m [0m[0;30;47m [0m[0;30;47m [0m[0;30;47m [0m[0;30;47m [0m[0;30;47m [0m[0;30;47m [0m[0;30;47m [0m[0;30;47m [0m[0;30;47m [0m[0;30;47m [0m[0;30;47m [0m[0;30;47m [0m[0;30;47m [0m[0;30;47m [0m[0;30;47m [0m[0;30;47m [0m[0;30;47m|[0m[0;30;47m [0m[0;30;47m [0m[0;30;47m [0m[0;30;47m [0m[0;30;47m#[0m[0;30;47m [0m[0;30;47m [0m[0;30;47m [0m[0;30;47m#[0m[0;30;47m [0m[0;30;47m [0m[0;30;47m [0m[0;30;47m [0m[0;30;47m [0m[0;30;47m [0m[0;30;47m|[0m[0;30;47m [0m[0;30;47m [0m[0;30;47m [0m[0;30;47m [0m[0;30;47m [0m[0;30;47m [0m[0;30;47m [0m[0;30;47m [0m[0;30;47m [0m[0;30;47m [0m[0;30;47m [0m[0;30;47m [0m[0;30;47m [0m[0;30;47m [0m[0;30;47m [0m[0;30;47m [0m[0;30;47m [0m[0;30;47m [0m[0;30;47m [0m[0;30;47m [0m[0;30;47m [0m[0;30;47m [0m[0;30;47m [0m[0;30;47m [0m[0;34;46m~[0m[0;30;47m [0m[0;30;47m [0m[0;30;47m [0m[0;30;47m[[0m[0;30;47mO[0m[0;30;47mb[0m[0;30;47mj[0m[0;30;47m][0m[0;30;47m [0m[0;30;47mc[0m[0;30;47mu[0m[0;30;47mp[0m[0;30;47m [0m[0;30;47m [0m[0;30;47m [0m[0;30;47m [0m[0;30;47m [0m[0;30;47m [0m[0;30;47m [0m[0;30;47m [0m[0;30;47ma[0m[0;30;47mt[0m[0;30;47m [0m[0;30;47mS[0m[0;30;47mp[0m[0;30;47ma[0m[0;30;47mc[0m[0;30;47me[0m[0;30;47m [0m[0;30;47m1[0m[0;30;47m3[0m[0;30;47m [0m[0;30;47m([0m[0;30;47mh[0m[0;30;47ma[0m[0;30;47ml[0m[0;30;47ml[0m[0;30;47m)[0m[0;30;47m [0m[0;30;47m [0m[0;30;47m [0m[0;30;47m [0m[0;30;47m [0m[0;30;47m [0m[0;30;47m [0m[0;34;46m~[0m
[0;34;46m~[0m[0;30;47m [0m[0;30;47m [0m[0;30;47m [0m[0;30;47m [0m[0;30;47m [0m[0;30;47m [0m[0;30;47m [0m[0;30;47m [0m[0;30;47m [0m[0;30;47m [0m[0;30;47m [0m[0;30;47m [0m[0;30;47m [0m[0;30;47m [0m[0;30;47m [0m[0;30;47m [0m[0;30;47m [0m[0;30;47m [0m[0;30;47m [0m[0;30;47m [0m[0;30;47m [0m[0;30;47m|[0m[0;30;47ml[0m[0;30;47mi[0m[0;30;47md[0m[0;30;47m,[0m[0;30;47mc[0m[0;30;47mo[0m[0;30;47mi[0m[0;30;47mn[0m[0;30;47m [0m[0;30;47m [0m[0;30;47m [0m[0;30;47m [0m[0;30;47m [0m[0;30;47m [0m[0;30;47m [0m[0;30;47m|[0m[0;30;47m [0m[0;30;47m [0m[0;30;47m [0m[0;30;47m [0m[0;30;47m [0m[0;30;47m [0m[0;30;47m [0m[0;30;47m [0m[0;30;47m [0m[0;30;47m [0m[0;30;47m [0m[0;30;47m [0m[0;30;47m [0m[0;30;47m [0m[0;30;47m [0m[0;30;47m [0m[0;30;47m [0m[0;30;47m [0m[0;30;47m [0m[0;30;47m [0m[0;30;47m [0m[0;30;47m [0m[0;30;47m [0m[0;30;47m [0m[0;34;46m~[0m[0;30;47m [0m[0;30;47m [0m[0;30;47m [0m[0;30;47m[[0m[0;30;47mC[0m[0;30;47mh[0m[0;30;47mr[0m[0;30;47m][0m[0;30;47m [0m[0;30;47m [0m[0;30;47m\[0m[0;30;47mV[0m[0;30;47mo[0m[0;30;47m/[0m[0;30;47m [0m[0;30;47m [0m[0;30;47ma[0m[0;30;47mt[0m[0;30;47m [0m[0;30;47mS[0m[0;30;47mp[0m[0;30;47ma[0m[0;30;47mc[0m[0;30;47me[0m[0;30;47m [0m[0;30;47m1[0m[0;30;47m2[0m[0;30;47m [0m[0;30;47m([0m[0;30;47mp[0m[0;30;47ma[0m[0;30;47mt[0m[0;30;47mh[0m[0;30;47m)[0m[0;30;47m [0m[0;30;47m([0m[0;30;47mH[0m[0;30;47mP[0m[0;30;47m:[0m[0;30;47m5[0m[0;30;47m)[0m[0;30;47m [0m[0;30;47m [0m[0;30;47m [0m[0;30;47m [0m[0;34;46m~[0m
[0;34;46m~[0m[0;30;47m [0m[0;30;47m [0m[0;30;47m [0m[0;30;47m [0m[0;30;47m [0m[0;30;47m [0m[0;30;47m [0m[0;30;47m [0m[0;30;47m [0m[0;30;47m [0m[0;30;47m [0m[0;30;47m [0m[0;30;47m [0m[0;30;47m [0m[0;30;47m [0m[0;30;47m [0m[0;30;47m [0m[0;30;47m [0m[0;30;47m [0m[0;30;47m [0m[0;30;47m [0m[0;30;47m+[0m[0;30;47m-[0m[0;30;47m-[0m[0;30;47m-[0m[0;30;47m-[0m[0;30;47m-[0m[0;30;47m-[0m[0;30;47m-[0m[0;30;47m-[0m[0;30;47m-[0m[0;30;47m-[0m[0;30;47m-[0m[0;30;47m-[0m[0;30;47m-[0m[0;30;47m-[0m[0;30;47m-[0m[0;30;47m+[0m[0;30;47m [0m[0;30;47m [0m[0;30;47m [0m[0;30;47m [0m[0;30;47m [0m[0;30;47m [0m[0;30;47m [0m[0;30;47m [0m[0;30;47m [0m[0;30;47m [0m[0;30;47m [0m[0;30;47m [0m[0;30;47m [0m[0;30;47m [0m[0;30;47m [0m[0;30;47m [0m[0;30;47m [0m[0;30;47m [0m[0;30;47m [0m[0;30;47m [0m[0;30;47m [0m[0;30;47m [0m[0;30;47m [0m[0;30;47m [0m[0;34;46m~[0m[0;30;47m [0m[0;30;47m [0m[0;30;47m [0m[0;30;47m[[0m[0;30;47mC[0m[0;30;47mh[0m[0;30;47mr[0m[0;30;47m][0m[0;30;47m [0m[0;30;47m [0m[0;30;47m\[0m[0;30;47mS[0m[0;30;47me[0m[0;30;47m/[0m[0;30;47m [0m[0;30;47m [0m[0;30;47ma[0m[0;30;47mt[0m[0;30;47m [0m[0;30;47mS[0m[0;30;47mp[0m[0;30;47ma[0m[0;30;47mc[0m[0;30;47me[0m[0;30;47m [0m[0;30;47m1[0m[0;30;47m1[0m[0;30;47m [0m[0;30;47m([0m[0;30;47mp[0m[0;30;47mi[0m[0;30;47mt[0m[0;30;47m)[0m[0;30;47m [0m[0;30;47m([0m[0;30;47mH[0m[0;30;47mP[0m[0;30;47m:[0m[0;30;47m5[0m[0;30;47m)[0m[0;30;47m [0m[0;30;47m [0m[0;30;47m [0m[0;30;47m [0m[0;30;47m [0m[0;34;46m~[0m
[0;34;46m~[0m[0;30;47m [0m[0;30;47m [0m[0;30;47m [0m[0;30;47m [0m[0;30;47m [0m[0;30;47m [0m[0;30;47m [0m[0;30;47m [0m[0;30;47m [0m[0;30;47m [0m[0;30;47m [0m[0;30;47m [0m[0;30;47m [0m[0;30;47m [0m[0;30;47m [0m[0;30;47m [0m[0;30;47m [0m[0;30;47m [0m[0;30;47m [0m[0;30;47m [0m[0;30;47m [0m[0;30;47m [0m[0;30;47m [0m[0;30;47m [0m[0;30;47m [0m[0;30;47m [0m[0;30;47m [0m[0;30;47m [0m[0;30;47m [0m[0;30;47m [0m[0;30;47m [0m[0;30;47m [0m[0;30;47m [0m[0;30;47m [0m[0;30;47m [0m[0;30;47m [0m[0;30;47m [0m[0;30;47m [0m[0;30;47m [0m[0;30;47m [0m[0;30;47m [0m[0;30;47m [0m[0;30;47m [0m[0;30;47m [0m[0;30;47m [0m[0;30;47m [0m[0;30;47m [0m[0;30;47m [0m[0;30;47m [0m[0;30;47m [0m[0;30;47m [0m[0;30;47m [0m[0;30;47m [0m[0;30;47m [0m[0;30;47m [0m[0;30;47m [0m[0;30;47m [0m[0;30;47m [0m[0;30;47m [0m[0;30;47m [0m[0;30;47m [0m[0;30;47m [0m[0;34;46m~[0m[0;30;47m [0m[0;30;47m [0m[0;30;47m-[0m[0;30;47m-[0m[0;30;47m-[0m[0;30;47m-[0m[0;30;47m-[0m[0;30;47m-[0m[0;30;47m-[0m[0;30;47m-[0m[0;30;47m-[0m[0;30;47m-[0m[0;30;47m-[0m[0;30;47m-[0m[0;30;47m-[0m[0;30;47m-[0m[0;30;47m-[0m[0;30;47m-[0m[0;30;47m-[0m[0;30;47m-[0m[0;30;47m-[0m[0;30;47m-[0m[0;30;47m-[0m[0;30;47m-[0m[0;30;47m-[0m[0;30;47m-[0m[0;30;47m-[0m[0;30;47m-[0m[0;30;47m-[0m[0;30;47m-[0m[0;30;47m-[0m[0;30;47m-[0m[0;30;47m-[0m[0;30;47m-[0m[0;30;47m-[0m[0;30;47m-[0m[0;30;47m-[0m[0;30;47m-[0m[0;30;47m-[0m[0;30;47m-[0m[0;30;47m-[0m[0;30;47m-[0m[0;30;47m-[0m[0;30;47m [0m[0;30;47m [0m[0;34;46m~[0m
[0;34;46m~[0m[0;30;47m [0m[0;30;47m [0m[0;30;47m [0m[0;30;47m [0m[0;30;47m [0m[0;30;47m [0m[0;30;47m [0m[0;30;47m [0m[0;30;47m [0m[0;30;47m [0m[0;30;47m [0m[0;30;47m [0m[0;30;47m [0m[0;30;47m [0m[0;30;47m [0m[0;30;47m [0m[0;30;47m [0m[0;30;47m [0m[0;30;47m [0m[0;30;47m [0m[0;30;47m [0m[0;30;47m [0m[0;30;47m [0m[0;30;47m [0m[0;30;47m [0m[0;30;47m [0m[0;30;47m [0m[0;30;47m [0m[0;30;47m [0m[0;30;47m [0m[0;30;47m [0m[0;30;47m [0m[0;30;47m [0m[0;30;47m [0m[0;30;47m [0m[0;30;47m [0m[0;30;47m [0m[0;30;47m [0m[0;30;47m [0m[0;30;47m [0m[0;30;47m [0m[0;30;47m [0m[0;30;47m [0m[0;30;47m [0m[0;30;47m [0m[0;30;47m [0m[0;30;47m [0m[0;30;47m [0m[0;30;47m [0m[0;30;47m [0m[0;30;47m [0m[0;30;47m [0m[0;30;47m [0m[0;30;47m [0m[0;30;47m [0m[0;30;47m [0m[0;30;47m [0m[0;30;47m [0m[0;30;47m [0m[0;30;47m [0m[0;30;47m [0m[0;30;47m [0m[0;34;46m~[0m[0;30;47m [0m[0;30;47m [0m[0;30;47m [0m[0;30;47m [0m[0;30;47m [0m[0;30;47m [0m[0;30;47m [0m[0;30;47m [0m[0;30;47m [0m[0;30;47m [0m[0;30;47m [0m[0;30;47m [0m[0;30;47m [0m[0;30;47m [0m[0;30;47m [0m[0;30;47m [0m[0;30;47m [0m[0;30;47m [0m[0;30;47m [0m[0;30;47m [0m[0;30;47m [0m[0;30;47m [0m[0;30;47m [0m[0;30;47m [0m[0;30;47m [0m[0;30;47m [0m[0;30;47m [0m[0;30;47m [0m[0;30;47m [0m[0;30;47m [0m[0;30;47m [0m[0;30;47m [0m[0;30;47m [0m[0;30;47m [0m[0;30;47m [0m[0;30;47m [0m[0;30;47m [0m[0;30;47m [0m[0;30;47m [0m[0;30;47m [0m[0;30;47m [0m[0;30;47m [0m[0;30;47m [0m[0;30;47m [0m[0;30;47m [0m[0;34;46m~[0m
[0;34;46m~[0m[0;30;47m [0m[0;30;47m [0m[0;30;47m [0m[0;30;47m [0m[0;30;47m [0m[0;30;47m [0m[0;30;47m [0m[0;30;47m [0m[0;30;47m [0m[0;30;47m [0m[0;30;47m [0m[0;30;47m [0m[0;30;47m [0m[0;30;47m [0m[0;30;47m [0m[0;30;47m [0m[0;30;47m [0m[0;30;47m [0m[0;30;47m [0m[0;30;47m [0m[0;30;47m [0m[0;30;47m [0m[0;30;47m [0m[0;30;47m [0m[0;30;47m [0m[0;30;47m [0m[0;30;47m [0m[0;30;47m [0m[0;30;47m [0m[0;30;47m [0m[0;30;47m [0m[0;30;47m [0m[0;30;47m [0m[0;30;47m [0m[0;30;47m [0m[0;30;47m [0m[0;30;47m [0m[0;30;47m [0m[0;30;47m [0m[0;30;47m [0m[0;30;47m [0m[0;30;47m [0m[0;30;47m [0m[0;30;47m [0m[0;30;47m [0m[0;30;47m [0m[0;30;47m [0m[0;30;47m [0m[0;30;47m [0m[0;30;47m [0m[0;30;47m [0m[0;30;47m [0m[0;30;47m [0m[0;30;47m [0m[0;30;47m [0m[0;30;47m [0m[0;30;47m [0m[0;30;47m [0m[0;30;47m [0m[0;30;47m [0m[0;30;47m [0m[0;30;47m [0m[0;34;46m~[0m[0;30;47m [0m[0;30;47m [0m[0;30;47m [0m[0;30;47m [0m[0;30;47m [0m[0;30;47m [0m[0;30;47m [0m[0;30;47m [0m[0;30;47m [0m[0;30;47m [0m[0;30;47m [0m[0;30;47m [0m[0;30;47m [0m[0;30;47m [0m[0;30;47m [0m[0;30;47m [0m[0;30;47m [0m[0;30;47m [0m[0;30;47m [0m[0;30;47m [0m[0;30;47m [0m[0;30;47m [0m[0;30;47m [0m[0;30;47m [0m[0;30;47m [0m[0;30;47m [0m[0;30;47m [0m[0;30;47m [0m[0;30;47m [0m[0;30;47m [0m[0;30;47m [0m[0;30;47m [0m[0;30;47m [0m[0;30;47m [0m[0;30;47m [0m[0;30;47m [0m[0;30;47m [0m[0;30;47m [0m[0;30;47m [0m[0;30;47m [0m[0;30;47m [0m[0;30;47m [0m[0;30;47m [0m[0;30;47m [0m[0;30;47m [0m[0;34;46m~[0m
[0;34;46m~[0m[0;30;47m [0m[0;30;47m [0m[0;30;47m [0m[0;30;47m [0m[0;30;47m [0m[0;30;47m [0m[0;30;47m [0m[0;30;47m [0m[0;30;47m [0m[0;30;47m [0m[0;30;47m [0m[0;30;47m [0m[0;30;47m [0m[0;30;47m [0m[0;30;47m [0m[0;30;47m [0m[0;30;47m [0m[0;30;47m [0m[0;30;47m [0m[0;30;47m [0m[0;30;47m [0m[0;30;47m [0m[0;30;47m [0m[0;30;47m [0m[0;30;47m [0m[0;30;47m [0m[0;30;47m [0m[0;30;47m [0m[0;30;47m [0m[0;30;47m [0m[0;30;47m [0m[0;30;47m [0m[0;30;47m [0m[0;30;47m [0m[0;30;47m [0m[0;30;47m [0m[0;30;47m [0m[0;30;47m [0m[0;30;47m [0m[0;30;47m [0m[0;30;47m [0m[0;30;47m [0m[0;30;47m [0m[0;30;47m [0m[0;30;47m [0m[0;30;47m [0m[0;30;47m [0m[0;30;47m [0m[0;30;47m [0m[0;30;47m [0m[0;30;47m [0m[0;30;47m [0m[0;30;47m [0m[0;30;47m [0m[0;30;47m [0m[0;30;47m [0m[0;30;47m [0m[0;30;47m [0m[0;30;47m [0m[0;30;47m [0m[0;30;47m [0m[0;30;47m [0m[0;34;46m~[0m[0;30;47m [0m[0;30;47m [0m[0;30;47m [0m[0;30;47m [0m[0;30;47m [0m[0;30;47m [0m[0;30;47m [0m[0;30;47m [0m[0;30;47m [0m[0;30;47m [0m[0;30;47m [0m[0;30;47m [0m[0;30;47m [0m[0;30;47m [0m[0;30;47m [0m[0;30;47m [0m[0;30;47m [0m[0;30;47m [0m[0;30;47m [0m[0;30;47m [0m[0;30;47m [0m[0;30;47m [0m[0;30;47m [0m[0;30;47m [0m[0;30;47m [0m[0;30;47m [0m[0;30;47m [0m[0;30;47m [0m[0;30;47m [0m[0;30;47m [0m[0;30;47m [0m[0;30;47m [0m[0;30;47m [0m[0;30;47m [0m[0;30;47m [0m[0;30;47m [0m[0;30;47m [0m[0;30;47m [0m[0;30;47m [0m[0;30;47m [0m[0;30;47m [0m[0;30;47m [0m[0;30;47m [0m[0;30;47m [0m[0;30;47m [0m[0;34;46m~[0m
[0;34;46m~[0m[0;30;47m [0m[0;30;47m [0m[0;30;47m [0m[0;30;47m [0m[0;30;47m [0m[0;30;47m [0m[0;30;47m [0m[0;30;47m [0m[0;30;47m [0m[0;30;47m [0m[0;30;47m [0m[0;30;47m [0m[0;30;47m [0m[0;30;47m [0m[0;30;47m [0m[0;30;47m [0m[0;30;47m [0m[0;30;47m [0m[0;30;47m [0m[0;30;47m [0m[0;30;47m [0m[0;30;47m [0m[0;30;47m [0m[0;30;47m [0m[0;30;47m [0m[0;30;47m [0m[0;30;47m [0m[0;30;47m [0m[0;30;47m [0m[0;30;47m [0m[0;30;47m [0m[0;30;47m [0m[0;30;47m [0m[0;30;47m [0m[0;30;47m [0m[0;30;47m [0m[0;30;47m [0m[0;30;47m [0m[0;30;47m [0m[0;30;47m [0m[0;30;47m [0m[0;30;47m [0m[0;30;47m [0m[0;30;47m [0m[0;30;47m [0m[0;30;47m [0m[0;30;47m [0m[0;30;47m [0m[0;30;47m [0m[0;30;47m [0m[0;30;47m [0m[0;30;47m [0m[0;30;47m [0m[0;30;47m [0m[0;30;47m [0m[0;30;47m [0m[0;30;47m [0m[0;30;47m [0m[0;30;47m [0m[0;30;47m [0m[0;30;47m [0m[0;30;47m [0m[0;34;46m~[0m[0;30;47m [0m[0;30;47m [0m[0;30;47m [0m[0;30;47m [0m[0;30;47m [0m[0;30;47m [0m[0;30;47m [0m[0;30;47m [0m[0;30;47m [0m[0;30;47m [0m[0;30;47m [0m[0;30;47m [0m[0;30;47m [0m[0;30;47m [0m[0;30;47m [0m[0;30;47m [0m[0;30;47m [0m[0;30;47m [0m[0;30;47m [0m[0;30;47m [0m[0;30;47m [0m[0;30;47m [0m[0;30;47m [0m[0;30;47m [0m[0;30;47m [0m[0;30;47m [0m[0;30;47m [0m[0;30;47m [0m[0;30;47m [0m[0;30;47m [0m[0;30;47m [0m[0;30;47m [0m[0;30;47m [0m[0;30;47m [0m[0;30;47m [0m[0;30;47m [0m[0;30;47m [0m[0;30;47m [0m[0;30;47m [0m[0;30;47m [0m[0;30;47m [0m[0;30;47m [0m[0;30;47m [0m[0;30;47m [0m[0;30;47m [0m[0;34;46m~[0m
[0;34;46m~[0m[0;34;46m~[0m[0;34;46m~[0m[0;34;46m~[0m[0;34;46m~[0m[0;34;46m~[0m[0;34;46m~[0m[0;34;46m~[0m[0;34;46m~[0m[0;34;46m~[0m[0;34;46m~[0m[0;34;46m~[0m[0;34;46m~[0m[0;34;46m~[0m[0;34;46m~[0m[0;34;46m~[0m[0;34;46m~[0m[0;34;46m~[0m[0;34;46m~[0m[0;34;46m~[0m[0;34;46m~[0m[0;34;46m~[0m[0;34;46m~[0m[0;34;46m~[0m[0;34;46m~[0m[0;34;46m~[0m[0;34;46m~[0m[0;34;46m~[0m[0;34;46m~[0m[0;34;46m~[0m[0;34;46m~[0m[0;34;46m~[0m[0;34;46m~[0m[0;34;46m~[0m[0;34;46m~[0m[0;34;46m~[0m[0;34;46m~[0m[0;34;46m~[0m[0;34;46m~[0m[0;34;46m~[0m[0;34;46m~[0m[0;34;46m~[0m[0;34;46m~[0m[0;34;46m~[0m[0;34;46m~[0m[0;34;46m~[0m[0;34;46m~[0m[0;34;46m~[0m[0;34;46m~[0m[0;34;46m~[0m[0;34;46m~[0m[0;34;46m~[0m[0;34;46m~[0m[0;34;46m~[0m[0;34;46m~[0m[0;34;46m~[0m[0;34;46m~[0m[0;34;46m~[0m[0;34;46m~[0m[0;34;46m~[0m[0;34;46m~[0m[0;34;46m~[0m[0;34;46m~[0m[0;34;46m~[0m[0;34;46m~[0m[0;34;46m~[0m[0;34;46m~[0m[0;34;46m~[0m[0;34;46m~[0m[0;34;46m~[0m[0;34;46m~[0m[0;34;46m~[0m[0;34;46m~[0m[0;34;46m~[0m[0;34;46m~[0m[0;34;46m~[0m[0;34;46m~[0m[0;34;46m~[0m[0;34;46m~[0m[0;34;46m~[0m[0;34;46m~[0m[0;34;46m~[0m[0;34;46m~[0m[0;34;46m~[0m[0;34;46m~[0m[0;34;46m~[0m[0;34;46m~[0m[0;34;46m~[0m[0;34;46m~[0m[0;34;46m~[0m[0;34;46m~[0m[0;34;46m~[0m[0;34;46m~[0m[0;34;46m~[0m[0;34;46m~[0m[0;34;46m~[0m[0;34;46m~[0m[0;34;46m~[0m[0;34;46m~[0m[0;34;46m~[0m[0;34;46m~[0m[0;34;46m~[0m[0;34;46m~[0m[0;34;46m~[0m[0;34;46m~[0m[0;34;46m~[0m[0;34;46m~[0m[0;34;46m~[0m[0;34;46m~[0m[0;34;46m~[0m
[0;34;46m~[0m[0;30;47m [0m[0;30;47m [0m[0;30;47m [0m[0;30;47m [0m[0;30;47m [0m[0;30;47m [0m[0;30;47m [0m[0;30;47m [0m[0;30;47m [0m[0;30;47m [0m[0;30;47m [0m[0;30;47m [0m[0;30;47m [0m[0;30;47m [0m[0;30;47m [0m[0;30;47m [0m[0;30;47m [0m[0;30;47m [0m[0;30;47m [0m[0;30;47m [0m[0;30;47m [0m[0;30;47m [0m[0;30;47m [0m[0;30;47m [0m[0;30;47m [0m[0;30;47m [0m[0;30;47m [0m[0;30;47m [0m[0;30;47m [0m[0;30;47m [0m[0;30;47m [0m[0;30;47m [0m[0;30;47m [0m[0;30;47m [0m[0;30;47m [0m[0;30;47m [0m[0;30;47m [0m[0;30;47m [0m[0;30;47m [0m[0;30;47m [0m[0;30;47m [0m[0;30;47m [0m[0;30;47m [0m[0;30;47m [0m[0;30;47m [0m[0;30;47mT[0m[0;30;47mH[0m[0;30;47mE[0m[0;30;47m [0m[0;30;47mH[0m[0;30;47mA[0m[0;30;47mU[0m[0;30;47mN[0m[0;30;47mT[0m[0;30;47mE[0m[0;30;47mD[0m[0;30;47m [0m[0;30;47mC[0m[0;30;47mA[0m[0;30;47mS[0m[0;30;47mT[0m[0;30;47mL[0m[0;30;47mE[0m[0;30;47m [0m[0;30;47m [0m[0;30;47m [0m[0;30;47m [0m[0;30;47m [0m[0;30;47m [0m[0;30;47m [0m[0;30;47m [0m[0;30;47m [0m[0;30;47m [0m[0;30;47m [0m[0;30;47m [0m[0;30;47m [0m[0;30;47m [0m[0;30;47m [0m[0;30;47m [0m[0;30;47m [0m[0;30;47m [0m[0;30;47m [0m[0;30;47m [0m[0;30;47m [0m[0;30;47m [0m[0;30;47m [0m[0;30;47m [0m[0;30;47m [0m[0;30;47m [0m[0;30;47m [0m[0;30;47m [0m[0;30;47m [0m[0;30;47m [0m[0;30;47m [0m[0;30;47m [0m[0;30;47m [0m[0;30;47m [0m[0;30;47m [0m[0;30;47m [0m[0;30;47m [0m[0;30;47m [0m[0;30;47m [0m[0;30;47m [0m[0;30;47m [0m[0;30;47m [0m[0;30;47m [0m[0;30;47m [0m[0;30;47m [0m[0;34;46m~[0m
[0;34;46m~[0m[0;34;46m~[0m[0;34;46m~[0m[0;34;46m~[0m[0;34;46m~[0m[0;34;46m~[0m[0;34;46m~[0m[0;34;46m~[0m[0;34;46m~[0m[0;34;46m~[0m[0;34;46m~[0m[0;34;46m~[0m[0;34;46m~[0m[0;34;46m~[0m[0;34;46m~[0m[0;34;46m~[0m[0;34;46m~[0m[0;34;46m~[0m[0;34;46m~[0m[0;34;46m~[0m[0;34;46m~[0m[0;34;46m~[0m[0;34;46m~[0m[0;34;46m~[0m[0;34;46m~[0m[0;34;46m~[0m[0;34;46m~[0m[0;34;46m~[0m[0;34;46m~[0m[0;34;46m~[0m[0;34;46m~[0m[0;34;46m~[0m[0;34;46m~[0m[0;34;46m~[0m[0;34;46m~[0m[0;34;46m~[0m[0;34;46m~[0m[0;34;46m~[0m[0;34;46m~[0m[0;34;46m~[0m[0;34;46m~[0m[0;34;46m~[0m[0;34;46m~[0m[0;34;46m~[0m[0;34;46m~[0m[0;34;46m~[0m[0;34;46m~[0m[0;34;46m~[0m[0;34;46m~[0m[0;34;46m~[0m[0;34;46m~[0m[0;34;46m~[0m[0;34;46m~[0m[0;34;46m~[0m[0;34;46m~[0m[0;34;46m~[0m[0;34;46m~[0m[0;34;46m~[0m[0;34;46m~[0m[0;34;46m~[0m[0;34;46m~[0m[0;34;46m~[0m[0;34;46m~[0m[0;34;46m~[0m[0;34;46m~[0m[0;34;46m~[0m[0;34;46m~[0m[0;34;46m~[0m[0;34;46m~[0m[0;34;46m~[0m[0;34;46m~[0m[0;34;46m~[0m[0;34;46m~[0m[0;34;46m~[0m[0;34;46m~[0m[0;34;46m~[0m[0;34;46m~[0m[0;34;46m~[0m[0;34;46m~[0m[0;34;46m~[0m[0;34;46m~[0m[0;34;46m~[0m[0;34;46m~[0m[0;34;46m~[0m[0;34;46m~[0m[0;34;46m~[0m[0;34;46m~[0m[0;34;46m~[0m[0;34;46m~[0m[0;34;46m~[0m[0;34;46m~[0m[0;34;46m~[0m[0;34;46m~[0m[0;34;46m~[0m[0;34;46m~[0m[0;34;46m~[0m[0;34;46m~[0m[0;34;46m~[0m[0;34;46m~[0m[0;34;46m~[0m[0;34;46m~[0m[0;34;46m~[0m[0;34;46m~[0m[0;34;46m~[0m[0;34;46m~[0m[0;34;46m~[0m[0;34;46m~[0m[0;34;46m~[0m[0;34;46m~[0m[0;34;46m~[0m
[0;34;46m~[0m[0;30;47m [0m[0;30;47m [0m[0;30;47mC[0m[0;30;47mo[0m[0;30;47mm[0m[0;30;47mm[0m[0;30;47ma[0m[0;30;47mn[0m[0;30;47md[0m[0;30;47ms[0m[0;30;47m:[0m[0;30;47m [0m[0;30;47mm[0m[0;30;47mo[0m[0;30;47mv[0m[0;30;47me[0m[0;30;47m([0m[0;30;47mm[0m[0;30;47m)[0m[0;30;47m [0m[0;30;47m[[0m[0;30;47md[0m[0;30;47mi[0m[0;30;47mr[0m[0;30;47m][0m[0;30;47m [0m[0;30;47m|[0m[0;30;47m [0m[0;30;47mt[0m[0;30;47ma[0m[0;30;47mk[0m[0;30;47me[0m[0;30;47m([0m[0;30;47mt[0m[0;30;47m)[0m[0;30;47m [0m[0;30;47m[[0m[0;30;47mo[0m[0;30;47mb[0m[0;30;47mj[0m[0;30;47m][0m[0;30;47m [0m[0;30;47m|[0m[0;30;47m [0m[0;30;47md[0m[0;30;47mr[0m[0;30;47mo[0m[0;30;47mp[0m[0;30;47m([0m[0;30;47md[0m[0;30;47m)[0m[0;30;47m [0m[0;30;47m[[0m[0;30;47mo[0m[0;30;47mb[0m[0;30;47mj[0m[0;30;47m][0m[0;30;47m [0m[0;30;47m|[0m[0;30;47m [0m[0;30;47ma[0m[0;30;47mt[0m[0;30;47mt[0m[0;30;47ma[0m[0;30;47mc[0m[0;30;47mk[0m[0;30;47m([0m[0;30;47ma[0m[0;30;47m)[0m[0;30;47m [0m[0;30;47m|[0m[0;30;47m [0m[0;30;47mc[0m[0;30;47mh[0m[0;30;47ma[0m[0;30;47mt[0m[0;30;47m([0m[0;30;47mc[0m[0;30;47m)[0m[0;30;47m [0m[0;30;47m|[0m[0;30;47m [0m[0;30;47mr[0m[0;30;47me[0m[0;30;47mc[0m[0;30;47mr[0m[0;30;47mu[0m[0;30;47mi[0m[0;30;47mt[0m[0;30;47m([0m[0;30;47mr[0m[0;30;47m)[0m[0;30;47m [0m[0;30;47m[[0m[0;30;47mc[0m[0;30;47mh[0m[0;30;47ma[0m[0;30;47mr[0m[0;30;47m][0m[0;30;47m [0m[0;30;47m [0m[0;30;47m [0m[0;30;47m [0m[0;30;47m [0m[0;30;47m [0m[0;30;47m [0m[0;30;47m [0m[0;30;47m [0m[0;34;46m~[0m
[0;34;46m~[0m[0;30;47m [0m[0;30;47m [0m[0;30;47mi[0m[0;30;47mn[0m[0;30;47ms[0m[0;30;47mp[0m[0;30;47me[0m[0;30;47mc[0m[0;30;47mt[0m[0;30;47m([0m[0;30;47mi[0m[0;30;47m)[0m[0;30;47m [0m[0;30;47m[[0m[0;30;47mo[0m[0;30;47mb[0m[0;30;47mj[0m[0;30;47m][0m[0;30;47m [0m[0;30;47m|[0m[0;30;47m [0m[0;30;47mu[0m[0;30;47ms[0m[0;30;47me[0m[0;30;47m([0m[0;30;47mu[0m[0;30;47m)[0m[0;30;47m [0m[0;30;47m[[0m[0;30;47mo[0m[0;30;47mb[0m[0;30;47mj[0m[0;30;47m][0m[0;30;47m [0m[0;30;47m|[0m[0;30;47m [0m[0;30;47mo[0m[0;30;47mp[0m[0;30;47me[0m[0;30;47mn[0m[0;30;47m([0m[0;30;47mo[0m[0;30;47m)[0m[0;30;47m [0m[0;30;47m[[0m[0;30;47ml[0m[0;30;47mn[0m[0;30;47mk[0m[0;30;47m][0m[0;30;47m [0m[0;30;47mw[0m[0;30;47mi[0m[0;30;47mt[0m[0;30;47mh[0m[0;30;47m [0m[0;30;47m[[0m[0;30;47mo[0m[0;30;47mb[0m[0;30;47mj[0m[0;30;47m][0m[0;30;47m [0m[0;30;47m|[0m[0;30;47m [0m[0;30;47mt[0m[0;30;47mp[0m[0;30;47m [0m[0;30;47m[[0m[0;30;47mr[0m[0;30;47mo[0m[0;30;47mo[0m[0;30;47mm[0m[0;30;47m][0m[0;30;47m [0m[0;30;47m|[0m[0;30;47m [0m[0;30;47me[0m[0;30;47mx[0m[0;30;47mi[0m[0;30;47mt[0m[0;30;47m([0m[0;30;47me[0m[0;30;47m)[0m[0;30;47m [0m[0;30;47m|[0m[0;30;47m [0m[0;30;47ma[0m[0;30;47mb[0m[0;30;47ma[0m[0;30;47mn[0m[0;30;47md[0m[0;30;47mo[0m[0;30;47mn[0m[0;30;47m([0m[0;30;47mf[0m[0;30;47m)[0m[0;30;47m [0m[0;30;47m[[0m[0;30;47mc[0m[0;30;47mh[0m[0;30;47ma[0m[0;30;47mr[0m[0;30;47m][0m[0;30;47m [0m[0;30;47m [0m[0;30;47m [0m[0;30;47m [0m[0;30;47m [0m[0;30;47m [0m[0;34;46m~[0m
[0;34;46m~[0m[0;34;46m~[0m[0;34;46m~[0m[0;34;46m~[0m[0;34;46m~[0m[0;34;46m~[0m[0;34;46m~[0m[0;34;46m~[0m[0;34;46m~[0m[0;34;46m~[0m[0;34;46m~[0m[0;34;46m~[0m[0;34;46m~[0m[0;34;46m~[0m[0;34;46m~[0m[0;34;46m~[0m[0;34;46m~[0m[0;34;46m~[0m[0;34;46m~[0m[0;34;46m~[0m[0;34;46m~[0m[0;34;46m~[0m[0;34;46m~[0m[0;34;46m~[0m[0;34;46m~[0m[0;34;46m~[0m[0;34;46m~[0m[0;34;46m~[0m[0;34;46m~[0m[0;34;46m~[0m[0;34;46m~[0m[0;34;46m~[0m[0;34;46m~[0m[0;34;46m~[0m[0;34;46m~[0m[0;34;46m~[0m[0;34;46m~[0m[0;34;46m~[0m[0;34;46m~[0m[0;34;46m~[0m[0;34;46m~[0m[0;34;46m~[0m[0;34;46m~[0m[0;34;46m~[0m[0;34;46m~[0m[0;34;46m~[0m[0;34;46m~[0m[0;34;46m~[0m[0;34;46m~[0m[0;34;46m~[0m[0;34;46m~[0m[0;34;46m~[0m[0;34;46m~[0m[0;34;46m~[0m[0;34;46m~[0m[0;34;46m~[0m[0;34;46m~[0m[0;34;46m~[0m[0;34;46m~[0m[0;34;46m~[0m[0;34;46m~[0m[0;34;46m~[0m[0;34;46m~[0m[0;34;46m~[0m[0;34;46m~[0m[0;34;46m~[0m[0;34;46m~[0m[0;34;46m~[0m[0;34;46m~[0m[0;34;46m~[0m[0;34;46m~[0m[0;34;46m~[0m[0;34;46m~[0m[0;34;46m~[0m[0;34;46m~[0m[0;34;46m~[0m[0;34;46m~[0m[0;34;46m~[0m[0;34;46m~[0m[0;34;46m~[0m[0;34;46m~[0m[0;34;46m~[0m[0;34;46m~[0m[0;34;46m~[0m[0;34;46m~[0m[0;34;46m~[0m[0;34;46m~[0m[0;34;46m~[0m[0;34;46m~[0m[0;34;46m~[0m[0;34;46m~[0m[0;34;46m~[0m[0;34;46m~[0m[0;34;46m~[0m[0;34;46m~[0m[0;34;46m~[0m[0;34;46m~[0m[0;34;46m~[0m[0;34;46m~[0m[0;34;46m~[0m[0;34;46m~[0m[0;34;46m~[0m[0;34;46m~[0m[0;34;46m~[0m[0;34;46m~[0m[0;34;46m~[0m[0;34;46m~[0m[0;34;46m~[0m[0;34;46m~[0m[0;34;46m~[0m
[0;34;46m~[0m[0;30;47m [0m[0;30;47m [0m[0;30;47m [0m[0;30;47m [0m[0;30;47m [0m[0;30;47m [0m[0;30;47m [0m[0;30;47m [0m[0;30;47m [0m[0;30;47m [0m[0;30;47m [0m[0;30;47m [0m[0;30;47m [0m[0;30;47m [0m[0;30;47m [0m[0;30;47m [0m[0;30;47m [0m[0;30;47m [0m[0;30;47m [0m[0;30;47m [0m[0;30;47m [0m[0;30;47m [0m[0;30;47m [0m[0;30;47m [0m[0;30;47m [0m[0;30;47m [0m[0;30;47m [0m[0;30;47m [0m[0;30;47m [0m[0;30;47m [0m[0;30;47m [0m[0;30;47m [0m[0;30;47m [0m[0;30;47m [0m[0;30;47m [0m[0;30;47m [0m[0;30;47m [0m[0;30;47m [0m[0;30;47m [0m[0;30;47m [0m[0;30;47m [0m[0;30;47m [0m[0;30;47m [0m[0;30;47m [0m[0;30;47m [0m[0;30;47m [0m[0;30;47m [0m[0;30;47m [0m[0;30;47m [0m[0;30;47m [0m[0;30;47m [0m[0;30;47m [0m[0;30;47m [0m[0;30;47m [0m[0;30;47m [0m[0;30;47m [0m[0;30;47m [0m[0;30;47m [0m[0;30;47m [0m[0;30;47m [0m[0;30;47m [0m[0;30;47m [0m[0;30;47m [0m[0;30;47m [0m[0;30;47m [0m[0;30;47m [0m[0;30;47m [0m[0;30;47m [0m[0;30;47m [0m[0;30;47m [0m[0;30;47m [0m[0;30;47m [0m[0;30;47m [0m[0;30;47m [0m[0;30;47m [0m[0;30;47m [0m[0;30;47m [0m[0;30;47m [0m[0;30;47m [0m[0;30;47m [0m[0;30;47m [0m[0;30;47m [0m[0;30;47m [0m[0;30;47m [0m[0;30;47m [0m[0;30;47m [0m[0;30;47m [0m[0;30;47m [0m[0;30;47m [0m[0;30;47m [0m[0;30;47m [0m[0;30;47m [0m[0;30;47m [0m[0;30;47m [0m[0;30;47m [0m[0;30;47m [0m[0;30;47m [0m[0;30;47m [0m[0;30;47m [0m[0;30;47m [0m[0;30;47m [0m[0;30;47m [0m[0;30;47m [0m[0;30;47m [0m[0;30;47m [0m[0;30;47m [0m[0;30;47m [0m[0;30;47m [0m[0;34;46m~[0m
[0;34;46m~[0m[0;30;47m [0m[0;30;47m [0m[0;30;47m [0m[0;30;47m [0m[0;30;47m [0m[0;30;47m [0m[0;30;47m [0m[0;30;47m [0m[0;30;47m [0m[0;30;47m [0m[0;30;47m [0m[0;30;47m [0m[0;30;47m [0m[0;30;47m [0m[0;30;47m [0m[0;30;47m [0m[0;30;47m [0m[0;30;47m [0m[0;30;47m [0m[0;30;47m [0m[0;30;47m [0m[0;30;47m [0m[0;30;47m [0m[0;30;47m [0m[0;30;47m [0m[0;30;47m [0m[0;30;47m [0m[0;30;47m [0m[0;30;47m [0m[0;30;47m [0m[0;30;47m [0m[0;30;47m [0m[0;30;47m [0m[0;30;47m [0m[0;30;47m [0m[0;30;47m [0m[0;30;47m [0m[0;30;47m [0m[0;30;47m [0m[0;30;47m [0m[0;30;47m [0m[0;30;47m [0m[0;30;47m [0m[0;30;47m [0m[0;30;47m [0m[0;30;47m [0m[0;30;47m [0m[0;30;47m [0m[0;30;47m [0m[0;30;47m [0m[0;30;47m [0m[0;30;47m [0m[0;30;47m [0m[0;30;47m [0m[0;30;47m [0m[0;30;47m [0m[0;30;47m [0m[0;30;47m [0m[0;30;47m [0m[0;30;47m [0m[0;30;47m [0m[0;30;47m [0m[0;30;47m [0m[0;30;47m [0m[0;30;47m [0m[0;30;47m [0m[0;30;47m [0m[0;30;47m [0m[0;30;47m [0m[0;30;47m [0m[0;30;47m [0m[0;30;47m [0m[0;30;47m [0m[0;30;47m [0m[0;30;47m [0m[0;30;47m [0m[0;30;47m [0m[0;30;47m [0m[0;30;47m [0m[0;30;47m [0m[0;30;47m [0m[0;30;47m [0m[0;30;47m [0m[0;30;47m [0m[0;30;47m [0m[0;30;47m [0m[0;30;47m [0m[0;30;47m [0m[0;30;47m [0m[0;30;47m [0m[0;30;47m [0m[0;30;47m [0m[0;30;47m [0m[0;30;47m [0m[0;30;47m [0m[0;30;47m [0m[0;30;47m [0m[0;30;47m [0m[0;30;47m [0m[0;30;47m [0m[0;30;47m [0m[0;30;47m [0m[0;30;47m [0m[0;30;47m [0m[0;30;47m [0m[0;30;47m [0m[0;30;47m [0m[0;30;47m [0m[0;34;46m~[0m
[0;34;46m~[0m[0;30;47m [0m[0;30;47m [0m[0;30;47m [0m[0;30;47m [0m[0;30;47m [0m[0;30;47m [0m[0;30;47m [0m[0;30;47m [0m[0;30;47m [0m[0;30;47m [0m[0;30;47m [0m[0;30;47m [0m[0;30;47m [0m[0;30;47m [0m[0;30;47m [0m[0;30;47m [0m[0;30;47m [0m[0;30;47m [0m[0;30;47m [0m[0;30;47m [0m[0;30;47m [0m[0;30;47m [0m[0;30;47m [0m[0;30;47m [0m[0;30;47m [0m[0;30;47m [0m[0;30;47m [0m[0;30;47m [0m[0;30;47m [0m[0;30;47m [0m[0;30;47m [0m[0;30;47m [0m[0;30;47m [0m[0;30;47m [0m[0;30;47m [0m[0;30;47m [0m[0;30;47m [0m[0;30;47m [0m[0;30;47m [0m[0;30;47m [0m[0;30;47m [0m[0;30;47m [0m[0;30;47m [0m[0;30;47m [0m[0;30;47m [0m[0;30;47m [0m[0;30;47m [0m[0;30;47m [0m[0;30;47m [0m[0;30;47m [0m[0;30;47m [0m[0;30;47m [0m[0;30;47m [0m[0;30;47m [0m[0;30;47m [0m[0;30;47m [0m[0;30;47m [0m[0;30;47m [0m[0;30;47m [0m[0;30;47m [0m[0;30;47m [0m[0;30;47m [0m[0;30;47m [0m[0;30;47m [0m[0;30;47m [0m[0;30;47m [0m[0;30;47m [0m[0;30;47m [0m[0;30;47m [0m[0;30;47m [0m[0;30;47m [0m[0;30;47m [0m[0;30;47m [0m[0;30;47m [0m[0;30;47m [0m[0;30;47m [0m[0;30;47m [0m[0;30;47m [0m[0;30;47m [0m[0;30;47m [0m[0;30;47m [0m[0;30;47m [0m[0;30;47m [0m[0;30;47m [0m[0;30;47m [0m[0;30;47m [0m[0;30;47m [0m[0;30;47m [0m[0;30;47m [0m[0;30;47m [0m[0;30;47m [0m[0;30;47m [0m[0;30;47m [0m[0;30;47m [0m[0;30;47m [0m[0;30;47m [0m[0;30;47m [0m[0;30;47m [0m[0;30;47m [0m[0;30;47m [0m[0;30;47m [0m[0;30;47m [0m[0;30;47m [0m[0;30;47m [0m[0;30;47m [0m[0;30;47m [0m[0;30;47m [0m[0;30;47m [0m[0;34;46m~[0m
prompt:> [2J
[0;34;46m~[0m[0;34;46m~[0m[0;34;46m~[0m[0;34;46m~[0m[0;34;46m~[0m[0;34;46m~[0m[0;34;46m~[0m[0;34;46m~[0m[0;34;46m~[0m[0;34;46m~[0m[0;34;46m~[0m[0;34;46m~[0m[0;34;46m~[0m[0;34;46m~[0m[0;34;46m~[0m[0;34;46m~[0m[0;34;46m~[0m[0;34;46m~[0m[0;34;46m~[0m[0;34;46m~[0m[0;34;46m~[0m[0;34;46m~[0m[0;34;46m~[0m[0;34;46m~[0m[0;34;46m~[0m[0;34;46m~[0m[0;34;46m~[0m[0;34;46m~[0m[0;34;46m~[0m[0;34;46m~[0m[0;34;46m~[0m[0;34;46m~[0m[0;34;46m~[0m[0;34;46m~[0m[0;34;46m~[0m[0;34;46m~[0m[0;34;46m~[0m[0;34;46m~[0m[0;34;46m~[0m[0;34;46m~[0m[0;34;46m~[0m[0;34;46m~[0m[0;34;46m~[0m[0;34;46m~[0m[0;34;46m~[0m[0;34;46m~[0m[0;34;46m~[0m[0;34;46m~[0m[0;34;46m~[0m[0;34;46m~[0m[0;34;46m~[0m[0;34;46m~[0m[0;34;46m~[0m[0;34;46m~[0m[0;34;46m~[0m[0;34;46m~[0m[0;34;46m~[0m[0;34;46m~[0m[0;34;46m~[0m[0;34;46m~[0m[0;34;46m~[0m[0;34;46m~[0m[0;34;46m~[0m[0;34;46m~[0m[0;34;46m~[0m[0;34;46m~[0m[0;34;46m~[0m[0;34;46m~[0m[0;34;46m~[0m[0;34;46m~[0m[0;34;46m~[0m[0;34;46m~[0m[0;34;46m~[0m[0;34;46m~[0m[0;34;46m~[0m[0;34;46m~[0m[0;34;46m~[0m[0;34;46m~[0m[0;34;46m~[0m[0;34;46m~[0m[0;34;46m~[0m[0;34;46m~[0m[0;34;46m~[0m[0;34;46m~[0m[0;34;46m~[0m[0;34;46m~[0m[0;34;46m~[0m[0;34;46m~[0m[0;34;46m~[0m[0;34;46m~[0m[0;34;46m~[0m[0;34;46m~[0m[0;34;46m~[0m[0;34;46m~[0m[0;34;46m~[0m[0;34;46m~[0m[0;34;46m~[0m[0;34;46m~[0m[0;34;46m~[0m[0;34;46m~[0m[0;34;46m~[0m[0;34;46m~[0m[0;34;46m~[0m[0;34;46m~[0m[0;34;46m~[0m[0;34;46m~[0m[0;34;46m~[0m[0;34;46m~[0m[0;34;46m~[0m[0;34;46m~[0m
[0;34;46m~[0m[0;30;47m [0m[0;30;47m [0m[0;30;47m [0m[0;30;47m [0m[0;30;47m [0m[0;30;47m [0m[0;30;47m [0m[0;30;47m [0m[0;30;47m [0m[0;30;47m [0m[0;30;47m [0m[0;30;47m [0m[0;30;47m [0m[0;30;47m [0m[0;30;47m [0m[0;30;47m [0m[0;30;47m [0m[0;30;47m [0m[0;30;47m [0m[0;30;47m [0m[0;30;47m [0m[0;30;47m+[0m[0;30;47m-[0m[0;30;47m-[0m[0;30;47m-[0m[0;30;47m-[0m[0;30;47m-[0m[0;30;47m-[0m[0;30;47m-[0m[0;30;47m-[0m[0;30;47m-[0m[0;30;47m-[0m[0;30;47m-[0m[0;30;47m-[0m[0;30;47m-[0m[0;30;47m-[0m[0;30;47m-[0m[0;30;47m+[0m[0;30;47m [0m[0;30;47m [0m[0;30;47m [0m[0;30;47m [0m[0;30;47m [0m[0;30;47m [0m[0;30;47m [0m[0;30;47m [0m[0;30;47m [0m[0;30;47m [0m[0;30;47m [0m[0;30;47m [0m[0;30;47m [0m[0;30;47m [0m[0;30;47m [0m[0;30;47m [0m[0;30;47m [0m[0;30;47m [0m[0;30;47m [0m[0;30;47m [0m[0;30;47m [0m[0;30;47m [0m[0;30;47m [0m[0;30;47m [0m[0;34;46m~[0m[0;30;47m [0m[0;30;47m [0m[0;30;47m=[0m[0;30;47m=[0m[0;30;47m=[0m[0;30;47m=[0m[0;30;47m=[0m[0;30;47m=[0m[0;30;47m=[0m[0;30;47m=[0m[0;30;47m=[0m[0;30;47m=[0m[0;30;47m=[0m[0;30;47m=[0m[0;30;47m=[0m[0;30;47m=[0m[0;30;47m=[0m[0;30;47m=[0m[0;30;47m=[0m[0;30;47m=[0m[0;30;47m=[0m[0;30;47m=[0m[0;30;47m=[0m[0;30;47m=[0m[0;30;47m=[0m[0;30;47m=[0m[0;30;47m=[0m[0;30;47m=[0m[0;30;47m=[0m[0;30;47m=[0m[0;30;47m=[0m[0;30;47m=[0m[0;30;47m=[0m[0;30;47m=[0m[0;30;47m=[0m[0;30;47m=[0m[0;30;47m=[0m[0;30;47m=[0m[0;30;47m=[0m[0;30;47m=[0m[0;30;47m=[0m[0;30;47m=[0m[0;30;47m=[0m[0;30;47m [0m[0;30;47m [0m[0;34;46m~[0m
[0;34;46m~[0m[0;30;47m [0m[0;30;47m [0m[0;30;47m [0m[0;30;47m [0m[0;30;47m [0m[0;30;47m [0m[0;30;47m [0m[0;30;47m [0m[0;30;47m [0m[0;30;47m [0m[0;30;47m [0m[0;30;47m [0m[0;30;47m [0m[0;30;47m [0m[0;30;47m [0m[0;30;47m [0m[0;30;47m [0m[0;30;47m [0m[0;30;47m [0m[0;30;47m [0m[0;30;47m [0m[0;30;47m|[0m[0;30;47m [0m[0;30;47m^[0m[0;30;47mE[0m[0;30;47m>[0m[0;30;47m [0m[0;30;47m [0m[0;30;47m\[0m[0;30;47mS[0m[0;30;47me[0m[0;30;47m/[0m[0;30;47m [0m[0;30;47m [0m[0;30;47m [0m[0;30;47m1[0m[0;30;47m1[0m[0;30;47m|[0m[0;30;47m [0m[0;30;47m [0m[0;30;47m [0m[0;30;47m [0m[0;30;47m [0m[0;30;47m [0m[0;30;47m [0m[0;30;47m [0m[0;30;47m [0m[0;30;47m [0m[0;30;47m [0m[0;30;47m [0m[0;30;47m [0m[0;30;47m [0m[0;30;47m [0m[0;30;47m [0m[0;30;47m [0m[0;30;47m [0m[0;30;47m [0m[0;30;47m [0m[0;30;47m [0m[0;30;47m [0m[0;30;47m [0m[0;30;47m [0m[0;34;46m~[0m[0;30;47m [0m[0;30;47m [0m[0;30;47m [0m[0;30;47m [0m[0;30;47mP[0m[0;30;47mL[0m[0;30;47mA[0m[0;30;47mY[0m[0;30;47mE[0m[0;30;47mR[0m[0;30;47m [0m[0;30;47m1[0m[0;30;47m [0m[0;30;47mS[0m[0;30;47mT[0m[0;30;47mA[0m[0;30;47mT[0m[0;30;47mU[0m[0;30;47mS[0m[0;30;47m [0m[0;30;47m [0m[0;30;47m [0m[0;30;47m|[0m[0;30;47m [0m[0;30;47m [0m[0;30;47m [0m[0;30;47mH[0m[0;30;47mE[0m[0;30;47mA[0m[0;30;47mL[0m[0;30;47mT[0m[0;30;47mH[0m[0;30;47m:[0m[0;30;47m [0m[0;30;47m5[0m[0;30;47m [0m[0;30;47mp[0m[0;30;47mt[0m[0;30;47ms[0m[0;30;47m [0m[0;30;47m [0m[0;30;47m [0m[0;30;47m [0m[0;30;47m [0m[0;30;47m [0m[0;34;46m~[0m
[0;34;46m~[0m[0;30;47m [0m[0;30;47m [0m[0;30;47m [0m[0;30;47m [0m[0;30;47m [0m[0;30;47m [0m[0;30;47m [0m[0;30;47m [0m[0;30;47m [0m[0;30;47m [0m[0;30;47m [0m[0;30;47m [0m[0;30;47m [0m[0;30;47m [0m[0;30;47m [0m[0;30;47m [0m[0;30;47m [0m[0;30;47m [0m[0;30;47m [0m[0;30;47m [0m[0;30;47m [0m[0;30;47m|[0m[0;30;47m [0m[0;30;47m [0m[0;30;47m [0m[0;30;47m [0m[0;30;47m.[0m[0;30;47m=[0m[0;30;47m=[0m[0;30;47m=[0m[0;30;47m.[0m[0;30;47m [0m[0;30;47m [0m[0;30;47m [0m[0;30;47m [0m[0;30;47m [0m[0;30;47m [0m[0;30;47m|[0m[0;30;47m [0m[0;30;47m [0m[0;30;47m [0m[0;30;47m [0m[0;30;47m [0m[0;30;47m [0m[0;30;47m [0m[0;30;47m [0m[0;30;47m [0m[0;30;47m [0m[0;30;47m [0m[0;30;47m [0m[0;30;47m [0m[0;30;47m [0m[0;30;47m [0m[0;30;47m [0m[0;30;47m [0m[0;30;47m [0m[0;30;47m [0m[0;30;47m [0m[0;30;47m [0m[0;30;47m [0m[0;30;47m [0m[0;30;47m [0m[0;34;46m~[0m[0;30;47m [0m[0;30;47m [0m[0;30;47m=[0m[0;30;47m=[0m[0;30;47m=[0m[0;30;47m=[0m[0;30;47m=[0m[0;30;47m=[0m[0;30;47m=[0m[0;30;47m=[0m[0;30;47m=[0m[0;30;47m=[0m[0;30;47m=[0m[0;30;47m=[0m[0;30;47m=[0m[0;30;47m=[0m[0;30;47m=[0m[0;30;47m=[0m[0;30;47m=[0m[0;30;47m=[0m[0;30;47m=[0m[0;30;47m=[0m[0;30;47m=[0m[0;30;47m=[0m[0;30;47m=[0m[0;30;47m=[0m[0;30;47m=[0m[0;30;47m=[0m[0;30;47m=[0m[0;30;47m=[0m[0;30;47m=[0m[0;30;47m=[0m[0;30;47m=[0m[0;30;47m=[0m[0;30;47m=[0m[0;30;47m=[0m[0;30;47m=[0m[0;30;47m=[0m[0;30;47m=[0m[0;30;47m=[0m[0;30;47m=[0m[0;30;47m=[0m[0;30;47m=[0m[0;30;47m [0m[0;30;47m [0m[0;34;46m~[0m
[0;34;46m~[0m[0;30;47m [0m[0;30;47m [0m[0;30;47m [0m[0;30;47m [0m[0;30;47m [0m[0;30;47m [0m[0;30;47m [0m[0;30;47m [0m[0;30;47m [0m[0;30;47m [0m[0;30;47m [0m[0;30;47m [0m[0;30;47m [0m[0;30;47m [0m[0;30;47m [0m[0;30;47m [0m[0;30;47m [0m[0;30;47m [0m[0;30;47m [0m[0;30;47m [0m[0;30;47m [0m[0;30;47m|[0m[0;30;47m [0m[0;30;47m [0m[0;30;47m [0m[0;30;47m [0m[0;30;47m[[0m[0;30;47m [0m[0;30;47m [0m[0;30;47m [0m[0;30;47m][0m[0;30;47m [0m[0;30;47m [0m[0;30;47m [0m[0;30;47m [0m[0;30;47m [0m[0;30;47m [0m[0;30;47m|[0m[0;30;47m [0m[0;30;47m [0m[0;30;47m [0m[0;30;47m [0m[0;30;47m [0m[0;30;47m [0m[0;30;47m [0m[0;30;47m [0m[0;30;47m [0m[0;30;47m [0m[0;30;47m [0m[0;30;47m [0m[0;30;47m [0m[0;30;47m [0m[0;30;47m [0m[0;30;47m [0m[0;30;47m [0m[0;30;47m [0m[0;30;47m [0m[0;30;47m [0m[0;30;47m [0m[0;30;47m [0m[0;30;47m [0m[0;30;47m [0m[0;34;46m~[0m[0;30;47m [0m[0;30;47m [0m[0;30;47m>[0m[0;30;47m [0m[0;30;47mC[0m[0;30;47mu[0m[0;30;47mr[0m[0;30;47mr[0m[0;30;47me[0m[0;30;47mn[0m[0;30;47mt[0m[0;30;47m [0m[0;30;47mL[0m[0;30;47mo[0m[0;30;47mc[0m[0;30;47ma[0m[0;30;47mt[0m[0;30;47mi[0m[0;30;47mo[0m[0;30;47mn[0m[0;30;47m [0m[0;30;47m:[0m[0;30;47m [0m[0;30;47m1[0m[0;30;47m1[0m[0;30;47m [0m[0;30;47m([0m[0;30;47mp[0m[0;30;47mi[0m[0;30;47mt[0m[0;30;47m)[0m[0;30;47m [0m[0;30;47m [0m[0;30;47m [0m[0;30;47m [0m[0;30;47m [0m[0;30;47m [0m[0;30;47m [0m[0;30;47m [0m[0;30;47m [0m[0;30;47m [0m[0;30;47m [0m[0;30;47m [0m[0;30;47m [0m[0;30;47m [0m[0;34;46m~[0m
[0;34;46m~[0m[0;30;47m [0m[0;30;47m [0m[0;30;47m [0m[0;30;47m [0m[0;30;47m [0m[0;30;47m [0m[0;30;47m [0m[0;30;47m [0m[0;30;47m [0m[0;30;47m [0m[0;30;47m [0m[0;30;47m [0m[0;30;47m [0m[0;30;47m [0m[0;30;47m [0m[0;30;47m [0m[0;30;47m [0m[0;30;47m [0m[0;30;47m [0m[0;30;47m [0m[0;30;47m [0m[0;30;47m|[0m[0;30;47m [0m[0;30;47m [0m[0;30;47m [0m[0;30;47m [0m[0;30;47m[[0m[0;30;47m [0m[0;30;47m [0m[0;30;47m [0m[0;30;47m][0m[0;30;47m [0m[0;30;47m [0m[0;30;47m [0m[0;30;47m [0m[0;30;47m [0m[0;30;47m [0m[0;30;47m|[0m[0;30;47m [0m[0;30;47m [0m[0;30;47m [0m[0;30;47m [0m[0;30;47m [0m[0;30;47m [0m[0;30;47m [0m[0;30;47m [0m[0;30;47m [0m[0;30;47m [0m[0;30;47m [0m[0;30;47m [0m[0;30;47m [0m[0;30;47m [0m[0;30;47m [0m[0;30;47m [0m[0;30;47m [0m[0;30;47m [0m[0;30;47m [0m[0;30;47m [0m[0;30;47m [0m[0;30;47m [0m[0;30;47m [0m[0;30;47m [0m[0;34;46m~[0m[0;30;47m [0m[0;30;47m [0m[0;30;47m>[0m[0;30;47m [0m[0;30;47mB[0m[0;30;47ma[0m[0;30;47mc[0m[0;30;47mk[0m[0;30;47mp[0m[0;30;47ma[0m[0;30;47mc[0m[0;30;47mk[0m[0;30;47m [0m[0;30;47m [0m[0;30;47m [0m[0;30;47m [0m[0;30;47m [0m[0;30;47m [0m[0;30;47m [0m[0;30;47m:[0m[0;30;47m [0m[0;30;47md[0m[0;30;47mi[0m[0;30;47mr[0m[0;30;47mk[0m[0;30;47m [0m[0;30;47m [0m[0;30;47m [0m[0;30;47m [0m[0;30;47m [0m[0;30;47m [0m[0;30;47m [0m[0;30;47m [0m[0;30;47m [0m[0;30;47m [0m[0;30;47m [0m[0;30;47m [0m[0;30;47m [0m[0;30;47m [0m[0;30;47m [0m[0;30;47m [0m[0;30;47m [0m[0;30;47m [0m[0;30;47m [0m[0;30;47m [0m[0;34;46m~[0m
[0;34;46m~[0m[0;30;47m [0m[0;30;47m [0m[0;30;47m [0m[0;30;47m [0m[0;30;47m [0m[0;30;47m [0m[0;30;47m [0m[0;30;47m [0m[0;30;47m [0m[0;30;47m [0m[0;30;47m [0m[0;30;47m [0m[0;30;47m [0m[0;30;47m [0m[0;30;47m [0m[0;30;47m [0m[0;30;47m [0m[0;30;47m [0m[0;30;47m [0m[0;30;47m [0m[0;30;47m [0m[0;30;47m|[0m[0;30;47m [0m[0;30;47m [0m[0;30;47m [0m[0;30;47m [0m[0;30;47m[[0m[0;30;47m [0m[0;30;47m [0m[0;30;47m [0m[0;30;47m][0m[0;30;47m [0m[0;30;47m [0m[0;30;47m [0m[0;30;47m [0m[0;30;47m [0m[0;30;47m [0m[0;30;47m|[0m[0;30;47m [0m[0;30;47m [0m[0;30;47m [0m[0;30;47m [0m[0;30;47m [0m[0;30;47m [0m[0;30;47m [0m[0;30;47m [0m[0;30;47m [0m[0;30;47m [0m[0;30;47m [0m[0;30;47m [0m[0;30;47m [0m[0;30;47m [0m[0;30;47m [0m[0;30;47m [0m[0;30;47m [0m[0;30;47m [0m[0;30;47m [0m[0;30;47m [0m[0;30;47m [0m[0;30;47m [0m[0;30;47m [0m[0;30;47m [0m[0;34;46m~[0m[0;30;47m [0m[0;30;47m [0m[0;30;47m-[0m[0;30;47m-[0m[0;30;47m-[0m[0;30;47m-[0m[0;30;47m-[0m[0;30;47m-[0m[0;30;47m-[0m[0;30;47m-[0m[0;30;47m-[0m[0;30;47m-[0m[0;30;47m-[0m[0;30;47m-[0m[0;30;47m-[0m[0;30;47m-[0m[0;30;47m-[0m[0;30;47m-[0m[0;30;47m-[0m[0;30;47m-[0m[0;30;47m-[0m[0;30;47m-[0m[0;30;47m-[0m[0;30;47m-[0m[0;30;47m-[0m[0;30;47m-[0m[0;30;47m-[0m[0;30;47m-[0m[0;30;47m-[0m[0;30;47m-[0m[0;30;47m-[0m[0;30;47m-[0m[0;30;47m-[0m[0;30;47m-[0m[0;30;47m-[0m[0;30;47m-[0m[0;30;47m-[0m[0;30;47m-[0m[0;30;47m-[0m[0;30;47m-[0m[0;30;47m-[0m[0;30;47m-[0m[0;30;47m-[0m[0;30;47m [0m[0;30;47m [0m[0;34;46m~[0m
[0;34;46m~[0m[0;30;47m [0m[0;30;47m [0m[0;30;47m [0m[0;30;47m [0m[0;30;47m [0m[0;30;47m [0m[0;30;47m [0m[0;30;47m [0m[0;30;47m [0m[0;30;47m [0m[0;30;47m [0m[0;30;47m [0m[0;30;47m [0m[0;30;47m [0m[0;30;47m [0m[0;30;47m [0m[0;30;47m [0m[0;30;47m [0m[0;30;47m [0m[0;30;47m [0m[0;30;47m [0m[0;30;47m|[0m[0;30;47m [0m[0;30;47m [0m[0;30;47m [0m[0;30;47m [0m[0;30;47m'[0m[0;30;47m=[0m[0;30;47m=[0m[0;30;47m=[0m[0;30;47m'[0m[0;30;47m [0m[0;30;47m [0m[0;30;47m [0m[0;30;47m [0m[0;30;47m [0m[0;30;47m [0m[0;30;47m|[0m[0;30;47m [0m[0;30;47m [0m[0;30;47m [0m[0;30;47m [0m[0;30;47m [0m[0;30;47m [0m[0;30;47m [0m[0;30;47m [0m[0;30;47m [0m[0;30;47m [0m[0;30;47m [0m[0;30;47m [0m[0;30;47m [0m[0;30;47m [0m[0;30;47m [0m[0;30;47m [0m[0;30;47m [0m[0;30;47m [0m[0;30;47m [0m[0;30;47m [0m[0;30;47m [0m[0;30;47m [0m[0;30;47m [0m[0;30;47m [0m[0;34;46m~[0m[0;30;47m [0m[0;30;47m [0m[0;30;47mV[0m[0;30;47mI[0m[0;30;47mS[0m[0;30;47mI[0m[0;30;47mB[0m[0;30;47mL[0m[0;30;47mE[0m[0;30;47m [0m[0;30;47mE[0m[0;30;47mN[0m[0;30;47mT[0m[0;30;47mI[0m[0;30;47mT[0m[0;30;47mI[0m[0;30;47mE[0m[0;30;47mS[0m[0;30;47m [0m[0;30;47m([0m[0;30;47mD[0m[0;30;47mi[0m[0;30;47ms[0m[0;30;47mc[0m[0;30;47mo[0m[0;30;47mv[0m[0;30;47me[0m[0;30;47mr[0m[0;30;47me[0m[0;30;47md[0m[0;30;47m [0m[0;30;47mS[0m[0;30;47mp[0m[0;30;47ma[0m[0;30;47mc[0m[0;30;47me[0m[0;30;47ms[0m[0;30;47m)[0m[0;30;47m:[0m[0;30;47m [0m[0;30;47m [0m[0;30;47m [0m[0;30;47m [0m[0;30;47m [0m[0;30;47m [0m[0;34;46m~[0m
[0;34;46m~[0m[0;30;47m [0m[0;30;47m [0m[0;30;47m [0m[0;30;47m [0m[0;30;47m [0m[0;30;47m [0m[0;30;47m [0m[0;30;47m [0m[0;30;47m [0m[0;30;47m [0m[0;30;47m [0m[0;30;47m [0m[0;30;47m [0m[0;30;47m [0m[0;30;47m [0m[0;30;47m [0m[0;30;47m [0m[0;30;47m [0m[0;30;47m [0m[0;30;47m [0m[0;30;47m [0m[0;30;47m|[0m[0;30;47mp[0m[0;30;47mo[0m[0;30;47mr[0m[0;30;47mt[0m[0;30;47ma[0m[0;30;47ml[0m[0;30;47m [0m[0;30;47m [0m[0;30;47m [0m[0;30;47m [0m[0;30;47m [0m[0;30;47m [0m[0;30;47m [0m[0;30;47m [0m[0;30;47m [0m[0;30;47m|[0m[0;30;47m [0m[0;30;47m [0m[0;30;47m [0m[0;30;47m [0m[0;30;47m [0m[0;30;47m [0m[0;30;47m [0m[0;30;47m [0m[0;30;47m [0m[0;30;47m [0m[0;30;47m [0m[0;30;47m [0m[0;30;47m [0m[0;30;47m [0m[0;30;47m [0m[0;30;47m [0m[0;30;47m [0m[0;30;47m [0m[0;30;47m [0m[0;30;47m [0m[0;30;47m [0m[0;30;47m [0m[0;30;47m [0m[0;30;47m [0m[0;34;46m~[0m[0;30;47m [0m[0;30;47m [0m[0;30;47m [0m[0;30;47m[[0m[0;30;47mO[0m[0;30;47mb[0m[0;30;47mj[0m[0;30;47m][0m[0;30;47m [0m[0;30;47ml[0m[0;30;47mi[0m[0;30;47md[0m[0;30;47m [0m[0;30;47m [0m[0;30;47m [0m[0;30;47m [0m[0;30;47m [0m[0;30;47m [0m[0;30;47m [0m[0;30;47m [0m[0;30;47ma[0m[0;30;47mt[0m[0;30;47m [0m[0;30;47mS[0m[0;30;47mp[0m[0;30;47ma[0m[0;30;47mc[0m[0;30;47me[0m[0;30;47m [0m[0;30;47m1[0m[0;30;47m2[0m[0;30;47m [0m[0;30;47m([0m[0;30;47mp[0m[0;30;47ma[0m[0;30;47mt[0m[0;30;47mh[0m[0;30;47m)[0m[0;30;47m [0m[0;30;47m [0m[0;30;47m [0m[0;30;47m [0m[0;30;47m [0m[0;30;47m [0m[0;30;47m [0m[0;34;46m~[0m
[0;34;46m~[0m[0;30;47m [0m[0;30;47m [0m[0;30;47m [0m[0;30;47m [0m[0;30;47m [0m[0;30;47m [0m[0;30;47m [0m[0;30;47m [0m[0;30;47m [0m[0;30;47m [0m[0;30;47m [0m[0;30;47m [0m[0;30;47m [0m[0;30;47m [0m[0;30;47m [0m[0;30;47m [0m[0;30;47m [0m[0;30;47m [0m[0;30;47m [0m[0;30;47m [0m[0;30;47m [0m[0;30;47m+[0m[0;30;47m-[0m[0;30;47m-[0m[0;30;47m-[0m[0;30;47m-[0m[0;30;47m-[0m[0;30;47m-[0m[0;30;47m-[0m[0;30;47m-[0m[0;30;47m-[0m[0;30;47m-[0m[0;30;47m-[0m[0;30;47m-[0m[0;30;47m-[0m[0;30;47m-[0m[0;30;47m-[0m[0;30;47m+[0m[0;30;47m [0m[0;30;47m [0m[0;30;47m [0m[0;30;47m [0m[0;30;47m [0m[0;30;47m [0m[0;30;47m [0m[0;30;47m [0m[0;30;47m [0m[0;30;47m [0m[0;30;47m [0m[0;30;47m [0m[0;30;47m [0m[0;30;47m [0m[0;30;47m [0m[0;30;47m [0m[0;30;47m [0m[0;30;47m [0m[0;30;47m [0m[0;30;47m [0m[0;30;47m [0m[0;30;47m [0m[0;30;47m [0m[0;30;47m [0m[0;34;46m~[0m[0;30;47m [0m[0;30;47m [0m[0;30;47m [0m[0;30;47m[[0m[0;30;47mO[0m[0;30;47mb[0m[0;30;47mj[0m[0;30;47m][0m[0;30;47m [0m[0;30;47mm[0m[0;30;47ma[0m[0;30;47mi[0m[0;30;47ml[0m[0;30;47m [0m[0;30;47m [0m[0;30;47m [0m[0;30;47m [0m[0;30;47m [0m[0;30;47m [0m[0;30;47m [0m[0;30;47ma[0m[0;30;47mt[0m[0;30;47m [0m[0;30;47mS[0m[0;30;47mp[0m[0;30;47ma[0m[0;30;47mc[0m[0;30;47me[0m[0;30;47m [0m[0;30;47m1[0m[0;30;47m3[0m[0;30;47m [0m[0;30;47m([0m[0;30;47mh[0m[0;30;47ma[0m[0;30;47ml[0m[0;30;47ml[0m[0;30;47m)[0m[0;30;47m [0m[0;30;47m [0m[0;30;47m [0m[0;30;47m [0m[0;30;47m [0m[0;30;47m [0m[0;30;47m [0m[0;34;46m~[0m
[0;34;46m~[0m[0;30;47m [0m[0;30;47m [0m[0;30;47m [0m[0;30;47m [0m[0;30;47m [0m[0;30;47m [0m[0;30;47m [0m[0;30;47m [0m[0;30;47m [0m[0;30;47m [0m[0;30;47m [0m[0;30;47m [0m[0;30;47m [0m[0;30;47m [0m[0;30;47m [0m[0;30;47m [0m[0;30;47m [0m[0;30;47m [0m[0;30;47m [0m[0;30;47m [0m[0;30;47m [0m[0;30;47m [0m[0;30;47m [0m[0;30;47m [0m[0;30;47m [0m[0;30;47m [0m[0;30;47m [0m[0;30;47m [0m[0;30;47m [0m[0;30;47mv[0m[0;30;47m [0m[0;30;47m [0m[0;30;47m [0m[0;30;47m [0m[0;30;47m [0m[0;30;47m [0m[0;30;47m [0m[0;30;47m [0m[0;30;47m [0m[0;30;47m [0m[0;30;47m [0m[0;30;47m [0m[0;30;47m [0m[0;30;47m [0m[0;30;47m [0m[0;30;47m [0m[0;30;47m [0m[0;30;47m [0m[0;30;47m [0m[0;30;47m [0m[0;30;47m [0m[0;30;47m [0m[0;30;47m [0m[0;30;47m [0m[0;30;47m [0m[0;30;47m [0m[0;30;47m [0m[0;30;47m [0m[0;30;47m [0m[0;30;47m [0m[0;30;47m [0m[0;30;47m [0m[0;34;46m~[0m[0;30;47m [0m[0;30;47m [0m[0;30;47m [0m[0;30;47m[[0m[0;30;47mO[0m[0;30;47mb[0m[0;30;47mj[0m[0;30;47m][0m[0;30;47m [0m[0;30;47mb[0m[0;30;47mo[0m[0;30;47mw[0m[0;30;47m [0m[0;30;47m [0m[0;30;47m [0m[0;30;47m [0m[0;30;47m [0m[0;30;47m [0m[0;30;47m [0m[0;30;47m [0m[0;30;47ma[0m[0;30;47mt[0m[0;30;47m [0m[0;30;47mS[0m[0;30;47mp[0m[0;30;47ma[0m[0;30;47mc[0m[0;30;47me[0m[0;30;47m [0m[0;30;47m1[0m[0;30;47m4[0m[0;30;47m [0m[0;30;47m([0m[0;30;47mf[0m[0;30;47mi[0m[0;30;47mr[0m[0;30;47me[0m[0;30;47m)[0m[0;30;47m [0m[0;30;47m [0m[0;30;47m [0m[0;30;47m [0m[0;30;47m [0m[0;30;47m [0m[0;30;47m [0m[0;34;46m~[0m
[0;34;46m~[0m[0;30;47m [0m[0;30;47m [0m[0;30;47m [0m[0;30;47m [0m[0;30;47m [0m[0;30;47m [0m[0;30;47m [0m[0;30;47m [0m[0;30;47m [0m[0;30;47m [0m[0;30;47m [0m[0;30;47m [0m[0;30;47m [0m[0;30;47m [0m[0;30;47m [0m[0;30;47m [0m[0;30;47m [0m[0;30;47m [0m[0;30;47m [0m[0;30;47m [0m[0;30;47m [0m[0;30;47m+[0m[0;30;47m-[0m[0;30;47m-[0m[0;30;47m-[0m[0;30;47m-[0m[0;30;47m-[0m[0;30;47m-[0m[0;30;47m-[0m[0;30;47m-[0m[0;30;47m-[0m[0;30;47m-[0m[0;30;47m-[0m[0;30;47m-[0m[0;30;47m-[0m[0;30;47m-[0m[0;30;47m-[0m[0;30;47m+[0m[0;30;47m [0m[0;30;47m [0m[0;30;47m [0m[0;30;47m [0m[0;30;47m [0m[0;30;47m [0m[0;30;47m [0m[0;30;47m [0m[0;30;47m [0m[0;30;47m [0m[0;30;47m [0m[0;30;47m [0m[0;30;47m [0m[0;30;47m [0m[0;30;47m [0m[0;30;47m [0m[0;30;47m [0m[0;30;47m [0m[0;30;47m [0m[0;30;47m [0m[0;30;47m [0m[0;30;47m [0m[0;30;47m [0m[0;30;47m [0m[0;34;46m~[0m[0;30;47m [0m[0;30;47m [0m[0;30;47m [0m[0;30;47m[[0m[0;30;47mO[0m[0;30;47mb[0m[0;30;47mj[0m[0;30;47m][0m[0;30;47m [0m[0;30;47mv[0m[0;30;47mi[0m[0;30;47ma[0m[0;30;47ml[0m[0;30;47m [0m[0;30;47m [0m[0;30;47m [0m[0;30;47m [0m[0;30;47m [0m[0;30;47m [0m[0;30;47m [0m[0;30;47ma[0m[0;30;47mt[0m[0;30;47m [0m[0;30;47mS[0m[0;30;47mp[0m[0;30;47ma[0m[0;30;47mc[0m[0;30;47me[0m[0;30;47m [0m[0;30;47m1[0m[0;30;47m4[0m[0;30;47m [0m[0;30;47m([0m[0;30;47mf[0m[0;30;47mi[0m[0;30;47mr[0m[0;30;47me[0m[0;30;47m)[0m[0;30;47m [0m[0;30;47m [0m[0;30;47m [0m[0;30;47m [0m[0;30;47m [0m[0;30;47m [0m[0;30;47m [0m[0;34;46m~[0m
[0;34;46m~[0m[0;30;47m [0m[0;30;47m [0m[0;30;47m [0m[0;30;47m [0m[0;30;47m [0m[0;30;47m [0m[0;30;47m [0m[0;30;47m [0m[0;30;47m [0m[0;30;47m [0m[0;30;47m [0m[0;30;47m [0m[0;30;47m [0m[0;30;47m [0m[0;30;47m [0m[0;30;47m [0m[0;30;47m [0m[0;30;47m [0m[0;30;47m [0m[0;30;47m [0m[0;30;47m [0m[0;30;47m|[0m[0;30;47m [0m[0;30;47m [0m[0;30;47m [0m[0;30;47m [0m[0;30;47m [0m[0;30;47m [0m[0;30;47m\[0m[0;30;47mV[0m[0;30;47mo[0m[0;30;47m/[0m[0;30;47m [0m[0;30;47m [0m[0;30;47m [0m[0;30;47m1[0m[0;30;47m2[0m[0;30;47m|[0m[0;30;47m [0m[0;30;47m [0m[0;30;47m [0m[0;30;47m [0m[0;30;47m [0m[0;30;47m [0m[0;30;47m [0m[0;30;47m [0m[0;30;47m [0m[0;30;47m [0m[0;30;47m [0m[0;30;47m [0m[0;30;47m [0m[0;30;47m [0m[0;30;47m [0m[0;30;47m [0m[0;30;47m [0m[0;30;47m [0m[0;30;47m [0m[0;30;47m [0m[0;30;47m [0m[0;30;47m [0m[0;30;47m [0m[0;30;47m [0m[0;34;46m~[0m[0;30;47m [0m[0;30;47m [0m[0;30;47m [0m[0;30;47m[[0m[0;30;47mO[0m[0;30;47mb[0m[0;30;47mj[0m[0;30;47m][0m[0;30;47m [0m[0;30;47mp[0m[0;30;47mo[0m[0;30;47mr[0m[0;30;47mt[0m[0;30;47ma[0m[0;30;47ml[0m[0;30;47m [0m[0;30;47m [0m[0;30;47m [0m[0;30;47m [0m[0;30;47m [0m[0;30;47ma[0m[0;30;47mt[0m[0;30;47m [0m[0;30;47mS[0m[0;30;47mp[0m[0;30;47ma[0m[0;30;47mc[0m[0;30;47me[0m[0;30;47m [0m[0;30;47m1[0m[0;30;47m1[0m[0;30;47m [0m[0;30;47m([0m[0;30;47mp[0m[0;30;47mi[0m[0;30;47mt[0m[0;30;47m)[0m[0;30;47m [0m[0;30;47m [0m[0;30;47m [0m[0;30;47m [0m[0;30;47m [0m[0;30;47m [0m[0;30;47m [0m[0;30;47m [0m[0;34;46m~[0m
[0;34;46m~[0m[0;30;47m [0m[0;30;47m [0m[0;30;47m [0m[0;30;47m [0m[0;30;47m [0m[0;30;47m [0m[0;30;47m [0m[0;30;47m [0m[0;30;47m [0m[0;30;47m [0m[0;30;47m [0m[0;30;47m [0m[0;30;47m [0m[0;30;47m [0m[0;30;47m [0m[0;30;47m [0m[0;30;47m [0m[0;30;47m [0m[0;30;47m [0m[0;30;47m [0m[0;30;47m [0m[0;30;47m|[0m[0;30;47m [0m[0;30;47m [0m[0;30;47m [0m[0;30;47m [0m[0;30;47m#[0m[0;30;47m_[0m[0;30;47m_[0m[0;30;47m_[0m[0;30;47m#[0m[0;30;47m [0m[0;30;47m [0m[0;30;47m [0m[0;30;47m [0m[0;30;47m [0m[0;30;47m [0m[0;30;47m|[0m[0;30;47m [0m[0;30;47m [0m[0;30;47m [0m[0;30;47m [0m[0;30;47m [0m[0;30;47m [0m[0;30;47m [0m[0;30;47m [0m[0;30;47m [0m[0;30;47m [0m[0;30;47m [0m[0;30;47m [0m[0;30;47m [0m[0;30;47m [0m[0;30;47m [0m[0;30;47m [0m[0;30;47m [0m[0;30;47m [0m[0;30;47m [0m[0;30;47m [0m[0;30;47m [0m[0;30;47m [0m[0;30;47m [0m[0;30;47m [0m[0;34;46m~[0m[0;30;47m [0m[0;30;47m [0m[0;30;47m [0m[0;30;47m[[0m[0;30;47mO[0m[0;30;47mb[0m[0;30;47mj[0m[0;30;47m][0m[0;30;47m [0m[0;30;47mw[0m[0;30;47ma[0m[0;30;47mx[0m[0;30;47m [0m[0;30;47m [0m[0;30;47m [0m[0;30;47m [0m[0;30;47m [0m[0;30;47m [0m[0;30;47m [0m[0;30;47m [0m[0;30;47ma[0m[0;30;47mt[0m[0;30;47m [0m[0;30;47mS[0m[0;30;47mp[0m[0;30;47ma[0m[0;30;47mc[0m[0;30;47me[0m[0;30;47m [0m[0;30;47m1[0m[0;30;47m4[0m[0;30;47m [0m[0;30;47m([0m[0;30;47mf[0m[0;30;47mi[0m[0;30;47mr[0m[0;30;47me[0m[0;30;47m)[0m[0;30;47m [0m[0;30;47m [0m[0;30;47m [0m[0;30;47m [0m[0;30;47m [0m[0;30;47m [0m[0;30;47m [0m[0;34;46m~[0m
[0;34;46m~[0m[0;30;47m [0m[0;30;47m [0m[0;30;47m [0m[0;30;47m [0m[0;30;47m [0m[0;30;47m [0m[0;30;47m [0m[0;30;47m [0m[0;30;47m [0m[0;30;47m [0m[0;30;47m [0m[0;30;47m [0m[0;30;47m [0m[0;30;47m [0m[0;30;47m [0m[0;30;47m [0m[0;30;47m [0m[0;30;47m [0m[0;30;47m [0m[0;30;47m [0m[0;30;47m [0m[0;30;47m|[0m[0;30;47m [0m[0;30;47m [0m[0;30;47m [0m[0;30;47m [0m[0;30;47m#[0m[0;30;47m_[0m[0;30;47m_[0m[0;30;47m_[0m[0;30;47m#[0m[0;30;47m [0m[0;30;47m [0m[0;30;47m [0m[0;30;47m [0m[0;30;47m [0m[0;30;47m [0m[0;30;47m|[0m[0;30;47m [0m[0;30;47m [0m[0;30;47m [0m[0;30;47m [0m[0;30;47m [0m[0;30;47m [0m[0;30;47m [0m[0;30;47m [0m[0;30;47m [0m[0;30;47m [0m[0;30;47m [0m[0;30;47m [0m[0;30;47m [0m[0;30;47m [0m[0;30;47m [0m[0;30;47m [0m[0;30;47m [0m[0;30;47m [0m[0;30;47m [0m[0;30;47m [0m[0;30;47m [0m[0;30;47m [0m[0;30;47m [0m[0;30;47m [0m[0;34;46m~[0m[0;30;47m [0m[0;30;47m [0m[0;30;47m [0m[0;30;47m[[0m[0;30;47mO[0m[0;30;47mb[0m[0;30;47mj[0m[0;30;47m][0m[0;30;47m [0m[0;30;47mf[0m[0;30;47mi[0m[0;30;47mg[0m[0;30;47m [0m[0;30;47m [0m[0;30;47m [0m[0;30;47m [0m[0;30;47m [0m[0;30;47m [0m[0;30;47m [0m[0;30;47m [0m[0;30;47ma[0m[0;30;47mt[0m[0;30;47m [0m[0;30;47mS[0m[0;30;47mp[0m[0;30;47ma[0m[0;30;47mc[0m[0;30;47me[0m[0;30;47m [0m[0;30;47m1[0m[0;30;47m4[0m[0;30;47m [0m[0;30;47m([0m[0;30;47mf[0m[0;30;47mi[0m[0;30;47mr[0m[0;30;47me[0m[0;30;47m)[0m[0;30;47m [0m[0;30;47m [0m[0;30;47m [0m[0;30;47m [0m[0;30;47m [0m[0;30;47m [0m[0;30;47m [0m[0;34;46m~[0m
[0;34;46m~[0m[0;30;47m [0m[0;30;47m [0m[0;30;47m [0m[0;30;47m [0m[0;30;47m [0m[0;30;47m [0m[0;30;47m [0m[0;30;47m [0m[0;30;47m [0m[0;30;47m [0m[0;30;47m [0m[0;30;47m [0m[0;30;47m [0m[0;30;47m [0m[0;30;47m [0m[0;30;47m [0m[0;30;47m [0m[0;30;47m [0m[0;30;47m [0m[0;30;47m [0m[0;30;47m [0m[0;30;47m|[0m[0;30;47m [0m[0;30;47m [0m[0;30;47m [0m[0;30;47m [0m[0;30;47m#[0m[0;30;47m_[0m[0;30;47m_[0m[0;30;47m_[0m[0;30;47m#[0m[0;30;47m [0m[0;30;47m [0m[0;30;47m [0m[0;30;47m [0m[0;30;47m [0m[0;30;47m [0m[0;30;47m|[0m[0;30;47m [0m[0;30;47m [0m[0;30;47m [0m[0;30;47m [0m[0;30;47m [0m[0;30;47m [0m[0;30;47m [0m[0;30;47m [0m[0;30;47m [0m[0;30;47m [0m[0;30;47m [0m[0;30;47m [0m[0;30;47m [0m[0;30;47m [0m[0;30;47m [0m[0;30;47m [0m[0;30;47m [0m[0;30;47m [0m[0;30;47m [0m[0;30;47m [0m[0;30;47m [0m[0;30;47m [0m[0;30;47m [0m[0;30;47m [0m[0;34;46m~[0m[0;30;47m [0m[0;30;47m [0m[0;30;47m [0m[0;30;47m[[0m[0;30;47mO[0m[0;30;47mb[0m[0;30;47mj[0m[0;30;47m][0m[0;30;47m [0m[0;30;47mc[0m[0;30;47mo[0m[0;30;47mi[0m[0;30;47mn[0m[0;30;47m [0m[0;30;47m [0m[0;30;47m [0m[0;30;47m [0m[0;30;47m [0m[0;30;47m [0m[0;30;47m [0m[0;30;47ma[0m[0;30;47mt[0m[0;30;47m [0m[0;30;47mS[0m[0;30;47mp[0m[0;30;47ma[0m[0;30;47mc[0m[0;30;47me[0m[0;30;47m [0m[0;30;47m1[0m[0;30;47m2[0m[0;30;47m [0m[0;30;47m([0m[0;30;47mp[0m[0;30;47ma[0m[0;30;47mt[0m[0;30;47mh[0m[0;30;47m)[0m[0;30;47m [0m[0;30;47m [0m[0;30;47m [0m[0;30;47m [0m[0;30;47m [0m[0;30;47m [0m[0;30;47m [0m[0;34;46m~[0m
[0;34;46m~[0m[0;30;47m [0m[0;30;47m [0m[0;30;47m [0m[0;30;47m [0m[0;30;47m [0m[0;30;47m [0m[0;30;47m [0m[0;30;47m [0m[0;30;47m [0m[0;30;47m [0m[0;30;47m [0m[0;30;47m [0m[0;30;47m [0m[0;30;47m [0m[0;30;47m [0m[0;30;47m [0m[0;30;47m [0m[0;30;47m [0m[0;30;47m [0m[0;30;47m [0m[0;30;47m [0m[0;30;47m|[0m[0;30;47m [0m[0;30;47m [0m[0;30;47m [0m[0;30;47m [0m[0;30;47m#[0m[0;30;47m_[0m[0;30;47m_[0m[0;30;47m_[0m[0;30;47m#[0m[0;30;47m [0m[0;30;47m [0m[0;30;47m [0m[0;30;47m [0m[0;30;47m [0m[0;30;47m [0m[0;30;47m|[0m[0;30;47m [0m[0;30;47m [0m[0;30;47m [0m[0;30;47m [0m[0;30;47m [0m[0;30;47m [0m[0;30;47m [0m[0;30;47m [0m[0;30;47m [0m[0;30;47m [0m[0;30;47m [0m[0;30;47m [0m[0;30;47m [0m[0;30;47m [0m[0;30;47m [0m[0;30;47m [0m[0;30;47m [0m[0;30;47m [0m[0;30;47m [0m[0;30;47m [0m[0;30;47m [0m[0;30;47m [0m[0;30;47m [0m[0;30;47m [0m[0;34;46m~[0m[0;30;47m [0m[0;30;47m [0m[0;30;47m [0m[0;30;47m[[0m[0;30;47mO[0m[0;30;47mb[0m[0;30;47mj[0m[0;30;47m][0m[0;30;47m [0m[0;30;47ml[0m[0;30;47mo[0m[0;30;47ma[0m[0;30;47mf[0m[0;30;47m [0m[0;30;47m [0m[0;30;47m [0m[0;30;47m [0m[0;30;47m [0m[0;30;47m [0m[0;30;47m [0m[0;30;47ma[0m[0;30;47mt[0m[0;30;47m [0m[0;30;47mS[0m[0;30;47mp[0m[0;30;47ma[0m[0;30;47mc[0m[0;30;47me[0m[0;30;47m [0m[0;30;47m1[0m[0;30;47m4[0m[0;30;47m [0m[0;30;47m([0m[0;30;47mf[0m[0;30;47mi[0m[0;30;47mr[0m[0;30;47me[0m[0;30;47m)[0m[0;30;47m [0m[0;30;47m [0m[0;30;47m [0m[0;30;47m [0m[0;30;47m [0m[0;30;47m [0m[0;30;47m [0m[0;34;46m~[0m
[0;34;46m~[0m[0;30;47m [0m[0;30;47m [0m[0;30;47m [0m[0;30;47m [0m[0;30;47m [0m[0;30;47m [0m[0;30;47m [0m[0;30;47m [0m[0;30;47m [0m[0;30;47m [0m[0;30;47m [0m[0;30;47m [0m[0;30;47m [0m[0;30;47m [0m[0;30;47m [0m[0;30;47m [0m[0;30;47m [0m[0;30;47m [0m[0;30;47m [0m[0;30;47m [0m[0;30;47m [0m[0;30;47m|[0m[0;30;47m [0m[0;30;47m [0m[0;30;47m [0m[0;30;47m [0m[0;30;47m#[0m[0;30;47m [0m[0;30;47m [0m[0;30;47m [0m[0;30;47m#[0m[0;30;47m [0m[0;30;47m [0m[0;30;47m [0m[0;30;47m [0m[0;30;47m [0m[0;30;47m [0m[0;30;47m|[0m[0;30;47m [0m[0;30;47m [0m[0;30;47m [0m[0;30;47m [0m[0;30;47m [0m[0;30;47m [0m[0;30;47m [0m[0;30;47m [0m[0;30;47m [0m[0;30;47m [0m[0;30;47m [0m[0;30;47m [0m[0;30;47m [0m[0;30;47m [0m[0;30;47m [0m[0;30;47m [0m[0;30;47m [0m[0;30;47m [0m[0;30;47m [0m[0;30;47m [0m[0;30;47m [0m[0;30;47m [0m[0;30;47m [0m[0;30;47m [0m[0;34;46m~[0m[0;30;47m [0m[0;30;47m [0m[0;30;47m [0m[0;30;47m[[0m[0;30;47mO[0m[0;30;47mb[0m[0;30;47mj[0m[0;30;47m][0m[0;30;47m [0m[0;30;47mc[0m[0;30;47mu[0m[0;30;47mp[0m[0;30;47m [0m[0;30;47m [0m[0;30;47m [0m[0;30;47m [0m[0;30;47m [0m[0;30;47m [0m[0;30;47m [0m[0;30;47m [0m[0;30;47ma[0m[0;30;47mt[0m[0;30;47m [0m[0;30;47mS[0m[0;30;47mp[0m[0;30;47ma[0m[0;30;47mc[0m[0;30;47me[0m[0;30;47m [0m[0;30;47m1[0m[0;30;47m3[0m[0;30;47m [0m[0;30;47m([0m[0;30;47mh[0m[0;30;47ma[0m[0;30;47ml[0m[0;30;47ml[0m[0;30;47m)[0m[0;30;47m [0m[0;30;47m [0m[0;30;47m [0m[0;30;47m [0m[0;30;47m [0m[0;30;47m [0m[0;30;47m [0m[0;34;46m~[0m
[0;34;46m~[0m[0;30;47m [0m[0;30;47m [0m[0;30;47m [0m[0;30;47m [0m[0;30;47m [0m[0;30;47m [0m[0;30;47m [0m[0;30;47m [0m[0;30;47m [0m[0;30;47m [0m[0;30;47m [0m[0;30;47m [0m[0;30;47m [0m[0;30;47m [0m[0;30;47m [0m[0;30;47m [0m[0;30;47m [0m[0;30;47m [0m[0;30;47m [0m[0;30;47m [0m[0;30;47m [0m[0;30;47m|[0m[0;30;47ml[0m[0;30;47mi[0m[0;30;47md[0m[0;30;47m,[0m[0;30;47mc[0m[0;30;47mo[0m[0;30;47mi[0m[0;30;47mn[0m[0;30;47m [0m[0;30;47m [0m[0;30;47m [0m[0;30;47m [0m[0;30;47m [0m[0;30;47m [0m[0;30;47m [0m[0;30;47m|[0m[0;30;47m [0m[0;30;47m [0m[0;30;47m [0m[0;30;47m [0m[0;30;47m [0m[0;30;47m [0m[0;30;47m [0m[0;30;47m [0m[0;30;47m [0m[0;30;47m [0m[0;30;47m [0m[0;30;47m [0m[0;30;47m [0m[0;30;47m [0m[0;30;47m [0m[0;30;47m [0m[0;30;47m [0m[0;30;47m [0m[0;30;47m [0m[0;30;47m [0m[0;30;47m [0m[0;30;47m [0m[0;30;47m [0m[0;30;47m [0m[0;34;46m~[0m[0;30;47m [0m[0;30;47m [0m[0;30;47m [0m[0;30;47m[[0m[0;30;47mC[0m[0;30;47mh[0m[0;30;47mr[0m[0;30;47m][0m[0;30;47m [0m[0;30;47m [0m[0;30;47m\[0m[0;30;47mV[0m[0;30;47mo[0m[0;30;47m/[0m[0;30;47m [0m[0;30;47m [0m[0;30;47ma[0m[0;30;47mt[0m[0;30;47m [0m[0;30;47mS[0m[0;30;47mp[0m[0;30;47ma[0m[0;30;47mc[0m[0;30;47me[0m[0;30;47m [0m[0;30;47m1[0m[0;30;47m2[0m[0;30;47m [0m[0;30;47m([0m[0;30;47mp[0m[0;30;47ma[0m[0;30;47mt[0m[0;30;47mh[0m[0;30;47m)[0m[0;30;47m [0m[0;30;47m([0m[0;30;47mH[0m[0;30;47mP[0m[0;30;47m:[0m[0;30;47m5[0m[0;30;47m)[0m[0;30;47m [0m[0;30;47m [0m[0;30;47m [0m[0;30;47m [0m[0;34;46m~[0m
[0;34;46m~[0m[0;30;47m [0m[0;30;47m [0m[0;30;47m [0m[0;30;47m [0m[0;30;47m [0m[0;30;47m [0m[0;30;47m [0m[0;30;47m [0m[0;30;47m [0m[0;30;47m [0m[0;30;47m [0m[0;30;47m [0m[0;30;47m [0m[0;30;47m [0m[0;30;47m [0m[0;30;47m [0m[0;30;47m [0m[0;30;47m [0m[0;30;47m [0m[0;30;47m [0m[0;30;47m [0m[0;30;47m+[0m[0;30;47m-[0m[0;30;47m-[0m[0;30;47m-[0m[0;30;47m-[0m[0;30;47m-[0m[0;30;47m-[0m[0;30;47m-[0m[0;30;47m-[0m[0;30;47m-[0m[0;30;47m-[0m[0;30;47m-[0m[0;30;47m-[0m[0;30;47m-[0m[0;30;47m-[0m[0;30;47m-[0m[0;30;47m+[0m[0;30;47m [0m[0;30;47m [0m[0;30;47m [0m[0;30;47m [0m[0;30;47m [0m[0;30;47m [0m[0;30;47m [0m[0;30;47m [0m[0;30;47m [0m[0;30;47m [0m[0;30;47m [0m[0;30;47m [0m[0;30;47m [0m[0;30;47m [0m[0;30;47m [0m[0;30;47m [0m[0;30;47m [0m[0;30;47m [0m[0;30;47m [0m[0;30;47m [0m[0;30;47m [0m[0;30;47m [0m[0;30;47m [0m[0;30;47m [0m[0;34;46m~[0m[0;30;47m [0m[0;30;47m [0m[0;30;47m [0m[0;30;47m[[0m[0;30;47mC[0m[0;30;47mh[0m[0;30;47mr[0m[0;30;47m][0m[0;30;47m [0m[0;30;47m [0m[0;30;47m\[0m[0;30;47mS[0m[0;30;47me[0m[0;30;47m/[0m[0;30;47m [0m[0;30;47m [0m[0;30;47ma[0m[0;30;47mt[0m[0;30;47m [0m[0;30;47mS[0m[0;30;47mp[0m[0;30;47ma[0m[0;30;47mc[0m[0;30;47me[0m[0;30;47m [0m[0;30;47m1[0m[0;30;47m1[0m[0;30;47m [0m[0;30;47m([0m[0;30;47mp[0m[0;30;47mi[0m[0;30;47mt[0m[0;30;47m)[0m[0;30;47m [0m[0;30;47m([0m[0;30;47mH[0m[0;30;47mP[0m[0;30;47m:[0m[0;30;47m5[0m[0;30;47m)[0m[0;30;47m [0m[0;30;47m [0m[0;30;47m [0m[0;30;47m [0m[0;30;47m [0m[0;34;46m~[0m
[0;34;46m~[0m[0;30;47m [0m[0;30;47m [0m[0;30;47m [0m[0;30;47m [0m[0;30;47m [0m[0;30;47m [0m[0;30;47m [0m[0;30;47m [0m[0;30;47m [0m[0;30;47m [0m[0;30;47m [0m[0;30;47m [0m[0;30;47m [0m[0;30;47m [0m[0;30;47m [0m[0;30;47m [0m[0;30;47m [0m[0;30;47m [0m[0;30;47m [0m[0;30;47m [0m[0;30;47m [0m[0;30;47m [0m[0;30;47m [0m[0;30;47m [0m[0;30;47m [0m[0;30;47m [0m[0;30;47m [0m[0;30;47m [0m[0;30;47m [0m[0;30;47m [0m[0;30;47m [0m[0;30;47m [0m[0;30;47m [0m[0;30;47m [0m[0;30;47m [0m[0;30;47m [0m[0;30;47m [0m[0;30;47m [0m[0;30;47m [0m[0;30;47m [0m[0;30;47m [0m[0;30;47m [0m[0;30;47m [0m[0;30;47m [0m[0;30;47m [0m[0;30;47m [0m[0;30;47m [0m[0;30;47m [0m[0;30;47m [0m[0;30;47m [0m[0;30;47m [0m[0;30;47m [0m[0;30;47m [0m[0;30;47m [0m[0;30;47m [0m[0;30;47m [0m[0;30;47m [0m[0;30;47m [0m[0;30;47m [0m[0;30;47m [0m[0;30;47m [0m[0;30;47m [0m[0;34;46m~[0m[0;30;47m [0m[0;30;47m [0m[0;30;47m-[0m[0;30;47m-[0m[0;30;47m-[0m[0;30;47m-[0m[0;30;47m-[0m[0;30;47m-[0m[0;30;47m-[0m[0;30;47m-[0m[0;30;47m-[0m[0;30;47m-[0m[0;30;47m-[0m[0;30;47m-[0m[0;30;47m-[0m[0;30;47m-[0m[0;30;47m-[0m[0;30;47m-[0m[0;30;47m-[0m[0;30;47m-[0m[0;30;47m-[0m[0;30;47m-[0m[0;30;47m-[0m[0;30;47m-[0m[0;30;47m-[0m[0;30;47m-[0m[0;30;47m-[0m[0;30;47m-[0m[0;30;47m-[0m[0;30;47m-[0m[0;30;47m-[0m[0;30;47m-[0m[0;30;47m-[0m[0;30;47m-[0m[0;30;47m-[0m[0;30;47m-[0m[0;30;47m-[0m[0;30;47m-[0m[0;30;47m-[0m[0;30;47m-[0m[0;30;47m-[0m[0;30;47m-[0m[0;30;47m-[0m[0;30;47m [0m[0;30;47m [0m[0;34;46m~[0m
[0;34;46m~[0m[0;30;47m [0m[0;30;47m [0m[0;30;47m [0m[0;30;47m [0m[0;30;47m [0m[0;30;47m [0m[0;30;47m [0m[0;30;47m [0m[0;30;47m [0m[0;30;47m [0m[0;30;47m [0m[0;30;47m [0m[0;30;47m [0m[0;30;47m [0m[0;30;47m [0m[0;30;47m [0m[0;30;47m [0m[0;30;47m [0m[0;30;47m [0m[0;30;47m [0m[0;30;47m [0m[0;30;47m [0m[0;30;47m [0m[0;30;47m [0m[0;30;47m [0m[0;30;47m [0m[0;30;47m [0m[0;30;47m [0m[0;30;47m [0m[0;30;47m [0m[0;30;47m [0m[0;30;47m [0m[0;30;47m [0m[0;30;47m [0m[0;30;47m [0m[0;30;47m [0m[0;30;47m [0m[0;30;47m [0m[0;30;47m [0m[0;30;47m [0m[0;30;47m [0m[0;30;47m [0m[0;30;47m [0m[0;30;47m [0m[0;30;47m [0m[0;30;47m [0m[0;30;47m [0m[0;30;47m [0m[0;30;47m [0m[0;30;47m [0m[0;30;47m [0m[0;30;47m [0m[0;30;47m [0m[0;30;47m [0m[0;30;47m [0m[0;30;47m [0m[0;30;47m [0m[0;30;47m [0m[0;30;47m [0m[0;30;47m [0m[0;30;47m [0m[0;30;47m [0m[0;34;46m~[0m[0;30;47m [0m[0;30;47m [0m[0;30;47m [0m[0;30;47m [0m[0;30;47m [0m[0;30;47m [0m[0;30;47m [0m[0;30;47m [0m[0;30;47m [0m[0;30;47m [0m[0;30;47m [0m[0;30;47m [0m[0;30;47m [0m[0;30;47m [0m[0;30;47m [0m[0;30;47m [0m[0;30;47m [0m[0;30;47m [0m[0;30;47m [0m[0;30;47m [0m[0;30;47m [0m[0;30;47m [0m[0;30;47m [0m[0;30;47m [0m[0;30;47m [0m[0;30;47m [0m[0;30;47m [0m[0;30;47m [0m[0;30;47m [0m[0;30;47m [0m[0;30;47m [0m[0;30;47m [0m[0;30;47m [0m[0;30;47m [0m[0;30;47m [0m[0;30;47m [0m[0;30;47m [0m[0;30;47m [0m[0;30;47m [0m[0;30;47m [0m[0;30;47m [0m[0;30;47m [0m[0;30;47m [0m[0;30;47m [0m[0;30;47m [0m[0;34;46m~[0m
[0;34;46m~[0m[0;30;47m [0m[0;30;47m [0m[0;30;47m [0m[0;30;47m [0m[0;30;47m [0m[0;30;47m [0m[0;30;47m [0m[0;30;47m [0m[0;30;47m [0m[0;30;47m [0m[0;30;47m [0m[0;30;47m [0m[0;30;47m [0m[0;30;47m [0m[0;30;47m [0m[0;30;47m [0m[0;30;47m [0m[0;30;47m [0m[0;30;47m [0m[0;30;47m [0m[0;30;47m [0m[0;30;47m [0m[0;30;47m [0m[0;30;47m [0m[0;30;47m [0m[0;30;47m [0m[0;30;47m [0m[0;30;47m [0m[0;30;47m [0m[0;30;47m [0m[0;30;47m [0m[0;30;47m [0m[0;30;47m [0m[0;30;47m [0m[0;30;47m [0m[0;30;47m [0m[0;30;47m [0m[0;30;47m [0m[0;30;47m [0m[0;30;47m [0m[0;30;47m [0m[0;30;47m [0m[0;30;47m [0m[0;30;47m [0m[0;30;47m [0m[0;30;47m [0m[0;30;47m [0m[0;30;47m [0m[0;30;47m [0m[0;30;47m [0m[0;30;47m [0m[0;30;47m [0m[0;30;47m [0m[0;30;47m [0m[0;30;47m [0m[0;30;47m [0m[0;30;47m [0m[0;30;47m [0m[0;30;47m [0m[0;30;47m [0m[0;30;47m [0m[0;30;47m [0m[0;34;46m~[0m[0;30;47m [0m[0;30;47m [0m[0;30;47m [0m[0;30;47m [0m[0;30;47m [0m[0;30;47m [0m[0;30;47m [0m[0;30;47m [0m[0;30;47m [0m[0;30;47m [0m[0;30;47m [0m[0;30;47m [0m[0;30;47m [0m[0;30;47m [0m[0;30;47m [0m[0;30;47m [0m[0;30;47m [0m[0;30;47m [0m[0;30;47m [0m[0;30;47m [0m[0;30;47m [0m[0;30;47m [0m[0;30;47m [0m[0;30;47m [0m[0;30;47m [0m[0;30;47m [0m[0;30;47m [0m[0;30;47m [0m[0;30;47m [0m[0;30;47m [0m[0;30;47m [0m[0;30;47m [0m[0;30;47m [0m[0;30;47m [0m[0;30;47m [0m[0;30;47m [0m[0;30;47m [0m[0;30;47m [0m[0;30;47m [0m[0;30;47m [0m[0;30;47m [0m[0;30;47m [0m[0;30;47m [0m[0;30;47m [0m[0;30;47m [0m[0;34;46m~[0m
[0;34;46m~[0m[0;30;47m [0m[0;30;47m [0m[0;30;47m [0m[0;30;47m [0m[0;30;47m [0m[0;30;47m [0m[0;30;47m [0m[0;30;47m [0m[0;30;47m [0m[0;30;47m [0m[0;30;47m [0m[0;30;47m [0m[0;30;47m [0m[0;30;47m [0m[0;30;47m [0m[0;30;47m [0m[0;30;47m [0m[0;30;47m [0m[0;30;47m [0m[0;30;47m [0m[0;30;47m [0m[0;30;47m [0m[0;30;47m [0m[0;30;47m [0m[0;30;47m [0m[0;30;47m [0m[0;30;47m [0m[0;30;47m [0m[0;30;47m [0m[0;30;47m [0m[0;30;47m [0m[0;30;47m [0m[0;30;47m [0m[0;30;47m [0m[0;30;47m [0m[0;30;47m [0m[0;30;47m [0m[0;30;47m [0m[0;30;47m [0m[0;30;47m [0m[0;30;47m [0m[0;30;47m [0m[0;30;47m [0m[0;30;47m [0m[0;30;47m [0m[0;30;47m [0m[0;30;47m [0m[0;30;47m [0m[0;30;47m [0m[0;30;47m [0m[0;30;47m [0m[0;30;47m [0m[0;30;47m [0m[0;30;47m [0m[0;30;47m [0m[0;30;47m [0m[0;30;47m [0m[0;30;47m [0m[0;30;47m [0m[0;30;47m [0m[0;30;47m [0m[0;30;47m [0m[0;34;46m~[0m[0;30;47m [0m[0;30;47m [0m[0;30;47m [0m[0;30;47m [0m[0;30;47m [0m[0;30;47m [0m[0;30;47m [0m[0;30;47m [0m[0;30;47m [0m[0;30;47m [0m[0;30;47m [0m[0;30;47m [0m[0;30;47m [0m[0;30;47m [0m[0;30;47m [0m[0;30;47m [0m[0;30;47m [0m[0;30;47m [0m[0;30;47m [0m[0;30;47m [0m[0;30;47m [0m[0;30;47m [0m[0;30;47m [0m[0;30;47m [0m[0;30;47m [0m[0;30;47m [0m[0;30;47m [0m[0;30;47m [0m[0;30;47m [0m[0;30;47m [0m[0;30;47m [0m[0;30;47m [0m[0;30;47m [0m[0;30;47m [0m[0;30;47m [0m[0;30;47m [0m[0;30;47m [0m[0;30;47m [0m[0;30;47m [0m[0;30;47m [0m[0;30;47m [0m[0;30;47m [0m[0;30;47m [0m[0;30;47m [0m[0;30;47m [0m[0;34;46m~[0m
[0;34;46m~[0m[0;30;47m [0m[0;30;47m [0m[0;30;47m [0m[0;30;47m [0m[0;30;47m [0m[0;30;47m [0m[0;30;47m [0m[0;30;47m [0m[0;30;47m [0m[0;30;47m [0m[0;30;47m [0m[0;30;47m [0m[0;30;47m [0m[0;30;47m [0m[0;30;47m [0m[0;30;47m [0m[0;30;47m [0m[0;30;47m [0m[0;30;47m [0m[0;30;47m [0m[0;30;47m [0m[0;30;47m [0m[0;30;47m [0m[0;30;47m [0m[0;30;47m [0m[0;30;47m [0m[0;30;47m [0m[0;30;47m [0m[0;30;47m [0m[0;30;47m [0m[0;30;47m [0m[0;30;47m [0m[0;30;47m [0m[0;30;47m [0m[0;30;47m [0m[0;30;47m [0m[0;30;47m [0m[0;30;47m [0m[0;30;47m [0m[0;30;47m [0m[0;30;47m [0m[0;30;47m [0m[0;30;47m [0m[0;30;47m [0m[0;30;47m [0m[0;30;47m [0m[0;30;47m [0m[0;30;47m [0m[0;30;47m [0m[0;30;47m [0m[0;30;47m [0m[0;30;47m [0m[0;30;47m [0m[0;30;47m [0m[0;30;47m [0m[0;30;47m [0m[0;30;47m [0m[0;30;47m [0m[0;30;47m [0m[0;30;47m [0m[0;30;47m [0m[0;30;47m [0m[0;34;46m~[0m[0;30;47m [0m[0;30;47m [0m[0;30;47m [0m[0;30;47m [0m[0;30;47m [0m[0;30;47m [0m[0;30;47m [0m[0;30;47m [0m[0;30;47m [0m[0;30;47m [0m[0;30;47m [0m[0;30;47m [0m[0;30;47m [0m[0;30;47m [0m[0;30;47m [0m[0;30;47m [0m[0;30;47m [0m[0;30;47m [0m[0;30;47m [0m[0;30;47m [0m[0;30;47m [0m[0;30;47m [0m[0;30;47m [0m[0;30;47m [0m[0;30;47m [0m[0;30;47m [0m[0;30;47m [0m[0;30;47m [0m[0;30;47m [0m[0;30;47m [0m[0;30;47m [0m[0;30;47m [0m[0;30;47m [0m[0;30;47m [0m[0;30;47m [0m[0;30;47m [0m[0;30;47m [0m[0;30;47m [0m[0;30;47m [0m[0;30;47m [0m[0;30;47m [0m[0;30;47m [0m[0;30;47m [0m[0;30;47m [0m[0;30;47m [0m[0;34;46m~[0m
[0;34;46m~[0m[0;34;46m~[0m[0;34;46m~[0m[0;34;46m~[0m[0;34;46m~[0m[0;34;46m~[0m[0;34;46m~[0m[0;34;46m~[0m[0;34;46m~[0m[0;34;46m~[0m[0;34;46m~[0m[0;34;46m~[0m[0;34;46m~[0m[0;34;46m~[0m[0;34;46m~[0m[0;34;46m~[0m[0;34;46m~[0m[0;34;46m~[0m[0;34;46m~[0m[0;34;46m~[0m[0;34;46m~[0m[0;34;46m~[0m[0;34;46m~[0m[0;34;46m~[0m[0;34;46m~[0m[0;34;46m~[0m[0;34;46m~[0m[0;34;46m~[0m[0;34;46m~[0m[0;34;46m~[0m[0;34;46m~[0m[0;34;46m~[0m[0;34;46m~[0m[0;34;46m~[0m[0;34;46m~[0m[0;34;46m~[0m[0;34;46m~[0m[0;34;46m~[0m[0;34;46m~[0m[0;34;46m~[0m[0;34;46m~[0m[0;34;46m~[0m[0;34;46m~[0m[0;34;46m~[0m[0;34;46m~[0m[0;34;46m~[0m[0;34;46m~[0m[0;34;46m~[0m[0;34;46m~[0m[0;34;46m~[0m[0;34;46m~[0m[0;34;46m~[0m[0;34;46m~[0m[0;34;46m~[0m[0;34;46m~[0m[0;34;46m~[0m[0;34;46m~[0m[0;34;46m~[0m[0;34;46m~[0m[0;34;46m~[0m[0;34;46m~[0m[0;34;46m~[0m[0;34;46m~[0m[0;34;46m~[0m[0;34;46m~[0m[0;34;46m~[0m[0;34;46m~[0m[0;34;46m~[0m[0;34;46m~[0m[0;34;46m~[0m[0;34;46m~[0m[0;34;46m~[0m[0;34;46m~[0m[0;34;46m~[0m[0;34;46m~[0m[0;34;46m~[0m[0;34;46m~[0m[0;34;46m~[0m[0;34;46m~[0m[0;34;46m~[0m[0;34;46m~[0m[0;34;46m~[0m[0;34;46m~[0m[0;34;46m~[0m[0;34;46m~[0m[0;34;46m~[0m[0;34;46m~[0m[0;34;46m~[0m[0;34;46m~[0m[0;34;46m~[0m[0;34;46m~[0m[0;34;46m~[0m[0;34;46m~[0m[0;34;46m~[0m[0;34;46m~[0m[0;34;46m~[0m[0;34;46m~[0m[0;34;46m~[0m[0;34;46m~[0m[0;34;46m~[0m[0;34;46m~[0m[0;34;46m~[0m[0;34;46m~[0m[0;34;46m~[0m[0;34;46m~[0m[0;34;46m~[0m[0;34;46m~[0m[0;34;46m~[0m[0;34;46m~[0m[0;34;46m~[0m
[0;34;46m~[0m[0;30;47m [0m[0;30;47m [0m[0;30;47m [0m[0;30;47m [0m[0;30;47m [0m[0;30;47m [0m[0;30;47m [0m[0;30;47m [0m[0;30;47m [0m[0;30;47m [0m[0;30;47m [0m[0;30;47m [0m[0;30;47m [0m[0;30;47m [0m[0;30;47m [0m[0;30;47m [0m[0;30;47m [0m[0;30;47m [0m[0;30;47m [0m[0;30;47m [0m[0;30;47m [0m[0;30;47m [0m[0;30;47m [0m[0;30;47m [0m[0;30;47m [0m[0;30;47m [0m[0;30;47m [0m[0;30;47m [0m[0;30;47m [0m[0;30;47m [0m[0;30;47m [0m[0;30;47m [0m[0;30;47m [0m[0;30;47m [0m[0;30;47m [0m[0;30;47m [0m[0;30;47m [0m[0;30;47m [0m[0;30;47m [0m[0;30;47m [0m[0;30;47m [0m[0;30;47m [0m[0;30;47m [0m[0;30;47m [0m[0;30;47m [0m[0;30;47mT[0m[0;30;47mH[0m[0;30;47mE[0m[0;30;47m [0m[0;30;47mH[0m[0;30;47mA[0m[0;30;47mU[0m[0;30;47mN[0m[0;30;47mT[0m[0;30;47mE[0m[0;30;47mD[0m[0;30;47m [0m[0;30;47mC[0m[0;30;47mA[0m[0;30;47mS[0m[0;30;47mT[0m[0;30;47mL[0m[0;30;47mE[0m[0;30;47m [0m[0;30;47m [0m[0;30;47m [0m[0;30;47m [0m[0;30;47m [0m[0;30;47m [0m[0;30;47m [0m[0;30;47m [0m[0;30;47m [0m[0;30;47m [0m[0;30;47m [0m[0;30;47m [0m[0;30;47m [0m[0;30;47m [0m[0;30;47m [0m[0;30;47m [0m[0;30;47m [0m[0;30;47m [0m[0;30;47m [0m[0;30;47m [0m[0;30;47m [0m[0;30;47m [0m[0;30;47m [0m[0;30;47m [0m[0;30;47m [0m[0;30;47m [0m[0;30;47m [0m[0;30;47m [0m[0;30;47m [0m[0;30;47m [0m[0;30;47m [0m[0;30;47m [0m[0;30;47m [0m[0;30;47m [0m[0;30;47m [0m[0;30;47m [0m[0;30;47m [0m[0;30;47m [0m[0;30;47m [0m[0;30;47m [0m[0;30;47m [0m[0;30;47m [0m[0;30;47m [0m[0;30;47m [0m[0;30;47m [0m[0;34;46m~[0m
[0;34;46m~[0m[0;34;46m~[0m[0;34;46m~[0m[0;34;46m~[0m[0;34;46m~[0m[0;34;46m~[0m[0;34;46m~[0m[0;34;46m~[0m[0;34;46m~[0m[0;34;46m~[0m[0;34;46m~[0m[0;34;46m~[0m[0;34;46m~[0m[0;34;46m~[0m[0;34;46m~[0m[0;34;46m~[0m[0;34;46m~[0m[0;34;46m~[0m[0;34;46m~[0m[0;34;46m~[0m[0;34;46m~[0m[0;34;46m~[0m[0;34;46m~[0m[0;34;46m~[0m[0;34;46m~[0m[0;34;46m~[0m[0;34;46m~[0m[0;34;46m~[0m[0;34;46m~[0m[0;34;46m~[0m[0;34;46m~[0m[0;34;46m~[0m[0;34;46m~[0m[0;34;46m~[0m[0;34;46m~[0m[0;34;46m~[0m[0;34;46m~[0m[0;34;46m~[0m[0;34;46m~[0m[0;34;46m~[0m[0;34;46m~[0m[0;34;46m~[0m[0;34;46m~[0m[0;34;46m~[0m[0;34;46m~[0m[0;34;46m~[0m[0;34;46m~[0m[0;34;46m~[0m[0;34;46m~[0m[0;34;46m~[0m[0;34;46m~[0m[0;34;46m~[0m[0;34;46m~[0m[0;34;46m~[0m[0;34;46m~[0m[0;34;46m~[0m[0;34;46m~[0m[0;34;46m~[0m[0;34;46m~[0m[0;34;46m~[0m[0;34;46m~[0m[0;34;46m~[0m[0;34;46m~[0m[0;34;46m~[0m[0;34;46m~[0m[0;34;46m~[0m[0;34;46m~[0m[0;34;46m~[0m[0;34;46m~[0m[0;34;46m~[0m[0;34;46m~[0m[0;34;46m~[0m[0;34;46m~[0m[0;34;46m~[0m[0;34;46m~[0m[0;34;46m~[0m[0;34;46m~[0m[0;34;46m~[0m[0;34;46m~[0m[0;34;46m~[0m[0;34;46m~[0m[0;34;46m~[0m[0;34;46m~[0m[0;34;46m~[0m[0;34;46m~[0m[0;34;46m~[0m[0;34;46m~[0m[0;34;46m~[0m[0;34;46m~[0m[0;34;46m~[0m[0;34;46m~[0m[0;34;46m~[0m[0;34;46m~[0m[0;34;46m~[0m[0;34;46m~[0m[0;34;46m~[0m[0;34;46m~[0m[0;34;46m~[0m[0;34;46m~[0m[0;34;46m~[0m[0;34;46m~[0m[0;34;46m~[0m[0;34;46m~[0m[0;34;46m~[0m[0;34;46m~[0m[0;34;46m~[0m[0;34;46m~[0m[0;34;46m~[0m[0;34;46m~[0m[0;34;46m~[0m
[0;34;46m~[0m[0;30;47m [0m[0;30;47m [0m[0;30;47mC[0m[0;30;47mo[0m[0;30;47mm[0m[0;30;47mm[0m[0;30;47ma[0m[0;30;47mn[0m[0;30;47md[0m[0;30;47ms[0m[0;30;47m:[0m[0;30;47m [0m[0;30;47mm[0m[0;30;47mo[0m[0;30;47mv[0m[0;30;47me[0m[0;30;47m([0m[0;30;47mm[0m[0;30;47m)[0m[0;30;47m [0m[0;30;47m[[0m[0;30;47md[0m[0;30;47mi[0m[0;30;47mr[0m[0;30;47m][0m[0;30;47m [0m[0;30;47m|[0m[0;30;47m [0m[0;30;47mt[0m[0;30;47ma[0m[0;30;47mk[0m[0;30;47me[0m[0;30;47m([0m[0;30;47mt[0m[0;30;47m)[0m[0;30;47m [0m[0;30;47m[[0m[0;30;47mo[0m[0;30;47mb[0m[0;30;47mj[0m[0;30;47m][0m[0;30;47m [0m[0;30;47m|[0m[0;30;47m [0m[0;30;47md[0m[0;30;47mr[0m[0;30;47mo[0m[0;30;47mp[0m[0;30;47m([0m[0;30;47md[0m[0;30;47m)[0m[0;30;47m [0m[0;30;47m[[0m[0;30;47mo[0m[0;30;47mb[0m[0;30;47mj[0m[0;30;47m][0m[0;30;47m [0m[0;30;47m|[0m[0;30;47m [0m[0;30;47ma[0m[0;30;47mt[0m[0;30;47mt[0m[0;30;47ma[0m[0;30;47mc[0m[0;30;47mk[0m[0;30;47m([0m[0;30;47ma[0m[0;30;47m)[0m[0;30;47m [0m[0;30;47m|[0m[0;30;47m [0m[0;30;47mc[0m[0;30;47mh[0m[0;30;47ma[0m[0;30;47mt[0m[0;30;47m([0m[0;30;47mc[0m[0;30;47m)[0m[0;30;47m [0m[0;30;47m|[0m[0;30;47m [0m[0;30;47mr[0m[0;30;47me[0m[0;30;47mc[0m[0;30;47mr[0m[0;30;47mu[0m[0;30;47mi[0m[0;30;47mt[0m[0;30;47m([0m[0;30;47mr[0m[0;30;47m)[0m[0;30;47m [0m[0;30;47m[[0m[0;30;47mc[0m[0;30;47mh[0m[0;30;47ma[0m[0;30;47mr[0m[0;30;47m][0m[0;30;47m [0m[0;30;47m [0m[0;30;47m [0m[0;30;47m [0m[0;30;47m [0m[0;30;47m [0m[0;30;47m [0m[0;30;47m [0m[0;30;47m [0m[0;34;46m~[0m
[0;34;46m~[0m[0;30;47m [0m[0;30;47m [0m[0;30;47mi[0m[0;30;47mn[0m[0;30;47ms[0m[0;30;47mp[0m[0;30;47me[0m[0;30;47mc[0m[0;30;47mt[0m[0;30;47m([0m[0;30;47mi[0m[0;30;47m)[0m[0;30;47m [0m[0;30;47m[[0m[0;30;47mo[0m[0;30;47mb[0m[0;30;47mj[0m[0;30;47m][0m[0;30;47m [0m[0;30;47m|[0m[0;30;47m [0m[0;30;47mu[0m[0;30;47ms[0m[0;30;47me[0m[0;30;47m([0m[0;30;47mu[0m[0;30;47m)[0m[0;30;47m [0m[0;30;47m[[0m[0;30;47mo[0m[0;30;47mb[0m[0;30;47mj[0m[0;30;47m][0m[0;30;47m [0m[0;30;47m|[0m[0;30;47m [0m[0;30;47mo[0m[0;30;47mp[0m[0;30;47me[0m[0;30;47mn[0m[0;30;47m([0m[0;30;47mo[0m[0;30;47m)[0m[0;30;47m [0m[0;30;47m[[0m[0;30;47ml[0m[0;30;47mn[0m[0;30;47mk[0m[0;30;47m][0m[0;30;47m [0m[0;30;47mw[0m[0;30;47mi[0m[0;30;47mt[0m[0;30;47mh[0m[0;30;47m [0m[0;30;47m[[0m[0;30;47mo[0m[0;30;47mb[0m[0;30;47mj[0m[0;30;47m][0m[0;30;47m [0m[0;30;47m|[0m[0;30;47m [0m[0;30;47mt[0m[0;30;47mp[0m[0;30;47m [0m[0;30;47m[[0m[0;30;47mr[0m[0;30;47mo[0m[0;30;47mo[0m[0;30;47mm[0m[0;30;47m][0m[0;30;47m [0m[0;30;47m|[0m[0;30;47m [0m[0;30;47me[0m[0;30;47mx[0m[0;30;47mi[0m[0;30;47mt[0m[0;30;47m([0m[0;30;47me[0m[0;30;47m)[0m[0;30;47m [0m[0;30;47m|[0m[0;30;47m [0m[0;30;47ma[0m[0;30;47mb[0m[0;30;47ma[0m[0;30;47mn[0m[0;30;47md[0m[0;30;47mo[0m[0;30;47mn[0m[0;30;47m([0m[0;30;47mf[0m[0;30;47m)[0m[0;30;47m [0m[0;30;47m[[0m[0;30;47mc[0m[0;30;47mh[0m[0;30;47ma[0m[0;30;47mr[0m[0;30;47m][0m[0;30;47m [0m[0;30;47m [0m[0;30;47m [0m[0;30;47m [0m[0;30;47m [0m[0;30;47m [0m[0;34;46m~[0m
[0;34;46m~[0m[0;34;46m~[0m[0;34;46m~[0m[0;34;46m~[0m[0;34;46m~[0m[0;34;46m~[0m[0;34;46m~[0m[0;34;46m~[0m[0;34;46m~[0m[0;34;46m~[0m[0;34;46m~[0m[0;34;46m~[0m[0;34;46m~[0m[0;34;46m~[0m[0;34;46m~[0m[0;34;46m~[0m[0;34;46m~[0m[0;34;46m~[0m[0;34;46m~[0m[0;34;46m~[0m[0;34;46m~[0m[0;34;46m~[0m[0;34;46m~[0m[0;34;46m~[0m[0;34;46m~[0m[0;34;46m~[0m[0;34;46m~[0m[0;34;46m~[0m[0;34;46m~[0m[0;34;46m~[0m[0;34;46m~[0m[0;34;46m~[0m[0;34;46m~[0m[0;34;46m~[0m[0;34;46m~[0m[0;34;46m~[0m[0;34;46m~[0m[0;34;46m~[0m[0;34;46m~[0m[0;34;46m~[0m[0;34;46m~[0m[0;34;46m~[0m[0;34;46m~[0m[0;34;46m~[0m[0;34;46m~[0m[0;34;46m~[0m[0;34;46m~[0m[0;34;46m~[0m[0;34;46m~[0m[0;34;46m~[0m[0;34;46m~[0m[0;34;46m~[0m[0;34;46m~[0m[0;34;46m~[0m[0;34;46m~[0m[0;34;46m~[0m[0;34;46m~[0m[0;34;46m~[0m[0;34;46m~[0m[0;34;46m~[0m[0;34;46m~[0m[0;34;46m~[0m[0;34;46m~[0m[0;34;46m~[0m[0;34;46m~[0m[0;34;46m~[0m[0;34;46m~[0m[0;34;46m~[0m[0;34;46m~[0m[0;34;46m~[0m[0;34;46m~[0m[0;34;46m~[0m[0;34;46m~[0m[0;34;46m~[0m[0;34;46m~[0m[0;34;46m~[0m[0;34;46m~[0m[0;34;46m~[0m[0;34;46m~[0m[0;34;46m~[0m[0;34;46m~[0m[0;34;46m~[0m[0;34;46m~[0m[0;34;46m~[0m[0;34;46m~[0m[0;34;46m~[0m[0;34;46m~[0m[0;34;46m~[0m[0;34;46m~[0m[0;34;46m~[0m[0;34;46m~[0m[0;34;46m~[0m[0;34;46m~[0m[0;34;46m~[0m[0;34;46m~[0m[0;34;46m~[0m[0;34;46m~[0m[0;34;46m~[0m[0;34;46m~[0m[0;34;46m~[0m[0;34;46m~[0m[0;34;46m~[0m[0;34;46m~[0m[0;34;46m~[0m[0;34;46m~[0m[0;34;46m~[0m[0;34;46m~[0m[0;34;46m~[0m[0;34;46m~[0m[0;34;46m~[0m
[0;34;46m~[0m[0;30;47m [0m[0;30;47m [0m[0;30;47m [0m[0;30;47m [0m[0;30;47m [0m[0;30;47m [0m[0;30;47m [0m[0;30;47m [0m[0;30;47m [0m[0;30;47m [0m[0;30;47m [0m[0;30;47m [0m[0;30;47m [0m[0;30;47m [0m[0;30;47m [0m[0;30;47m [0m[0;30;47m [0m[0;30;47m [0m[0;30;47m [0m[0;30;47m [0m[0;30;47m [0m[0;30;47m [0m[0;30;47m [0m[0;30;47m [0m[0;30;47m [0m[0;30;47m [0m[0;30;47m [0m[0;30;47m [0m[0;30;47m [0m[0;30;47m [0m[0;30;47m [0m[0;30;47m [0m[0;30;47m [0m[0;30;47m [0m[0;30;47m [0m[0;30;47m [0m[0;30;47m [0m[0;30;47m [0m[0;30;47m [0m[0;30;47m [0m[0;30;47m [0m[0;30;47m [0m[0;30;47m [0m[0;30;47m [0m[0;30;47m [0m[0;30;47m [0m[0;30;47m [0m[0;30;47m [0m[0;30;47m [0m[0;30;47m [0m[0;30;47m [0m[0;30;47m [0m[0;30;47m [0m[0;30;47m [0m[0;30;47m [0m[0;30;47m [0m[0;30;47m [0m[0;30;47m [0m[0;30;47m [0m[0;30;47m [0m[0;30;47m [0m[0;30;47m [0m[0;30;47m [0m[0;30;47m [0m[0;30;47m [0m[0;30;47m [0m[0;30;47m [0m[0;30;47m [0m[0;30;47m [0m[0;30;47m [0m[0;30;47m [0m[0;30;47m [0m[0;30;47m [0m[0;30;47m [0m[0;30;47m [0m[0;30;47m [0m[0;30;47m [0m[0;30;47m [0m[0;30;47m [0m[0;30;47m [0m[0;30;47m [0m[0;30;47m [0m[0;30;47m [0m[0;30;47m [0m[0;30;47m [0m[0;30;47m [0m[0;30;47m [0m[0;30;47m [0m[0;30;47m [0m[0;30;47m [0m[0;30;47m [0m[0;30;47m [0m[0;30;47m [0m[0;30;47m [0m[0;30;47m [0m[0;30;47m [0m[0;30;47m [0m[0;30;47m [0m[0;30;47m [0m[0;30;47m [0m[0;30;47m [0m[0;30;47m [0m[0;30;47m [0m[0;30;47m [0m[0;30;47m [0m[0;30;47m [0m[0;30;47m [0m[0;30;47m [0m[0;34;46m~[0m
[0;34;46m~[0m[0;30;47m [0m[0;30;47m [0m[0;30;47m [0m[0;30;47m [0m[0;30;47m [0m[0;30;47m [0m[0;30;47m [0m[0;30;47m [0m[0;30;47m [0m[0;30;47m [0m[0;30;47m [0m[0;30;47m [0m[0;30;47m [0m[0;30;47m [0m[0;30;47m [0m[0;30;47m [0m[0;30;47m [0m[0;30;47m [0m[0;30;47m [0m[0;30;47m [0m[0;30;47m [0m[0;30;47m [0m[0;30;47m [0m[0;30;47m [0m[0;30;47m [0m[0;30;47m [0m[0;30;47m [0m[0;30;47m [0m[0;30;47m [0m[0;30;47m [0m[0;30;47m [0m[0;30;47m [0m[0;30;47m [0m[0;30;47m [0m[0;30;47m [0m[0;30;47m [0m[0;30;47m [0m[0;30;47m [0m[0;30;47m [0m[0;30;47m [0m[0;30;47m [0m[0;30;47m [0m[0;30;47m [0m[0;30;47m [0m[0;30;47m [0m[0;30;47m [0m[0;30;47m [0m[0;30;47m [0m[0;30;47m [0m[0;30;47m [0m[0;30;47m [0m[0;30;47m [0m[0;30;47m [0m[0;30;47m [0m[0;30;47m [0m[0;30;47m [0m[0;30;47m [0m[0;30;47m [0m[0;30;47m [0m[0;30;47m [0m[0;30;47m [0m[0;30;47m [0m[0;30;47m [0m[0;30;47m [0m[0;30;47m [0m[0;30;47m [0m[0;30;47m [0m[0;30;47m [0m[0;30;47m [0m[0;30;47m [0m[0;30;47m [0m[0;30;47m [0m[0;30;47m [0m[0;30;47m [0m[0;30;47m [0m[0;30;47m [0m[0;30;47m [0m[0;30;47m [0m[0;30;47m [0m[0;30;47m [0m[0;30;47m [0m[0;30;47m [0m[0;30;47m [0m[0;30;47m [0m[0;30;47m [0m[0;30;47m [0m[0;30;47m [0m[0;30;47m [0m[0;30;47m [0m[0;30;47m [0m[0;30;47m [0m[0;30;47m [0m[0;30;47m [0m[0;30;47m [0m[0;30;47m [0m[0;30;47m [0m[0;30;47m [0m[0;30;47m [0m[0;30;47m [0m[0;30;47m [0m[0;30;47m [0m[0;30;47m [0m[0;30;47m [0m[0;30;47m [0m[0;30;47m [0m[0;30;47m [0m[0;30;47m [0m[0;30;47m [0m[0;34;46m~[0m
[0;34;46m~[0m[0;30;47m [0m[0;30;47m [0m[0;30;47m [0m[0;30;47m [0m[0;30;47m [0m[0;30;47m [0m[0;30;47m [0m[0;30;47m [0m[0;30;47m [0m[0;30;47m [0m[0;30;47m [0m[0;30;47m [0m[0;30;47m [0m[0;30;47m [0m[0;30;47m [0m[0;30;47m [0m[0;30;47m [0m[0;30;47m [0m[0;30;47m [0m[0;30;47m [0m[0;30;47m [0m[0;30;47m [0m[0;30;47m [0m[0;30;47m [0m[0;30;47m [0m[0;30;47m [0m[0;30;47m [0m[0;30;47m [0m[0;30;47m [0m[0;30;47m [0m[0;30;47m [0m[0;30;47m [0m[0;30;47m [0m[0;30;47m [0m[0;30;47m [0m[0;30;47m [0m[0;30;47m [0m[0;30;47m [0m[0;30;47m [0m[0;30;47m [0m[0;30;47m [0m[0;30;47m [0m[0;30;47m [0m[0;30;47m [0m[0;30;47m [0m[0;30;47m [0m[0;30;47m [0m[0;30;47m [0m[0;30;47m [0m[0;30;47m [0m[0;30;47m [0m[0;30;47m [0m[0;30;47m [0m[0;30;47m [0m[0;30;47m [0m[0;30;47m [0m[0;30;47m [0m[0;30;47m [0m[0;30;47m [0m[0;30;47m [0m[0;30;47m [0m[0;30;47m [0m[0;30;47m [0m[0;30;47m [0m[0;30;47m [0m[0;30;47m [0m[0;30;47m [0m[0;30;47m [0m[0;30;47m [0m[0;30;47m [0m[0;30;47m [0m[0;30;47m [0m[0;30;47m [0m[0;30;47m [0m[0;30;47m [0m[0;30;47m [0m[0;30;47m [0m[0;30;47m [0m[0;30;47m [0m[0;30;47m [0m[0;30;47m [0m[0;30;47m [0m[0;30;47m [0m[0;30;47m [0m[0;30;47m [0m[0;30;47m [0m[0;30;47m [0m[0;30;47m [0m[0;30;47m [0m[0;30;47m [0m[0;30;47m [0m[0;30;47m [0m[0;30;47m [0m[0;30;47m [0m[0;30;47m [0m[0;30;47m [0m[0;30;47m [0m[0;30;47m [0m[0;30;47m [0m[0;30;47m [0m[0;30;47m [0m[0;30;47m [0m[0;30;47m [0m[0;30;47m [0m[0;30;47m [0m[0;30;47m [0m[0;30;47m [0m[0;30;47m [0m[0;34;46m~[0m
prompt:> [2J
[0;34;46m~[0m[0;34;46m~[0m[0;34;46m~[0m[0;34;46m~[0m[0;34;46m~[0m[0;34;46m~[0m[0;34;46m~[0m[0;34;46m~[0m[0;34;46m~[0m[0;34;46m~[0m[0;34;46m~[0m[0;34;46m~[0m[0;34;46m~[0m[0;34;46m~[0m[0;34;46m~[0m[0;34;46m~[0m[0;34;46m~[0m[0;34;46m~[0m[0;34;46m~[0m[0;34;46m~[0m[0;34;46m~[0m[0;34;46m~[0m[0;34;46m~[0m[0;34;46m~[0m[0;34;46m~[0m[0;34;46m~[0m[0;34;46m~[0m[0;34;46m~[0m[0;34;46m~[0m[0;34;46m~[0m[0;34;46m~[0m[0;34;46m~[0m[0;34;46m~[0m[0;34;46m~[0m[0;34;46m~[0m[0;34;46m~[0m[0;34;46m~[0m[0;34;46m~[0m[0;34;46m~[0m[0;34;46m~[0m[0;34;46m~[0m[0;34;46m~[0m[0;34;46m~[0m[0;34;46m~[0m[0;34;46m~[0m[0;34;46m~[0m[0;34;46m~[0m[0;34;46m~[0m[0;34;46m~[0m[0;34;46m~[0m[0;34;46m~[0m[0;34;46m~[0m[0;34;46m~[0m[0;34;46m~[0m[0;34;46m~[0m[0;34;46m~[0m[0;34;46m~[0m[0;34;46m~[0m[0;34;46m~[0m[0;34;46m~[0m[0;34;46m~[0m[0;34;46m~[0m[0;34;46m~[0m[0;34;46m~[0m[0;34;46m~[0m[0;34;46m~[0m[0;34;46m~[0m[0;34;46m~[0m[0;34;46m~[0m[0;34;46m~[0m[0;34;46m~[0m[0;34;46m~[0m[0;34;46m~[0m[0;34;46m~[0m[0;34;46m~[0m[0;34;46m~[0m[0;34;46m~[0m[0;34;46m~[0m[0;34;46m~[0m[0;34;46m~[0m[0;34;46m~[0m[0;34;46m~[0m[0;34;46m~[0m[0;34;46m~[0m[0;34;46m~[0m[0;34;46m~[0m[0;34;46m~[0m[0;34;46m~[0m[0;34;46m~[0m[0;34;46m~[0m[0;34;46m~[0m[0;34;46m~[0m[0;34;46m~[0m[0;34;46m~[0m[0;34;46m~[0m[0;34;46m~[0m[0;34;46m~[0m[0;34;46m~[0m[0;34;46m~[0m[0;34;46m~[0m[0;34;46m~[0m[0;34;46m~[0m[0;34;46m~[0m[0;34;46m~[0m[0;34;46m~[0m[0;34;46m~[0m[0;34;46m~[0m[0;34;46m~[0m[0;34;46m~[0m[0;34;46m~[0m
[0;34;46m~[0m[0;30;47m [0m[0;30;47m [0m[0;30;47m [0m[0;30;47m [0m[0;30;47m [0m[0;30;47m [0m[0;30;47m [0m[0;30;47m [0m[0;30;47m [0m[0;30;47m [0m[0;30;47m [0m[0;30;47m [0m[0;30;47m [0m[0;30;47m [0m[0;30;47m [0m[0;30;47m [0m[0;30;47m [0m[0;30;47m [0m[0;30;47m [0m[0;30;47m [0m[0;30;47m [0m[0;30;47m+[0m[0;30;47m-[0m[0;30;47m-[0m[0;30;47m-[0m[0;30;47m-[0m[0;30;47m-[0m[0;30;47m-[0m[0;30;47m-[0m[0;30;47m-[0m[0;30;47m-[0m[0;30;47m-[0m[0;30;47m-[0m[0;30;47m-[0m[0;30;47m-[0m[0;30;47m-[0m[0;30;47m-[0m[0;30;47m+[0m[0;30;47m [0m[0;30;47m [0m[0;30;47m [0m[0;30;47m [0m[0;30;47m [0m[0;30;47m [0m[0;30;47m [0m[0;30;47m [0m[0;30;47m [0m[0;30;47m [0m[0;30;47m [0m[0;30;47m [0m[0;30;47m [0m[0;30;47m [0m[0;30;47m [0m[0;30;47m [0m[0;30;47m [0m[0;30;47m [0m[0;30;47m [0m[0;30;47m [0m[0;30;47m [0m[0;30;47m [0m[0;30;47m [0m[0;30;47m [0m[0;34;46m~[0m[0;30;47m [0m[0;30;47m [0m[0;30;47m=[0m[0;30;47m=[0m[0;30;47m=[0m[0;30;47m=[0m[0;30;47m=[0m[0;30;47m=[0m[0;30;47m=[0m[0;30;47m=[0m[0;30;47m=[0m[0;30;47m=[0m[0;30;47m=[0m[0;30;47m=[0m[0;30;47m=[0m[0;30;47m=[0m[0;30;47m=[0m[0;30;47m=[0m[0;30;47m=[0m[0;30;47m=[0m[0;30;47m=[0m[0;30;47m=[0m[0;30;47m=[0m[0;30;47m=[0m[0;30;47m=[0m[0;30;47m=[0m[0;30;47m=[0m[0;30;47m=[0m[0;30;47m=[0m[0;30;47m=[0m[0;30;47m=[0m[0;30;47m=[0m[0;30;47m=[0m[0;30;47m=[0m[0;30;47m=[0m[0;30;47m=[0m[0;30;47m=[0m[0;30;47m=[0m[0;30;47m=[0m[0;30;47m=[0m[0;30;47m=[0m[0;30;47m=[0m[0;30;47m=[0m[0;30;47m [0m[0;30;47m [0m[0;34;46m~[0m
[0;34;46m~[0m[0;30;47m [0m[0;30;47m [0m[0;30;47m [0m[0;30;47m [0m[0;30;47m [0m[0;30;47m [0m[0;30;47m [0m[0;30;47m [0m[0;30;47m [0m[0;30;47m [0m[0;30;47m [0m[0;30;47m [0m[0;30;47m [0m[0;30;47m [0m[0;30;47m [0m[0;30;47m [0m[0;30;47m [0m[0;30;47m [0m[0;30;47m [0m[0;30;47m [0m[0;30;47m [0m[0;30;47m|[0m[0;30;47m [0m[0;30;47m^[0m[0;30;47mE[0m[0;30;47m>[0m[0;30;47m [0m[0;30;47m [0m[0;30;47m\[0m[0;30;47mS[0m[0;30;47me[0m[0;30;47m/[0m[0;30;47m [0m[0;30;47m [0m[0;30;47m [0m[0;30;47m1[0m[0;30;47m1[0m[0;30;47m|[0m[0;30;47m [0m[0;30;47m [0m[0;30;47m [0m[0;30;47m [0m[0;30;47m [0m[0;30;47m [0m[0;30;47m [0m[0;30;47m [0m[0;30;47m [0m[0;30;47m [0m[0;30;47m [0m[0;30;47m [0m[0;30;47m [0m[0;30;47m [0m[0;30;47m [0m[0;30;47m [0m[0;30;47m [0m[0;30;47m [0m[0;30;47m [0m[0;30;47m [0m[0;30;47m [0m[0;30;47m [0m[0;30;47m [0m[0;30;47m [0m[0;34;46m~[0m[0;30;47m [0m[0;30;47m [0m[0;30;47m [0m[0;30;47m [0m[0;30;47mP[0m[0;30;47mL[0m[0;30;47mA[0m[0;30;47mY[0m[0;30;47mE[0m[0;30;47mR[0m[0;30;47m [0m[0;30;47m1[0m[0;30;47m [0m[0;30;47mS[0m[0;30;47mT[0m[0;30;47mA[0m[0;30;47mT[0m[0;30;47mU[0m[0;30;47mS[0m[0;30;47m [0m[0;30;47m [0m[0;30;47m [0m[0;30;47m|[0m[0;30;47m [0m[0;30;47m [0m[0;30;47m [0m[0;30;47mH[0m[0;30;47mE[0m[0;30;47mA[0m[0;30;47mL[0m[0;30;47mT[0m[0;30;47mH[0m[0;30;47m:[0m[0;30;47m [0m[0;30;47m5[0m[0;30;47m [0m[0;30;47mp[0m[0;30;47mt[0m[0;30;47ms[0m[0;30;47m [0m[0;30;47m [0m[0;30;47m [0m[0;30;47m [0m[0;30;47m [0m[0;30;47m [0m[0;34;46m~[0m
[0;34;46m~[0m[0;30;47m [0m[0;30;47m [0m[0;30;47m [0m[0;30;47m [0m[0;30;47m [0m[0;30;47m [0m[0;30;47m [0m[0;30;47m [0m[0;30;47m [0m[0;30;47m [0m[0;30;47m [0m[0;30;47m [0m[0;30;47m [0m[0;30;47m [0m[0;30;47m [0m[0;30;47m [0m[0;30;47m [0m[0;30;47m [0m[0;30;47m [0m[0;30;47m [0m[0;30;47m [0m[0;30;47m|[0m[0;30;47m [0m[0;30;47m [0m[0;30;47m [0m[0;30;47m [0m[0;30;47m.[0m[0;30;47m=[0m[0;30;47m=[0m[0;30;47m=[0m[0;30;47m.[0m[0;30;47m [0m[0;30;47m [0m[0;30;47m [0m[0;30;47m [0m[0;30;47m [0m[0;30;47m [0m[0;30;47m|[0m[0;30;47m [0m[0;30;47m [0m[0;30;47m [0m[0;30;47m [0m[0;30;47m [0m[0;30;47m [0m[0;30;47m [0m[0;30;47m [0m[0;30;47m [0m[0;30;47m [0m[0;30;47m [0m[0;30;47m [0m[0;30;47m [0m[0;30;47m [0m[0;30;47m [0m[0;30;47m [0m[0;30;47m [0m[0;30;47m [0m[0;30;47m [0m[0;30;47m [0m[0;30;47m [0m[0;30;47m [0m[0;30;47m [0m[0;30;47m [0m[0;34;46m~[0m[0;30;47m [0m[0;30;47m [0m[0;30;47m=[0m[0;30;47m=[0m[0;30;47m=[0m[0;30;47m=[0m[0;30;47m=[0m[0;30;47m=[0m[0;30;47m=[0m[0;30;47m=[0m[0;30;47m=[0m[0;30;47m=[0m[0;30;47m=[0m[0;30;47m=[0m[0;30;47m=[0m[0;30;47m=[0m[0;30;47m=[0m[0;30;47m=[0m[0;30;47m=[0m[0;30;47m=[0m[0;30;47m=[0m[0;30;47m=[0m[0;30;47m=[0m[0;30;47m=[0m[0;30;47m=[0m[0;30;47m=[0m[0;30;47m=[0m[0;30;47m=[0m[0;30;47m=[0m[0;30;47m=[0m[0;30;47m=[0m[0;30;47m=[0m[0;30;47m=[0m[0;30;47m=[0m[0;30;47m=[0m[0;30;47m=[0m[0;30;47m=[0m[0;30;47m=[0m[0;30;47m=[0m[0;30;47m=[0m[0;30;47m=[0m[0;30;47m=[0m[0;30;47m=[0m[0;30;47m [0m[0;30;47m [0m[0;34;46m~[0m
[0;34;46m~[0m[0;30;47m [0m[0;30;47m [0m[0;30;47m [0m[0;30;47m [0m[0;30;47m [0m[0;30;47m [0m[0;30;47m [0m[0;30;47m [0m[0;30;47m [0m[0;30;47m [0m[0;30;47m [0m[0;30;47m [0m[0;30;47m [0m[0;30;47m [0m[0;30;47m [0m[0;30;47m [0m[0;30;47m [0m[0;30;47m [0m[0;30;47m [0m[0;30;47m [0m[0;30;47m [0m[0;30;47m|[0m[0;30;47m [0m[0;30;47m [0m[0;30;47m [0m[0;30;47m [0m[0;30;47m[[0m[0;30;47m [0m[0;30;47m [0m[0;30;47m [0m[0;30;47m][0m[0;30;47m [0m[0;30;47m [0m[0;30;47m [0m[0;30;47m [0m[0;30;47m [0m[0;30;47m [0m[0;30;47m|[0m[0;30;47m [0m[0;30;47m [0m[0;30;47m [0m[0;30;47m [0m[0;30;47m [0m[0;30;47m [0m[0;30;47m [0m[0;30;47m [0m[0;30;47m [0m[0;30;47m [0m[0;30;47m [0m[0;30;47m [0m[0;30;47m [0m[0;30;47m [0m[0;30;47m [0m[0;30;47m [0m[0;30;47m [0m[0;30;47m [0m[0;30;47m [0m[0;30;47m [0m[0;30;47m [0m[0;30;47m [0m[0;30;47m [0m[0;30;47m [0m[0;34;46m~[0m[0;30;47m [0m[0;30;47m [0m[0;30;47m>[0m[0;30;47m [0m[0;30;47mC[0m[0;30;47mu[0m[0;30;47mr[0m[0;30;47mr[0m[0;30;47me[0m[0;30;47mn[0m[0;30;47mt[0m[0;30;47m [0m[0;30;47mL[0m[0;30;47mo[0m[0;30;47mc[0m[0;30;47ma[0m[0;30;47mt[0m[0;30;47mi[0m[0;30;47mo[0m[0;30;47mn[0m[0;30;47m [0m[0;30;47m:[0m[0;30;47m [0m[0;30;47m1[0m[0;30;47m1[0m[0;30;47m [0m[0;30;47m([0m[0;30;47mp[0m[0;30;47mi[0m[0;30;47mt[0m[0;30;47m)[0m[0;30;47m [0m[0;30;47m [0m[0;30;47m [0m[0;30;47m [0m[0;30;47m [0m[0;30;47m [0m[0;30;47m [0m[0;30;47m [0m[0;30;47m [0m[0;30;47m [0m[0;30;47m [0m[0;30;47m [0m[0;30;47m [0m[0;30;47m [0m[0;34;46m~[0m
[0;34;46m~[0m[0;30;47m [0m[0;30;47m [0m[0;30;47m [0m[0;30;47m [0m[0;30;47m [0m[0;30;47m [0m[0;30;47m [0m[0;30;47m [0m[0;30;47m [0m[0;30;47m [0m[0;30;47m [0m[0;30;47m [0m[0;30;47m [0m[0;30;47m [0m[0;30;47m [0m[0;30;47m [0m[0;30;47m [0m[0;30;47m [0m[0;30;47m [0m[0;30;47m [0m[0;30;47m [0m[0;30;47m|[0m[0;30;47m [0m[0;30;47m [0m[0;30;47m [0m[0;30;47m [0m[0;30;47m[[0m[0;30;47m [0m[0;30;47m [0m[0;30;47m [0m[0;30;47m][0m[0;30;47m [0m[0;30;47m [0m[0;30;47m [0m[0;30;47m [0m[0;30;47m [0m[0;30;47m [0m[0;30;47m|[0m[0;30;47m [0m[0;30;47m [0m[0;30;47m [0m[0;30;47m [0m[0;30;47m [0m[0;30;47m [0m[0;30;47m [0m[0;30;47m [0m[0;30;47m [0m[0;30;47m [0m[0;30;47m [0m[0;30;47m [0m[0;30;47m [0m[0;30;47m [0m[0;30;47m [0m[0;30;47m [0m[0;30;47m [0m[0;30;47m [0m[0;30;47m [0m[0;30;47m [0m[0;30;47m [0m[0;30;47m [0m[0;30;47m [0m[0;30;47m [0m[0;34;46m~[0m[0;30;47m [0m[0;30;47m [0m[0;30;47m>[0m[0;30;47m [0m[0;30;47mB[0m[0;30;47ma[0m[0;30;47mc[0m[0;30;47mk[0m[0;30;47mp[0m[0;30;47ma[0m[0;30;47mc[0m[0;30;47mk[0m[0;30;47m [0m[0;30;47m [0m[0;30;47m [0m[0;30;47m [0m[0;30;47m [0m[0;30;47m [0m[0;30;47m [0m[0;30;47m:[0m[0;30;47m [0m[0;30;47md[0m[0;30;47mi[0m[0;30;47mr[0m[0;30;47mk[0m[0;30;47m [0m[0;30;47m [0m[0;30;47m [0m[0;30;47m [0m[0;30;47m [0m[0;30;47m [0m[0;30;47m [0m[0;30;47m [0m[0;30;47m [0m[0;30;47m [0m[0;30;47m [0m[0;30;47m [0m[0;30;47m [0m[0;30;47m [0m[0;30;47m [0m[0;30;47m [0m[0;30;47m [0m[0;30;47m [0m[0;30;47m [0m[0;30;47m [0m[0;34;46m~[0m
[0;34;46m~[0m[0;30;47m [0m[0;30;47m [0m[0;30;47m [0m[0;30;47m [0m[0;30;47m [0m[0;30;47m [0m[0;30;47m [0m[0;30;47m [0m[0;30;47m [0m[0;30;47m [0m[0;30;47m [0m[0;30;47m [0m[0;30;47m [0m[0;30;47m [0m[0;30;47m [0m[0;30;47m [0m[0;30;47m [0m[0;30;47m [0m[0;30;47m [0m[0;30;47m [0m[0;30;47m [0m[0;30;47m|[0m[0;30;47m [0m[0;30;47m [0m[0;30;47m [0m[0;30;47m [0m[0;30;47m[[0m[0;30;47m [0m[0;30;47m [0m[0;30;47m [0m[0;30;47m][0m[0;30;47m [0m[0;30;47m [0m[0;30;47m [0m[0;30;47m [0m[0;30;47m [0m[0;30;47m [0m[0;30;47m|[0m[0;30;47m [0m[0;30;47m [0m[0;30;47m [0m[0;30;47m [0m[0;30;47m [0m[0;30;47m [0m[0;30;47m [0m[0;30;47m [0m[0;30;47m [0m[0;30;47m [0m[0;30;47m [0m[0;30;47m [0m[0;30;47m [0m[0;30;47m [0m[0;30;47m [0m[0;30;47m [0m[0;30;47m [0m[0;30;47m [0m[0;30;47m [0m[0;30;47m [0m[0;30;47m [0m[0;30;47m [0m[0;30;47m [0m[0;30;47m [0m[0;34;46m~[0m[0;30;47m [0m[0;30;47m [0m[0;30;47m-[0m[0;30;47m-[0m[0;30;47m-[0m[0;30;47m-[0m[0;30;47m-[0m[0;30;47m-[0m[0;30;47m-[0m[0;30;47m-[0m[0;30;47m-[0m[0;30;47m-[0m[0;30;47m-[0m[0;30;47m-[0m[0;30;47m-[0m[0;30;47m-[0m[0;30;47m-[0m[0;30;47m-[0m[0;30;47m-[0m[0;30;47m-[0m[0;30;47m-[0m[0;30;47m-[0m[0;30;47m-[0m[0;30;47m-[0m[0;30;47m-[0m[0;30;47m-[0m[0;30;47m-[0m[0;30;47m-[0m[0;30;47m-[0m[0;30;47m-[0m[0;30;47m-[0m[0;30;47m-[0m[0;30;47m-[0m[0;30;47m-[0m[0;30;47m-[0m[0;30;47m-[0m[0;30;47m-[0m[0;30;47m-[0m[0;30;47m-[0m[0;30;47m-[0m[0;30;47m-[0m[0;30;47m-[0m[0;30;47m-[0m[0;30;47m [0m[0;30;47m [0m[0;34;46m~[0m
[0;34;46m~[0m[0;30;47m [0m[0;30;47m [0m[0;30;47m [0m[0;30;47m [0m[0;30;47m [0m[0;30;47m [0m[0;30;47m [0m[0;30;47m [0m[0;30;47m [0m[0;30;47m [0m[0;30;47m [0m[0;30;47m [0m[0;30;47m [0m[0;30;47m [0m[0;30;47m [0m[0;30;47m [0m[0;30;47m [0m[0;30;47m [0m[0;30;47m [0m[0;30;47m [0m[0;30;47m [0m[0;30;47m|[0m[0;30;47m [0m[0;30;47m [0m[0;30;47m [0m[0;30;47m [0m[0;30;47m'[0m[0;30;47m=[0m[0;30;47m=[0m[0;30;47m=[0m[0;30;47m'[0m[0;30;47m [0m[0;30;47m [0m[0;30;47m [0m[0;30;47m [0m[0;30;47m [0m[0;30;47m [0m[0;30;47m|[0m[0;30;47m [0m[0;30;47m [0m[0;30;47m [0m[0;30;47m [0m[0;30;47m [0m[0;30;47m [0m[0;30;47m [0m[0;30;47m [0m[0;30;47m [0m[0;30;47m [0m[0;30;47m [0m[0;30;47m [0m[0;30;47m [0m[0;30;47m [0m[0;30;47m [0m[0;30;47m [0m[0;30;47m [0m[0;30;47m [0m[0;30;47m [0m[0;30;47m [0m[0;30;47m [0m[0;30;47m [0m[0;30;47m [0m[0;30;47m [0m[0;34;46m~[0m[0;30;47m [0m[0;30;47m [0m[0;30;47mV[0m[0;30;47mI[0m[0;30;47mS[0m[0;30;47mI[0m[0;30;47mB[0m[0;30;47mL[0m[0;30;47mE[0m[0;30;47m [0m[0;30;47mE[0m[0;30;47mN[0m[0;30;47mT[0m[0;30;47mI[0m[0;30;47mT[0m[0;30;47mI[0m[0;30;47mE[0m[0;30;47mS[0m[0;30;47m [0m[0;30;47m([0m[0;30;47mD[0m[0;30;47mi[0m[0;30;47ms[0m[0;30;47mc[0m[0;30;47mo[0m[0;30;47mv[0m[0;30;47me[0m[0;30;47mr[0m[0;30;47me[0m[0;30;47md[0m[0;30;47m [0m[0;30;47mS[0m[0;30;47mp[0m[0;30;47ma[0m[0;30;47mc[0m[0;30;47me[0m[0;30;47ms[0m[0;30;47m)[0m[0;30;47m:[0m[0;30;47m [0m[0;30;47m [0m[0;30;47m [0m[0;30;47m [0m[0;30;47m [0m[0;30;47m [0m[0;34;46m~[0m
[0;34;46m~[0m[0;30;47m [0m[0;30;47m [0m[0;30;47m [0m[0;30;47m [0m[0;30;47m [0m[0;30;47m [0m[0;30;47m [0m[0;30;47m [0m[0;30;47m [0m[0;30;47m [0m[0;30;47m [0m[0;30;47m [0m[0;30;47m [0m[0;30;47m [0m[0;30;47m [0m[0;30;47m [0m[0;30;47m [0m[0;30;47m [0m[0;30;47m [0m[0;30;47m [0m[0;30;47m [0m[0;30;47m|[0m[0;30;47mp[0m[0;30;47mo[0m[0;30;47mr[0m[0;30;47mt[0m[0;30;47ma[0m[0;30;47ml[0m[0;30;47m [0m[0;30;47m [0m[0;30;47m [0m[0;30;47m [0m[0;30;47m [0m[0;30;47m [0m[0;30;47m [0m[0;30;47m [0m[0;30;47m [0m[0;30;47m|[0m[0;30;47m [0m[0;30;47m [0m[0;30;47m [0m[0;30;47m [0m[0;30;47m [0m[0;30;47m [0m[0;30;47m [0m[0;30;47m [0m[0;30;47m [0m[0;30;47m [0m[0;30;47m [0m[0;30;47m [0m[0;30;47m [0m[0;30;47m [0m[0;30;47m [0m[0;30;47m [0m[0;30;47m [0m[0;30;47m [0m[0;30;47m [0m[0;30;47m [0m[0;30;47m [0m[0;30;47m [0m[0;30;47m [0m[0;30;47m [0m[0;34;46m~[0m[0;30;47m [0m[0;30;47m [0m[0;30;47m [0m[0;30;47m[[0m[0;30;47mO[0m[0;30;47mb[0m[0;30;47mj[0m[0;30;47m][0m[0;30;47m [0m[0;30;47ml[0m[0;30;47mi[0m[0;30;47md[0m[0;30;47m [0m[0;30;47m [0m[0;30;47m [0m[0;30;47m [0m[0;30;47m [0m[0;30;47m [0m[0;30;47m [0m[0;30;47m [0m[0;30;47ma[0m[0;30;47mt[0m[0;30;47m [0m[0;30;47mS[0m[0;30;47mp[0m[0;30;47ma[0m[0;30;47mc[0m[0;30;47me[0m[0;30;47m [0m[0;30;47m1[0m[0;30;47m2[0m[0;30;47m [0m[0;30;47m([0m[0;30;47mp[0m[0;30;47ma[0m[0;30;47mt[0m[0;30;47mh[0m[0;30;47m)[0m[0;30;47m [0m[0;30;47m [0m[0;30;47m [0m[0;30;47m [0m[0;30;47m [0m[0;30;47m [0m[0;30;47m [0m[0;34;46m~[0m
[0;34;46m~[0m[0;30;47m [0m[0;30;47m [0m[0;30;47m [0m[0;30;47m [0m[0;30;47m [0m[0;30;47m [0m[0;30;47m [0m[0;30;47m [0m[0;30;47m [0m[0;30;47m [0m[0;30;47m [0m[0;30;47m [0m[0;30;47m [0m[0;30;47m [0m[0;30;47m [0m[0;30;47m [0m[0;30;47m [0m[0;30;47m [0m[0;30;47m [0m[0;30;47m [0m[0;30;47m [0m[0;30;47m+[0m[0;30;47m-[0m[0;30;47m-[0m[0;30;47m-[0m[0;30;47m-[0m[0;30;47m-[0m[0;30;47m-[0m[0;30;47m-[0m[0;30;47m-[0m[0;30;47m-[0m[0;30;47m-[0m[0;30;47m-[0m[0;30;47m-[0m[0;30;47m-[0m[0;30;47m-[0m[0;30;47m-[0m[0;30;47m+[0m[0;30;47m [0m[0;30;47m [0m[0;30;47m [0m[0;30;47m [0m[0;30;47m [0m[0;30;47m [0m[0;30;47m [0m[0;30;47m [0m[0;30;47m [0m[0;30;47m [0m[0;30;47m [0m[0;30;47m [0m[0;30;47m [0m[0;30;47m [0m[0;30;47m [0m[0;30;47m [0m[0;30;47m [0m[0;30;47m [0m[0;30;47m [0m[0;30;47m [0m[0;30;47m [0m[0;30;47m [0m[0;30;47m [0m[0;30;47m [0m[0;34;46m~[0m[0;30;47m [0m[0;30;47m [0m[0;30;47m [0m[0;30;47m[[0m[0;30;47mO[0m[0;30;47mb[0m[0;30;47mj[0m[0;30;47m][0m[0;30;47m [0m[0;30;47mm[0m[0;30;47ma[0m[0;30;47mi[0m[0;30;47ml[0m[0;30;47m [0m[0;30;47m [0m[0;30;47m [0m[0;30;47m [0m[0;30;47m [0m[0;30;47m [0m[0;30;47m [0m[0;30;47ma[0m[0;30;47mt[0m[0;30;47m [0m[0;30;47mS[0m[0;30;47mp[0m[0;30;47ma[0m[0;30;47mc[0m[0;30;47me[0m[0;30;47m [0m[0;30;47m1[0m[0;30;47m3[0m[0;30;47m [0m[0;30;47m([0m[0;30;47mh[0m[0;30;47ma[0m[0;30;47ml[0m[0;30;47ml[0m[0;30;47m)[0m[0;30;47m [0m[0;30;47m [0m[0;30;47m [0m[0;30;47m [0m[0;30;47m [0m[0;30;47m [0m[0;30;47m [0m[0;34;46m~[0m
[0;34;46m~[0m[0;30;47m [0m[0;30;47m [0m[0;30;47m [0m[0;30;47m [0m[0;30;47m [0m[0;30;47m [0m[0;30;47m [0m[0;30;47m [0m[0;30;47m [0m[0;30;47m [0m[0;30;47m [0m[0;30;47m [0m[0;30;47m [0m[0;30;47m [0m[0;30;47m [0m[0;30;47m [0m[0;30;47m [0m[0;30;47m [0m[0;30;47m [0m[0;30;47m [0m[0;30;47m [0m[0;30;47m [0m[0;30;47m [0m[0;30;47m [0m[0;30;47m [0m[0;30;47m [0m[0;30;47m [0m[0;30;47m [0m[0;30;47m [0m[0;30;47mv[0m[0;30;47m [0m[0;30;47m [0m[0;30;47m [0m[0;30;47m [0m[0;30;47m [0m[0;30;47m [0m[0;30;47m [0m[0;30;47m [0m[0;30;47m [0m[0;30;47m [0m[0;30;47m [0m[0;30;47m [0m[0;30;47m [0m[0;30;47m [0m[0;30;47m [0m[0;30;47m [0m[0;30;47m [0m[0;30;47m [0m[0;30;47m [0m[0;30;47m [0m[0;30;47m [0m[0;30;47m [0m[0;30;47m [0m[0;30;47m [0m[0;30;47m [0m[0;30;47m [0m[0;30;47m [0m[0;30;47m [0m[0;30;47m [0m[0;30;47m [0m[0;30;47m [0m[0;30;47m [0m[0;34;46m~[0m[0;30;47m [0m[0;30;47m [0m[0;30;47m [0m[0;30;47m[[0m[0;30;47mO[0m[0;30;47mb[0m[0;30;47mj[0m[0;30;47m][0m[0;30;47m [0m[0;30;47mb[0m[0;30;47mo[0m[0;30;47mw[0m[0;30;47m [0m[0;30;47m [0m[0;30;47m [0m[0;30;47m [0m[0;30;47m [0m[0;30;47m [0m[0;30;47m [0m[0;30;47m [0m[0;30;47ma[0m[0;30;47mt[0m[0;30;47m [0m[0;30;47mS[0m[0;30;47mp[0m[0;30;47ma[0m[0;30;47mc[0m[0;30;47me[0m[0;30;47m [0m[0;30;47m1[0m[0;30;47m4[0m[0;30;47m [0m[0;30;47m([0m[0;30;47mf[0m[0;30;47mi[0m[0;30;47mr[0m[0;30;47me[0m[0;30;47m)[0m[0;30;47m [0m[0;30;47m [0m[0;30;47m [0m[0;30;47m [0m[0;30;47m [0m[0;30;47m [0m[0;30;47m [0m[0;34;46m~[0m
[0;34;46m~[0m[0;30;47m [0m[0;30;47m [0m[0;30;47m [0m[0;30;47m [0m[0;30;47m [0m[0;30;47m [0m[0;30;47m [0m[0;30;47m [0m[0;30;47m [0m[0;30;47m [0m[0;30;47m [0m[0;30;47m [0m[0;30;47m [0m[0;30;47m [0m[0;30;47m [0m[0;30;47m [0m[0;30;47m [0m[0;30;47m [0m[0;30;47m [0m[0;30;47m [0m[0;30;47m [0m[0;30;47m+[0m[0;30;47m-[0m[0;30;47m-[0m[0;30;47m-[0m[0;30;47m-[0m[0;30;47m-[0m[0;30;47m-[0m[0;30;47m-[0m[0;30;47m-[0m[0;30;47m-[0m[0;30;47m-[0m[0;30;47m-[0m[0;30;47m-[0m[0;30;47m-[0m[0;30;47m-[0m[0;30;47m-[0m[0;30;47m+[0m[0;30;47m [0m[0;30;47m [0m[0;30;47m [0m[0;30;47m [0m[0;30;47m [0m[0;30;47m [0m[0;30;47m [0m[0;30;47m [0m[0;30;47m [0m[0;30;47m [0m[0;30;47m [0m[0;30;47m [0m[0;30;47m [0m[0;30;47m [0m[0;30;47m [0m[0;30;47m [0m[0;30;47m [0m[0;30;47m [0m[0;30;47m [0m[0;30;47m [0m[0;30;47m [0m[0;30;47m [0m[0;30;47m [0m[0;30;47m [0m[0;34;46m~[0m[0;30;47m [0m[0;30;47m [0m[0;30;47m [0m[0;30;47m[[0m[0;30;47mO[0m[0;30;47mb[0m[0;30;47mj[0m[0;30;47m][0m[0;30;47m [0m[0;30;47mv[0m[0;30;47mi[0m[0;30;47ma[0m[0;30;47ml[0m[0;30;47m [0m[0;30;47m [0m[0;30;47m [0m[0;30;47m [0m[0;30;47m [0m[0;30;47m [0m[0;30;47m [0m[0;30;47ma[0m[0;30;47mt[0m[0;30;47m [0m[0;30;47mS[0m[0;30;47mp[0m[0;30;47ma[0m[0;30;47mc[0m[0;30;47me[0m[0;30;47m [0m[0;30;47m1[0m[0;30;47m4[0m[0;30;47m [0m[0;30;47m([0m[0;30;47mf[0m[0;30;47mi[0m[0;30;47mr[0m[0;30;47me[0m[0;30;47m)[0m[0;30;47m [0m[0;30;47m [0m[0;30;47m [0m[0;30;47m [0m[0;30;47m [0m[0;30;47m [0m[0;30;47m [0m[0;34;46m~[0m
[0;34;46m~[0m[0;30;47m [0m[0;30;47m [0m[0;30;47m [0m[0;30;47m [0m[0;30;47m [0m[0;30;47m [0m[0;30;47m [0m[0;30;47m [0m[0;30;47m [0m[0;30;47m [0m[0;30;47m [0m[0;30;47m [0m[0;30;47m [0m[0;30;47m [0m[0;30;47m [0m[0;30;47m [0m[0;30;47m [0m[0;30;47m [0m[0;30;47m [0m[0;30;47m [0m[0;30;47m [0m[0;30;47m|[0m[0;30;47m [0m[0;30;47m [0m[0;30;47m [0m[0;30;47m [0m[0;30;47m [0m[0;30;47m [0m[0;30;47m\[0m[0;30;47mV[0m[0;30;47mo[0m[0;30;47m/[0m[0;30;47m [0m[0;30;47m [0m[0;30;47m [0m[0;30;47m1[0m[0;30;47m2[0m[0;30;47m|[0m[0;30;47m [0m[0;30;47m [0m[0;30;47m [0m[0;30;47m [0m[0;30;47m [0m[0;30;47m [0m[0;30;47m [0m[0;30;47m [0m[0;30;47m [0m[0;30;47m [0m[0;30;47m [0m[0;30;47m [0m[0;30;47m [0m[0;30;47m [0m[0;30;47m [0m[0;30;47m [0m[0;30;47m [0m[0;30;47m [0m[0;30;47m [0m[0;30;47m [0m[0;30;47m [0m[0;30;47m [0m[0;30;47m [0m[0;30;47m [0m[0;34;46m~[0m[0;30;47m [0m[0;30;47m [0m[0;30;47m [0m[0;30;47m[[0m[0;30;47mO[0m[0;30;47mb[0m[0;30;47mj[0m[0;30;47m][0m[0;30;47m [0m[0;30;47mp[0m[0;30;47mo[0m[0;30;47mr[0m[0;30;47mt[0m[0;30;47ma[0m[0;30;47ml[0m[0;30;47m [0m[0;30;47m [0m[0;30;47m [0m[0;30;47m [0m[0;30;47m [0m[0;30;47ma[0m[0;30;47mt[0m[0;30;47m [0m[0;30;47mS[0m[0;30;47mp[0m[0;30;47ma[0m[0;30;47mc[0m[0;30;47me[0m[0;30;47m [0m[0;30;47m1[0m[0;30;47m1[0m[0;30;47m [0m[0;30;47m([0m[0;30;47mp[0m[0;30;47mi[0m[0;30;47mt[0m[0;30;47m)[0m[0;30;47m [0m[0;30;47m [0m[0;30;47m [0m[0;30;47m [0m[0;30;47m [0m[0;30;47m [0m[0;30;47m [0m[0;30;47m [0m[0;34;46m~[0m
[0;34;46m~[0m[0;30;47m [0m[0;30;47m [0m[0;30;47m [0m[0;30;47m [0m[0;30;47m [0m[0;30;47m [0m[0;30;47m [0m[0;30;47m [0m[0;30;47m [0m[0;30;47m [0m[0;30;47m [0m[0;30;47m [0m[0;30;47m [0m[0;30;47m [0m[0;30;47m [0m[0;30;47m [0m[0;30;47m [0m[0;30;47m [0m[0;30;47m [0m[0;30;47m [0m[0;30;47m [0m[0;30;47m|[0m[0;30;47m [0m[0;30;47m [0m[0;30;47m [0m[0;30;47m [0m[0;30;47m#[0m[0;30;47m_[0m[0;30;47m_[0m[0;30;47m_[0m[0;30;47m#[0m[0;30;47m [0m[0;30;47m [0m[0;30;47m [0m[0;30;47m [0m[0;30;47m [0m[0;30;47m [0m[0;30;47m|[0m[0;30;47m [0m[0;30;47m [0m[0;30;47m [0m[0;30;47m [0m[0;30;47m [0m[0;30;47m [0m[0;30;47m [0m[0;30;47m [0m[0;30;47m [0m[0;30;47m [0m[0;30;47m [0m[0;30;47m [0m[0;30;47m [0m[0;30;47m [0m[0;30;47m [0m[0;30;47m [0m[0;30;47m [0m[0;30;47m [0m[0;30;47m [0m[0;30;47m [0m[0;30;47m [0m[0;30;47m [0m[0;30;47m [0m[0;30;47m [0m[0;34;46m~[0m[0;30;47m [0m[0;30;47m [0m[0;30;47m [0m[0;30;47m[[0m[0;30;47mO[0m[0;30;47mb[0m[0;30;47mj[0m[0;30;47m][0m[0;30;47m [0m[0;30;47mw[0m[0;30;47ma[0m[0;30;47mx[0m[0;30;47m [0m[0;30;47m [0m[0;30;47m [0m[0;30;47m [0m[0;30;47m [0m[0;30;47m [0m[0;30;47m [0m[0;30;47m [0m[0;30;47ma[0m[0;30;47mt[0m[0;30;47m [0m[0;30;47mS[0m[0;30;47mp[0m[0;30;47ma[0m[0;30;47mc[0m[0;30;47me[0m[0;30;47m [0m[0;30;47m1[0m[0;30;47m4[0m[0;30;47m [0m[0;30;47m([0m[0;30;47mf[0m[0;30;47mi[0m[0;30;47mr[0m[0;30;47me[0m[0;30;47m)[0m[0;30;47m [0m[0;30;47m [0m[0;30;47m [0m[0;30;47m [0m[0;30;47m [0m[0;30;47m [0m[0;30;47m [0m[0;34;46m~[0m
[0;34;46m~[0m[0;30;47m [0m[0;30;47m [0m[0;30;47m [0m[0;30;47m [0m[0;30;47m [0m[0;30;47m [0m[0;30;47m [0m[0;30;47m [0m[0;30;47m [0m[0;30;47m [0m[0;30;47m [0m[0;30;47m [0m[0;30;47m [0m[0;30;47m [0m[0;30;47m [0m[0;30;47m [0m[0;30;47m [0m[0;30;47m [0m[0;30;47m [0m[0;30;47m [0m[0;30;47m [0m[0;30;47m|[0m[0;30;47m [0m[0;30;47m [0m[0;30;47m [0m[0;30;47m [0m[0;30;47m#[0m[0;30;47m_[0m[0;30;47m_[0m[0;30;47m_[0m[0;30;47m#[0m[0;30;47m [0m[0;30;47m [0m[0;30;47m [0m[0;30;47m [0m[0;30;47m [0m[0;30;47m [0m[0;30;47m|[0m[0;30;47m [0m[0;30;47m [0m[0;30;47m [0m[0;30;47m [0m[0;30;47m [0m[0;30;47m [0m[0;30;47m [0m[0;30;47m [0m[0;30;47m [0m[0;30;47m [0m[0;30;47m [0m[0;30;47m [0m[0;30;47m [0m[0;30;47m [0m[0;30;47m [0m[0;30;47m [0m[0;30;47m [0m[0;30;47m [0m[0;30;47m [0m[0;30;47m [0m[0;30;47m [0m[0;30;47m [0m[0;30;47m [0m[0;30;47m [0m[0;34;46m~[0m[0;30;47m [0m[0;30;47m [0m[0;30;47m [0m[0;30;47m[[0m[0;30;47mO[0m[0;30;47mb[0m[0;30;47mj[0m[0;30;47m][0m[0;30;47m [0m[0;30;47mf[0m[0;30;47mi[0m[0;30;47mg[0m[0;30;47m [0m[0;30;47m [0m[0;30;47m [0m[0;30;47m [0m[0;30;47m [0m[0;30;47m [0m[0;30;47m [0m[0;30;47m [0m[0;30;47ma[0m[0;30;47mt[0m[0;30;47m [0m[0;30;47mS[0m[0;30;47mp[0m[0;30;47ma[0m[0;30;47mc[0m[0;30;47me[0m[0;30;47m [0m[0;30;47m1[0m[0;30;47m4[0m[0;30;47m [0m[0;30;47m([0m[0;30;47mf[0m[0;30;47mi[0m[0;30;47mr[0m[0;30;47me[0m[0;30;47m)[0m[0;30;47m [0m[0;30;47m [0m[0;30;47m [0m[0;30;47m [0m[0;30;47m [0m[0;30;47m [0m[0;30;47m [0m[0;34;46m~[0m
[0;34;46m~[0m[0;30;47m [0m[0;30;47m [0m[0;30;47m [0m[0;30;47m [0m[0;30;47m [0m[0;30;47m [0m[0;30;47m [0m[0;30;47m [0m[0;30;47m [0m[0;30;47m [0m[0;30;47m [0m[0;30;47m [0m[0;30;47m [0m[0;30;47m [0m[0;30;47m [0m[0;30;47m [0m[0;30;47m [0m[0;30;47m [0m[0;30;47m [0m[0;30;47m [0m[0;30;47m [0m[0;30;47m|[0m[0;30;47m [0m[0;30;47m [0m[0;30;47m [0m[0;30;47m [0m[0;30;47m#[0m[0;30;47m_[0m[0;30;47m_[0m[0;30;47m_[0m[0;30;47m#[0m[0;30;47m [0m[0;30;47m [0m[0;30;47m [0m[0;30;47m [0m[0;30;47m [0m[0;30;47m [0m[0;30;47m|[0m[0;30;47m [0m[0;30;47m [0m[0;30;47m [0m[0;30;47m [0m[0;30;47m [0m[0;30;47m [0m[0;30;47m [0m[0;30;47m [0m[0;30;47m [0m[0;30;47m [0m[0;30;47m [0m[0;30;47m [0m[0;30;47m [0m[0;30;47m [0m[0;30;47m [0m[0;30;47m [0m[0;30;47m [0m[0;30;47m [0m[0;30;47m [0m[0;30;47m [0m[0;30;47m [0m[0;30;47m [0m[0;30;47m [0m[0;30;47m [0m[0;34;46m~[0m[0;30;47m [0m[0;30;47m [0m[0;30;47m [0m[0;30;47m[[0m[0;30;47mO[0m[0;30;47mb[0m[0;30;47mj[0m[0;30;47m][0m[0;30;47m [0m[0;30;47mc[0m[0;30;47mo[0m[0;30;47mi[0m[0;30;47mn[0m[0;30;47m [0m[0;30;47m [0m[0;30;47m [0m[0;30;47m [0m[0;30;47m [0m[0;30;47m [0m[0;30;47m [0m[0;30;47ma[0m[0;30;47mt[0m[0;30;47m [0m[0;30;47mS[0m[0;30;47mp[0m[0;30;47ma[0m[0;30;47mc[0m[0;30;47me[0m[0;30;47m [0m[0;30;47m1[0m[0;30;47m2[0m[0;30;47m [0m[0;30;47m([0m[0;30;47mp[0m[0;30;47ma[0m[0;30;47mt[0m[0;30;47mh[0m[0;30;47m)[0m[0;30;47m [0m[0;30;47m [0m[0;30;47m [0m[0;30;47m [0m[0;30;47m [0m[0;30;47m [0m[0;30;47m [0m[0;34;46m~[0m
[0;34;46m~[0m[0;30;47m [0m[0;30;47m [0m[0;30;47m [0m[0;30;47m [0m[0;30;47m [0m[0;30;47m [0m[0;30;47m [0m[0;30;47m [0m[0;30;47m [0m[0;30;47m [0m[0;30;47m [0m[0;30;47m [0m[0;30;47m [0m[0;30;47m [0m[0;30;47m [0m[0;30;47m [0m[0;30;47m [0m[0;30;47m [0m[0;30;47m [0m[0;30;47m [0m[0;30;47m [0m[0;30;47m|[0m[0;30;47m [0m[0;30;47m [0m[0;30;47m [0m[0;30;47m [0m[0;30;47m#[0m[0;30;47m_[0m[0;30;47m_[0m[0;30;47m_[0m[0;30;47m#[0m[0;30;47m [0m[0;30;47m [0m[0;30;47m [0m[0;30;47m [0m[0;30;47m [0m[0;30;47m [0m[0;30;47m|[0m[0;30;47m [0m[0;30;47m [0m[0;30;47m [0m[0;30;47m [0m[0;30;47m [0m[0;30;47m [0m[0;30;47m [0m[0;30;47m [0m[0;30;47m [0m[0;30;47m [0m[0;30;47m [0m[0;30;47m [0m[0;30;47m [0m[0;30;47m [0m[0;30;47m [0m[0;30;47m [0m[0;30;47m [0m[0;30;47m [0m[0;30;47m [0m[0;30;47m [0m[0;30;47m [0m[0;30;47m [0m[0;30;47m [0m[0;30;47m [0m[0;34;46m~[0m[0;30;47m [0m[0;30;47m [0m[0;30;47m [0m[0;30;47m[[0m[0;30;47mO[0m[0;30;47mb[0m[0;30;47mj[0m[0;30;47m][0m[0;30;47m [0m[0;30;47ml[0m[0;30;47mo[0m[0;30;47ma[0m[0;30;47mf[0m[0;30;47m [0m[0;30;47m [0m[0;30;47m [0m[0;30;47m [0m[0;30;47m [0m[0;30;47m [0m[0;30;47m [0m[0;30;47ma[0m[0;30;47mt[0m[0;30;47m [0m[0;30;47mS[0m[0;30;47mp[0m[0;30;47ma[0m[0;30;47mc[0m[0;30;47me[0m[0;30;47m [0m[0;30;47m1[0m[0;30;47m4[0m[0;30;47m [0m[0;30;47m([0m[0;30;47mf[0m[0;30;47mi[0m[0;30;47mr[0m[0;30;47me[0m[0;30;47m)[0m[0;30;47m [0m[0;30;47m [0m[0;30;47m [0m[0;30;47m [0m[0;30;47m [0m[0;30;47m [0m[0;30;47m [0m[0;34;46m~[0m
[0;34;46m~[0m[0;30;47m [0m[0;30;47m [0m[0;30;47m [0m[0;30;47m [0m[0;30;47m [0m[0;30;47m [0m[0;30;47m [0m[0;30;47m [0m[0;30;47m [0m[0;30;47m [0m[0;30;47m [0m[0;30;47m [0m[0;30;47m [0m[0;30;47m [0m[0;30;47m [0m[0;30;47m [0m[0;30;47m [0m[0;30;47m [0m[0;30;47m [0m[0;30;47m [0m[0;30;47m [0m[0;30;47m|[0m[0;30;47m [0m[0;30;47m [0m[0;30;47m [0m[0;30;47m [0m[0;30;47m#[0m[0;30;47m [0m[0;30;47m [0m[0;30;47m [0m[0;30;47m#[0m[0;30;47m [0m[0;30;47m [0m[0;30;47m [0m[0;30;47m [0m[0;30;47m [0m[0;30;47m [0m[0;30;47m|[0m[0;30;47m [0m[0;30;47m [0m[0;30;47m [0m[0;30;47m [0m[0;30;47m [0m[0;30;47m [0m[0;30;47m [0m[0;30;47m [0m[0;30;47m [0m[0;30;47m [0m[0;30;47m [0m[0;30;47m [0m[0;30;47m [0m[0;30;47m [0m[0;30;47m [0m[0;30;47m [0m[0;30;47m [0m[0;30;47m [0m[0;30;47m [0m[0;30;47m [0m[0;30;47m [0m[0;30;47m [0m[0;30;47m [0m[0;30;47m [0m[0;34;46m~[0m[0;30;47m [0m[0;30;47m [0m[0;30;47m [0m[0;30;47m[[0m[0;30;47mO[0m[0;30;47mb[0m[0;30;47mj[0m[0;30;47m][0m[0;30;47m [0m[0;30;47mc[0m[0;30;47mu[0m[0;30;47mp[0m[0;30;47m [0m[0;30;47m [0m[0;30;47m [0m[0;30;47m [0m[0;30;47m [0m[0;30;47m [0m[0;30;47m [0m[0;30;47m [0m[0;30;47ma[0m[0;30;47mt[0m[0;30;47m [0m[0;30;47mS[0m[0;30;47mp[0m[0;30;47ma[0m[0;30;47mc[0m[0;30;47me[0m[0;30;47m [0m[0;30;47m1[0m[0;30;47m3[0m[0;30;47m [0m[0;30;47m([0m[0;30;47mh[0m[0;30;47ma[0m[0;30;47ml[0m[0;30;47ml[0m[0;30;47m)[0m[0;30;47m [0m[0;30;47m [0m[0;30;47m [0m[0;30;47m [0m[0;30;47m [0m[0;30;47m [0m[0;30;47m [0m[0;34;46m~[0m
[0;34;46m~[0m[0;30;47m [0m[0;30;47m [0m[0;30;47m [0m[0;30;47m [0m[0;30;47m [0m[0;30;47m [0m[0;30;47m [0m[0;30;47m [0m[0;30;47m [0m[0;30;47m [0m[0;30;47m [0m[0;30;47m [0m[0;30;47m [0m[0;30;47m [0m[0;30;47m [0m[0;30;47m [0m[0;30;47m [0m[0;30;47m [0m[0;30;47m [0m[0;30;47m [0m[0;30;47m [0m[0;30;47m|[0m[0;30;47ml[0m[0;30;47mi[0m[0;30;47md[0m[0;30;47m,[0m[0;30;47mc[0m[0;30;47mo[0m[0;30;47mi[0m[0;30;47mn[0m[0;30;47m [0m[0;30;47m [0m[0;30;47m [0m[0;30;47m [0m[0;30;47m [0m[0;30;47m [0m[0;30;47m [0m[0;30;47m|[0m[0;30;47m [0m[0;30;47m [0m[0;30;47m [0m[0;30;47m [0m[0;30;47m [0m[0;30;47m [0m[0;30;47m [0m[0;30;47m [0m[0;30;47m [0m[0;30;47m [0m[0;30;47m [0m[0;30;47m [0m[0;30;47m [0m[0;30;47m [0m[0;30;47m [0m[0;30;47m [0m[0;30;47m [0m[0;30;47m [0m[0;30;47m [0m[0;30;47m [0m[0;30;47m [0m[0;30;47m [0m[0;30;47m [0m[0;30;47m [0m[0;34;46m~[0m[0;30;47m [0m[0;30;47m [0m[0;30;47m [0m[0;30;47m[[0m[0;30;47mC[0m[0;30;47mh[0m[0;30;47mr[0m[0;30;47m][0m[0;30;47m [0m[0;30;47m [0m[0;30;47m\[0m[0;30;47mV[0m[0;30;47mo[0m[0;30;47m/[0m[0;30;47m [0m[0;30;47m [0m[0;30;47ma[0m[0;30;47mt[0m[0;30;47m [0m[0;30;47mS[0m[0;30;47mp[0m[0;30;47ma[0m[0;30;47mc[0m[0;30;47me[0m[0;30;47m [0m[0;30;47m1[0m[0;30;47m2[0m[0;30;47m [0m[0;30;47m([0m[0;30;47mp[0m[0;30;47ma[0m[0;30;47mt[0m[0;30;47mh[0m[0;30;47m)[0m[0;30;47m [0m[0;30;47m([0m[0;30;47mH[0m[0;30;47mP[0m[0;30;47m:[0m[0;30;47m5[0m[0;30;47m)[0m[0;30;47m [0m[0;30;47m [0m[0;30;47m [0m[0;30;47m [0m[0;34;46m~[0m
[0;34;46m~[0m[0;30;47m [0m[0;30;47m [0m[0;30;47m [0m[0;30;47m [0m[0;30;47m [0m[0;30;47m [0m[0;30;47m [0m[0;30;47m [0m[0;30;47m [0m[0;30;47m [0m[0;30;47m [0m[0;30;47m [0m[0;30;47m [0m[0;30;47m [0m[0;30;47m [0m[0;30;47m [0m[0;30;47m [0m[0;30;47m [0m[0;30;47m [0m[0;30;47m [0m[0;30;47m [0m[0;30;47m+[0m[0;30;47m-[0m[0;30;47m-[0m[0;30;47m-[0m[0;30;47m-[0m[0;30;47m-[0m[0;30;47m-[0m[0;30;47m-[0m[0;30;47m-[0m[0;30;47m-[0m[0;30;47m-[0m[0;30;47m-[0m[0;30;47m-[0m[0;30;47m-[0m[0;30;47m-[0m[0;30;47m-[0m[0;30;47m+[0m[0;30;47m [0m[0;30;47m [0m[0;30;47m [0m[0;30;47m [0m[0;30;47m [0m[0;30;47m [0m[0;30;47m [0m[0;30;47m [0m[0;30;47m [0m[0;30;47m [0m[0;30;47m [0m[0;30;47m [0m[0;30;47m [0m[0;30;47m [0m[0;30;47m [0m[0;30;47m [0m[0;30;47m [0m[0;30;47m [0m[0;30;47m [0m[0;30;47m [0m[0;30;47m [0m[0;30;47m [0m[0;30;47m [0m[0;30;47m [0m[0;34;46m~[0m[0;30;47m [0m[0;30;47m [0m[0;30;47m [0m[0;30;47m[[0m[0;30;47mC[0m[0;30;47mh[0m[0;30;47mr[0m[0;30;47m][0m[0;30;47m [0m[0;30;47m [0m[0;30;47m\[0m[0;30;47mS[0m[0;30;47me[0m[0;30;47m/[0m[0;30;47m [0m[0;30;47m [0m[0;30;47ma[0m[0;30;47mt[0m[0;30;47m [0m[0;30;47mS[0m[0;30;47mp[0m[0;30;47ma[0m[0;30;47mc[0m[0;30;47me[0m[0;30;47m [0m[0;30;47m1[0m[0;30;47m1[0m[0;30;47m [0m[0;30;47m([0m[0;30;47mp[0m[0;30;47mi[0m[0;30;47mt[0m[0;30;47m)[0m[0;30;47m [0m[0;30;47m([0m[0;30;47mH[0m[0;30;47mP[0m[0;30;47m:[0m[0;30;47m5[0m[0;30;47m)[0m[0;30;47m [0m[0;30;47m [0m[0;30;47m [0m[0;30;47m [0m[0;30;47m [0m[0;34;46m~[0m
[0;34;46m~[0m[0;30;47m [0m[0;30;47m [0m[0;30;47m [0m[0;30;47m [0m[0;30;47m [0m[0;30;47m [0m[0;30;47m [0m[0;30;47m [0m[0;30;47m [0m[0;30;47m [0m[0;30;47m [0m[0;30;47m [0m[0;30;47m [0m[0;30;47m [0m[0;30;47m [0m[0;30;47m [0m[0;30;47m [0m[0;30;47m [0m[0;30;47m [0m[0;30;47m [0m[0;30;47m [0m[0;30;47m [0m[0;30;47m [0m[0;30;47m [0m[0;30;47m [0m[0;30;47m [0m[0;30;47m [0m[0;30;47m [0m[0;30;47m [0m[0;30;47m [0m[0;30;47m [0m[0;30;47m [0m[0;30;47m [0m[0;30;47m [0m[0;30;47m [0m[0;30;47m [0m[0;30;47m [0m[0;30;47m [0m[0;30;47m [0m[0;30;47m [0m[0;30;47m [0m[0;30;47m [0m[0;30;47m [0m[0;30;47m [0m[0;30;47m [0m[0;30;47m [0m[0;30;47m [0m[0;30;47m [0m[0;30;47m [0m[0;30;47m [0m[0;30;47m [0m[0;30;47m [0m[0;30;47m [0m[0;30;47m [0m[0;30;47m [0m[0;30;47m [0m[0;30;47m [0m[0;30;47m [0m[0;30;47m [0m[0;30;47m [0m[0;30;47m [0m[0;30;47m [0m[0;34;46m~[0m[0;30;47m [0m[0;30;47m [0m[0;30;47m-[0m[0;30;47m-[0m[0;30;47m-[0m[0;30;47m-[0m[0;30;47m-[0m[0;30;47m-[0m[0;30;47m-[0m[0;30;47m-[0m[0;30;47m-[0m[0;30;47m-[0m[0;30;47m-[0m[0;30;47m-[0m[0;30;47m-[0m[0;30;47m-[0m[0;30;47m-[0m[0;30;47m-[0m[0;30;47m-[0m[0;30;47m-[0m[0;30;47m-[0m[0;30;47m-[0m[0;30;47m-[0m[0;30;47m-[0m[0;30;47m-[0m[0;30;47m-[0m[0;30;47m-[0m[0;30;47m-[0m[0;30;47m-[0m[0;30;47m-[0m[0;30;47m-[0m[0;30;47m-[0m[0;30;47m-[0m[0;30;47m-[0m[0;30;47m-[0m[0;30;47m-[0m[0;30;47m-[0m[0;30;47m-[0m[0;30;47m-[0m[0;30;47m-[0m[0;30;47m-[0m[0;30;47m-[0m[0;30;47m-[0m[0;30;47m [0m[0;30;47m [0m[0;34;46m~[0m
[0;34;46m~[0m[0;30;47m [0m[0;30;47m [0m[0;30;47m [0m[0;30;47m [0m[0;30;47m [0m[0;30;47m [0m[0;30;47m [0m[0;30;47m [0m[0;30;47m [0m[0;30;47m [0m[0;30;47m [0m[0;30;47m [0m[0;30;47m [0m[0;30;47m [0m[0;30;47m [0m[0;30;47m [0m[0;30;47m [0m[0;30;47m [0m[0;30;47m [0m[0;30;47m [0m[0;30;47m [0m[0;30;47m [0m[0;30;47m [0m[0;30;47m [0m[0;30;47m [0m[0;30;47m [0m[0;30;47m [0m[0;30;47m [0m[0;30;47m [0m[0;30;47m [0m[0;30;47m [0m[0;30;47m [0m[0;30;47m [0m[0;30;47m [0m[0;30;47m [0m[0;30;47m [0m[0;30;47m [0m[0;30;47m [0m[0;30;47m [0m[0;30;47m [0m[0;30;47m [0m[0;30;47m [0m[0;30;47m [0m[0;30;47m [0m[0;30;47m [0m[0;30;47m [0m[0;30;47m [0m[0;30;47m [0m[0;30;47m [0m[0;30;47m [0m[0;30;47m [0m[0;30;47m [0m[0;30;47m [0m[0;30;47m [0m[0;30;47m [0m[0;30;47m [0m[0;30;47m [0m[0;30;47m [0m[0;30;47m [0m[0;30;47m [0m[0;30;47m [0m[0;30;47m [0m[0;34;46m~[0m[0;30;47m [0m[0;30;47m [0m[0;30;47m [0m[0;30;47m [0m[0;30;47m [0m[0;30;47m [0m[0;30;47m [0m[0;30;47m [0m[0;30;47m [0m[0;30;47m [0m[0;30;47m [0m[0;30;47m [0m[0;30;47m [0m[0;30;47m [0m[0;30;47m [0m[0;30;47m [0m[0;30;47m [0m[0;30;47m [0m[0;30;47m [0m[0;30;47m [0m[0;30;47m [0m[0;30;47m [0m[0;30;47m [0m[0;30;47m [0m[0;30;47m [0m[0;30;47m [0m[0;30;47m [0m[0;30;47m [0m[0;30;47m [0m[0;30;47m [0m[0;30;47m [0m[0;30;47m [0m[0;30;47m [0m[0;30;47m [0m[0;30;47m [0m[0;30;47m [0m[0;30;47m [0m[0;30;47m [0m[0;30;47m [0m[0;30;47m [0m[0;30;47m [0m[0;30;47m [0m[0;30;47m [0m[0;30;47m [0m[0;30;47m [0m[0;34;46m~[0m
[0;34;46m~[0m[0;30;47m [0m[0;30;47m [0m[0;30;47m [0m[0;30;47m [0m[0;30;47m [0m[0;30;47m [0m[0;30;47m [0m[0;30;47m [0m[0;30;47m [0m[0;30;47m [0m[0;30;47m [0m[0;30;47m [0m[0;30;47m [0m[0;30;47m [0m[0;30;47m [0m[0;30;47m [0m[0;30;47m [0m[0;30;47m [0m[0;30;47m [0m[0;30;47m [0m[0;30;47m [0m[0;30;47m [0m[0;30;47m [0m[0;30;47m [0m[0;30;47m [0m[0;30;47m [0m[0;30;47m [0m[0;30;47m [0m[0;30;47m [0m[0;30;47m [0m[0;30;47m [0m[0;30;47m [0m[0;30;47m [0m[0;30;47m [0m[0;30;47m [0m[0;30;47m [0m[0;30;47m [0m[0;30;47m [0m[0;30;47m [0m[0;30;47m [0m[0;30;47m [0m[0;30;47m [0m[0;30;47m [0m[0;30;47m [0m[0;30;47m [0m[0;30;47m [0m[0;30;47m [0m[0;30;47m [0m[0;30;47m [0m[0;30;47m [0m[0;30;47m [0m[0;30;47m [0m[0;30;47m [0m[0;30;47m [0m[0;30;47m [0m[0;30;47m [0m[0;30;47m [0m[0;30;47m [0m[0;30;47m [0m[0;30;47m [0m[0;30;47m [0m[0;30;47m [0m[0;34;46m~[0m[0;30;47m [0m[0;30;47m [0m[0;30;47m [0m[0;30;47m [0m[0;30;47m [0m[0;30;47m [0m[0;30;47m [0m[0;30;47m [0m[0;30;47m [0m[0;30;47m [0m[0;30;47m [0m[0;30;47m [0m[0;30;47m [0m[0;30;47m [0m[0;30;47m [0m[0;30;47m [0m[0;30;47m [0m[0;30;47m [0m[0;30;47m [0m[0;30;47m [0m[0;30;47m [0m[0;30;47m [0m[0;30;47m [0m[0;30;47m [0m[0;30;47m [0m[0;30;47m [0m[0;30;47m [0m[0;30;47m [0m[0;30;47m [0m[0;30;47m [0m[0;30;47m [0m[0;30;47m [0m[0;30;47m [0m[0;30;47m [0m[0;30;47m [0m[0;30;47m [0m[0;30;47m [0m[0;30;47m [0m[0;30;47m [0m[0;30;47m [0m[0;30;47m [0m[0;30;47m [0m[0;30;47m [0m[0;30;47m [0m[0;30;47m [0m[0;34;46m~[0m
[0;34;46m~[0m[0;30;47m [0m[0;30;47m [0m[0;30;47m [0m[0;30;47m [0m[0;30;47m [0m[0;30;47m [0m[0;30;47m [0m[0;30;47m [0m[0;30;47m [0m[0;30;47m [0m[0;30;47m [0m[0;30;47m [0m[0;30;47m [0m[0;30;47m [0m[0;30;47m [0m[0;30;47m [0m[0;30;47m [0m[0;30;47m [0m[0;30;47m [0m[0;30;47m [0m[0;30;47m [0m[0;30;47m [0m[0;30;47m [0m[0;30;47m [0m[0;30;47m [0m[0;30;47m [0m[0;30;47m [0m[0;30;47m [0m[0;30;47m [0m[0;30;47m [0m[0;30;47m [0m[0;30;47m [0m[0;30;47m [0m[0;30;47m [0m[0;30;47m [0m[0;30;47m [0m[0;30;47m [0m[0;30;47m [0m[0;30;47m [0m[0;30;47m [0m[0;30;47m [0m[0;30;47m [0m[0;30;47m [0m[0;30;47m [0m[0;30;47m [0m[0;30;47m [0m[0;30;47m [0m[0;30;47m [0m[0;30;47m [0m[0;30;47m [0m[0;30;47m [0m[0;30;47m [0m[0;30;47m [0m[0;30;47m [0m[0;30;47m [0m[0;30;47m [0m[0;30;47m [0m[0;30;47m [0m[0;30;47m [0m[0;30;47m [0m[0;30;47m [0m[0;30;47m [0m[0;34;46m~[0m[0;30;47m [0m[0;30;47m [0m[0;30;47m [0m[0;30;47m [0m[0;30;47m [0m[0;30;47m [0m[0;30;47m [0m[0;30;47m [0m[0;30;47m [0m[0;30;47m [0m[0;30;47m [0m[0;30;47m [0m[0;30;47m [0m[0;30;47m [0m[0;30;47m [0m[0;30;47m [0m[0;30;47m [0m[0;30;47m [0m[0;30;47m [0m[0;30;47m [0m[0;30;47m [0m[0;30;47m [0m[0;30;47m [0m[0;30;47m [0m[0;30;47m [0m[0;30;47m [0m[0;30;47m [0m[0;30;47m [0m[0;30;47m [0m[0;30;47m [0m[0;30;47m [0m[0;30;47m [0m[0;30;47m [0m[0;30;47m [0m[0;30;47m [0m[0;30;47m [0m[0;30;47m [0m[0;30;47m [0m[0;30;47m [0m[0;30;47m [0m[0;30;47m [0m[0;30;47m [0m[0;30;47m [0m[0;30;47m [0m[0;30;47m [0m[0;34;46m~[0m
[0;34;46m~[0m[0;30;47m [0m[0;30;47m [0m[0;30;47m [0m[0;30;47m [0m[0;30;47m [0m[0;30;47m [0m[0;30;47m [0m[0;30;47m [0m[0;30;47m [0m[0;30;47m [0m[0;30;47m [0m[0;30;47m [0m[0;30;47m [0m[0;30;47m [0m[0;30;47m [0m[0;30;47m [0m[0;30;47m [0m[0;30;47m [0m[0;30;47m [0m[0;30;47m [0m[0;30;47m [0m[0;30;47m [0m[0;30;47m [0m[0;30;47m [0m[0;30;47m [0m[0;30;47m [0m[0;30;47m [0m[0;30;47m [0m[0;30;47m [0m[0;30;47m [0m[0;30;47m [0m[0;30;47m [0m[0;30;47m [0m[0;30;47m [0m[0;30;47m [0m[0;30;47m [0m[0;30;47m [0m[0;30;47m [0m[0;30;47m [0m[0;30;47m [0m[0;30;47m [0m[0;30;47m [0m[0;30;47m [0m[0;30;47m [0m[0;30;47m [0m[0;30;47m [0m[0;30;47m [0m[0;30;47m [0m[0;30;47m [0m[0;30;47m [0m[0;30;47m [0m[0;30;47m [0m[0;30;47m [0m[0;30;47m [0m[0;30;47m [0m[0;30;47m [0m[0;30;47m [0m[0;30;47m [0m[0;30;47m [0m[0;30;47m [0m[0;30;47m [0m[0;30;47m [0m[0;34;46m~[0m[0;30;47m [0m[0;30;47m [0m[0;30;47m [0m[0;30;47m [0m[0;30;47m [0m[0;30;47m [0m[0;30;47m [0m[0;30;47m [0m[0;30;47m [0m[0;30;47m [0m[0;30;47m [0m[0;30;47m [0m[0;30;47m [0m[0;30;47m [0m[0;30;47m [0m[0;30;47m [0m[0;30;47m [0m[0;30;47m [0m[0;30;47m [0m[0;30;47m [0m[0;30;47m [0m[0;30;47m [0m[0;30;47m [0m[0;30;47m [0m[0;30;47m [0m[0;30;47m [0m[0;30;47m [0m[0;30;47m [0m[0;30;47m [0m[0;30;47m [0m[0;30;47m [0m[0;30;47m [0m[0;30;47m [0m[0;30;47m [0m[0;30;47m [0m[0;30;47m [0m[0;30;47m [0m[0;30;47m [0m[0;30;47m [0m[0;30;47m [0m[0;30;47m [0m[0;30;47m [0m[0;30;47m [0m[0;30;47m [0m[0;30;47m [0m[0;34;46m~[0m
[0;34;46m~[0m[0;34;46m~[0m[0;34;46m~[0m[0;34;46m~[0m[0;34;46m~[0m[0;34;46m~[0m[0;34;46m~[0m[0;34;46m~[0m[0;34;46m~[0m[0;34;46m~[0m[0;34;46m~[0m[0;34;46m~[0m[0;34;46m~[0m[0;34;46m~[0m[0;34;46m~[0m[0;34;46m~[0m[0;34;46m~[0m[0;34;46m~[0m[0;34;46m~[0m[0;34;46m~[0m[0;34;46m~[0m[0;34;46m~[0m[0;34;46m~[0m[0;34;46m~[0m[0;34;46m~[0m[0;34;46m~[0m[0;34;46m~[0m[0;34;46m~[0m[0;34;46m~[0m[0;34;46m~[0m[0;34;46m~[0m[0;34;46m~[0m[0;34;46m~[0m[0;34;46m~[0m[0;34;46m~[0m[0;34;46m~[0m[0;34;46m~[0m[0;34;46m~[0m[0;34;46m~[0m[0;34;46m~[0m[0;34;46m~[0m[0;34;46m~[0m[0;34;46m~[0m[0;34;46m~[0m[0;34;46m~[0m[0;34;46m~[0m[0;34;46m~[0m[0;34;46m~[0m[0;34;46m~[0m[0;34;46m~[0m[0;34;46m~[0m[0;34;46m~[0m[0;34;46m~[0m[0;34;46m~[0m[0;34;46m~[0m[0;34;46m~[0m[0;34;46m~[0m[0;34;46m~[0m[0;34;46m~[0m[0;34;46m~[0m[0;34;46m~[0m[0;34;46m~[0m[0;34;46m~[0m[0;34;46m~[0m[0;34;46m~[0m[0;34;46m~[0m[0;34;46m~[0m[0;34;46m~[0m[0;34;46m~[0m[0;34;46m~[0m[0;34;46m~[0m[0;34;46m~[0m[0;34;46m~[0m[0;34;46m~[0m[0;34;46m~[0m[0;34;46m~[0m[0;34;46m~[0m[0;34;46m~[0m[0;34;46m~[0m[0;34;46m~[0m[0;34;46m~[0m[0;34;46m~[0m[0;34;46m~[0m[0;34;46m~[0m[0;34;46m~[0m[0;34;46m~[0m[0;34;46m~[0m[0;34;46m~[0m[0;34;46m~[0m[0;34;46m~[0m[0;34;46m~[0m[0;34;46m~[0m[0;34;46m~[0m[0;34;46m~[0m[0;34;46m~[0m[0;34;46m~[0m[0;34;46m~[0m[0;34;46m~[0m[0;34;46m~[0m[0;34;46m~[0m[0;34;46m~[0m[0;34;46m~[0m[0;34;46m~[0m[0;34;46m~[0m[0;34;46m~[0m[0;34;46m~[0m[0;34;46m~[0m[0;34;46m~[0m[0;34;46m~[0m[0;34;46m~[0m
[0;34;46m~[0m[0;30;47m [0m[0;30;47m [0m[0;30;47m [0m[0;30;47m [0m[0;30;47m [0m[0;30;47m [0m[0;30;47m [0m[0;30;47m [0m[0;30;47m [0m[0;30;47m [0m[0;30;47m [0m[0;30;47m [0m[0;30;47m [0m[0;30;47m [0m[0;30;47m [0m[0;30;47m [0m[0;30;47m [0m[0;30;47m [0m[0;30;47m [0m[0;30;47m [0m[0;30;47m [0m[0;30;47m [0m[0;30;47m [0m[0;30;47m [0m[0;30;47m [0m[0;30;47m [0m[0;30;47m [0m[0;30;47m [0m[0;30;47m [0m[0;30;47m [0m[0;30;47m [0m[0;30;47m [0m[0;30;47m [0m[0;30;47m [0m[0;30;47m [0m[0;30;47m [0m[0;30;47m [0m[0;30;47m [0m[0;30;47m [0m[0;30;47m [0m[0;30;47m [0m[0;30;47m [0m[0;30;47m [0m[0;30;47m [0m[0;30;47m [0m[0;30;47mT[0m[0;30;47mH[0m[0;30;47mE[0m[0;30;47m [0m[0;30;47mH[0m[0;30;47mA[0m[0;30;47mU[0m[0;30;47mN[0m[0;30;47mT[0m[0;30;47mE[0m[0;30;47mD[0m[0;30;47m [0m[0;30;47mC[0m[0;30;47mA[0m[0;30;47mS[0m[0;30;47mT[0m[0;30;47mL[0m[0;30;47mE[0m[0;30;47m [0m[0;30;47m [0m[0;30;47m [0m[0;30;47m [0m[0;30;47m [0m[0;30;47m [0m[0;30;47m [0m[0;30;47m [0m[0;30;47m [0m[0;30;47m [0m[0;30;47m [0m[0;30;47m [0m[0;30;47m [0m[0;30;47m [0m[0;30;47m [0m[0;30;47m [0m[0;30;47m [0m[0;30;47m [0m[0;30;47m [0m[0;30;47m [0m[0;30;47m [0m[0;30;47m [0m[0;30;47m [0m[0;30;47m [0m[0;30;47m [0m[0;30;47m [0m[0;30;47m [0m[0;30;47m [0m[0;30;47m [0m[0;30;47m [0m[0;30;47m [0m[0;30;47m [0m[0;30;47m [0m[0;30;47m [0m[0;30;47m [0m[0;30;47m [0m[0;30;47m [0m[0;30;47m [0m[0;30;47m [0m[0;30;47m [0m[0;30;47m [0m[0;30;47m [0m[0;30;47m [0m[0;30;47m [0m[0;30;47m [0m[0;34;46m~[0m
[0;34;46m~[0m[0;34;46m~[0m[0;34;46m~[0m[0;34;46m~[0m[0;34;46m~[0m[0;34;46m~[0m[0;34;46m~[0m[0;34;46m~[0m[0;34;46m~[0m[0;34;46m~[0m[0;34;46m~[0m[0;34;46m~[0m[0;34;46m~[0m[0;34;46m~[0m[0;34;46m~[0m[0;34;46m~[0m[0;34;46m~[0m[0;34;46m~[0m[0;34;46m~[0m[0;34;46m~[0m[0;34;46m~[0m[0;34;46m~[0m[0;34;46m~[0m[0;34;46m~[0m[0;34;46m~[0m[0;34;46m~[0m[0;34;46m~[0m[0;34;46m~[0m[0;34;46m~[0m[0;34;46m~[0m[0;34;46m~[0m[0;34;46m~[0m[0;34;46m~[0m[0;34;46m~[0m[0;34;46m~[0m[0;34;46m~[0m[0;34;46m~[0m[0;34;46m~[0m[0;34;46m~[0m[0;34;46m~[0m[0;34;46m~[0m[0;34;46m~[0m[0;34;46m~[0m[0;34;46m~[0m[0;34;46m~[0m[0;34;46m~[0m[0;34;46m~[0m[0;34;46m~[0m[0;34;46m~[0m[0;34;46m~[0m[0;34;46m~[0m[0;34;46m~[0m[0;34;46m~[0m[0;34;46m~[0m[0;34;46m~[0m[0;34;46m~[0m[0;34;46m~[0m[0;34;46m~[0m[0;34;46m~[0m[0;34;46m~[0m[0;34;46m~[0m[0;34;46m~[0m[0;34;46m~[0m[0;34;46m~[0m[0;34;46m~[0m[0;34;46m~[0m[0;34;46m~[0m[0;34;46m~[0m[0;34;46m~[0m[0;34;46m~[0m[0;34;46m~[0m[0;34;46m~[0m[0;34;46m~[0m[0;34;46m~[0m[0;34;46m~[0m[0;34;46m~[0m[0;34;46m~[0m[0;34;46m~[0m[0;34;46m~[0m[0;34;46m~[0m[0;34;46m~[0m[0;34;46m~[0m[0;34;46m~[0m[0;34;46m~[0m[0;34;46m~[0m[0;34;46m~[0m[0;34;46m~[0m[0;34;46m~[0m[0;34;46m~[0m[0;34;46m~[0m[0;34;46m~[0m[0;34;46m~[0m[0;34;46m~[0m[0;34;46m~[0m[0;34;46m~[0m[0;34;46m~[0m[0;34;46m~[0m[0;34;46m~[0m[0;34;46m~[0m[0;34;46m~[0m[0;34;46m~[0m[0;34;46m~[0m[0;34;46m~[0m[0;34;46m~[0m[0;34;46m~[0m[0;34;46m~[0m[0;34;46m~[0m[0;34;46m~[0m[0;34;46m~[0m[0;34;46m~[0m
[0;34;46m~[0m[0;30;47m [0m[0;30;47m [0m[0;30;47mC[0m[0;30;47mo[0m[0;30;47mm[0m[0;30;47mm[0m[0;30;47ma[0m[0;30;47mn[0m[0;30;47md[0m[0;30;47ms[0m[0;30;47m:[0m[0;30;47m [0m[0;30;47mm[0m[0;30;47mo[0m[0;30;47mv[0m[0;30;47me[0m[0;30;47m([0m[0;30;47mm[0m[0;30;47m)[0m[0;30;47m [0m[0;30;47m[[0m[0;30;47md[0m[0;30;47mi[0m[0;30;47mr[0m[0;30;47m][0m[0;30;47m [0m[0;30;47m|[0m[0;30;47m [0m[0;30;47mt[0m[0;30;47ma[0m[0;30;47mk[0m[0;30;47me[0m[0;30;47m([0m[0;30;47mt[0m[0;30;47m)[0m[0;30;47m [0m[0;30;47m[[0m[0;30;47mo[0m[0;30;47mb[0m[0;30;47mj[0m[0;30;47m][0m[0;30;47m [0m[0;30;47m|[0m[0;30;47m [0m[0;30;47md[0m[0;30;47mr[0m[0;30;47mo[0m[0;30;47mp[0m[0;30;47m([0m[0;30;47md[0m[0;30;47m)[0m[0;30;47m [0m[0;30;47m[[0m[0;30;47mo[0m[0;30;47mb[0m[0;30;47mj[0m[0;30;47m][0m[0;30;47m [0m[0;30;47m|[0m[0;30;47m [0m[0;30;47ma[0m[0;30;47mt[0m[0;30;47mt[0m[0;30;47ma[0m[0;30;47mc[0m[0;30;47mk[0m[0;30;47m([0m[0;30;47ma[0m[0;30;47m)[0m[0;30;47m [0m[0;30;47m|[0m[0;30;47m [0m[0;30;47mc[0m[0;30;47mh[0m[0;30;47ma[0m[0;30;47mt[0m[0;30;47m([0m[0;30;47mc[0m[0;30;47m)[0m[0;30;47m [0m[0;30;47m|[0m[0;30;47m [0m[0;30;47mr[0m[0;30;47me[0m[0;30;47mc[0m[0;30;47mr[0m[0;30;47mu[0m[0;30;47mi[0m[0;30;47mt[0m[0;30;47m([0m[0;30;47mr[0m[0;30;47m)[0m[0;30;47m [0m[0;30;47m[[0m[0;30;47mc[0m[0;30;47mh[0m[0;30;47ma[0m[0;30;47mr[0m[0;30;47m][0m[0;30;47m [0m[0;30;47m [0m[0;30;47m [0m[0;30;47m [0m[0;30;47m [0m[0;30;47m [0m[0;30;47m [0m[0;30;47m [0m[0;30;47m [0m[0;34;46m~[0m
[0;34;46m~[0m[0;30;47m [0m[0;30;47m [0m[0;30;47mi[0m[0;30;47mn[0m[0;30;47ms[0m[0;30;47mp[0m[0;30;47me[0m[0;30;47mc[0m[0;30;47mt[0m[0;30;47m([0m[0;30;47mi[0m[0;30;47m)[0m[0;30;47m [0m[0;30;47m[[0m[0;30;47mo[0m[0;30;47mb[0m[0;30;47mj[0m[0;30;47m][0m[0;30;47m [0m[0;30;47m|[0m[0;30;47m [0m[0;30;47mu[0m[0;30;47ms[0m[0;30;47me[0m[0;30;47m([0m[0;30;47mu[0m[0;30;47m)[0m[0;30;47m [0m[0;30;47m[[0m[0;30;47mo[0m[0;30;47mb[0m[0;30;47mj[0m[0;30;47m][0m[0;30;47m [0m[0;30;47m|[0m[0;30;47m [0m[0;30;47mo[0m[0;30;47mp[0m[0;30;47me[0m[0;30;47mn[0m[0;30;47m([0m[0;30;47mo[0m[0;30;47m)[0m[0;30;47m [0m[0;30;47m[[0m[0;30;47ml[0m[0;30;47mn[0m[0;30;47mk[0m[0;30;47m][0m[0;30;47m [0m[0;30;47mw[0m[0;30;47mi[0m[0;30;47mt[0m[0;30;47mh[0m[0;30;47m [0m[0;30;47m[[0m[0;30;47mo[0m[0;30;47mb[0m[0;30;47mj[0m[0;30;47m][0m[0;30;47m [0m[0;30;47m|[0m[0;30;47m [0m[0;30;47mt[0m[0;30;47mp[0m[0;30;47m [0m[0;30;47m[[0m[0;30;47mr[0m[0;30;47mo[0m[0;30;47mo[0m[0;30;47mm[0m[0;30;47m][0m[0;30;47m [0m[0;30;47m|[0m[0;30;47m [0m[0;30;47me[0m[0;30;47mx[0m[0;30;47mi[0m[0;30;47mt[0m[0;30;47m([0m[0;30;47me[0m[0;30;47m)[0m[0;30;47m [0m[0;30;47m|[0m[0;30;47m [0m[0;30;47ma[0m[0;30;47mb[0m[0;30;47ma[0m[0;30;47mn[0m[0;30;47md[0m[0;30;47mo[0m[0;30;47mn[0m[0;30;47m([0m[0;30;47mf[0m[0;30;47m)[0m[0;30;47m [0m[0;30;47m[[0m[0;30;47mc[0m[0;30;47mh[0m[0;30;47ma[0m[0;30;47mr[0m[0;30;47m][0m[0;30;47m [0m[0;30;47m [0m[0;30;47m [0m[0;30;47m [0m[0;30;47m [0m[0;30;47m [0m[0;34;46m~[0m
[0;34;46m~[0m[0;34;46m~[0m[0;34;46m~[0m[0;34;46m~[0m[0;34;46m~[0m[0;34;46m~[0m[0;34;46m~[0m[0;34;46m~[0m[0;34;46m~[0m[0;34;46m~[0m[0;34;46m~[0m[0;34;46m~[0m[0;34;46m~[0m[0;34;46m~[0m[0;34;46m~[0m[0;34;46m~[0m[0;34;46m~[0m[0;34;46m~[0m[0;34;46m~[0m[0;34;46m~[0m[0;34;46m~[0m[0;34;46m~[0m[0;34;46m~[0m[0;34;46m~[0m[0;34;46m~[0m[0;34;46m~[0m[0;34;46m~[0m[0;34;46m~[0m[0;34;46m~[0m[0;34;46m~[0m[0;34;46m~[0m[0;34;46m~[0m[0;34;46m~[0m[0;34;46m~[0m[0;34;46m~[0m[0;34;46m~[0m[0;34;46m~[0m[0;34;46m~[0m[0;34;46m~[0m[0;34;46m~[0m[0;34;46m~[0m[0;34;46m~[0m[0;34;46m~[0m[0;34;46m~[0m[0;34;46m~[0m[0;34;46m~[0m[0;34;46m~[0m[0;34;46m~[0m[0;34;46m~[0m[0;34;46m~[0m[0;34;46m~[0m[0;34;46m~[0m[0;34;46m~[0m[0;34;46m~[0m[0;34;46m~[0m[0;34;46m~[0m[0;34;46m~[0m[0;34;46m~[0m[0;34;46m~[0m[0;34;46m~[0m[0;34;46m~[0m[0;34;46m~[0m[0;34;46m~[0m[0;34;46m~[0m[0;34;46m~[0m[0;34;46m~[0m[0;34;46m~[0m[0;34;46m~[0m[0;34;46m~[0m[0;34;46m~[0m[0;34;46m~[0m[0;34;46m~[0m[0;34;46m~[0m[0;34;46m~[0m[0;34;46m~[0m[0;34;46m~[0m[0;34;46m~[0m[0;34;46m~[0m[0;34;46m~[0m[0;34;46m~[0m[0;34;46m~[0m[0;34;46m~[0m[0;34;46m~[0m[0;34;46m~[0m[0;34;46m~[0m[0;34;46m~[0m[0;34;46m~[0m[0;34;46m~[0m[0;34;46m~[0m[0;34;46m~[0m[0;34;46m~[0m[0;34;46m~[0m[0;34;46m~[0m[0;34;46m~[0m[0;34;46m~[0m[0;34;46m~[0m[0;34;46m~[0m[0;34;46m~[0m[0;34;46m~[0m[0;34;46m~[0m[0;34;46m~[0m[0;34;46m~[0m[0;34;46m~[0m[0;34;46m~[0m[0;34;46m~[0m[0;34;46m~[0m[0;34;46m~[0m[0;34;46m~[0m[0;34;46m~[0m[0;34;46m~[0m
[0;34;46m~[0m[0;30;47m [0m[0;30;47m [0m[0;30;47m [0m[0;30;47m [0m[0;30;47m [0m[0;30;47m [0m[0;30;47m [0m[0;30;47m [0m[0;30;47m [0m[0;30;47m [0m[0;30;47m [0m[0;30;47m [0m[0;30;47m [0m[0;30;47m [0m[0;30;47m [0m[0;30;47m [0m[0;30;47m [0m[0;30;47m [0m[0;30;47m [0m[0;30;47m [0m[0;30;47m [0m[0;30;47m [0m[0;30;47m [0m[0;30;47m [0m[0;30;47m [0m[0;30;47m [0m[0;30;47m [0m[0;30;47m [0m[0;30;47m [0m[0;30;47m [0m[0;30;47m [0m[0;30;47m [0m[0;30;47m [0m[0;30;47m [0m[0;30;47m [0m[0;30;47m [0m[0;30;47m [0m[0;30;47m [0m[0;30;47m [0m[0;30;47m [0m[0;30;47m [0m[0;30;47m [0m[0;30;47m [0m[0;30;47m [0m[0;30;47m [0m[0;30;47m [0m[0;30;47m [0m[0;30;47m [0m[0;30;47m [0m[0;30;47m [0m[0;30;47m [0m[0;30;47m [0m[0;30;47m [0m[0;30;47m [0m[0;30;47m [0m[0;30;47m [0m[0;30;47m [0m[0;30;47m [0m[0;30;47m [0m[0;30;47m [0m[0;30;47m [0m[0;30;47m [0m[0;30;47m [0m[0;30;47m [0m[0;30;47m [0m[0;30;47m [0m[0;30;47m [0m[0;30;47m [0m[0;30;47m [0m[0;30;47m [0m[0;30;47m [0m[0;30;47m [0m[0;30;47m [0m[0;30;47m [0m[0;30;47m [0m[0;30;47m [0m[0;30;47m [0m[0;30;47m [0m[0;30;47m [0m[0;30;47m [0m[0;30;47m [0m[0;30;47m [0m[0;30;47m [0m[0;30;47m [0m[0;30;47m [0m[0;30;47m [0m[0;30;47m [0m[0;30;47m [0m[0;30;47m [0m[0;30;47m [0m[0;30;47m [0m[0;30;47m [0m[0;30;47m [0m[0;30;47m [0m[0;30;47m [0m[0;30;47m [0m[0;30;47m [0m[0;30;47m [0m[0;30;47m [0m[0;30;47m [0m[0;30;47m [0m[0;30;47m [0m[0;30;47m [0m[0;30;47m [0m[0;30;47m [0m[0;30;47m [0m[0;30;47m [0m[0;30;47m [0m[0;34;46m~[0m
[0;34;46m~[0m[0;30;47m [0m[0;30;47m [0m[0;30;47m [0m[0;30;47m [0m[0;30;47m [0m[0;30;47m [0m[0;30;47m [0m[0;30;47m [0m[0;30;47m [0m[0;30;47m [0m[0;30;47m [0m[0;30;47m [0m[0;30;47m [0m[0;30;47m [0m[0;30;47m [0m[0;30;47m [0m[0;30;47m [0m[0;30;47m [0m[0;30;47m [0m[0;30;47m [0m[0;30;47m [0m[0;30;47m [0m[0;30;47m [0m[0;30;47m [0m[0;30;47m [0m[0;30;47m [0m[0;30;47m [0m[0;30;47m [0m[0;30;47m [0m[0;30;47m [0m[0;30;47m [0m[0;30;47m [0m[0;30;47m [0m[0;30;47m [0m[0;30;47m [0m[0;30;47m [0m[0;30;47m [0m[0;30;47m [0m[0;30;47m [0m[0;30;47m [0m[0;30;47m [0m[0;30;47m [0m[0;30;47m [0m[0;30;47m [0m[0;30;47m [0m[0;30;47m [0m[0;30;47m [0m[0;30;47m [0m[0;30;47m [0m[0;30;47m [0m[0;30;47m [0m[0;30;47m [0m[0;30;47m [0m[0;30;47m [0m[0;30;47m [0m[0;30;47m [0m[0;30;47m [0m[0;30;47m [0m[0;30;47m [0m[0;30;47m [0m[0;30;47m [0m[0;30;47m [0m[0;30;47m [0m[0;30;47m [0m[0;30;47m [0m[0;30;47m [0m[0;30;47m [0m[0;30;47m [0m[0;30;47m [0m[0;30;47m [0m[0;30;47m [0m[0;30;47m [0m[0;30;47m [0m[0;30;47m [0m[0;30;47m [0m[0;30;47m [0m[0;30;47m [0m[0;30;47m [0m[0;30;47m [0m[0;30;47m [0m[0;30;47m [0m[0;30;47m [0m[0;30;47m [0m[0;30;47m [0m[0;30;47m [0m[0;30;47m [0m[0;30;47m [0m[0;30;47m [0m[0;30;47m [0m[0;30;47m [0m[0;30;47m [0m[0;30;47m [0m[0;30;47m [0m[0;30;47m [0m[0;30;47m [0m[0;30;47m [0m[0;30;47m [0m[0;30;47m [0m[0;30;47m [0m[0;30;47m [0m[0;30;47m [0m[0;30;47m [0m[0;30;47m [0m[0;30;47m [0m[0;30;47m [0m[0;30;47m [0m[0;30;47m [0m[0;30;47m [0m[0;34;46m~[0m
[0;34;46m~[0m[0;30;47m [0m[0;30;47m [0m[0;30;47m [0m[0;30;47m [0m[0;30;47m [0m[0;30;47m [0m[0;30;47m [0m[0;30;47m [0m[0;30;47m [0m[0;30;47m [0m[0;30;47m [0m[0;30;47m [0m[0;30;47m [0m[0;30;47m [0m[0;30;47m [0m[0;30;47m [0m[0;30;47m [0m[0;30;47m [0m[0;30;47m [0m[0;30;47m [0m[0;30;47m [0m[0;30;47m [0m[0;30;47m [0m[0;30;47m [0m[0;30;47m [0m[0;30;47m [0m[0;30;47m [0m[0;30;47m [0m[0;30;47m [0m[0;30;47m [0m[0;30;47m [0m[0;30;47m [0m[0;30;47m [0m[0;30;47m [0m[0;30;47m [0m[0;30;47m [0m[0;30;47m [0m[0;30;47m [0m[0;30;47m [0m[0;30;47m [0m[0;30;47m [0m[0;30;47m [0m[0;30;47m [0m[0;30;47m [0m[0;30;47m [0m[0;30;47m [0m[0;30;47m [0m[0;30;47m [0m[0;30;47m [0m[0;30;47m [0m[0;30;47m [0m[0;30;47m [0m[0;30;47m [0m[0;30;47m [0m[0;30;47m [0m[0;30;47m [0m[0;30;47m [0m[0;30;47m [0m[0;30;47m [0m[0;30;47m [0m[0;30;47m [0m[0;30;47m [0m[0;30;47m [0m[0;30;47m [0m[0;30;47m [0m[0;30;47m [0m[0;30;47m [0m[0;30;47m [0m[0;30;47m [0m[0;30;47m [0m[0;30;47m [0m[0;30;47m [0m[0;30;47m [0m[0;30;47m [0m[0;30;47m [0m[0;30;47m [0m[0;30;47m [0m[0;30;47m [0m[0;30;47m [0m[0;30;47m [0m[0;30;47m [0m[0;30;47m [0m[0;30;47m [0m[0;30;47m [0m[0;30;47m [0m[0;30;47m [0m[0;30;47m [0m[0;30;47m [0m[0;30;47m [0m[0;30;47m [0m[0;30;47m [0m[0;30;47m [0m[0;30;47m [0m[0;30;47m [0m[0;30;47m [0m[0;30;47m [0m[0;30;47m [0m[0;30;47m [0m[0;30;47m [0m[0;30;47m [0m[0;30;47m [0m[0;30;47m [0m[0;30;47m [0m[0;30;47m [0m[0;30;47m [0m[0;30;47m [0m[0;30;47m [0m[0;30;47m [0m[0;34;46m~[0m
prompt:> [2J
[0;34;42m~[0m[0;34;42m~[0m[0;34;42m~[0m[0;34;42m~[0m[0;34;42m~[0m[0;34;42m~[0m[0;34;42m~[0m[0;34;42m~[0m[0;34;42m~[0m[0;34;42m~[0m[0;34;42m~[0m[0;34;42m~[0m[0;34;42m~[0m[0;34;42m~[0m[0;34;42m~[0m[0;34;42m~[0m[0;34;42m~[0m[0;34;42m~[0m[0;34;42m~[0m[0;34;42m~[0m[0;34;42m~[0m[0;34;42m~[0m[0;34;42m~[0m[0;34;42m~[0m[0;34;42m~[0m[0;34;42m~[0m[0;34;42m~[0m[0;34;42m~[0m[0;34;42m~[0m[0;34;42m~[0m[0;34;42m~[0m[0;34;42m~[0m[0;34;42m~[0m[0;34;42m~[0m[0;34;42m~[0m[0;34;42m~[0m[0;34;42m~[0m[0;34;42m~[0m[0;34;42m~[0m[0;34;42m~[0m[0;34;42m~[0m[0;34;42m~[0m[0;34;42m~[0m[0;34;42m~[0m[0;34;42m~[0m[0;34;42m~[0m[0;34;42m~[0m[0;34;42m~[0m[0;34;42m~[0m[0;34;42m~[0m[0;34;42m~[0m[0;34;42m~[0m[0;34;42m~[0m[0;34;42m~[0m[0;34;42m~[0m[0;34;42m~[0m[0;34;42m~[0m[0;34;42m~[0m[0;34;42m~[0m[0;34;42m~[0m[0;34;42m~[0m[0;34;42m~[0m[0;34;42m~[0m[0;34;42m~[0m[0;34;42m~[0m[0;34;42m~[0m[0;34;42m~[0m[0;34;42m~[0m[0;34;42m~[0m[0;34;42m~[0m[0;34;42m~[0m[0;34;42m~[0m[0;34;42m~[0m[0;34;42m~[0m[0;34;42m~[0m[0;34;42m~[0m[0;34;42m~[0m[0;34;42m~[0m[0;34;42m~[0m[0;34;42m~[0m[0;34;42m~[0m[0;34;42m~[0m[0;34;42m~[0m[0;34;42m~[0m[0;34;42m~[0m[0;34;42m~[0m[0;34;42m~[0m[0;34;42m~[0m[0;34;42m~[0m[0;34;42m~[0m[0;34;42m~[0m[0;34;42m~[0m[0;34;42m~[0m[0;34;42m~[0m[0;34;42m~[0m[0;34;42m~[0m[0;34;42m~[0m[0;34;42m~[0m[0;34;42m~[0m[0;34;42m~[0m[0;34;42m~[0m[0;34;42m~[0m[0;34;42m~[0m[0;34;42m~[0m[0;34;42m~[0m[0;34;42m~[0m[0;34;42m~[0m[0;34;42m~[0m[0;34;42m~[0m[0;34;42m~[0m
[0;34;42m~[0m[0;30;47m [0m[0;30;47m [0m[0;30;47m [0m[0;30;47m [0m[0;30;47m [0m[0;30;47m [0m[0;30;47m [0m[0;30;47m [0m[0;30;47m [0m[0;30;47m [0m[0;30;47m [0m[0;30;47m [0m[0;30;47m [0m[0;30;47m [0m[0;30;47m [0m[0;30;47m [0m[0;30;47m [0m[0;30;47m [0m[0;30;47m [0m[0;30;47m [0m[0;30;47m [0m[0;30;47m|[0m[0;30;47m [0m[0;30;47m [0m[0;30;47m [0m[0;30;47m [0m[0;30;47m#[0m[0;30;47m_[0m[0;30;47m_[0m[0;30;47m_[0m[0;30;47m#[0m[0;30;47m [0m[0;30;47m [0m[0;30;47m [0m[0;30;47m [0m[0;30;47m [0m[0;30;47m [0m[0;30;47m|[0m[0;30;47m [0m[0;30;47m [0m[0;30;47m [0m[0;30;47m [0m[0;30;47m [0m[0;30;47m [0m[0;30;47m [0m[0;30;47m [0m[0;30;47m [0m[0;30;47m [0m[0;30;47m [0m[0;30;47m [0m[0;30;47m [0m[0;30;47m [0m[0;30;47m [0m[0;30;47m [0m[0;30;47m [0m[0;30;47m [0m[0;30;47m [0m[0;30;47m [0m[0;30;47m [0m[0;30;47m [0m[0;30;47m [0m[0;30;47m [0m[0;34;42m~[0m[0;30;47m [0m[0;30;47m [0m[0;30;47m=[0m[0;30;47m=[0m[0;30;47m=[0m[0;30;47m=[0m[0;30;47m=[0m[0;30;47m=[0m[0;30;47m=[0m[0;30;47m=[0m[0;30;47m=[0m[0;30;47m=[0m[0;30;47m=[0m[0;30;47m=[0m[0;30;47m=[0m[0;30;47m=[0m[0;30;47m=[0m[0;30;47m=[0m[0;30;47m=[0m[0;30;47m=[0m[0;30;47m=[0m[0;30;47m=[0m[0;30;47m=[0m[0;30;47m=[0m[0;30;47m=[0m[0;30;47m=[0m[0;30;47m=[0m[0;30;47m=[0m[0;30;47m=[0m[0;30;47m=[0m[0;30;47m=[0m[0;30;47m=[0m[0;30;47m=[0m[0;30;47m=[0m[0;30;47m=[0m[0;30;47m=[0m[0;30;47m=[0m[0;30;47m=[0m[0;30;47m=[0m[0;30;47m=[0m[0;30;47m=[0m[0;30;47m=[0m[0;30;47m=[0m[0;30;47m [0m[0;30;47m [0m[0;34;42m~[0m
[0;34;42m~[0m[0;30;47m [0m[0;30;47m [0m[0;30;47m [0m[0;30;47m [0m[0;30;47m [0m[0;30;47m [0m[0;30;47m [0m[0;30;47m [0m[0;30;47m [0m[0;30;47m [0m[0;30;47m [0m[0;30;47m [0m[0;30;47m [0m[0;30;47m [0m[0;30;47m [0m[0;30;47m [0m[0;30;47m [0m[0;30;47m [0m[0;30;47m [0m[0;30;47m [0m[0;30;47m [0m[0;30;47m|[0m[0;30;47m [0m[0;30;47m [0m[0;30;47m [0m[0;30;47m [0m[0;30;47m#[0m[0;30;47m [0m[0;30;47m [0m[0;30;47m [0m[0;30;47m#[0m[0;30;47m [0m[0;30;47m [0m[0;30;47m [0m[0;30;47m [0m[0;30;47m [0m[0;30;47m [0m[0;30;47m|[0m[0;30;47m [0m[0;30;47m [0m[0;30;47m [0m[0;30;47m [0m[0;30;47m [0m[0;30;47m [0m[0;30;47m [0m[0;30;47m [0m[0;30;47m [0m[0;30;47m [0m[0;30;47m [0m[0;30;47m [0m[0;30;47m [0m[0;30;47m [0m[0;30;47m [0m[0;30;47m [0m[0;30;47m [0m[0;30;47m [0m[0;30;47m [0m[0;30;47m [0m[0;30;47m [0m[0;30;47m [0m[0;30;47m [0m[0;30;47m [0m[0;34;42m~[0m[0;30;47m [0m[0;30;47m [0m[0;30;47m [0m[0;30;47m [0m[0;30;47mP[0m[0;30;47mL[0m[0;30;47mA[0m[0;30;47mY[0m[0;30;47mE[0m[0;30;47mR[0m[0;30;47m [0m[0;30;47m2[0m[0;30;47m [0m[0;30;47mS[0m[0;30;47mT[0m[0;30;47mA[0m[0;30;47mT[0m[0;30;47mU[0m[0;30;47mS[0m[0;30;47m [0m[0;30;47m [0m[0;30;47m [0m[0;30;47m|[0m[0;30;47m [0m[0;30;47m [0m[0;30;47m [0m[0;30;47mH[0m[0;30;47mE[0m[0;30;47mA[0m[0;30;47mL[0m[0;30;47mT[0m[0;30;47mH[0m[0;30;47m:[0m[0;30;47m [0m[0;30;47m3[0m[0;30;47m [0m[0;30;47mp[0m[0;30;47mt[0m[0;30;47ms[0m[0;30;47m [0m[0;30;47m [0m[0;30;47m [0m[0;30;47m [0m[0;30;47m [0m[0;30;47m [0m[0;34;42m~[0m
[0;34;42m~[0m[0;30;47m [0m[0;30;47m [0m[0;30;47m [0m[0;30;47m [0m[0;30;47m [0m[0;30;47m [0m[0;30;47m [0m[0;30;47m [0m[0;30;47m [0m[0;30;47m [0m[0;30;47m [0m[0;30;47m [0m[0;30;47m [0m[0;30;47m [0m[0;30;47m [0m[0;30;47m [0m[0;30;47m [0m[0;30;47m [0m[0;30;47m [0m[0;30;47m [0m[0;30;47m [0m[0;30;47m|[0m[0;30;47ml[0m[0;30;47mi[0m[0;30;47md[0m[0;30;47m,[0m[0;30;47mc[0m[0;30;47mo[0m[0;30;47mi[0m[0;30;47mn[0m[0;30;47m [0m[0;30;47m [0m[0;30;47m [0m[0;30;47m [0m[0;30;47m [0m[0;30;47m [0m[0;30;47m [0m[0;30;47m|[0m[0;30;47m [0m[0;30;47m [0m[0;30;47m [0m[0;30;47m [0m[0;30;47m [0m[0;30;47m [0m[0;30;47m [0m[0;30;47m [0m[0;30;47m [0m[0;30;47m [0m[0;30;47m [0m[0;30;47m [0m[0;30;47m [0m[0;30;47m [0m[0;30;47m [0m[0;30;47m [0m[0;30;47m [0m[0;30;47m [0m[0;30;47m [0m[0;30;47m [0m[0;30;47m [0m[0;30;47m [0m[0;30;47m [0m[0;30;47m [0m[0;34;42m~[0m[0;30;47m [0m[0;30;47m [0m[0;30;47m=[0m[0;30;47m=[0m[0;30;47m=[0m[0;30;47m=[0m[0;30;47m=[0m[0;30;47m=[0m[0;30;47m=[0m[0;30;47m=[0m[0;30;47m=[0m[0;30;47m=[0m[0;30;47m=[0m[0;30;47m=[0m[0;30;47m=[0m[0;30;47m=[0m[0;30;47m=[0m[0;30;47m=[0m[0;30;47m=[0m[0;30;47m=[0m[0;30;47m=[0m[0;30;47m=[0m[0;30;47m=[0m[0;30;47m=[0m[0;30;47m=[0m[0;30;47m=[0m[0;30;47m=[0m[0;30;47m=[0m[0;30;47m=[0m[0;30;47m=[0m[0;30;47m=[0m[0;30;47m=[0m[0;30;47m=[0m[0;30;47m=[0m[0;30;47m=[0m[0;30;47m=[0m[0;30;47m=[0m[0;30;47m=[0m[0;30;47m=[0m[0;30;47m=[0m[0;30;47m=[0m[0;30;47m=[0m[0;30;47m=[0m[0;30;47m [0m[0;30;47m [0m[0;34;42m~[0m
[0;34;42m~[0m[0;30;47m [0m[0;30;47m [0m[0;30;47m [0m[0;30;47m [0m[0;30;47m [0m[0;30;47m [0m[0;30;47m [0m[0;30;47m [0m[0;30;47m [0m[0;30;47m [0m[0;30;47m [0m[0;30;47m [0m[0;30;47m [0m[0;30;47m [0m[0;30;47m [0m[0;30;47m [0m[0;30;47m [0m[0;30;47m [0m[0;30;47m [0m[0;30;47m [0m[0;30;47m [0m[0;30;47m+[0m[0;30;47m-[0m[0;30;47m-[0m[0;30;47m-[0m[0;30;47m-[0m[0;30;47m-[0m[0;30;47m-[0m[0;30;47m-[0m[0;30;47m-[0m[0;30;47m-[0m[0;30;47m-[0m[0;30;47m-[0m[0;30;47m-[0m[0;30;47m-[0m[0;30;47m-[0m[0;30;47m-[0m[0;30;47m+[0m[0;30;47m [0m[0;30;47m [0m[0;30;47m [0m[0;30;47m [0m[0;30;47m [0m[0;30;47m [0m[0;30;47m [0m[0;30;47m [0m[0;30;47m [0m[0;30;47m [0m[0;30;47m [0m[0;30;47m [0m[0;30;47m [0m[0;30;47m [0m[0;30;47m [0m[0;30;47m [0m[0;30;47m [0m[0;30;47m [0m[0;30;47m [0m[0;30;47m [0m[0;30;47m [0m[0;30;47m [0m[0;30;47m [0m[0;30;47m [0m[0;34;42m~[0m[0;30;47m [0m[0;30;47m [0m[0;30;47m>[0m[0;30;47m [0m[0;30;47mC[0m[0;30;47mu[0m[0;30;47mr[0m[0;30;47mr[0m[0;30;47me[0m[0;30;47mn[0m[0;30;47mt[0m[0;30;47m [0m[0;30;47mL[0m[0;30;47mo[0m[0;30;47mc[0m[0;30;47ma[0m[0;30;47mt[0m[0;30;47mi[0m[0;30;47mo[0m[0;30;47mn[0m[0;30;47m [0m[0;30;47m:[0m[0;30;47m [0m[0;30;47m1[0m[0;30;47m3[0m[0;30;47m [0m[0;30;47m([0m[0;30;47mh[0m[0;30;47ma[0m[0;30;47ml[0m[0;30;47ml[0m[0;30;47m)[0m[0;30;47m [0m[0;30;47m [0m[0;30;47m [0m[0;30;47m [0m[0;30;47m [0m[0;30;47m [0m[0;30;47m [0m[0;30;47m [0m[0;30;47m [0m[0;30;47m [0m[0;30;47m [0m[0;30;47m [0m[0;30;47m [0m[0;34;42m~[0m
[0;34;42m~[0m[0;30;47m [0m[0;30;47m [0m[0;30;47m [0m[0;30;47m [0m[0;30;47m [0m[0;30;47m [0m[0;30;47m [0m[0;30;47m [0m[0;30;47m [0m[0;30;47m [0m[0;30;47m [0m[0;30;47m [0m[0;30;47m [0m[0;30;47m [0m[0;30;47m [0m[0;30;47m [0m[0;30;47m [0m[0;30;47m [0m[0;30;47m [0m[0;30;47m [0m[0;30;47m [0m[0;30;47m [0m[0;30;47m [0m[0;30;47m [0m[0;30;47m [0m[0;30;47m [0m[0;30;47m [0m[0;30;47m [0m[0;30;47m [0m[0;30;47m^[0m[0;30;47m [0m[0;30;47m [0m[0;30;47m [0m[0;30;47m [0m[0;30;47m [0m[0;30;47m [0m[0;30;47m [0m[0;30;47m [0m[0;30;47m [0m[0;30;47m [0m[0;30;47m [0m[0;30;47m [0m[0;30;47m [0m[0;30;47m [0m[0;30;47m [0m[0;30;47m [0m[0;30;47m [0m[0;30;47m [0m[0;30;47m [0m[0;30;47m [0m[0;30;47m [0m[0;30;47m [0m[0;30;47m [0m[0;30;47m [0m[0;30;47m [0m[0;30;47m [0m[0;30;47m [0m[0;30;47m [0m[0;30;47m [0m[0;30;47m [0m[0;30;47m [0m[0;30;47m [0m[0;34;42m~[0m[0;30;47m [0m[0;30;47m [0m[0;30;47m>[0m[0;30;47m [0m[0;30;47mB[0m[0;30;47ma[0m[0;30;47mc[0m[0;30;47mk[0m[0;30;47mp[0m[0;30;47ma[0m[0;30;47mc[0m[0;30;47mk[0m[0;30;47m [0m[0;30;47m [0m[0;30;47m [0m[0;30;47m [0m[0;30;47m [0m[0;30;47m [0m[0;30;47m [0m[0;30;47m:[0m[0;30;47m [0m[0;30;47mm[0m[0;30;47ma[0m[0;30;47mp[0m[0;30;47m [0m[0;30;47m [0m[0;30;47m [0m[0;30;47m [0m[0;30;47m [0m[0;30;47m [0m[0;30;47m [0m[0;30;47m [0m[0;30;47m [0m[0;30;47m [0m[0;30;47m [0m[0;30;47m [0m[0;30;47m [0m[0;30;47m [0m[0;30;47m [0m[0;30;47m [0m[0;30;47m [0m[0;30;47m [0m[0;30;47m [0m[0;30;47m [0m[0;30;47m [0m[0;34;42m~[0m
[0;34;42m~[0m[0;30;47m [0m[0;30;47m [0m[0;30;47m [0m[0;30;47m [0m[0;30;47m [0m[0;30;47m [0m[0;30;47m [0m[0;30;47m [0m[0;30;47m [0m[0;30;47m [0m[0;30;47m [0m[0;30;47m [0m[0;30;47m [0m[0;30;47m [0m[0;30;47m [0m[0;30;47m [0m[0;30;47m [0m[0;30;47m [0m[0;30;47m [0m[0;30;47m [0m[0;30;47m [0m[0;30;47m+[0m[0;30;47m-[0m[0;30;47m-[0m[0;30;47m-[0m[0;30;47m-[0m[0;30;47m-[0m[0;30;47m-[0m[0;30;47m-[0m[0;30;47m-[0m[0;30;47m-[0m[0;30;47m-[0m[0;30;47m-[0m[0;30;47m-[0m[0;30;47m-[0m[0;30;47m-[0m[0;30;47m-[0m[0;30;47m+[0m[0;30;47m [0m[0;30;47m [0m[0;30;47m [0m[0;30;47m [0m[0;30;47m [0m[0;30;47m [0m[0;30;47m [0m[0;30;47m [0m[0;30;47m [0m[0;30;47m [0m[0;30;47m [0m[0;30;47m [0m[0;30;47m [0m[0;30;47m [0m[0;30;47m [0m[0;30;47m [0m[0;30;47m [0m[0;30;47m [0m[0;30;47m [0m[0;30;47m [0m[0;30;47m [0m[0;30;47m [0m[0;30;47m [0m[0;30;47m [0m[0;34;42m~[0m[0;30;47m [0m[0;30;47m [0m[0;30;47m-[0m[0;30;47m-[0m[0;30;47m-[0m[0;30;47m-[0m[0;30;47m-[0m[0;30;47m-[0m[0;30;47m-[0m[0;30;47m-[0m[0;30;47m-[0m[0;30;47m-[0m[0;30;47m-[0m[0;30;47m-[0m[0;30;47m-[0m[0;30;47m-[0m[0;30;47m-[0m[0;30;47m-[0m[0;30;47m-[0m[0;30;47m-[0m[0;30;47m-[0m[0;30;47m-[0m[0;30;47m-[0m[0;30;47m-[0m[0;30;47m-[0m[0;30;47m-[0m[0;30;47m-[0m[0;30;47m-[0m[0;30;47m-[0m[0;30;47m-[0m[0;30;47m-[0m[0;30;47m-[0m[0;30;47m-[0m[0;30;47m-[0m[0;30;47m-[0m[0;30;47m-[0m[0;30;47m-[0m[0;30;47m-[0m[0;30;47m-[0m[0;30;47m-[0m[0;30;47m-[0m[0;30;47m-[0m[0;30;47m-[0m[0;30;47m [0m[0;30;47m [0m[0;34;42m~[0m
[0;34;42m~[0m[0;30;47m [0m[0;30;47m [0m[0;30;47m [0m[0;30;47m [0m[0;30;47m [0m[0;30;47m [0m[0;30;47m [0m[0;30;47m [0m[0;30;47m [0m[0;30;47m [0m[0;30;47m [0m[0;30;47m [0m[0;30;47m [0m[0;30;47m [0m[0;30;47m [0m[0;30;47m [0m[0;30;47m [0m[0;30;47m [0m[0;30;47m [0m[0;30;47m [0m[0;30;47m [0m[0;30;47m|[0m[0;30;47m [0m[0;30;47m^[0m[0;30;47mK[0m[0;30;47m>[0m[0;30;47m [0m[0;30;47m [0m[0;30;47m [0m[0;30;47m [0m[0;30;47m [0m[0;30;47m [0m[0;30;47m [0m[0;30;47m [0m[0;30;47m [0m[0;30;47m1[0m[0;30;47m3[0m[0;30;47m|[0m[0;30;47m [0m[0;30;47m [0m[0;30;47m [0m[0;30;47m [0m[0;30;47m [0m[0;30;47m [0m[0;30;47m [0m[0;30;47m [0m[0;30;47m [0m[0;30;47m [0m[0;30;47m [0m[0;30;47m [0m[0;30;47m [0m[0;30;47m [0m[0;30;47m [0m[0;30;47m [0m[0;30;47m [0m[0;30;47m [0m[0;30;47m [0m[0;30;47m [0m[0;30;47m [0m[0;30;47m [0m[0;30;47m [0m[0;30;47m [0m[0;34;42m~[0m[0;30;47m [0m[0;30;47m [0m[0;30;47mV[0m[0;30;47mI[0m[0;30;47mS[0m[0;30;47mI[0m[0;30;47mB[0m[0;30;47mL[0m[0;30;47mE[0m[0;30;47m [0m[0;30;47mE[0m[0;30;47mN[0m[0;30;47mT[0m[0;30;47mI[0m[0;30;47mT[0m[0;30;47mI[0m[0;30;47mE[0m[0;30;47mS[0m[0;30;47m [0m[0;30;47m([0m[0;30;47mD[0m[0;30;47mi[0m[0;30;47ms[0m[0;30;47mc[0m[0;30;47mo[0m[0;30;47mv[0m[0;30;47me[0m[0;30;47mr[0m[0;30;47me[0m[0;30;47md[0m[0;30;47m [0m[0;30;47mS[0m[0;30;47mp[0m[0;30;47ma[0m[0;30;47mc[0m[0;30;47me[0m[0;30;47ms[0m[0;30;47m)[0m[0;30;47m:[0m[0;30;47m [0m[0;30;47m [0m[0;30;47m [0m[0;30;47m [0m[0;30;47m [0m[0;30;47m [0m[0;34;42m~[0m
[0;34;42m~[0m[0;30;47m [0m[0;30;47m [0m[0;30;47m [0m[0;30;47m [0m[0;30;47m [0m[0;30;47m [0m[0;30;47m [0m[0;30;47m [0m[0;30;47m [0m[0;30;47m [0m[0;30;47m [0m[0;30;47m [0m[0;30;47m [0m[0;30;47m [0m[0;30;47m [0m[0;30;47m [0m[0;30;47m [0m[0;30;47m [0m[0;30;47m [0m[0;30;47m [0m[0;30;47m [0m[0;30;47m|[0m[0;30;47m [0m[0;30;47m [0m[0;30;47m [0m[0;30;47m [0m[0;30;47m.[0m[0;30;47m.[0m[0;30;47m.[0m[0;30;47m.[0m[0;30;47m.[0m[0;30;47m.[0m[0;30;47m.[0m[0;30;47m [0m[0;30;47m [0m[0;30;47m [0m[0;30;47m [0m[0;30;47m|[0m[0;30;47m [0m[0;30;47m [0m[0;30;47m [0m[0;30;47m [0m[0;30;47m [0m[0;30;47m [0m[0;30;47m [0m[0;30;47m [0m[0;30;47m [0m[0;30;47m [0m[0;30;47m [0m[0;30;47m [0m[0;30;47m [0m[0;30;47m [0m[0;30;47m [0m[0;30;47m [0m[0;30;47m [0m[0;30;47m [0m[0;30;47m [0m[0;30;47m [0m[0;30;47m [0m[0;30;47m [0m[0;30;47m [0m[0;30;47m [0m[0;34;42m~[0m[0;30;47m [0m[0;30;47m [0m[0;30;47m [0m[0;30;47m[[0m[0;30;47mO[0m[0;30;47mb[0m[0;30;47mj[0m[0;30;47m][0m[0;30;47m [0m[0;30;47ml[0m[0;30;47mi[0m[0;30;47md[0m[0;30;47m [0m[0;30;47m [0m[0;30;47m [0m[0;30;47m [0m[0;30;47m [0m[0;30;47m [0m[0;30;47m [0m[0;30;47m [0m[0;30;47ma[0m[0;30;47mt[0m[0;30;47m [0m[0;30;47mS[0m[0;30;47mp[0m[0;30;47ma[0m[0;30;47mc[0m[0;30;47me[0m[0;30;47m [0m[0;30;47m1[0m[0;30;47m2[0m[0;30;47m [0m[0;30;47m([0m[0;30;47mp[0m[0;30;47ma[0m[0;30;47mt[0m[0;30;47mh[0m[0;30;47m)[0m[0;30;47m [0m[0;30;47m [0m[0;30;47m [0m[0;30;47m [0m[0;30;47m [0m[0;30;47m [0m[0;30;47m [0m[0;34;42m~[0m
[0;34;42m~[0m[0;30;47m [0m[0;30;47m [0m[0;30;47m [0m[0;30;47m [0m[0;30;47m [0m[0;30;47m [0m[0;30;47m [0m[0;30;47m [0m[0;30;47m [0m[0;30;47m [0m[0;30;47m [0m[0;30;47m [0m[0;30;47m [0m[0;30;47m [0m[0;30;47m [0m[0;30;47m [0m[0;30;47m [0m[0;30;47m [0m[0;30;47m [0m[0;30;47m [0m[0;30;47m [0m[0;30;47m|[0m[0;30;47m [0m[0;30;47m [0m[0;30;47m [0m[0;30;47m [0m[0;30;47m:[0m[0;30;47m [0m[0;30;47m_[0m[0;30;47m_[0m[0;30;47m_[0m[0;30;47m [0m[0;30;47m:[0m[0;30;47m [0m[0;30;47m [0m[0;30;47m [0m[0;30;47m [0m[0;30;47m|[0m[0;30;47m [0m[0;30;47m [0m[0;30;47m [0m[0;30;47m [0m[0;30;47m [0m[0;30;47m [0m[0;30;47m [0m[0;30;47m [0m[0;30;47m [0m[0;30;47m [0m[0;30;47m [0m[0;30;47m [0m[0;30;47m [0m[0;30;47m [0m[0;30;47m [0m[0;30;47m [0m[0;30;47m [0m[0;30;47m [0m[0;30;47m [0m[0;30;47m [0m[0;30;47m [0m[0;30;47m [0m[0;30;47m [0m[0;30;47m [0m[0;34;42m~[0m[0;30;47m [0m[0;30;47m [0m[0;30;47m [0m[0;30;47m[[0m[0;30;47mO[0m[0;30;47mb[0m[0;30;47mj[0m[0;30;47m][0m[0;30;47m [0m[0;30;47mm[0m[0;30;47ma[0m[0;30;47mi[0m[0;30;47ml[0m[0;30;47m [0m[0;30;47m [0m[0;30;47m [0m[0;30;47m [0m[0;30;47m [0m[0;30;47m [0m[0;30;47m [0m[0;30;47ma[0m[0;30;47mt[0m[0;30;47m [0m[0;30;47mS[0m[0;30;47mp[0m[0;30;47ma[0m[0;30;47mc[0m[0;30;47me[0m[0;30;47m [0m[0;30;47m1[0m[0;30;47m3[0m[0;30;47m [0m[0;30;47m([0m[0;30;47mh[0m[0;30;47ma[0m[0;30;47ml[0m[0;30;47ml[0m[0;30;47m)[0m[0;30;47m [0m[0;30;47m [0m[0;30;47m [0m[0;30;47m [0m[0;30;47m [0m[0;30;47m [0m[0;30;47m [0m[0;34;42m~[0m
[0;34;42m~[0m[0;30;47m [0m[0;30;47m [0m[0;30;47m [0m[0;30;47m [0m[0;30;47m [0m[0;30;47m [0m[0;30;47m [0m[0;30;47m [0m[0;30;47m [0m[0;30;47m [0m[0;30;47m [0m[0;30;47m [0m[0;30;47m [0m[0;30;47m [0m[0;30;47m [0m[0;30;47m [0m[0;30;47m [0m[0;30;47m [0m[0;30;47m [0m[0;30;47m [0m[0;30;47m [0m[0;30;47m|[0m[0;30;47m [0m[0;30;47m [0m[0;30;47m [0m[0;30;47m [0m[0;30;47m:[0m[0;30;47m [0m[0;30;47m[[0m[0;30;47m [0m[0;30;47m][0m[0;30;47m [0m[0;30;47m:[0m[0;30;47m [0m[0;30;47m [0m[0;30;47m [0m[0;30;47m [0m[0;30;47m|[0m[0;30;47m-[0m[0;30;47m>[0m[0;30;47m [0m[0;30;47m [0m[0;30;47m [0m[0;30;47m [0m[0;30;47m [0m[0;30;47m [0m[0;30;47m [0m[0;30;47m [0m[0;30;47m [0m[0;30;47m [0m[0;30;47m [0m[0;30;47m [0m[0;30;47m [0m[0;30;47m [0m[0;30;47m [0m[0;30;47m [0m[0;30;47m [0m[0;30;47m [0m[0;30;47m [0m[0;30;47m [0m[0;30;47m [0m[0;30;47m [0m[0;34;42m~[0m[0;30;47m [0m[0;30;47m [0m[0;30;47m [0m[0;30;47m[[0m[0;30;47mO[0m[0;30;47mb[0m[0;30;47mj[0m[0;30;47m][0m[0;30;47m [0m[0;30;47mb[0m[0;30;47mo[0m[0;30;47mw[0m[0;30;47m [0m[0;30;47m [0m[0;30;47m [0m[0;30;47m [0m[0;30;47m [0m[0;30;47m [0m[0;30;47m [0m[0;30;47m [0m[0;30;47ma[0m[0;30;47mt[0m[0;30;47m [0m[0;30;47mS[0m[0;30;47mp[0m[0;30;47ma[0m[0;30;47mc[0m[0;30;47me[0m[0;30;47m [0m[0;30;47m1[0m[0;30;47m4[0m[0;30;47m [0m[0;30;47m([0m[0;30;47mf[0m[0;30;47mi[0m[0;30;47mr[0m[0;30;47me[0m[0;30;47m)[0m[0;30;47m [0m[0;30;47m [0m[0;30;47m [0m[0;30;47m [0m[0;30;47m [0m[0;30;47m [0m[0;30;47m [0m[0;34;42m~[0m
[0;34;42m~[0m[0;30;47m [0m[0;30;47m [0m[0;30;47m [0m[0;30;47m [0m[0;30;47m [0m[0;30;47m [0m[0;30;47m [0m[0;30;47m [0m[0;30;47m [0m[0;30;47m [0m[0;30;47m [0m[0;30;47m [0m[0;30;47m [0m[0;30;47m [0m[0;30;47m [0m[0;30;47m [0m[0;30;47m [0m[0;30;47m [0m[0;30;47m [0m[0;30;47m [0m[0;30;47m [0m[0;30;47m|[0m[0;30;47m [0m[0;30;47m [0m[0;30;47m [0m[0;30;47m [0m[0;30;47m:[0m[0;30;47m [0m[0;30;47m [0m[0;30;47m [0m[0;30;47m [0m[0;30;47m [0m[0;30;47m:[0m[0;30;47m [0m[0;30;47m [0m[0;30;47m [0m[0;30;47m [0m[0;30;47m|[0m[0;30;47m [0m[0;30;47m [0m[0;30;47m [0m[0;30;47m [0m[0;30;47m [0m[0;30;47m [0m[0;30;47m [0m[0;30;47m [0m[0;30;47m [0m[0;30;47m [0m[0;30;47m [0m[0;30;47m [0m[0;30;47m [0m[0;30;47m [0m[0;30;47m [0m[0;30;47m [0m[0;30;47m [0m[0;30;47m [0m[0;30;47m [0m[0;30;47m [0m[0;30;47m [0m[0;30;47m [0m[0;30;47m [0m[0;30;47m [0m[0;34;42m~[0m[0;30;47m [0m[0;30;47m [0m[0;30;47m [0m[0;30;47m[[0m[0;30;47mO[0m[0;30;47mb[0m[0;30;47mj[0m[0;30;47m][0m[0;30;47m [0m[0;30;47mv[0m[0;30;47mi[0m[0;30;47ma[0m[0;30;47ml[0m[0;30;47m [0m[0;30;47m [0m[0;30;47m [0m[0;30;47m [0m[0;30;47m [0m[0;30;47m [0m[0;30;47m [0m[0;30;47ma[0m[0;30;47mt[0m[0;30;47m [0m[0;30;47mS[0m[0;30;47mp[0m[0;30;47ma[0m[0;30;47mc[0m[0;30;47me[0m[0;30;47m [0m[0;30;47m1[0m[0;30;47m4[0m[0;30;47m [0m[0;30;47m([0m[0;30;47mf[0m[0;30;47mi[0m[0;30;47mr[0m[0;30;47me[0m[0;30;47m)[0m[0;30;47m [0m[0;30;47m [0m[0;30;47m [0m[0;30;47m [0m[0;30;47m [0m[0;30;47m [0m[0;30;47m [0m[0;34;42m~[0m
[0;34;42m~[0m[0;30;47m [0m[0;30;47m [0m[0;30;47m [0m[0;30;47m [0m[0;30;47m [0m[0;30;47m [0m[0;30;47m [0m[0;30;47m [0m[0;30;47m [0m[0;30;47m [0m[0;30;47m [0m[0;30;47m [0m[0;30;47m [0m[0;30;47m [0m[0;30;47m [0m[0;30;47m [0m[0;30;47m [0m[0;30;47m [0m[0;30;47m [0m[0;30;47m [0m[0;30;47m [0m[0;30;47m|[0m[0;30;47m [0m[0;30;47m [0m[0;30;47m [0m[0;30;47m [0m[0;30;47m.[0m[0;30;47m.[0m[0;30;47m.[0m[0;30;47m.[0m[0;30;47m.[0m[0;30;47m.[0m[0;30;47m.[0m[0;30;47m [0m[0;30;47m [0m[0;30;47m [0m[0;30;47m [0m[0;30;47m|[0m[0;30;47m [0m[0;30;47m [0m[0;30;47m [0m[0;30;47m [0m[0;30;47m [0m[0;30;47m [0m[0;30;47m [0m[0;30;47m [0m[0;30;47m [0m[0;30;47m [0m[0;30;47m [0m[0;30;47m [0m[0;30;47m [0m[0;30;47m [0m[0;30;47m [0m[0;30;47m [0m[0;30;47m [0m[0;30;47m [0m[0;30;47m [0m[0;30;47m [0m[0;30;47m [0m[0;30;47m [0m[0;30;47m [0m[0;30;47m [0m[0;34;42m~[0m[0;30;47m [0m[0;30;47m [0m[0;30;47m [0m[0;30;47m[[0m[0;30;47mO[0m[0;30;47mb[0m[0;30;47mj[0m[0;30;47m][0m[0;30;47m [0m[0;30;47mp[0m[0;30;47mo[0m[0;30;47mr[0m[0;30;47mt[0m[0;30;47ma[0m[0;30;47ml[0m[0;30;47m [0m[0;30;47m [0m[0;30;47m [0m[0;30;47m [0m[0;30;47m [0m[0;30;47ma[0m[0;30;47mt[0m[0;30;47m [0m[0;30;47mS[0m[0;30;47mp[0m[0;30;47ma[0m[0;30;47mc[0m[0;30;47me[0m[0;30;47m [0m[0;30;47m1[0m[0;30;47m1[0m[0;30;47m [0m[0;30;47m([0m[0;30;47mp[0m[0;30;47mi[0m[0;30;47mt[0m[0;30;47m)[0m[0;30;47m [0m[0;30;47m [0m[0;30;47m [0m[0;30;47m [0m[0;30;47m [0m[0;30;47m [0m[0;30;47m [0m[0;30;47m [0m[0;34;42m~[0m
[0;34;42m~[0m[0;30;47m [0m[0;30;47m [0m[0;30;47m [0m[0;30;47m [0m[0;30;47m [0m[0;30;47m [0m[0;30;47m [0m[0;30;47m [0m[0;30;47m [0m[0;30;47m [0m[0;30;47m [0m[0;30;47m [0m[0;30;47m [0m[0;30;47m [0m[0;30;47m [0m[0;30;47m [0m[0;30;47m [0m[0;30;47m [0m[0;30;47m [0m[0;30;47m [0m[0;30;47m [0m[0;30;47m|[0m[0;30;47mm[0m[0;30;47ma[0m[0;30;47mi[0m[0;30;47ml[0m[0;30;47m,[0m[0;30;47mc[0m[0;30;47mu[0m[0;30;47mp[0m[0;30;47m [0m[0;30;47m [0m[0;30;47m [0m[0;30;47m [0m[0;30;47m [0m[0;30;47m [0m[0;30;47m [0m[0;30;47m|[0m[0;30;47m [0m[0;30;47m [0m[0;30;47m [0m[0;30;47m [0m[0;30;47m [0m[0;30;47m [0m[0;30;47m [0m[0;30;47m [0m[0;30;47m [0m[0;30;47m [0m[0;30;47m [0m[0;30;47m [0m[0;30;47m [0m[0;30;47m [0m[0;30;47m [0m[0;30;47m [0m[0;30;47m [0m[0;30;47m [0m[0;30;47m [0m[0;30;47m [0m[0;30;47m [0m[0;30;47m [0m[0;30;47m [0m[0;30;47m [0m[0;34;42m~[0m[0;30;47m [0m[0;30;47m [0m[0;30;47m [0m[0;30;47m[[0m[0;30;47mO[0m[0;30;47mb[0m[0;30;47mj[0m[0;30;47m][0m[0;30;47m [0m[0;30;47mw[0m[0;30;47ma[0m[0;30;47mx[0m[0;30;47m [0m[0;30;47m [0m[0;30;47m [0m[0;30;47m [0m[0;30;47m [0m[0;30;47m [0m[0;30;47m [0m[0;30;47m [0m[0;30;47ma[0m[0;30;47mt[0m[0;30;47m [0m[0;30;47mS[0m[0;30;47mp[0m[0;30;47ma[0m[0;30;47mc[0m[0;30;47me[0m[0;30;47m [0m[0;30;47m1[0m[0;30;47m4[0m[0;30;47m [0m[0;30;47m([0m[0;30;47mf[0m[0;30;47mi[0m[0;30;47mr[0m[0;30;47me[0m[0;30;47m)[0m[0;30;47m [0m[0;30;47m [0m[0;30;47m [0m[0;30;47m [0m[0;30;47m [0m[0;30;47m [0m[0;30;47m [0m[0;34;42m~[0m
[0;34;42m~[0m[0;30;47m [0m[0;30;47m [0m[0;30;47m [0m[0;30;47m [0m[0;30;47m [0m[0;30;47m [0m[0;30;47m [0m[0;30;47m [0m[0;30;47m [0m[0;30;47m [0m[0;30;47m [0m[0;30;47m [0m[0;30;47m [0m[0;30;47m [0m[0;30;47m [0m[0;30;47m [0m[0;30;47m [0m[0;30;47m [0m[0;30;47m [0m[0;30;47m [0m[0;30;47m [0m[0;30;47m+[0m[0;30;47m-[0m[0;30;47m-[0m[0;30;47m-[0m[0;30;47m-[0m[0;30;47m-[0m[0;30;47m-[0m[0;30;47m-[0m[0;30;47m-[0m[0;30;47m-[0m[0;30;47m-[0m[0;30;47m-[0m[0;30;47m-[0m[0;30;47m-[0m[0;30;47m-[0m[0;30;47m-[0m[0;30;47m+[0m[0;30;47m [0m[0;30;47m [0m[0;30;47m [0m[0;30;47m [0m[0;30;47m [0m[0;30;47m [0m[0;30;47m [0m[0;30;47m [0m[0;30;47m [0m[0;30;47m [0m[0;30;47m [0m[0;30;47m [0m[0;30;47m [0m[0;30;47m [0m[0;30;47m [0m[0;30;47m [0m[0;30;47m [0m[0;30;47m [0m[0;30;47m [0m[0;30;47m [0m[0;30;47m [0m[0;30;47m [0m[0;30;47m [0m[0;30;47m [0m[0;34;42m~[0m[0;30;47m [0m[0;30;47m [0m[0;30;47m [0m[0;30;47m[[0m[0;30;47mO[0m[0;30;47mb[0m[0;30;47mj[0m[0;30;47m][0m[0;30;47m [0m[0;30;47mf[0m[0;30;47mi[0m[0;30;47mg[0m[0;30;47m [0m[0;30;47m [0m[0;30;47m [0m[0;30;47m [0m[0;30;47m [0m[0;30;47m [0m[0;30;47m [0m[0;30;47m [0m[0;30;47ma[0m[0;30;47mt[0m[0;30;47m [0m[0;30;47mS[0m[0;30;47mp[0m[0;30;47ma[0m[0;30;47mc[0m[0;30;47me[0m[0;30;47m [0m[0;30;47m1[0m[0;30;47m4[0m[0;30;47m [0m[0;30;47m([0m[0;30;47mf[0m[0;30;47mi[0m[0;30;47mr[0m[0;30;47me[0m[0;30;47m)[0m[0;30;47m [0m[0;30;47m [0m[0;30;47m [0m[0;30;47m [0m[0;30;47m [0m[0;30;47m [0m[0;30;47m [0m[0;34;42m~[0m
[0;34;42m~[0m[0;30;47m [0m[0;30;47m [0m[0;30;47m [0m[0;30;47m [0m[0;30;47m [0m[0;30;47m [0m[0;30;47m [0m[0;30;47m [0m[0;30;47m [0m[0;30;47m [0m[0;30;47m [0m[0;30;47m [0m[0;30;47m [0m[0;30;47m [0m[0;30;47m [0m[0;30;47m [0m[0;30;47m [0m[0;30;47m [0m[0;30;47m [0m[0;30;47m [0m[0;30;47m [0m[0;30;47m [0m[0;30;47m [0m[0;30;47m [0m[0;30;47m [0m[0;30;47m [0m[0;30;47m [0m[0;30;47m [0m[0;30;47m [0m[0;30;47mv[0m[0;30;47m [0m[0;30;47m [0m[0;30;47m [0m[0;30;47m [0m[0;30;47m [0m[0;30;47m [0m[0;30;47m [0m[0;30;47m [0m[0;30;47m [0m[0;30;47m [0m[0;30;47m [0m[0;30;47m [0m[0;30;47m [0m[0;30;47m [0m[0;30;47m [0m[0;30;47m [0m[0;30;47m [0m[0;30;47m [0m[0;30;47m [0m[0;30;47m [0m[0;30;47m [0m[0;30;47m [0m[0;30;47m [0m[0;30;47m [0m[0;30;47m [0m[0;30;47m [0m[0;30;47m [0m[0;30;47m [0m[0;30;47m [0m[0;30;47m [0m[0;30;47m [0m[0;30;47m [0m[0;34;42m~[0m[0;30;47m [0m[0;30;47m [0m[0;30;47m [0m[0;30;47m[[0m[0;30;47mO[0m[0;30;47mb[0m[0;30;47mj[0m[0;30;47m][0m[0;30;47m [0m[0;30;47mc[0m[0;30;47mo[0m[0;30;47mi[0m[0;30;47mn[0m[0;30;47m [0m[0;30;47m [0m[0;30;47m [0m[0;30;47m [0m[0;30;47m [0m[0;30;47m [0m[0;30;47m [0m[0;30;47ma[0m[0;30;47mt[0m[0;30;47m [0m[0;30;47mS[0m[0;30;47mp[0m[0;30;47ma[0m[0;30;47mc[0m[0;30;47me[0m[0;30;47m [0m[0;30;47m1[0m[0;30;47m2[0m[0;30;47m [0m[0;30;47m([0m[0;30;47mp[0m[0;30;47ma[0m[0;30;47mt[0m[0;30;47mh[0m[0;30;47m)[0m[0;30;47m [0m[0;30;47m [0m[0;30;47m [0m[0;30;47m [0m[0;30;47m [0m[0;30;47m [0m[0;30;47m [0m[0;34;42m~[0m
[0;34;42m~[0m[0;30;47m [0m[0;30;47m [0m[0;30;47m [0m[0;30;47m [0m[0;30;47m [0m[0;30;47m [0m[0;30;47m [0m[0;30;47m [0m[0;30;47m [0m[0;30;47m [0m[0;30;47m [0m[0;30;47m [0m[0;30;47m [0m[0;30;47m [0m[0;30;47m [0m[0;30;47m [0m[0;30;47m [0m[0;30;47m [0m[0;30;47m [0m[0;30;47m [0m[0;30;47m [0m[0;30;47m+[0m[0;30;47m-[0m[0;30;47m-[0m[0;30;47m-[0m[0;30;47m-[0m[0;30;47m-[0m[0;30;47m-[0m[0;30;47m-[0m[0;30;47m-[0m[0;30;47m-[0m[0;30;47m-[0m[0;30;47m-[0m[0;30;47m-[0m[0;30;47m-[0m[0;30;47m-[0m[0;30;47m-[0m[0;30;47m+[0m[0;30;47m [0m[0;30;47m [0m[0;30;47m [0m[0;30;47m [0m[0;30;47m [0m[0;30;47m [0m[0;30;47m [0m[0;30;47m [0m[0;30;47m [0m[0;30;47m [0m[0;30;47m [0m[0;30;47m [0m[0;30;47m [0m[0;30;47m [0m[0;30;47m [0m[0;30;47m [0m[0;30;47m [0m[0;30;47m [0m[0;30;47m [0m[0;30;47m [0m[0;30;47m [0m[0;30;47m [0m[0;30;47m [0m[0;30;47m [0m[0;34;42m~[0m[0;30;47m [0m[0;30;47m [0m[0;30;47m [0m[0;30;47m[[0m[0;30;47mO[0m[0;30;47mb[0m[0;30;47mj[0m[0;30;47m][0m[0;30;47m [0m[0;30;47ml[0m[0;30;47mo[0m[0;30;47ma[0m[0;30;47mf[0m[0;30;47m [0m[0;30;47m [0m[0;30;47m [0m[0;30;47m [0m[0;30;47m [0m[0;30;47m [0m[0;30;47m [0m[0;30;47ma[0m[0;30;47mt[0m[0;30;47m [0m[0;30;47mS[0m[0;30;47mp[0m[0;30;47ma[0m[0;30;47mc[0m[0;30;47me[0m[0;30;47m [0m[0;30;47m1[0m[0;30;47m4[0m[0;30;47m [0m[0;30;47m([0m[0;30;47mf[0m[0;30;47mi[0m[0;30;47mr[0m[0;30;47me[0m[0;30;47m)[0m[0;30;47m [0m[0;30;47m [0m[0;30;47m [0m[0;30;47m [0m[0;30;47m [0m[0;30;47m [0m[0;30;47m [0m[0;34;42m~[0m
[0;34;42m~[0m[0;30;47m [0m[0;30;47m [0m[0;30;47m [0m[0;30;47m [0m[0;30;47m [0m[0;30;47m [0m[0;30;47m [0m[0;30;47m [0m[0;30;47m [0m[0;30;47m [0m[0;30;47m [0m[0;30;47m [0m[0;30;47m [0m[0;30;47m [0m[0;30;47m [0m[0;30;47m [0m[0;30;47m [0m[0;30;47m [0m[0;30;47m [0m[0;30;47m [0m[0;30;47m [0m[0;30;47m|[0m[0;30;47m [0m[0;30;47m [0m[0;30;47m [0m[0;30;47m [0m[0;30;47m [0m[0;30;47m [0m[0;30;47m [0m[0;30;47m [0m[0;30;47m [0m[0;30;47m [0m[0;30;47m [0m[0;30;47m [0m[0;30;47m [0m[0;30;47m1[0m[0;30;47m4[0m[0;30;47m|[0m[0;30;47m [0m[0;30;47m [0m[0;30;47m [0m[0;30;47m [0m[0;30;47m [0m[0;30;47m [0m[0;30;47m [0m[0;30;47m [0m[0;30;47m [0m[0;30;47m [0m[0;30;47m [0m[0;30;47m [0m[0;30;47m [0m[0;30;47m [0m[0;30;47m [0m[0;30;47m [0m[0;30;47m [0m[0;30;47m [0m[0;30;47m [0m[0;30;47m [0m[0;30;47m [0m[0;30;47m [0m[0;30;47m [0m[0;30;47m [0m[0;34;42m~[0m[0;30;47m [0m[0;30;47m [0m[0;30;47m [0m[0;30;47m[[0m[0;30;47mO[0m[0;30;47mb[0m[0;30;47mj[0m[0;30;47m][0m[0;30;47m [0m[0;30;47mc[0m[0;30;47mu[0m[0;30;47mp[0m[0;30;47m [0m[0;30;47m [0m[0;30;47m [0m[0;30;47m [0m[0;30;47m [0m[0;30;47m [0m[0;30;47m [0m[0;30;47m [0m[0;30;47ma[0m[0;30;47mt[0m[0;30;47m [0m[0;30;47mS[0m[0;30;47mp[0m[0;30;47ma[0m[0;30;47mc[0m[0;30;47me[0m[0;30;47m [0m[0;30;47m1[0m[0;30;47m3[0m[0;30;47m [0m[0;30;47m([0m[0;30;47mh[0m[0;30;47ma[0m[0;30;47ml[0m[0;30;47ml[0m[0;30;47m)[0m[0;30;47m [0m[0;30;47m [0m[0;30;47m [0m[0;30;47m [0m[0;30;47m [0m[0;30;47m [0m[0;30;47m [0m[0;34;42m~[0m
[0;34;42m~[0m[0;30;47m [0m[0;30;47m [0m[0;30;47m [0m[0;30;47m [0m[0;30;47m [0m[0;30;47m [0m[0;30;47m [0m[0;30;47m [0m[0;30;47m [0m[0;30;47m [0m[0;30;47m [0m[0;30;47m [0m[0;30;47m [0m[0;30;47m [0m[0;30;47m [0m[0;30;47m [0m[0;30;47m [0m[0;30;47m [0m[0;30;47m [0m[0;30;47m [0m[0;30;47m [0m[0;30;47m|[0m[0;30;47m [0m[0;30;47m [0m[0;30;47m [0m[0;30;47m [0m[0;30;47m [0m[0;30;47m_[0m[0;30;47m_[0m[0;30;47m_[0m[0;30;47m [0m[0;30;47m [0m[0;30;47m [0m[0;30;47m [0m[0;30;47m [0m[0;30;47m [0m[0;30;47m [0m[0;30;47m|[0m[0;30;47m [0m[0;30;47m [0m[0;30;47m [0m[0;30;47m [0m[0;30;47m [0m[0;30;47m [0m[0;30;47m [0m[0;30;47m [0m[0;30;47m [0m[0;30;47m [0m[0;30;47m [0m[0;30;47m [0m[0;30;47m [0m[0;30;47m [0m[0;30;47m [0m[0;30;47m [0m[0;30;47m [0m[0;30;47m [0m[0;30;47m [0m[0;30;47m [0m[0;30;47m [0m[0;30;47m [0m[0;30;47m [0m[0;30;47m [0m[0;34;42m~[0m[0;30;47m [0m[0;30;47m [0m[0;30;47m [0m[0;30;47m[[0m[0;30;47mC[0m[0;30;47mh[0m[0;30;47mr[0m[0;30;47m][0m[0;30;47m [0m[0;30;47m [0m[0;30;47m\[0m[0;30;47mV[0m[0;30;47mo[0m[0;30;47m/[0m[0;30;47m [0m[0;30;47m [0m[0;30;47ma[0m[0;30;47mt[0m[0;30;47m [0m[0;30;47mS[0m[0;30;47mp[0m[0;30;47ma[0m[0;30;47mc[0m[0;30;47me[0m[0;30;47m [0m[0;30;47m1[0m[0;30;47m2[0m[0;30;47m [0m[0;30;47m([0m[0;30;47mp[0m[0;30;47ma[0m[0;30;47mt[0m[0;30;47mh[0m[0;30;47m)[0m[0;30;47m [0m[0;30;47m([0m[0;30;47mH[0m[0;30;47mP[0m[0;30;47m:[0m[0;30;47m5[0m[0;30;47m)[0m[0;30;47m [0m[0;30;47m [0m[0;30;47m [0m[0;30;47m [0m[0;34;42m~[0m
[0;34;42m~[0m[0;30;47m [0m[0;30;47m [0m[0;30;47m [0m[0;30;47m [0m[0;30;47m [0m[0;30;47m [0m[0;30;47m [0m[0;30;47m [0m[0;30;47m [0m[0;30;47m [0m[0;30;47m [0m[0;30;47m [0m[0;30;47m [0m[0;30;47m [0m[0;30;47m [0m[0;30;47m [0m[0;30;47m [0m[0;30;47m [0m[0;30;47m [0m[0;30;47m [0m[0;30;47m [0m[0;30;47m|[0m[0;30;47m [0m[0;30;47m [0m[0;30;47m [0m[0;30;47m [0m[0;30;47m/[0m[0;30;47m [0m[0;30;47m [0m[0;30;47m [0m[0;30;47m\[0m[0;30;47m [0m[0;30;47m [0m[0;30;47m [0m[0;30;47m [0m[0;30;47m [0m[0;30;47m [0m[0;30;47m|[0m[0;30;47m [0m[0;30;47m [0m[0;30;47m [0m[0;30;47m [0m[0;30;47m [0m[0;30;47m [0m[0;30;47m [0m[0;30;47m [0m[0;30;47m [0m[0;30;47m [0m[0;30;47m [0m[0;30;47m [0m[0;30;47m [0m[0;30;47m [0m[0;30;47m [0m[0;30;47m [0m[0;30;47m [0m[0;30;47m [0m[0;30;47m [0m[0;30;47m [0m[0;30;47m [0m[0;30;47m [0m[0;30;47m [0m[0;30;47m [0m[0;34;42m~[0m[0;30;47m [0m[0;30;47m [0m[0;30;47m [0m[0;30;47m[[0m[0;30;47mC[0m[0;30;47mh[0m[0;30;47mr[0m[0;30;47m][0m[0;30;47m [0m[0;30;47m [0m[0;30;47m\[0m[0;30;47mS[0m[0;30;47me[0m[0;30;47m/[0m[0;30;47m [0m[0;30;47m [0m[0;30;47ma[0m[0;30;47mt[0m[0;30;47m [0m[0;30;47mS[0m[0;30;47mp[0m[0;30;47ma[0m[0;30;47mc[0m[0;30;47me[0m[0;30;47m [0m[0;30;47m1[0m[0;30;47m1[0m[0;30;47m [0m[0;30;47m([0m[0;30;47mp[0m[0;30;47mi[0m[0;30;47mt[0m[0;30;47m)[0m[0;30;47m [0m[0;30;47m([0m[0;30;47mH[0m[0;30;47mP[0m[0;30;47m:[0m[0;30;47m5[0m[0;30;47m)[0m[0;30;47m [0m[0;30;47m [0m[0;30;47m [0m[0;30;47m [0m[0;30;47m [0m[0;34;42m~[0m
[0;34;42m~[0m[0;30;47m [0m[0;30;47m [0m[0;30;47m [0m[0;30;47m [0m[0;30;47m [0m[0;30;47m [0m[0;30;47m [0m[0;30;47m [0m[0;30;47m [0m[0;30;47m [0m[0;30;47m [0m[0;30;47m [0m[0;30;47m [0m[0;30;47m [0m[0;30;47m [0m[0;30;47m [0m[0;30;47m [0m[0;30;47m [0m[0;30;47m [0m[0;30;47m [0m[0;30;47m [0m[0;30;47m|[0m[0;30;47m [0m[0;30;47m [0m[0;30;47m [0m[0;30;47m/[0m[0;30;47m [0m[0;30;47mB[0m[0;30;47mD[0m[0;30;47mL[0m[0;30;47m [0m[0;30;47m\[0m[0;30;47m [0m[0;30;47m [0m[0;30;47m [0m[0;30;47m [0m[0;30;47m [0m[0;30;47m|[0m[0;30;47m [0m[0;30;47m [0m[0;30;47m [0m[0;30;47m [0m[0;30;47m [0m[0;30;47m [0m[0;30;47m [0m[0;30;47m [0m[0;30;47m [0m[0;30;47m [0m[0;30;47m [0m[0;30;47m [0m[0;30;47m [0m[0;30;47m [0m[0;30;47m [0m[0;30;47m [0m[0;30;47m [0m[0;30;47m [0m[0;30;47m [0m[0;30;47m [0m[0;30;47m [0m[0;30;47m [0m[0;30;47m [0m[0;30;47m [0m[0;34;42m~[0m[0;30;47m [0m[0;30;47m [0m[0;30;47m-[0m[0;30;47m-[0m[0;30;47m-[0m[0;30;47m-[0m[0;30;47m-[0m[0;30;47m-[0m[0;30;47m-[0m[0;30;47m-[0m[0;30;47m-[0m[0;30;47m-[0m[0;30;47m-[0m[0;30;47m-[0m[0;30;47m-[0m[0;30;47m-[0m[0;30;47m-[0m[0;30;47m-[0m[0;30;47m-[0m[0;30;47m-[0m[0;30;47m-[0m[0;30;47m-[0m[0;30;47m-[0m[0;30;47m-[0m[0;30;47m-[0m[0;30;47m-[0m[0;30;47m-[0m[0;30;47m-[0m[0;30;47m-[0m[0;30;47m-[0m[0;30;47m-[0m[0;30;47m-[0m[0;30;47m-[0m[0;30;47m-[0m[0;30;47m-[0m[0;30;47m-[0m[0;30;47m-[0m[0;30;47m-[0m[0;30;47m-[0m[0;30;47m-[0m[0;30;47m-[0m[0;30;47m-[0m[0;30;47m-[0m[0;30;47m [0m[0;30;47m [0m[0;34;42m~[0m
[0;34;42m~[0m[0;30;47m [0m[0;30;47m [0m[0;30;47m [0m[0;30;47m [0m[0;30;47m [0m[0;30;47m [0m[0;30;47m [0m[0;30;47m [0m[0;30;47m [0m[0;30;47m [0m[0;30;47m [0m[0;30;47m [0m[0;30;47m [0m[0;30;47m [0m[0;30;47m [0m[0;30;47m [0m[0;30;47m [0m[0;30;47m [0m[0;30;47m [0m[0;30;47m [0m[0;30;47m [0m[0;30;47m|[0m[0;30;47m [0m[0;30;47m [0m[0;30;47m [0m[0;30;47m\[0m[0;30;47m [0m[0;30;47m-[0m[0;30;47m-[0m[0;30;47m-[0m[0;30;47m [0m[0;30;47m/[0m[0;30;47m [0m[0;30;47m [0m[0;30;47m [0m[0;30;47m [0m[0;30;47m [0m[0;30;47m|[0m[0;30;47m [0m[0;30;47m [0m[0;30;47m [0m[0;30;47m [0m[0;30;47m [0m[0;30;47m [0m[0;30;47m [0m[0;30;47m [0m[0;30;47m [0m[0;30;47m [0m[0;30;47m [0m[0;30;47m [0m[0;30;47m [0m[0;30;47m [0m[0;30;47m [0m[0;30;47m [0m[0;30;47m [0m[0;30;47m [0m[0;30;47m [0m[0;30;47m [0m[0;30;47m [0m[0;30;47m [0m[0;30;47m [0m[0;30;47m [0m[0;34;42m~[0m[0;30;47m [0m[0;30;47m [0m[0;30;47m [0m[0;30;47m [0m[0;30;47m [0m[0;30;47m [0m[0;30;47m [0m[0;30;47m [0m[0;30;47m [0m[0;30;47m [0m[0;30;47m [0m[0;30;47m [0m[0;30;47m [0m[0;30;47m [0m[0;30;47m [0m[0;30;47m [0m[0;30;47m [0m[0;30;47m [0m[0;30;47m [0m[0;30;47m [0m[0;30;47m [0m[0;30;47m [0m[0;30;47m [0m[0;30;47m [0m[0;30;47m [0m[0;30;47m [0m[0;30;47m [0m[0;30;47m [0m[0;30;47m [0m[0;30;47m [0m[0;30;47m [0m[0;30;47m [0m[0;30;47m [0m[0;30;47m [0m[0;30;47m [0m[0;30;47m [0m[0;30;47m [0m[0;30;47m [0m[0;30;47m [0m[0;30;47m [0m[0;30;47m [0m[0;30;47m [0m[0;30;47m [0m[0;30;47m [0m[0;30;47m [0m[0;34;42m~[0m
[0;34;42m~[0m[0;30;47m [0m[0;30;47m [0m[0;30;47m [0m[0;30;47m [0m[0;30;47m [0m[0;30;47m [0m[0;30;47m [0m[0;30;47m [0m[0;30;47m [0m[0;30;47m [0m[0;30;47m [0m[0;30;47m [0m[0;30;47m [0m[0;30;47m [0m[0;30;47m [0m[0;30;47m [0m[0;30;47m [0m[0;30;47m [0m[0;30;47m [0m[0;30;47m [0m[0;30;47m [0m[0;30;47m|[0m[0;30;47m [0m[0;30;47m [0m[0;30;47m [0m[0;30;47m [0m[0;30;47m\[0m[0;30;47m_[0m[0;30;47m_[0m[0;30;47m_[0m[0;30;47m/[0m[0;30;47m [0m[0;30;47m [0m[0;30;47m [0m[0;30;47m [0m[0;30;47m [0m[0;30;47m [0m[0;30;47m|[0m[0;30;47m [0m[0;30;47m [0m[0;30;47m [0m[0;30;47m [0m[0;30;47m [0m[0;30;47m [0m[0;30;47m [0m[0;30;47m [0m[0;30;47m [0m[0;30;47m [0m[0;30;47m [0m[0;30;47m [0m[0;30;47m [0m[0;30;47m [0m[0;30;47m [0m[0;30;47m [0m[0;30;47m [0m[0;30;47m [0m[0;30;47m [0m[0;30;47m [0m[0;30;47m [0m[0;30;47m [0m[0;30;47m [0m[0;30;47m [0m[0;34;42m~[0m[0;30;47m [0m[0;30;47m [0m[0;30;47m [0m[0;30;47m [0m[0;30;47m [0m[0;30;47m [0m[0;30;47m [0m[0;30;47m [0m[0;30;47m [0m[0;30;47m [0m[0;30;47m [0m[0;30;47m [0m[0;30;47m [0m[0;30;47m [0m[0;30;47m [0m[0;30;47m [0m[0;30;47m [0m[0;30;47m [0m[0;30;47m [0m[0;30;47m [0m[0;30;47m [0m[0;30;47m [0m[0;30;47m [0m[0;30;47m [0m[0;30;47m [0m[0;30;47m [0m[0;30;47m [0m[0;30;47m [0m[0;30;47m [0m[0;30;47m [0m[0;30;47m [0m[0;30;47m [0m[0;30;47m [0m[0;30;47m [0m[0;30;47m [0m[0;30;47m [0m[0;30;47m [0m[0;30;47m [0m[0;30;47m [0m[0;30;47m [0m[0;30;47m [0m[0;30;47m [0m[0;30;47m [0m[0;30;47m [0m[0;30;47m [0m[0;34;42m~[0m
[0;34;42m~[0m[0;30;47m [0m[0;30;47m [0m[0;30;47m [0m[0;30;47m [0m[0;30;47m [0m[0;30;47m [0m[0;30;47m [0m[0;30;47m [0m[0;30;47m [0m[0;30;47m [0m[0;30;47m [0m[0;30;47m [0m[0;30;47m [0m[0;30;47m [0m[0;30;47m [0m[0;30;47m [0m[0;30;47m [0m[0;30;47m [0m[0;30;47m [0m[0;30;47m [0m[0;30;47m [0m[0;30;47m|[0m[0;30;47mb[0m[0;30;47mo[0m[0;30;47mw[0m[0;30;47m,[0m[0;30;47mv[0m[0;30;47mi[0m[0;30;47ma[0m[0;30;47ml[0m[0;30;47m,[0m[0;30;47mw[0m[0;30;47ma[0m[0;30;47mx[0m[0;30;47m,[0m[0;30;47mf[0m[0;30;47mi[0m[0;30;47m|[0m[0;30;47m [0m[0;30;47m [0m[0;30;47m [0m[0;30;47m [0m[0;30;47m [0m[0;30;47m [0m[0;30;47m [0m[0;30;47m [0m[0;30;47m [0m[0;30;47m [0m[0;30;47m [0m[0;30;47m [0m[0;30;47m [0m[0;30;47m [0m[0;30;47m [0m[0;30;47m [0m[0;30;47m [0m[0;30;47m [0m[0;30;47m [0m[0;30;47m [0m[0;30;47m [0m[0;30;47m [0m[0;30;47m [0m[0;30;47m [0m[0;34;42m~[0m[0;30;47m [0m[0;30;47m [0m[0;30;47m [0m[0;30;47m [0m[0;30;47m [0m[0;30;47m [0m[0;30;47m [0m[0;30;47m [0m[0;30;47m [0m[0;30;47m [0m[0;30;47m [0m[0;30;47m [0m[0;30;47m [0m[0;30;47m [0m[0;30;47m [0m[0;30;47m [0m[0;30;47m [0m[0;30;47m [0m[0;30;47m [0m[0;30;47m [0m[0;30;47m [0m[0;30;47m [0m[0;30;47m [0m[0;30;47m [0m[0;30;47m [0m[0;30;47m [0m[0;30;47m [0m[0;30;47m [0m[0;30;47m [0m[0;30;47m [0m[0;30;47m [0m[0;30;47m [0m[0;30;47m [0m[0;30;47m [0m[0;30;47m [0m[0;30;47m [0m[0;30;47m [0m[0;30;47m [0m[0;30;47m [0m[0;30;47m [0m[0;30;47m [0m[0;30;47m [0m[0;30;47m [0m[0;30;47m [0m[0;30;47m [0m[0;34;42m~[0m
[0;34;42m~[0m[0;30;47m [0m[0;30;47m [0m[0;30;47m [0m[0;30;47m [0m[0;30;47m [0m[0;30;47m [0m[0;30;47m [0m[0;30;47m [0m[0;30;47m [0m[0;30;47m [0m[0;30;47m [0m[0;30;47m [0m[0;30;47m [0m[0;30;47m [0m[0;30;47m [0m[0;30;47m [0m[0;30;47m [0m[0;30;47m [0m[0;30;47m [0m[0;30;47m [0m[0;30;47m [0m[0;30;47m+[0m[0;30;47m-[0m[0;30;47m-[0m[0;30;47m-[0m[0;30;47m-[0m[0;30;47m-[0m[0;30;47m-[0m[0;30;47m-[0m[0;30;47m-[0m[0;30;47m-[0m[0;30;47m-[0m[0;30;47m-[0m[0;30;47m-[0m[0;30;47m-[0m[0;30;47m-[0m[0;30;47m-[0m[0;30;47m+[0m[0;30;47m [0m[0;30;47m [0m[0;30;47m [0m[0;30;47m [0m[0;30;47m [0m[0;30;47m [0m[0;30;47m [0m[0;30;47m [0m[0;30;47m [0m[0;30;47m [0m[0;30;47m [0m[0;30;47m [0m[0;30;47m [0m[0;30;47m [0m[0;30;47m [0m[0;30;47m [0m[0;30;47m [0m[0;30;47m [0m[0;30;47m [0m[0;30;47m [0m[0;30;47m [0m[0;30;47m [0m[0;30;47m [0m[0;30;47m [0m[0;34;42m~[0m[0;30;47m [0m[0;30;47m [0m[0;30;47m [0m[0;30;47m [0m[0;30;47m [0m[0;30;47m [0m[0;30;47m [0m[0;30;47m [0m[0;30;47m [0m[0;30;47m [0m[0;30;47m [0m[0;30;47m [0m[0;30;47m [0m[0;30;47m [0m[0;30;47m [0m[0;30;47m [0m[0;30;47m [0m[0;30;47m [0m[0;30;47m [0m[0;30;47m [0m[0;30;47m [0m[0;30;47m [0m[0;30;47m [0m[0;30;47m [0m[0;30;47m [0m[0;30;47m [0m[0;30;47m [0m[0;30;47m [0m[0;30;47m [0m[0;30;47m [0m[0;30;47m [0m[0;30;47m [0m[0;30;47m [0m[0;30;47m [0m[0;30;47m [0m[0;30;47m [0m[0;30;47m [0m[0;30;47m [0m[0;30;47m [0m[0;30;47m [0m[0;30;47m [0m[0;30;47m [0m[0;30;47m [0m[0;30;47m [0m[0;30;47m [0m[0;34;42m~[0m
[0;34;42m~[0m[0;34;42m~[0m[0;34;42m~[0m[0;34;42m~[0m[0;34;42m~[0m[0;34;42m~[0m[0;34;42m~[0m[0;34;42m~[0m[0;34;42m~[0m[0;34;42m~[0m[0;34;42m~[0m[0;34;42m~[0m[0;34;42m~[0m[0;34;42m~[0m[0;34;42m~[0m[0;34;42m~[0m[0;34;42m~[0m[0;34;42m~[0m[0;34;42m~[0m[0;34;42m~[0m[0;34;42m~[0m[0;34;42m~[0m[0;34;42m~[0m[0;34;42m~[0m[0;34;42m~[0m[0;34;42m~[0m[0;34;42m~[0m[0;34;42m~[0m[0;34;42m~[0m[0;34;42m~[0m[0;34;42m~[0m[0;34;42m~[0m[0;34;42m~[0m[0;34;42m~[0m[0;34;42m~[0m[0;34;42m~[0m[0;34;42m~[0m[0;34;42m~[0m[0;34;42m~[0m[0;34;42m~[0m[0;34;42m~[0m[0;34;42m~[0m[0;34;42m~[0m[0;34;42m~[0m[0;34;42m~[0m[0;34;42m~[0m[0;34;42m~[0m[0;34;42m~[0m[0;34;42m~[0m[0;34;42m~[0m[0;34;42m~[0m[0;34;42m~[0m[0;34;42m~[0m[0;34;42m~[0m[0;34;42m~[0m[0;34;42m~[0m[0;34;42m~[0m[0;34;42m~[0m[0;34;42m~[0m[0;34;42m~[0m[0;34;42m~[0m[0;34;42m~[0m[0;34;42m~[0m[0;34;42m~[0m[0;34;42m~[0m[0;34;42m~[0m[0;34;42m~[0m[0;34;42m~[0m[0;34;42m~[0m[0;34;42m~[0m[0;34;42m~[0m[0;34;42m~[0m[0;34;42m~[0m[0;34;42m~[0m[0;34;42m~[0m[0;34;42m~[0m[0;34;42m~[0m[0;34;42m~[0m[0;34;42m~[0m[0;34;42m~[0m[0;34;42m~[0m[0;34;42m~[0m[0;34;42m~[0m[0;34;42m~[0m[0;34;42m~[0m[0;34;42m~[0m[0;34;42m~[0m[0;34;42m~[0m[0;34;42m~[0m[0;34;42m~[0m[0;34;42m~[0m[0;34;42m~[0m[0;34;42m~[0m[0;34;42m~[0m[0;34;42m~[0m[0;34;42m~[0m[0;34;42m~[0m[0;34;42m~[0m[0;34;42m~[0m[0;34;42m~[0m[0;34;42m~[0m[0;34;42m~[0m[0;34;42m~[0m[0;34;42m~[0m[0;34;42m~[0m[0;34;42m~[0m[0;34;42m~[0m[0;34;42m~[0m[0;34;42m~[0m[0;34;42m~[0m
[0;34;42m~[0m[0;30;47m [0m[0;30;47m [0m[0;30;47m [0m[0;30;47m [0m[0;30;47m [0m[0;30;47m [0m[0;30;47m [0m[0;30;47m [0m[0;30;47m [0m[0;30;47m [0m[0;30;47m [0m[0;30;47m [0m[0;30;47m [0m[0;30;47m [0m[0;30;47m [0m[0;30;47m [0m[0;30;47m [0m[0;30;47m [0m[0;30;47m [0m[0;30;47m [0m[0;30;47m [0m[0;30;47m [0m[0;30;47m [0m[0;30;47m [0m[0;30;47m [0m[0;30;47m [0m[0;30;47m [0m[0;30;47m [0m[0;30;47m [0m[0;30;47m [0m[0;30;47m [0m[0;30;47m [0m[0;30;47m [0m[0;30;47m [0m[0;30;47m [0m[0;30;47m [0m[0;30;47m [0m[0;30;47m [0m[0;30;47m [0m[0;30;47m [0m[0;30;47m [0m[0;30;47m [0m[0;30;47m [0m[0;30;47m [0m[0;30;47m [0m[0;30;47mT[0m[0;30;47mH[0m[0;30;47mE[0m[0;30;47m [0m[0;30;47mH[0m[0;30;47mA[0m[0;30;47mU[0m[0;30;47mN[0m[0;30;47mT[0m[0;30;47mE[0m[0;30;47mD[0m[0;30;47m [0m[0;30;47mC[0m[0;30;47mA[0m[0;30;47mS[0m[0;30;47mT[0m[0;30;47mL[0m[0;30;47mE[0m[0;30;47m [0m[0;30;47m [0m[0;30;47m [0m[0;30;47m [0m[0;30;47m [0m[0;30;47m [0m[0;30;47m [0m[0;30;47m [0m[0;30;47m [0m[0;30;47m [0m[0;30;47m [0m[0;30;47m [0m[0;30;47m [0m[0;30;47m [0m[0;30;47m [0m[0;30;47m [0m[0;30;47m [0m[0;30;47m [0m[0;30;47m [0m[0;30;47m [0m[0;30;47m [0m[0;30;47m [0m[0;30;47m [0m[0;30;47m [0m[0;30;47m [0m[0;30;47m [0m[0;30;47m [0m[0;30;47m [0m[0;30;47m [0m[0;30;47m [0m[0;30;47m [0m[0;30;47m [0m[0;30;47m [0m[0;30;47m [0m[0;30;47m [0m[0;30;47m [0m[0;30;47m [0m[0;30;47m [0m[0;30;47m [0m[0;30;47m [0m[0;30;47m [0m[0;30;47m [0m[0;30;47m [0m[0;30;47m [0m[0;30;47m [0m[0;34;42m~[0m
[0;34;42m~[0m[0;34;42m~[0m[0;34;42m~[0m[0;34;42m~[0m[0;34;42m~[0m[0;34;42m~[0m[0;34;42m~[0m[0;34;42m~[0m[0;34;42m~[0m[0;34;42m~[0m[0;34;42m~[0m[0;34;42m~[0m[0;34;42m~[0m[0;34;42m~[0m[0;34;42m~[0m[0;34;42m~[0m[0;34;42m~[0m[0;34;42m~[0m[0;34;42m~[0m[0;34;42m~[0m[0;34;42m~[0m[0;34;42m~[0m[0;34;42m~[0m[0;34;42m~[0m[0;34;42m~[0m[0;34;42m~[0m[0;34;42m~[0m[0;34;42m~[0m[0;34;42m~[0m[0;34;42m~[0m[0;34;42m~[0m[0;34;42m~[0m[0;34;42m~[0m[0;34;42m~[0m[0;34;42m~[0m[0;34;42m~[0m[0;34;42m~[0m[0;34;42m~[0m[0;34;42m~[0m[0;34;42m~[0m[0;34;42m~[0m[0;34;42m~[0m[0;34;42m~[0m[0;34;42m~[0m[0;34;42m~[0m[0;34;42m~[0m[0;34;42m~[0m[0;34;42m~[0m[0;34;42m~[0m[0;34;42m~[0m[0;34;42m~[0m[0;34;42m~[0m[0;34;42m~[0m[0;34;42m~[0m[0;34;42m~[0m[0;34;42m~[0m[0;34;42m~[0m[0;34;42m~[0m[0;34;42m~[0m[0;34;42m~[0m[0;34;42m~[0m[0;34;42m~[0m[0;34;42m~[0m[0;34;42m~[0m[0;34;42m~[0m[0;34;42m~[0m[0;34;42m~[0m[0;34;42m~[0m[0;34;42m~[0m[0;34;42m~[0m[0;34;42m~[0m[0;34;42m~[0m[0;34;42m~[0m[0;34;42m~[0m[0;34;42m~[0m[0;34;42m~[0m[0;34;42m~[0m[0;34;42m~[0m[0;34;42m~[0m[0;34;42m~[0m[0;34;42m~[0m[0;34;42m~[0m[0;34;42m~[0m[0;34;42m~[0m[0;34;42m~[0m[0;34;42m~[0m[0;34;42m~[0m[0;34;42m~[0m[0;34;42m~[0m[0;34;42m~[0m[0;34;42m~[0m[0;34;42m~[0m[0;34;42m~[0m[0;34;42m~[0m[0;34;42m~[0m[0;34;42m~[0m[0;34;42m~[0m[0;34;42m~[0m[0;34;42m~[0m[0;34;42m~[0m[0;34;42m~[0m[0;34;42m~[0m[0;34;42m~[0m[0;34;42m~[0m[0;34;42m~[0m[0;34;42m~[0m[0;34;42m~[0m[0;34;42m~[0m[0;34;42m~[0m[0;34;42m~[0m
[0;34;42m~[0m[0;30;47m [0m[0;30;47m [0m[0;30;47mC[0m[0;30;47mo[0m[0;30;47mm[0m[0;30;47mm[0m[0;30;47ma[0m[0;30;47mn[0m[0;30;47md[0m[0;30;47ms[0m[0;30;47m:[0m[0;30;47m [0m[0;30;47mm[0m[0;30;47mo[0m[0;30;47mv[0m[0;30;47me[0m[0;30;47m([0m[0;30;47mm[0m[0;30;47m)[0m[0;30;47m [0m[0;30;47m[[0m[0;30;47md[0m[0;30;47mi[0m[0;30;47mr[0m[0;30;47m][0m[0;30;47m [0m[0;30;47m|[0m[0;30;47m [0m[0;30;47mt[0m[0;30;47ma[0m[0;30;47mk[0m[0;30;47me[0m[0;30;47m([0m[0;30;47mt[0m[0;30;47m)[0m[0;30;47m [0m[0;30;47m[[0m[0;30;47mo[0m[0;30;47mb[0m[0;30;47mj[0m[0;30;47m][0m[0;30;47m [0m[0;30;47m|[0m[0;30;47m [0m[0;30;47md[0m[0;30;47mr[0m[0;30;47mo[0m[0;30;47mp[0m[0;30;47m([0m[0;30;47md[0m[0;30;47m)[0m[0;30;47m [0m[0;30;47m[[0m[0;30;47mo[0m[0;30;47mb[0m[0;30;47mj[0m[0;30;47m][0m[0;30;47m [0m[0;30;47m|[0m[0;30;47m [0m[0;30;47ma[0m[0;30;47mt[0m[0;30;47mt[0m[0;30;47ma[0m[0;30;47mc[0m[0;30;47mk[0m[0;30;47m([0m[0;30;47ma[0m[0;30;47m)[0m[0;30;47m [0m[0;30;47m|[0m[0;30;47m [0m[0;30;47mc[0m[0;30;47mh[0m[0;30;47ma[0m[0;30;47mt[0m[0;30;47m([0m[0;30;47mc[0m[0;30;47m)[0m[0;30;47m [0m[0;30;47m|[0m[0;30;47m [0m[0;30;47mr[0m[0;30;47me[0m[0;30;47mc[0m[0;30;47mr[0m[0;30;47mu[0m[0;30;47mi[0m[0;30;47mt[0m[0;30;47m([0m[0;30;47mr[0m[0;30;47m)[0m[0;30;47m [0m[0;30;47m[[0m[0;30;47mc[0m[0;30;47mh[0m[0;30;47ma[0m[0;30;47mr[0m[0;30;47m][0m[0;30;47m [0m[0;30;47m [0m[0;30;47m [0m[0;30;47m [0m[0;30;47m [0m[0;30;47m [0m[0;30;47m [0m[0;30;47m [0m[0;30;47m [0m[0;34;42m~[0m
[0;34;42m~[0m[0;30;47m [0m[0;30;47m [0m[0;30;47mi[0m[0;30;47mn[0m[0;30;47ms[0m[0;30;47mp[0m[0;30;47me[0m[0;30;47mc[0m[0;30;47mt[0m[0;30;47m([0m[0;30;47mi[0m[0;30;47m)[0m[0;30;47m [0m[0;30;47m[[0m[0;30;47mo[0m[0;30;47mb[0m[0;30;47mj[0m[0;30;47m][0m[0;30;47m [0m[0;30;47m|[0m[0;30;47m [0m[0;30;47mu[0m[0;30;47ms[0m[0;30;47me[0m[0;30;47m([0m[0;30;47mu[0m[0;30;47m)[0m[0;30;47m [0m[0;30;47m[[0m[0;30;47mo[0m[0;30;47mb[0m[0;30;47mj[0m[0;30;47m][0m[0;30;47m [0m[0;30;47m|[0m[0;30;47m [0m[0;30;47mo[0m[0;30;47mp[0m[0;30;47me[0m[0;30;47mn[0m[0;30;47m([0m[0;30;47mo[0m[0;30;47m)[0m[0;30;47m [0m[0;30;47m[[0m[0;30;47ml[0m[0;30;47mn[0m[0;30;47mk[0m[0;30;47m][0m[0;30;47m [0m[0;30;47mw[0m[0;30;47mi[0m[0;30;47mt[0m[0;30;47mh[0m[0;30;47m [0m[0;30;47m[[0m[0;30;47mo[0m[0;30;47mb[0m[0;30;47mj[0m[0;30;47m][0m[0;30;47m [0m[0;30;47m|[0m[0;30;47m [0m[0;30;47mt[0m[0;30;47mp[0m[0;30;47m [0m[0;30;47m[[0m[0;30;47mr[0m[0;30;47mo[0m[0;30;47mo[0m[0;30;47mm[0m[0;30;47m][0m[0;30;47m [0m[0;30;47m|[0m[0;30;47m [0m[0;30;47me[0m[0;30;47mx[0m[0;30;47mi[0m[0;30;47mt[0m[0;30;47m([0m[0;30;47me[0m[0;30;47m)[0m[0;30;47m [0m[0;30;47m|[0m[0;30;47m [0m[0;30;47ma[0m[0;30;47mb[0m[0;30;47ma[0m[0;30;47mn[0m[0;30;47md[0m[0;30;47mo[0m[0;30;47mn[0m[0;30;47m([0m[0;30;47mf[0m[0;30;47m)[0m[0;30;47m [0m[0;30;47m[[0m[0;30;47mc[0m[0;30;47mh[0m[0;30;47ma[0m[0;30;47mr[0m[0;30;47m][0m[0;30;47m [0m[0;30;47m [0m[0;30;47m [0m[0;30;47m [0m[0;30;47m [0m[0;30;47m [0m[0;34;42m~[0m
[0;34;42m~[0m[0;34;42m~[0m[0;34;42m~[0m[0;34;42m~[0m[0;34;42m~[0m[0;34;42m~[0m[0;34;42m~[0m[0;34;42m~[0m[0;34;42m~[0m[0;34;42m~[0m[0;34;42m~[0m[0;34;42m~[0m[0;34;42m~[0m[0;34;42m~[0m[0;34;42m~[0m[0;34;42m~[0m[0;34;42m~[0m[0;34;42m~[0m[0;34;42m~[0m[0;34;42m~[0m[0;34;42m~[0m[0;34;42m~[0m[0;34;42m~[0m[0;34;42m~[0m[0;34;42m~[0m[0;34;42m~[0m[0;34;42m~[0m[0;34;42m~[0m[0;34;42m~[0m[0;34;42m~[0m[0;34;42m~[0m[0;34;42m~[0m[0;34;42m~[0m[0;34;42m~[0m[0;34;42m~[0m[0;34;42m~[0m[0;34;42m~[0m[0;34;42m~[0m[0;34;42m~[0m[0;34;42m~[0m[0;34;42m~[0m[0;34;42m~[0m[0;34;42m~[0m[0;34;42m~[0m[0;34;42m~[0m[0;34;42m~[0m[0;34;42m~[0m[0;34;42m~[0m[0;34;42m~[0m[0;34;42m~[0m[0;34;42m~[0m[0;34;42m~[0m[0;34;42m~[0m[0;34;42m~[0m[0;34;42m~[0m[0;34;42m~[0m[0;34;42m~[0m[0;34;42m~[0m[0;34;42m~[0m[0;34;42m~[0m[0;34;42m~[0m[0;34;42m~[0m[0;34;42m~[0m[0;34;42m~[0m[0;34;42m~[0m[0;34;42m~[0m[0;34;42m~[0m[0;34;42m~[0m[0;34;42m~[0m[0;34;42m~[0m[0;34;42m~[0m[0;34;42m~[0m[0;34;42m~[0m[0;34;42m~[0m[0;34;42m~[0m[0;34;42m~[0m[0;34;42m~[0m[0;34;42m~[0m[0;34;42m~[0m[0;34;42m~[0m[0;34;42m~[0m[0;34;42m~[0m[0;34;42m~[0m[0;34;42m~[0m[0;34;42m~[0m[0;34;42m~[0m[0;34;42m~[0m[0;34;42m~[0m[0;34;42m~[0m[0;34;42m~[0m[0;34;42m~[0m[0;34;42m~[0m[0;34;42m~[0m[0;34;42m~[0m[0;34;42m~[0m[0;34;42m~[0m[0;34;42m~[0m[0;34;42m~[0m[0;34;42m~[0m[0;34;42m~[0m[0;34;42m~[0m[0;34;42m~[0m[0;34;42m~[0m[0;34;42m~[0m[0;34;42m~[0m[0;34;42m~[0m[0;34;42m~[0m[0;34;42m~[0m[0;34;42m~[0m[0;34;42m~[0m
[0;34;42m~[0m[0;30;47m [0m[0;30;47m [0m[0;30;47m [0m[0;30;47m [0m[0;30;47m [0m[0;30;47m [0m[0;30;47m [0m[0;30;47m [0m[0;30;47m [0m[0;30;47m [0m[0;30;47m [0m[0;30;47m [0m[0;30;47m [0m[0;30;47m [0m[0;30;47m [0m[0;30;47m [0m[0;30;47m [0m[0;30;47m [0m[0;30;47m [0m[0;30;47m [0m[0;30;47m [0m[0;30;47m [0m[0;30;47m [0m[0;30;47m [0m[0;30;47m [0m[0;30;47m [0m[0;30;47m [0m[0;30;47m [0m[0;30;47m [0m[0;30;47m [0m[0;30;47m [0m[0;30;47m [0m[0;30;47m [0m[0;30;47m [0m[0;30;47m [0m[0;30;47m [0m[0;30;47m [0m[0;30;47m [0m[0;30;47m [0m[0;30;47m [0m[0;30;47m [0m[0;30;47m [0m[0;30;47m [0m[0;30;47m [0m[0;30;47m [0m[0;30;47m [0m[0;30;47m [0m[0;30;47m [0m[0;30;47m [0m[0;30;47m [0m[0;30;47m [0m[0;30;47m [0m[0;30;47m [0m[0;30;47m [0m[0;30;47m [0m[0;30;47m [0m[0;30;47m [0m[0;30;47m [0m[0;30;47m [0m[0;30;47m [0m[0;30;47m [0m[0;30;47m [0m[0;30;47m [0m[0;30;47m [0m[0;30;47m [0m[0;30;47m [0m[0;30;47m [0m[0;30;47m [0m[0;30;47m [0m[0;30;47m [0m[0;30;47m [0m[0;30;47m [0m[0;30;47m [0m[0;30;47m [0m[0;30;47m [0m[0;30;47m [0m[0;30;47m [0m[0;30;47m [0m[0;30;47m [0m[0;30;47m [0m[0;30;47m [0m[0;30;47m [0m[0;30;47m [0m[0;30;47m [0m[0;30;47m [0m[0;30;47m [0m[0;30;47m [0m[0;30;47m [0m[0;30;47m [0m[0;30;47m [0m[0;30;47m [0m[0;30;47m [0m[0;30;47m [0m[0;30;47m [0m[0;30;47m [0m[0;30;47m [0m[0;30;47m [0m[0;30;47m [0m[0;30;47m [0m[0;30;47m [0m[0;30;47m [0m[0;30;47m [0m[0;30;47m [0m[0;30;47m [0m[0;30;47m [0m[0;30;47m [0m[0;30;47m [0m[0;30;47m [0m[0;34;42m~[0m
[0;34;42m~[0m[0;30;47m [0m[0;30;47m [0m[0;30;47m [0m[0;30;47m [0m[0;30;47m [0m[0;30;47m [0m[0;30;47m [0m[0;30;47m [0m[0;30;47m [0m[0;30;47m [0m[0;30;47m [0m[0;30;47m [0m[0;30;47m [0m[0;30;47m [0m[0;30;47m [0m[0;30;47m [0m[0;30;47m [0m[0;30;47m [0m[0;30;47m [0m[0;30;47m [0m[0;30;47m [0m[0;30;47m [0m[0;30;47m [0m[0;30;47m [0m[0;30;47m [0m[0;30;47m [0m[0;30;47m [0m[0;30;47m [0m[0;30;47m [0m[0;30;47m [0m[0;30;47m [0m[0;30;47m [0m[0;30;47m [0m[0;30;47m [0m[0;30;47m [0m[0;30;47m [0m[0;30;47m [0m[0;30;47m [0m[0;30;47m [0m[0;30;47m [0m[0;30;47m [0m[0;30;47m [0m[0;30;47m [0m[0;30;47m [0m[0;30;47m [0m[0;30;47m [0m[0;30;47m [0m[0;30;47m [0m[0;30;47m [0m[0;30;47m [0m[0;30;47m [0m[0;30;47m [0m[0;30;47m [0m[0;30;47m [0m[0;30;47m [0m[0;30;47m [0m[0;30;47m [0m[0;30;47m [0m[0;30;47m [0m[0;30;47m [0m[0;30;47m [0m[0;30;47m [0m[0;30;47m [0m[0;30;47m [0m[0;30;47m [0m[0;30;47m [0m[0;30;47m [0m[0;30;47m [0m[0;30;47m [0m[0;30;47m [0m[0;30;47m [0m[0;30;47m [0m[0;30;47m [0m[0;30;47m [0m[0;30;47m [0m[0;30;47m [0m[0;30;47m [0m[0;30;47m [0m[0;30;47m [0m[0;30;47m [0m[0;30;47m [0m[0;30;47m [0m[0;30;47m [0m[0;30;47m [0m[0;30;47m [0m[0;30;47m [0m[0;30;47m [0m[0;30;47m [0m[0;30;47m [0m[0;30;47m [0m[0;30;47m [0m[0;30;47m [0m[0;30;47m [0m[0;30;47m [0m[0;30;47m [0m[0;30;47m [0m[0;30;47m [0m[0;30;47m [0m[0;30;47m [0m[0;30;47m [0m[0;30;47m [0m[0;30;47m [0m[0;30;47m [0m[0;30;47m [0m[0;30;47m [0m[0;30;47m [0m[0;30;47m [0m[0;30;47m [0m[0;34;42m~[0m
[0;34;42m~[0m[0;30;47m [0m[0;30;47m [0m[0;30;47m [0m[0;30;47m [0m[0;30;47m [0m[0;30;47m [0m[0;30;47m [0m[0;30;47m [0m[0;30;47m [0m[0;30;47m [0m[0;30;47m [0m[0;30;47m [0m[0;30;47m [0m[0;30;47m [0m[0;30;47m [0m[0;30;47m [0m[0;30;47m [0m[0;30;47m [0m[0;30;47m [0m[0;30;47m [0m[0;30;47m [0m[0;30;47m [0m[0;30;47m [0m[0;30;47m [0m[0;30;47m [0m[0;30;47m [0m[0;30;47m [0m[0;30;47m [0m[0;30;47m [0m[0;30;47m [0m[0;30;47m [0m[0;30;47m [0m[0;30;47m [0m[0;30;47m [0m[0;30;47m [0m[0;30;47m [0m[0;30;47m [0m[0;30;47m [0m[0;30;47m [0m[0;30;47m [0m[0;30;47m [0m[0;30;47m [0m[0;30;47m [0m[0;30;47m [0m[0;30;47m [0m[0;30;47m [0m[0;30;47m [0m[0;30;47m [0m[0;30;47m [0m[0;30;47m [0m[0;30;47m [0m[0;30;47m [0m[0;30;47m [0m[0;30;47m [0m[0;30;47m [0m[0;30;47m [0m[0;30;47m [0m[0;30;47m [0m[0;30;47m [0m[0;30;47m [0m[0;30;47m [0m[0;30;47m [0m[0;30;47m [0m[0;30;47m [0m[0;30;47m [0m[0;30;47m [0m[0;30;47m [0m[0;30;47m [0m[0;30;47m [0m[0;30;47m [0m[0;30;47m [0m[0;30;47m [0m[0;30;47m [0m[0;30;47m [0m[0;30;47m [0m[0;30;47m [0m[0;30;47m [0m[0;30;47m [0m[0;30;47m [0m[0;30;47m [0m[0;30;47m [0m[0;30;47m [0m[0;30;47m [0m[0;30;47m [0m[0;30;47m [0m[0;30;47m [0m[0;30;47m [0m[0;30;47m [0m[0;30;47m [0m[0;30;47m [0m[0;30;47m [0m[0;30;47m [0m[0;30;47m [0m[0;30;47m [0m[0;30;47m [0m[0;30;47m [0m[0;30;47m [0m[0;30;47m [0m[0;30;47m [0m[0;30;47m [0m[0;30;47m [0m[0;30;47m [0m[0;30;47m [0m[0;30;47m [0m[0;30;47m [0m[0;30;47m [0m[0;30;47m [0m[0;30;47m [0m[0;34;42m~[0m
prompt:> 